[alma] no resume checkpoint; start this arm from step 0
[alma] 0:00:10  1,097/1,000,000  109.7/s  upd=0  L=-  D=-
[alma] 0:00:20  1,462/1,000,000  72.9/s  upd=0  L=-  D=-
[alma] 0:00:30  1,462/1,000,000  48.6/s  upd=8  L=0.0420  D=-
[alma] 0:00:40  1,806/1,000,000  44.1/s  upd=16  L=0.0492  D=-
[alma] 0:00:50  1,806/1,000,000  35.4/s  upd=16  L=0.0492  D=-
[alma] 0:01:01  2,196/1,000,000  35.8/s  upd=23  L=0.0415  D=-
[alma] 0:01:11  2,563/1,000,000  35.9/s  upd=27  L=0.0460  D=-
[alma] 0:01:21  2,563/1,000,000  31.4/s  upd=32  L=0.0476  D=-
[alma] 0:01:32  2,563/1,000,000  27.8/s  upd=32  L=0.0476  D=-
[alma] 0:01:42  2,938/1,000,000  28.6/s  upd=39  L=0.0414  D=-
[alma] 0:01:53  3,324/1,000,000  29.4/s  upd=44  L=0.0684  D=-
[alma] 0:02:03  3,324/1,000,000  27.0/s  upd=48  L=0.0528  D=-
[alma] 0:02:13  3,653/1,000,000  27.4/s  upd=56  L=0.0679  D=-
[alma] 0:02:24  4,047/1,000,000  28.1/s  upd=62  L=0.0723  D=-
[alma] 0:02:34  4,047/1,000,000  26.3/s  upd=64  L=0.0685  D=-
[alma] 0:02:44  4,425/1,000,000  26.9/s  upd=72  L=0.0558  D=-
[alma] 0:02:54  4,785/1,000,000  27.4/s  upd=74  L=0.0602  D=-
[alma] 0:03:04  4,785/1,000,000  25.9/s  upd=80  L=0.0512  D=-
[alma] 0:03:14  5,128/1,000,000  26.4/s  upd=88  L=0.0475  D=-
[alma] 0:03:24  5,128/1,000,000  25.1/s  upd=88  L=0.0475  D=-
[alma] 0:03:34  5,540/1,000,000  25.8/s  upd=95  L=0.0656  D=-
[alma] 0:03:44  5,540/1,000,000  24.6/s  upd=96  L=0.0422  D=-
[alma] 0:03:54  5,877/1,000,000  25.0/s  upd=104  L=0.0643  D=-
[alma] 0:04:04  5,877/1,000,000  24.0/s  upd=104  L=0.0643  D=-
[alma] 0:04:15  6,253/1,000,000  24.5/s  upd=112  L=0.0580  D=-
[alma] 0:04:25  6,608/1,000,000  24.9/s  upd=119  L=0.0538  D=-
[alma] 0:04:36  6,973/1,000,000  25.3/s  upd=121  L=0.0432  D=-
[alma] 0:04:46  6,973/1,000,000  24.4/s  upd=128  L=0.0506  D=-
[alma] 0:04:56  7,368/1,000,000  24.9/s  upd=130  L=0.0632  D=-
[alma] 0:06:24  7,368/1,000,000  19.2/s  upd=136  L=0.0500  D=-
[alma] 0:06:34  9,259/1,000,000  23.5/s  upd=176  L=0.0401  D=-
[alma] 0:06:44  11,289/1,000,000  27.9/s  upd=216  L=0.0399  D=-
[alma] 0:06:54  13,261/1,000,000  32.0/s  upd=255  L=0.0483  D=-
[alma] 0:07:04  15,044/1,000,000  35.5/s  upd=296  L=0.0365  D=-
[alma] 0:07:14  15,740/1,000,000  36.2/s  upd=312  L=0.0503  D=-
[alma] 0:07:24  16,561/1,000,000  37.3/s  upd=328  L=0.0462  D=-
[alma] 0:07:34  16,915/1,000,000  37.2/s  upd=336  L=0.0417  D=-
[alma] 0:07:44  17,703/1,000,000  38.1/s  upd=352  L=0.0418  D=-
[alma] 0:07:54  18,113/1,000,000  38.2/s  upd=360  L=0.0378  D=-
[alma] 0:08:05  18,563/1,000,000  38.2/s  upd=365  L=0.0396  D=-
[alma] 0:08:15  18,563/1,000,000  37.5/s  upd=368  L=0.0330  D=-
[alma] 0:08:25  19,022/1,000,000  37.6/s  upd=375  L=0.0465  D=-
[alma] 0:08:35  19,359/1,000,000  37.5/s  upd=379  L=0.0420  D=-
[alma] 0:08:45  19,359/1,000,000  36.8/s  upd=384  L=0.0529  D=-
[alma] 0:08:56  19,737/1,000,000  36.8/s  upd=392  L=0.0327  D=-
[alma] 0:09:06  20,104/1,000,000  36.8/s  upd=394  L=0.0397  D=-
[alma] saved resume t_env=20,104
[alma] 0:09:34  20,104/1,000,000  35.0/s  upd=400  L=0.0458  ev=0/100  D=-
[alma] 0:09:45  20,104/1,000,000  34.4/s  upd=400  L=0.0458  ev=8/100  D=-
[alma] 0:09:55  20,104/1,000,000  33.8/s  upd=400  L=0.0458  ev=16/100  D=-
[alma] 0:10:05  20,104/1,000,000  33.2/s  upd=400  L=0.0458  ev=24/100  D=-
[alma] 0:10:15  20,104/1,000,000  32.7/s  upd=400  L=0.0458  ev=30/100  D=-
[alma] 0:10:25  20,104/1,000,000  32.1/s  upd=400  L=0.0458  ev=37/100  D=-
[alma] 0:10:35  20,104/1,000,000  31.6/s  upd=400  L=0.0458  ev=40/100  D=-
[alma] 0:10:45  20,104/1,000,000  31.1/s  upd=400  L=0.0458  ev=47/100  D=-
[alma] 0:10:55  20,104/1,000,000  30.7/s  upd=400  L=0.0458  ev=56/100  D=-
[alma] 0:11:05  20,104/1,000,000  30.2/s  upd=400  L=0.0458  ev=62/100  D=-
[alma] 0:11:16  20,104/1,000,000  29.7/s  upd=400  L=0.0458  ev=70/100  D=-
[alma] 0:11:26  20,104/1,000,000  29.3/s  upd=400  L=0.0458  ev=74/100  D=-
[alma] 0:11:36  20,104/1,000,000  28.9/s  upd=400  L=0.0458  ev=80/100  D=-
[alma] 0:11:46  20,104/1,000,000  28.4/s  upd=400  L=0.0458  ev=87/100  D=-
[alma] 0:11:57  20,104/1,000,000  28.0/s  upd=400  L=0.0458  ev=88/100  D=-
[alma] 0:12:07  20,104/1,000,000  27.6/s  upd=400  L=0.0458  ev=96/100  D=-
[alma] 0:12:54  20,104/1,000,000  26.0/s  upd=400  L=0.0458  D=5.479
[alma] 0:14:19  20,104/1,000,000  23.4/s  upd=400  L=0.0458  D=5.479
[alma] 0:14:29  20,520/1,000,000  23.6/s  upd=408  L=0.0469  D=5.479
[alma] 0:14:39  21,178/1,000,000  24.1/s  upd=424  L=0.0405  D=5.479
[alma] 0:14:49  21,941/1,000,000  24.7/s  upd=439  L=0.0373  D=5.479
[alma] 0:14:59  22,639/1,000,000  25.2/s  upd=450  L=0.0441  D=5.479
[alma] 0:15:10  22,996/1,000,000  25.3/s  upd=464  L=0.0517  D=5.479
[alma] 0:15:20  22,996/1,000,000  25.0/s  upd=464  L=0.0517  D=5.479
[alma] 0:15:30  23,361/1,000,000  25.1/s  upd=472  L=0.0637  D=5.479
[alma] 0:15:41  23,714/1,000,000  25.2/s  upd=480  L=0.0409  D=5.479
[alma] 0:15:52  23,714/1,000,000  24.9/s  upd=480  L=0.0409  D=5.479
[alma] 0:16:02  24,146/1,000,000  25.1/s  upd=488  L=0.0372  D=5.479
[alma] 0:16:12  24,529/1,000,000  25.2/s  upd=491  L=0.0433  D=5.479
[alma] 0:16:22  24,529/1,000,000  25.0/s  upd=496  L=0.0465  D=5.479
[alma] 0:16:32  24,982/1,000,000  25.2/s  upd=503  L=0.0388  D=5.479
[alma] 0:16:42  25,424/1,000,000  25.4/s  upd=506  L=0.0436  D=5.479
[alma] 0:16:52  25,424/1,000,000  25.1/s  upd=512  L=0.0319  D=5.479
[alma] 0:17:02  25,805/1,000,000  25.2/s  upd=520  L=0.0421  D=5.479
[alma] 0:17:13  25,805/1,000,000  25.0/s  upd=520  L=0.0421  D=5.479
[alma] 0:17:23  26,187/1,000,000  25.1/s  upd=528  L=0.0410  D=5.479
[alma] 0:17:33  26,598/1,000,000  25.3/s  upd=532  L=0.0638  D=5.479
[alma] 0:17:43  26,598/1,000,000  25.0/s  upd=536  L=0.0529  D=5.479
[alma] 0:17:54  27,050/1,000,000  25.2/s  upd=544  L=0.0351  D=5.479
[alma] 0:18:04  27,413/1,000,000  25.3/s  upd=548  L=0.0338  D=5.479
[alma] 0:18:14  27,795/1,000,000  25.4/s  upd=560  L=0.0336  D=5.479
[alma] 0:18:24  28,607/1,000,000  25.9/s  upd=576  L=0.0458  D=5.479
[alma] 0:18:34  28,988/1,000,000  26.0/s  upd=584  L=0.0366  D=5.479
[alma] 0:18:44  29,358/1,000,000  26.1/s  upd=590  L=0.0426  D=5.479
[alma] 0:18:54  29,832/1,000,000  26.3/s  upd=595  L=0.0459  D=5.479
[alma] 0:19:04  30,214/1,000,000  26.4/s  upd=601  L=0.0451  D=5.479
[alma] 0:19:15  30,583/1,000,000  26.5/s  upd=609  L=0.0373  D=5.479
[alma] saved resume t_env=30,583
[alma] 0:20:02  30,583/1,000,000  25.4/s  upd=616  L=0.0387  D=5.479
[alma] 0:20:12  31,752/1,000,000  26.2/s  upd=640  L=0.0355  D=5.479
[alma] 0:20:22  32,917/1,000,000  26.9/s  upd=664  L=0.0482  D=5.479
[alma] 0:20:32  34,465/1,000,000  28.0/s  upd=691  L=0.0402  D=5.479
[alma] 0:20:42  35,613/1,000,000  28.7/s  upd=717  L=0.0397  D=5.479
[alma] 0:20:52  36,849/1,000,000  29.4/s  upd=744  L=0.0359  D=5.479
[alma] 0:21:02  37,997/1,000,000  30.1/s  upd=768  L=0.0347  D=5.479
[alma] 0:21:12  39,299/1,000,000  30.9/s  upd=792  L=0.0253  D=5.479
[alma] saved resume t_env=40,083
[alma] 0:21:40  40,083/1,000,000  30.8/s  upd=808  L=0.0439  ev=0/100  D=5.479
[alma] 0:24:58  40,083/1,000,000  26.8/s  upd=808  L=0.0439  D=5.138
[alma] 0:25:08  40,495/1,000,000  26.9/s  upd=811  L=0.0521  D=5.138
[alma] 0:27:46  40,495/1,000,000  24.3/s  upd=816  L=0.0399  D=5.138
[alma] 0:27:57  41,188/1,000,000  24.6/s  upd=826  L=0.0452  D=5.138
[alma] 0:28:07  41,644/1,000,000  24.7/s  upd=840  L=0.0475  D=5.138
[alma] 0:28:17  42,403/1,000,000  25.0/s  upd=853  L=0.0336  D=5.138
[alma] 0:28:27  43,189/1,000,000  25.3/s  upd=865  L=0.0347  D=5.138
[alma] saved resume t_env=43,189
[alma] resume t_env=43,189 from resume.pt
[alma] 0:00:10  43,547/1,000,000  35.5/s  upd=870  L=0.0484  D=5.138
[alma] 0:00:20  43,547/1,000,000  17.6/s  upd=877  L=0.0385  D=5.138
[alma] 0:00:30  43,547/1,000,000  11.7/s  upd=877  L=0.0385  D=5.138
[alma] 0:00:40  43,956/1,000,000  18.8/s  upd=884  L=0.0419  D=5.138
[alma] 0:00:50  43,956/1,000,000  15.0/s  upd=885  L=0.0311  D=5.138
[alma] 0:01:00  44,352/1,000,000  19.1/s  upd=892  L=0.0404  D=5.138
[alma] 0:01:11  44,352/1,000,000  16.3/s  upd=893  L=0.0317  D=5.138
[alma] 0:01:21  44,782/1,000,000  19.5/s  upd=900  L=0.0449  D=5.138
[alma] 0:01:31  44,782/1,000,000  17.4/s  upd=901  L=0.0315  D=5.138
[alma] 0:01:41  45,167/1,000,000  19.4/s  upd=907  L=0.0324  D=5.138
[alma] 0:01:51  45,167/1,000,000  17.7/s  upd=909  L=0.0333  D=5.138
[alma] 0:02:02  45,556/1,000,000  19.4/s  upd=917  L=0.0494  D=5.138
[alma] 0:02:12  45,900/1,000,000  20.5/s  upd=918  L=0.0445  D=5.138
[alma] 0:02:22  45,900/1,000,000  19.0/s  upd=925  L=0.0377  D=5.138
[alma] 0:02:32  46,279/1,000,000  20.3/s  upd=931  L=0.0343  D=5.138
[alma] 0:02:42  46,279/1,000,000  19.0/s  upd=933  L=0.0431  D=5.138
[alma] 0:02:52  46,623/1,000,000  19.9/s  upd=941  L=0.0288  D=5.138
[alma] 0:03:02  46,623/1,000,000  18.8/s  upd=941  L=0.0288  D=5.138
[alma] 0:03:12  47,003/1,000,000  19.8/s  upd=949  L=0.0352  D=5.138
[alma] 0:03:22  47,003/1,000,000  18.8/s  upd=949  L=0.0352  D=5.138
[alma] 0:03:32  47,445/1,000,000  20.0/s  upd=957  L=0.0399  D=5.138
[alma] 0:03:43  47,445/1,000,000  19.1/s  upd=957  L=0.0399  D=5.138
[alma] 0:03:53  47,836/1,000,000  19.9/s  upd=965  L=0.0523  D=5.138
[alma] 0:04:03  47,836/1,000,000  19.1/s  upd=965  L=0.0523  D=5.138
[alma] 0:04:13  48,250/1,000,000  20.0/s  upd=973  L=0.0337  D=5.138
[alma] 0:04:23  48,650/1,000,000  20.7/s  upd=974  L=0.0383  D=5.138
[alma] 0:04:33  48,650/1,000,000  20.0/s  upd=981  L=0.0326  D=5.138
[alma] 0:04:43  48,650/1,000,000  19.2/s  upd=981  L=0.0326  D=5.138
[alma] 0:04:53  49,084/1,000,000  20.1/s  upd=989  L=0.0512  D=5.138
[alma] 0:05:04  49,084/1,000,000  19.4/s  upd=989  L=0.0512  D=5.138
[alma] 0:10:13  49,493/1,000,000  10.3/s  upd=997  L=0.0430  D=5.138
[alma] 0:10:23  49,493/1,000,000  10.1/s  upd=997  L=0.0430  D=5.138
[alma] 0:10:34  49,863/1,000,000  10.5/s  upd=1005  L=0.0426  D=5.138
[alma] saved resume t_env=49,863
[alma] 0:10:44  50,221/1,000,000  10.9/s  upd=1009  L=0.0381  D=5.138
[alma] 0:10:54  50,221/1,000,000  10.7/s  upd=1013  L=0.0432  D=5.138
[alma] 0:11:05  50,624/1,000,000  11.2/s  upd=1014  L=0.0346  D=5.138
[alma] 0:11:15  50,624/1,000,000  11.0/s  upd=1021  L=0.0392  D=5.138
[alma] 0:11:25  51,021/1,000,000  11.4/s  upd=1024  L=0.0460  D=5.138
[alma] 0:11:35  51,021/1,000,000  11.3/s  upd=1029  L=0.0470  D=5.138
[alma] 0:11:45  51,455/1,000,000  11.7/s  upd=1031  L=0.0329  D=5.138
[alma] 0:11:55  51,455/1,000,000  11.5/s  upd=1037  L=0.0283  D=5.138
[alma] 0:12:06  51,822/1,000,000  11.9/s  upd=1045  L=0.0400  D=5.138
[alma] 0:12:16  52,223/1,000,000  12.3/s  upd=1053  L=0.0403  D=5.138
[alma] 0:12:26  52,591/1,000,000  12.6/s  upd=1061  L=0.0391  D=5.138
[alma] 0:12:36  52,937/1,000,000  12.9/s  upd=1069  L=0.0358  D=5.138
[alma] 0:12:46  53,308/1,000,000  13.2/s  upd=1077  L=0.0348  D=5.138
[alma] 0:12:56  53,668/1,000,000  13.5/s  upd=1085  L=0.0454  D=5.138
[alma] 0:13:06  54,077/1,000,000  13.8/s  upd=1093  L=0.0415  D=5.138
[alma] 0:13:16  54,525/1,000,000  14.2/s  upd=1101  L=0.0390  D=5.138
[alma] 0:13:26  54,890/1,000,000  14.5/s  upd=1109  L=0.0387  D=5.138
[alma] 0:13:36  55,306/1,000,000  14.8/s  upd=1117  L=0.0386  D=5.138
[alma] 0:13:46  56,754/1,000,000  16.4/s  upd=1145  L=0.0393  D=5.138
[alma] 0:13:56  57,838/1,000,000  17.5/s  upd=1172  L=0.0312  D=5.138
[alma] 0:14:06  59,249/1,000,000  19.0/s  upd=1201  L=0.0293  D=5.138
[alma] saved resume t_env=60,027
[alma] 0:14:39  60,027/1,000,000  19.1/s  upd=1221  L=0.0361  ev=0/100  D=5.138
[alma] 0:14:49  60,027/1,000,000  18.9/s  upd=1221  L=0.0361  ev=24/100  D=5.138
[alma] 0:14:59  60,027/1,000,000  18.7/s  upd=1221  L=0.0361  ev=40/100  D=5.138
[alma] 0:15:09  60,027/1,000,000  18.5/s  upd=1221  L=0.0361  ev=59/100  D=5.138
[alma] 0:15:20  60,027/1,000,000  18.3/s  upd=1221  L=0.0361  ev=79/100  D=5.138
[alma] 0:15:30  60,027/1,000,000  18.1/s  upd=1221  L=0.0361  ev=94/100  D=5.138
[alma] 0:17:52  60,027/1,000,000  15.7/s  upd=1221  L=0.0361  D=4.630
[alma] 0:21:13  60,027/1,000,000  13.2/s  upd=1221  L=0.0361  D=4.630
[alma] 0:21:23  60,405/1,000,000  13.4/s  upd=1229  L=0.0375  D=4.630
[alma] 0:21:33  61,147/1,000,000  13.9/s  upd=1244  L=0.0380  D=4.630
[alma] 0:21:43  61,508/1,000,000  14.1/s  upd=1253  L=0.0309  D=4.630
[alma] 0:21:53  62,259/1,000,000  14.5/s  upd=1265  L=0.0373  D=4.630
[alma] 0:22:04  62,933/1,000,000  14.9/s  upd=1278  L=0.0415  D=4.630
[alma] 0:22:14  63,262/1,000,000  15.0/s  upd=1293  L=0.0432  D=4.630
[alma] 0:22:24  65,121/1,000,000  16.3/s  upd=1326  L=0.0335  D=4.630
[alma] 0:22:34  66,669/1,000,000  17.3/s  upd=1365  L=0.0383  D=4.630
[alma] 0:22:44  68,563/1,000,000  18.6/s  upd=1404  L=0.0375  D=4.630
[alma] 0:22:54  70,468/1,000,000  19.8/s  upd=1442  L=0.0425  D=4.630
[alma] 0:23:04  71,890/1,000,000  20.7/s  upd=1477  L=0.0374  D=4.630
[alma] 0:23:14  72,981/1,000,000  21.4/s  upd=1501  L=0.0254  D=4.630
[alma] 0:23:24  74,581/1,000,000  22.3/s  upd=1528  L=0.0441  D=4.630
[alma] 0:23:34  75,808/1,000,000  23.1/s  upd=1557  L=0.0311  D=4.630
[alma] 0:23:44  77,239/1,000,000  23.9/s  upd=1584  L=0.0441  D=4.630
[alma] 0:23:54  78,321/1,000,000  24.5/s  upd=1613  L=0.0350  D=4.630
[alma] 0:24:04  79,827/1,000,000  25.4/s  upd=1639  L=0.0450  D=4.630
[alma] saved resume t_env=80,174
[alma] 0:24:34  80,174/1,000,000  25.1/s  upd=1653  L=0.0386  ev=0/100  D=4.630
[alma] 0:24:44  80,174/1,000,000  24.9/s  upd=1653  L=0.0386  ev=32/100  D=4.630
[alma] 0:24:54  80,174/1,000,000  24.7/s  upd=1653  L=0.0386  ev=48/100  D=4.630
[alma] 0:25:04  80,174/1,000,000  24.6/s  upd=1653  L=0.0386  ev=63/100  D=4.630
[alma] 0:25:15  80,174/1,000,000  24.4/s  upd=1653  L=0.0386  ev=77/100  D=4.630
[alma] 0:25:25  80,174/1,000,000  24.3/s  upd=1653  L=0.0386  ev=94/100  D=4.630
[alma] 0:27:15  80,174/1,000,000  22.6/s  upd=1653  L=0.0386  D=4.884
[alma] 0:28:08  80,174/1,000,000  21.9/s  upd=1653  L=0.0386  D=4.884
[alma] 0:28:19  80,174/1,000,000  21.8/s  upd=1653  L=0.0386  D=4.884
[alma] 0:28:29  80,521/1,000,000  21.8/s  upd=1660  L=0.0432  D=4.884
[alma] 0:28:39  80,900/1,000,000  21.9/s  upd=1665  L=0.0445  D=4.884
[alma] 0:28:50  80,900/1,000,000  21.8/s  upd=1669  L=0.0390  D=4.884
[alma] 0:29:00  81,283/1,000,000  21.9/s  upd=1674  L=0.0491  D=4.884
[alma] 0:29:10  81,283/1,000,000  21.8/s  upd=1677  L=0.0504  D=4.884
[alma] 0:29:21  81,657/1,000,000  21.8/s  upd=1681  L=0.0330  D=4.884
[alma] 0:29:31  81,657/1,000,000  21.7/s  upd=1685  L=0.0339  D=4.884
[alma] 0:29:41  82,029/1,000,000  21.8/s  upd=1692  L=0.0389  D=4.884
[alma] 0:29:51  82,455/1,000,000  21.9/s  upd=1696  L=0.0519  D=4.884
[alma] 0:30:01  82,831/1,000,000  22.0/s  upd=1709  L=0.0351  D=4.884
[alma] 0:30:11  83,151/1,000,000  22.1/s  upd=1717  L=0.0410  D=4.884
[alma] 0:30:21  83,895/1,000,000  22.3/s  upd=1729  L=0.0336  D=4.884
[alma] 0:30:31  84,240/1,000,000  22.4/s  upd=1741  L=0.0485  D=4.884
[alma] 0:30:42  84,700/1,000,000  22.5/s  upd=1749  L=0.0378  D=4.884
[alma] 0:30:52  84,700/1,000,000  22.4/s  upd=1749  L=0.0378  D=4.884
[alma] 0:31:02  85,476/1,000,000  22.7/s  upd=1763  L=0.0380  D=4.884
[alma] 0:31:12  86,209/1,000,000  23.0/s  upd=1777  L=0.0440  D=4.884
[alma] 0:31:22  86,613/1,000,000  23.1/s  upd=1789  L=0.0388  D=4.884
[alma] 0:31:32  87,334/1,000,000  23.3/s  upd=1805  L=0.0504  D=4.884
[alma] 0:31:42  88,106/1,000,000  23.6/s  upd=1821  L=0.0471  D=4.884
[alma] 0:31:53  88,850/1,000,000  23.9/s  upd=1833  L=0.0441  D=4.884
[alma] 0:32:03  89,596/1,000,000  24.1/s  upd=1846  L=0.0424  D=4.884
[alma] 0:32:13  89,945/1,000,000  24.2/s  upd=1861  L=0.0460  D=4.884
[alma] 0:32:23  90,701/1,000,000  24.4/s  upd=1873  L=0.0324  D=4.884
[alma] 0:32:33  91,465/1,000,000  24.7/s  upd=1887  L=0.0368  D=4.884
[alma] 0:32:43  91,860/1,000,000  24.8/s  upd=1901  L=0.0295  D=4.884
[alma] 0:32:53  92,637/1,000,000  25.1/s  upd=1915  L=0.0584  D=4.884
[alma] 0:33:03  93,419/1,000,000  25.3/s  upd=1929  L=0.0342  D=4.884
[alma] 0:36:33  93,803/1,000,000  23.1/s  upd=1941  L=0.0404  D=4.884
[alma] 0:36:44  94,181/1,000,000  23.1/s  upd=1949  L=0.0364  D=4.884
[alma] saved resume t_env=94,181
[alma] 0:36:54  94,582/1,000,000  23.2/s  upd=1951  L=0.0348  D=4.884
[alma] 0:37:04  94,956/1,000,000  23.3/s  upd=1962  L=0.0465  D=4.884
[alma] 0:37:14  95,263/1,000,000  23.3/s  upd=1970  L=0.0392  D=4.884
[alma] 0:37:24  95,659/1,000,000  23.4/s  upd=1978  L=0.0528  D=4.884
[alma] 0:37:35  96,032/1,000,000  23.4/s  upd=1989  L=0.0410  D=4.884
[alma] 0:37:45  96,461/1,000,000  23.5/s  upd=1993  L=0.0340  D=4.884
[alma] 0:37:55  96,849/1,000,000  23.6/s  upd=2005  L=0.0483  D=4.884
[alma] 0:38:05  97,210/1,000,000  23.6/s  upd=2013  L=0.0691  D=4.884
[alma] 0:38:15  97,592/1,000,000  23.7/s  upd=2021  L=0.0497  D=4.884
[alma] 0:38:25  98,052/1,000,000  23.8/s  upd=2029  L=0.0399  D=4.884
[alma] 0:38:35  98,052/1,000,000  23.7/s  upd=2029  L=0.0399  D=4.884
[alma] 0:38:46  98,442/1,000,000  23.7/s  upd=2031  L=0.0364  D=4.884
[alma] 0:38:57  98,756/1,000,000  23.8/s  upd=2039  L=0.0450  D=4.884
[alma] 0:39:07  98,756/1,000,000  23.7/s  upd=2045  L=0.0434  D=4.884
[alma] 0:39:17  98,756/1,000,000  23.6/s  upd=2045  L=0.0434  D=4.884
[alma] 0:39:27  99,081/1,000,000  23.6/s  upd=2053  L=0.0383  D=4.884
[alma] 0:39:38  99,081/1,000,000  23.5/s  upd=2053  L=0.0383  D=4.884
[alma] 0:39:48  99,512/1,000,000  23.6/s  upd=2061  L=0.0330  D=4.884
[alma] 0:39:58  99,940/1,000,000  23.7/s  upd=2069  L=0.0484  D=4.884
[alma] saved resume t_env=100,351
[alma] 0:40:31  100,351/1,000,000  23.5/s  upd=2077  L=0.0395  ev=0/100  D=4.884
[alma] 0:40:41  100,351/1,000,000  23.4/s  upd=2077  L=0.0395  ev=14/100  D=4.884
[alma] 0:40:51  100,351/1,000,000  23.3/s  upd=2077  L=0.0395  ev=31/100  D=4.884
[alma] 0:41:02  100,351/1,000,000  23.2/s  upd=2077  L=0.0395  ev=40/100  D=4.884
[alma] 0:41:12  100,351/1,000,000  23.1/s  upd=2077  L=0.0395  ev=56/100  D=4.884
[alma] 0:41:22  100,351/1,000,000  23.0/s  upd=2077  L=0.0395  ev=80/100  D=4.884
[alma] 0:44:41  100,351/1,000,000  21.3/s  upd=2077  L=0.0395  D=5.191
[alma] 0:48:04  100,351/1,000,000  19.8/s  upd=2077  L=0.0395  D=5.191
[alma] 0:48:14  101,119/1,000,000  20.0/s  upd=2088  L=0.0390  D=5.191
[alma] 0:48:24  101,521/1,000,000  20.1/s  upd=2101  L=0.0343  D=5.191
[alma] 0:48:34  101,891/1,000,000  20.1/s  upd=2109  L=0.0474  D=5.191
[alma] 0:48:44  102,740/1,000,000  20.4/s  upd=2119  L=0.0557  D=5.191
[alma] 0:48:54  103,124/1,000,000  20.4/s  upd=2133  L=0.0322  D=5.191
[alma] 0:49:04  103,835/1,000,000  20.6/s  upd=2147  L=0.0437  D=5.191
[alma] 0:49:14  104,255/1,000,000  20.7/s  upd=2157  L=0.0341  D=5.191
[alma] 0:49:25  104,941/1,000,000  20.8/s  upd=2173  L=0.0462  D=5.191
[alma] 0:49:35  105,664/1,000,000  21.0/s  upd=2186  L=0.0395  D=5.191
[alma] 0:49:45  106,035/1,000,000  21.1/s  upd=2197  L=0.0485  D=5.191
[alma] 0:49:55  106,807/1,000,000  21.2/s  upd=2210  L=0.0508  D=5.191
[alma] 0:50:05  107,199/1,000,000  21.3/s  upd=2221  L=0.0458  D=5.191
[alma] saved resume t_env=107,621
[alma] 0:50:15  107,621/1,000,000  21.4/s  upd=2229  L=0.0405  D=5.191
[alma] 0:50:25  108,489/1,000,000  21.6/s  upd=2240  L=0.0458  D=5.191
[alma] 0:50:35  109,231/1,000,000  21.8/s  upd=2254  L=0.0383  D=5.191
[alma] 0:50:45  109,655/1,000,000  21.8/s  upd=2265  L=0.0400  D=5.191
[alma] 0:50:55  110,016/1,000,000  21.9/s  upd=2277  L=0.0379  D=5.191
[alma] 0:51:06  110,748/1,000,000  22.0/s  upd=2291  L=0.0592  D=5.191
[alma] 0:51:16  111,125/1,000,000  22.1/s  upd=2301  L=0.0505  D=5.191
[alma] 0:51:26  111,999/1,000,000  22.3/s  upd=2314  L=0.0406  D=5.191
[alma] 0:51:37  112,457/1,000,000  22.4/s  upd=2319  L=0.0243  D=5.191
[alma] 0:51:47  112,814/1,000,000  22.4/s  upd=2333  L=0.0344  D=5.191
[alma] 0:51:57  113,652/1,000,000  22.6/s  upd=2348  L=0.0274  D=5.191
[alma] 0:52:07  114,071/1,000,000  22.7/s  upd=2357  L=0.0512  D=5.191
[alma] 0:52:18  114,937/1,000,000  22.9/s  upd=2367  L=0.0362  D=5.191
[alma] 0:52:28  116,024/1,000,000  23.1/s  upd=2395  L=0.0381  D=5.191
[alma] 0:52:38  117,889/1,000,000  23.7/s  upd=2435  L=0.0400  D=5.191
[alma] 0:52:48  119,702/1,000,000  24.2/s  upd=2474  L=0.0413  D=5.191
[alma] saved resume t_env=120,156
[alma] 0:53:17  120,156/1,000,000  24.1/s  upd=2485  L=0.0398  ev=0/100  D=5.191
[alma] 0:53:27  120,156/1,000,000  24.0/s  upd=2485  L=0.0398  ev=72/100  D=5.191
[alma] 0:53:37  120,156/1,000,000  23.9/s  upd=2485  L=0.0398  ev=92/100  D=5.191
[alma] 0:56:59  120,156/1,000,000  22.5/s  upd=2485  L=0.0398  D=4.868
[alma] 1:02:29  120,156/1,000,000  20.5/s  upd=2485  L=0.0398  D=4.868
[alma] 1:02:39  122,091/1,000,000  21.0/s  upd=2521  L=0.0450  D=4.868
[alma] 1:02:49  124,015/1,000,000  21.4/s  upd=2560  L=0.0314  D=4.868
[alma] saved resume t_env=124,386
[alma] 1:02:59  125,484/1,000,000  21.8/s  upd=2596  L=0.0414  D=4.868
[alma] 1:03:09  127,373/1,000,000  22.2/s  upd=2633  L=0.0316  D=4.868
[alma] 1:03:19  128,941/1,000,000  22.6/s  upd=2669  L=0.0386  D=4.868
[alma] 1:03:29  130,818/1,000,000  23.0/s  upd=2707  L=0.0491  D=4.868
[alma] 1:03:40  131,199/1,000,000  23.0/s  upd=2713  L=0.0430  D=4.868
[alma] 1:03:50  131,993/1,000,000  23.2/s  upd=2726  L=0.0465  D=4.868
[alma] 1:04:00  132,347/1,000,000  23.2/s  upd=2735  L=0.0442  D=4.868
[alma] 1:04:10  132,676/1,000,000  23.2/s  upd=2749  L=0.0491  D=4.868
[alma] 1:04:20  133,095/1,000,000  23.3/s  upd=2757  L=0.0341  D=4.868
[alma] 1:04:30  133,864/1,000,000  23.4/s  upd=2770  L=0.0394  D=4.868
[alma] 1:04:40  134,234/1,000,000  23.5/s  upd=2781  L=0.0579  D=4.868
[alma] 1:04:50  134,637/1,000,000  23.5/s  upd=2789  L=0.0454  D=4.868
[alma] 1:05:01  135,382/1,000,000  23.6/s  upd=2801  L=0.0294  D=4.868
[alma] 1:05:11  135,720/1,000,000  23.7/s  upd=2813  L=0.0426  D=4.868
[alma] 1:05:21  136,418/1,000,000  23.8/s  upd=2827  L=0.0451  D=4.868
[alma] 1:05:31  136,803/1,000,000  23.8/s  upd=2837  L=0.0424  D=4.868
[alma] 1:05:42  137,230/1,000,000  23.9/s  upd=2845  L=0.0359  D=4.868
[alma] 1:05:52  137,928/1,000,000  24.0/s  upd=2858  L=0.0370  D=4.868
[alma] 1:06:02  138,280/1,000,000  24.0/s  upd=2869  L=0.0308  D=4.868
[alma] 1:06:12  139,004/1,000,000  24.1/s  upd=2882  L=0.0437  D=4.868
[alma] 1:06:22  139,344/1,000,000  24.1/s  upd=2893  L=0.0318  D=4.868
[alma] 1:06:32  139,801/1,000,000  24.2/s  upd=2901  L=0.0428  D=4.868
[alma] saved resume t_env=140,215
[alma] 1:07:08  140,215/1,000,000  24.1/s  upd=2909  L=0.0506  ev=0/100  D=4.868
[alma] 1:07:18  140,215/1,000,000  24.0/s  upd=2909  L=0.0506  ev=8/100  D=4.868
[alma] 1:07:28  140,215/1,000,000  24.0/s  upd=2909  L=0.0506  ev=16/100  D=4.868
[alma] 1:07:39  140,215/1,000,000  23.9/s  upd=2909  L=0.0506  ev=18/100  D=4.868
[alma] 1:07:49  140,215/1,000,000  23.8/s  upd=2909  L=0.0506  ev=30/100  D=4.868
[alma] 1:07:59  140,215/1,000,000  23.8/s  upd=2909  L=0.0506  ev=32/100  D=4.868
[alma] 1:08:09  140,215/1,000,000  23.7/s  upd=2909  L=0.0506  ev=39/100  D=4.868
[alma] 1:08:19  140,215/1,000,000  23.7/s  upd=2909  L=0.0506  ev=42/100  D=4.868
[alma] 1:08:30  140,215/1,000,000  23.6/s  upd=2909  L=0.0506  ev=47/100  D=4.868
[alma] 1:08:40  140,215/1,000,000  23.5/s  upd=2909  L=0.0506  ev=56/100  D=4.868
[alma] 1:08:50  140,215/1,000,000  23.5/s  upd=2909  L=0.0506  ev=72/100  D=4.868
[alma] 1:09:00  140,215/1,000,000  23.4/s  upd=2909  L=0.0506  ev=80/100  D=4.868
[alma] 1:09:10  140,215/1,000,000  23.4/s  upd=2909  L=0.0506  ev=93/100  D=4.868
[alma] 1:12:48  140,215/1,000,000  22.2/s  upd=2909  L=0.0506  D=3.406
[alma] 1:17:28  140,215/1,000,000  20.9/s  upd=2909  L=0.0506  D=3.406
[alma] saved resume t_env=140,656
[alma] 1:17:38  141,835/1,000,000  21.2/s  upd=2941  L=0.0431  D=3.406
[alma] 1:17:48  143,986/1,000,000  21.6/s  upd=2982  L=0.0334  D=3.406
[alma] 1:17:58  145,955/1,000,000  22.0/s  upd=3022  L=0.0354  D=3.406
[alma] 1:18:08  147,814/1,000,000  22.3/s  upd=3065  L=0.0328  D=3.406
[alma] 1:18:18  149,808/1,000,000  22.7/s  upd=3104  L=0.0528  D=3.406
[alma] 1:18:28  151,317/1,000,000  23.0/s  upd=3141  L=0.0495  D=3.406
[alma] 1:18:38  153,394/1,000,000  23.4/s  upd=3179  L=0.0387  D=3.406
[alma] 1:18:49  155,151/1,000,000  23.7/s  upd=3218  L=0.0457  D=3.406
[alma] 1:18:59  157,183/1,000,000  24.1/s  upd=3254  L=0.0396  D=3.406
[alma] 1:19:09  159,024/1,000,000  24.4/s  upd=3295  L=0.0458  D=3.406
[alma] saved resume t_env=160,165
[alma] 1:19:43  160,165/1,000,000  24.5/s  upd=3325  L=0.0400  ev=0/100  D=3.406
[alma] 1:19:53  160,165/1,000,000  24.4/s  upd=3325  L=0.0400  ev=93/100  D=3.406
[alma] 1:25:44  160,165/1,000,000  22.7/s  upd=3325  L=0.0400  D=4.894
[alma] 1:31:04  160,165/1,000,000  21.4/s  upd=3325  L=0.0400  D=4.894
[alma] saved resume t_env=160,533
[alma] 1:31:14  160,533/1,000,000  21.4/s  upd=3333  L=0.0496  D=4.894
[alma] 1:31:25  161,288/1,000,000  21.5/s  upd=3346  L=0.0484  D=4.894
[alma] 1:31:35  161,662/1,000,000  21.6/s  upd=3357  L=0.0418  D=4.894
[alma] 1:31:45  162,408/1,000,000  21.7/s  upd=3368  L=0.0608  D=4.894
[alma] 1:31:55  162,791/1,000,000  21.7/s  upd=3381  L=0.0388  D=4.894
[alma] 1:32:05  163,485/1,000,000  21.8/s  upd=3395  L=0.0446  D=4.894
[alma] 1:32:15  163,858/1,000,000  21.8/s  upd=3405  L=0.0497  D=4.894
[alma] 1:32:26  164,190/1,000,000  21.8/s  upd=3413  L=0.0479  D=4.894
[alma] 1:32:36  165,004/1,000,000  21.9/s  upd=3427  L=0.0438  D=4.894
[alma] 1:32:46  165,685/1,000,000  22.0/s  upd=3438  L=0.0377  D=4.894
[alma] 1:32:56  166,075/1,000,000  22.0/s  upd=3453  L=0.0490  D=4.894
[alma] 1:33:06  166,427/1,000,000  22.1/s  upd=3461  L=0.0361  D=4.894
[alma] 1:33:16  167,240/1,000,000  22.2/s  upd=3477  L=0.0540  D=4.894
[alma] 1:33:26  167,940/1,000,000  22.3/s  upd=3493  L=0.0424  D=4.894
[alma] 1:33:36  168,397/1,000,000  22.3/s  upd=3501  L=0.0346  D=4.894
[alma] 1:33:47  169,161/1,000,000  22.4/s  upd=3517  L=0.0291  D=4.894
[alma] 1:33:57  169,841/1,000,000  22.5/s  upd=3527  L=0.0442  D=4.894
[alma] 1:34:07  170,173/1,000,000  22.5/s  upd=3540  L=0.0389  D=4.894
[alma] 1:34:18  170,528/1,000,000  22.5/s  upd=3549  L=0.0452  D=4.894
[alma] 1:34:28  170,883/1,000,000  22.5/s  upd=3557  L=0.0336  D=4.894
[alma] 1:34:38  171,664/1,000,000  22.6/s  upd=3573  L=0.0333  D=4.894
[alma] 1:34:48  173,138/1,000,000  22.8/s  upd=3599  L=0.0379  D=4.894
[alma] 1:34:58  173,531/1,000,000  22.9/s  upd=3612  L=0.0363  D=4.894
[alma] 1:35:08  173,904/1,000,000  22.9/s  upd=3621  L=0.0582  D=4.894
[alma] 1:35:18  174,222/1,000,000  22.9/s  upd=3629  L=0.0409  D=4.894
[alma] 1:35:28  174,600/1,000,000  22.9/s  upd=3637  L=0.0543  D=4.894
[alma] 1:35:38  174,985/1,000,000  23.0/s  upd=3645  L=0.0377  D=4.894
[alma] 1:35:48  175,431/1,000,000  23.0/s  upd=3653  L=0.0421  D=4.894
[alma] 1:35:58  175,890/1,000,000  23.0/s  upd=3661  L=0.0372  D=4.894
[alma] 1:40:17  176,222/1,000,000  22.1/s  upd=3669  L=0.0386  D=4.894
[alma] 1:40:27  176,596/1,000,000  22.1/s  upd=3677  L=0.0435  D=4.894
[alma] 1:40:37  177,388/1,000,000  22.2/s  upd=3690  L=0.0499  D=4.894
[alma] 1:40:47  177,735/1,000,000  22.2/s  upd=3701  L=0.0357  D=4.894
[alma] 1:40:57  178,580/1,000,000  22.3/s  upd=3711  L=0.0450  D=4.894
[alma] 1:41:07  178,874/1,000,000  22.4/s  upd=3725  L=0.0340  D=4.894
[alma] 1:41:18  179,211/1,000,000  22.4/s  upd=3733  L=0.0311  D=4.894
[alma] saved resume t_env=179,550
[alma] 1:41:28  179,937/1,000,000  22.5/s  upd=3742  L=0.0398  D=4.894
[alma] saved resume t_env=180,287
[alma] 1:42:06  180,287/1,000,000  22.4/s  upd=3757  L=0.0449  ev=0/100  D=4.894
[alma] 1:42:16  180,287/1,000,000  22.3/s  upd=3757  L=0.0449  ev=24/100  D=4.894
[alma] 1:42:26  180,287/1,000,000  22.3/s  upd=3757  L=0.0449  ev=43/100  D=4.894
[alma] 1:42:36  180,287/1,000,000  22.3/s  upd=3757  L=0.0449  ev=64/100  D=4.894
[alma] 1:42:46  180,287/1,000,000  22.2/s  upd=3757  L=0.0449  ev=80/100  D=4.894
[alma] 1:47:44  180,287/1,000,000  21.2/s  upd=3757  L=0.0449  D=3.968
[alma] 1:54:11  180,287/1,000,000  20.0/s  upd=3757  L=0.0449  D=3.968
[alma] saved resume t_env=180,654
[alma] 1:54:21  181,467/1,000,000  20.2/s  upd=3781  L=0.0438  D=3.968
[alma] 1:54:31  183,596/1,000,000  20.4/s  upd=3824  L=0.0462  D=3.968
[alma] 1:54:41  185,439/1,000,000  20.7/s  upd=3864  L=0.0555  D=3.968
[alma] 1:54:51  186,925/1,000,000  20.9/s  upd=3901  L=0.0418  D=3.968
[alma] 1:55:01  188,713/1,000,000  21.1/s  upd=3940  L=0.0472  D=3.968
[alma] 1:55:12  190,551/1,000,000  21.3/s  upd=3976  L=0.0585  D=3.968
[alma] 1:55:22  192,335/1,000,000  21.5/s  upd=4017  L=0.0366  D=3.968
[alma] 1:55:32  194,229/1,000,000  21.8/s  upd=4056  L=0.0419  D=3.968
[alma] 1:55:42  195,897/1,000,000  22.0/s  upd=4093  L=0.0430  D=3.968
[alma] 1:55:52  197,896/1,000,000  22.3/s  upd=4130  L=0.0431  D=3.968
[alma] 1:56:02  199,689/1,000,000  22.5/s  upd=4168  L=0.0667  D=3.968
[alma] saved resume t_env=200,023
[alma] 1:56:34  200,023/1,000,000  22.4/s  upd=4181  L=0.0443  ev=0/100  D=3.968
[alma] 1:56:44  200,023/1,000,000  22.4/s  upd=4181  L=0.0443  ev=42/100  D=3.968
[alma] 1:56:54  200,023/1,000,000  22.4/s  upd=4181  L=0.0443  ev=87/100  D=3.968
[alma] 2:02:48  200,023/1,000,000  21.3/s  upd=4181  L=0.0443  D=4.532
[alma] 2:08:22  200,023/1,000,000  20.4/s  upd=4181  L=0.0443  D=4.532
[alma] saved resume t_env=200,373
[alma] 2:08:32  200,373/1,000,000  20.4/s  upd=4189  L=0.0438  D=4.532
[alma] 2:08:42  200,713/1,000,000  20.4/s  upd=4197  L=0.0408  D=4.532
[alma] 2:08:52  201,423/1,000,000  20.5/s  upd=4213  L=0.0371  D=4.532
[alma] 2:09:02  202,096/1,000,000  20.5/s  upd=4229  L=0.0590  D=4.532
[alma] 2:09:12  202,470/1,000,000  20.5/s  upd=4237  L=0.0385  D=4.532
[alma] 2:09:22  203,283/1,000,000  20.6/s  upd=4253  L=0.0456  D=4.532
[alma] 2:09:32  204,064/1,000,000  20.7/s  upd=4263  L=0.0339  D=4.532
[alma] 2:09:42  204,451/1,000,000  20.7/s  upd=4277  L=0.0454  D=4.532
[alma] 2:09:53  205,147/1,000,000  20.8/s  upd=4288  L=0.0377  D=4.532
[alma] 2:10:03  205,491/1,000,000  20.8/s  upd=4301  L=0.0404  D=4.532
[alma] 2:10:13  206,190/1,000,000  20.9/s  upd=4316  L=0.0400  D=4.532
[alma] 2:10:24  206,898/1,000,000  20.9/s  upd=4327  L=0.0572  D=4.532
[alma] 2:10:34  207,280/1,000,000  20.9/s  upd=4341  L=0.0348  D=4.532
[alma] 2:10:44  208,007/1,000,000  21.0/s  upd=4354  L=0.0437  D=4.532
[alma] 2:10:54  208,429/1,000,000  21.0/s  upd=4363  L=0.0431  D=4.532
[alma] 2:11:04  208,820/1,000,000  21.1/s  upd=4373  L=0.0461  D=4.532
[alma] 2:11:15  209,512/1,000,000  21.1/s  upd=4389  L=0.0305  D=4.532
[alma] 2:11:25  209,882/1,000,000  21.1/s  upd=4397  L=0.0361  D=4.532
[alma] 2:11:35  210,623/1,000,000  21.2/s  upd=4410  L=0.0364  D=4.532
[alma] 2:11:45  211,624/1,000,000  21.3/s  upd=4437  L=0.0541  D=4.532
[alma] 2:11:55  213,525/1,000,000  21.5/s  upd=4476  L=0.0480  D=4.532
[alma] 2:12:05  215,092/1,000,000  21.7/s  upd=4517  L=0.0477  D=4.532
[alma] 2:12:15  216,926/1,000,000  21.9/s  upd=4557  L=0.0391  D=4.532
[alma] 2:12:25  218,450/1,000,000  22.1/s  upd=4583  L=0.0439  D=4.532
[alma] 2:12:35  219,526/1,000,000  22.2/s  upd=4612  L=0.0448  D=4.532
[alma] saved resume t_env=220,225
[alma] 2:13:11  220,225/1,000,000  22.2/s  upd=4629  L=0.0342  ev=0/100  D=4.532
[alma] 2:13:22  220,225/1,000,000  22.1/s  upd=4629  L=0.0342  ev=8/100  D=4.532
[alma] 2:13:32  220,225/1,000,000  22.1/s  upd=4629  L=0.0342  ev=26/100  D=4.532
[alma] 2:13:42  220,225/1,000,000  22.1/s  upd=4629  L=0.0342  ev=36/100  D=4.532
[alma] 2:13:52  220,225/1,000,000  22.0/s  upd=4629  L=0.0342  ev=48/100  D=4.532
[alma] 2:14:02  220,225/1,000,000  22.0/s  upd=4629  L=0.0342  ev=60/100  D=4.532
[alma] 2:14:12  220,225/1,000,000  22.0/s  upd=4629  L=0.0342  ev=68/100  D=4.532
[alma] 2:14:22  220,225/1,000,000  22.0/s  upd=4629  L=0.0342  ev=85/100  D=4.532
[alma] 2:14:32  220,225/1,000,000  21.9/s  upd=4629  L=0.0342  ev=95/100  D=4.532
[alma] 2:18:46  220,225/1,000,000  21.3/s  upd=4629  L=0.0342  D=3.555
[alma] 2:23:27  220,225/1,000,000  20.6/s  upd=4629  L=0.0342  D=3.555
[alma] saved resume t_env=220,584
[alma] 2:23:37  220,584/1,000,000  20.6/s  upd=4637  L=0.0332  D=3.555
[alma] 2:23:47  221,326/1,000,000  20.6/s  upd=4653  L=0.0571  D=3.555
[alma] 2:23:57  221,679/1,000,000  20.7/s  upd=4661  L=0.0557  D=3.555
[alma] 2:24:08  222,478/1,000,000  20.7/s  upd=4674  L=0.0470  D=3.555
[alma] 2:24:18  222,898/1,000,000  20.8/s  upd=4685  L=0.0429  D=3.555
[alma] 2:24:28  223,614/1,000,000  20.8/s  upd=4701  L=0.0367  D=3.555
[alma] 2:24:39  224,314/1,000,000  20.9/s  upd=4714  L=0.0381  D=3.555
[alma] 2:24:49  224,669/1,000,000  20.9/s  upd=4725  L=0.0522  D=3.555
[alma] 2:24:59  225,325/1,000,000  20.9/s  upd=4738  L=0.0464  D=3.555
[alma] 2:25:09  226,035/1,000,000  21.0/s  upd=4751  L=0.0432  D=3.555
[alma] 2:25:19  226,416/1,000,000  21.0/s  upd=4760  L=0.0332  D=3.555
[alma] 2:25:29  226,783/1,000,000  21.0/s  upd=4773  L=0.0470  D=3.555
[alma] 2:25:39  227,166/1,000,000  21.1/s  upd=4781  L=0.0465  D=3.555
[alma] 2:25:49  228,065/1,000,000  21.1/s  upd=4792  L=0.0348  D=3.555
[alma] 2:25:59  229,434/1,000,000  21.3/s  upd=4829  L=0.0460  D=3.555
[alma] 2:26:09  231,352/1,000,000  21.5/s  upd=4869  L=0.0433  D=3.555
[alma] 2:26:19  233,231/1,000,000  21.6/s  upd=4909  L=0.0364  D=3.555
[alma] 2:26:29  234,695/1,000,000  21.8/s  upd=4939  L=0.0460  D=3.555
[alma] 2:26:39  236,244/1,000,000  21.9/s  upd=4971  L=0.0277  D=3.555
[alma] 2:26:49  238,020/1,000,000  22.1/s  upd=5013  L=0.0478  D=3.555
[alma] 2:26:59  239,721/1,000,000  22.3/s  upd=5052  L=0.0407  D=3.555
[alma] saved resume t_env=240,061
[alma] 2:27:31  240,061/1,000,000  22.2/s  upd=5061  L=0.0311  ev=0/100  D=3.555
[alma] 2:27:41  240,061/1,000,000  22.2/s  upd=5061  L=0.0311  ev=21/100  D=3.555
[alma] 2:27:51  240,061/1,000,000  22.2/s  upd=5061  L=0.0311  ev=37/100  D=3.555
[alma] 2:28:01  240,061/1,000,000  22.2/s  upd=5061  L=0.0311  ev=56/100  D=3.555
[alma] 2:28:11  240,061/1,000,000  22.1/s  upd=5061  L=0.0311  ev=73/100  D=3.555
[alma] 2:28:21  240,061/1,000,000  22.1/s  upd=5061  L=0.0311  ev=89/100  D=3.555
[alma] 2:33:02  240,061/1,000,000  21.4/s  upd=5061  L=0.0311  D=3.439
[alma] 2:39:36  240,061/1,000,000  20.6/s  upd=5061  L=0.0311  D=3.439
[alma] saved resume t_env=240,436
[alma] 2:39:46  240,436/1,000,000  20.6/s  upd=5069  L=0.0454  D=3.439
[alma] 2:39:56  240,833/1,000,000  20.6/s  upd=5077  L=0.0558  D=3.439
[alma] 2:40:06  241,572/1,000,000  20.7/s  upd=5090  L=0.0576  D=3.439
[alma] 2:40:16  241,914/1,000,000  20.7/s  upd=5101  L=0.0348  D=3.439
[alma] 2:40:27  242,583/1,000,000  20.7/s  upd=5115  L=0.0511  D=3.439
[alma] 2:40:37  243,305/1,000,000  20.8/s  upd=5127  L=0.0608  D=3.439
[alma] 2:40:47  243,662/1,000,000  20.8/s  upd=5139  L=0.0428  D=3.439
[alma] 2:40:57  244,082/1,000,000  20.8/s  upd=5149  L=0.0508  D=3.439
[alma] 2:41:07  244,809/1,000,000  20.9/s  upd=5164  L=0.0432  D=3.439
[alma] 2:41:17  245,214/1,000,000  20.9/s  upd=5173  L=0.0412  D=3.439
[alma] 2:41:27  245,858/1,000,000  20.9/s  upd=5187  L=0.0430  D=3.439
[alma] 2:41:38  246,242/1,000,000  20.9/s  upd=5197  L=0.0379  D=3.439
[alma] 2:41:48  246,601/1,000,000  21.0/s  upd=5205  L=0.0458  D=3.439
[alma] 2:41:58  247,299/1,000,000  21.0/s  upd=5219  L=0.0296  D=3.439
[alma] 2:42:08  247,666/1,000,000  21.0/s  upd=5229  L=0.0486  D=3.439
[alma] 2:42:18  248,427/1,000,000  21.1/s  upd=5240  L=0.0345  D=3.439
[alma] 2:42:28  248,772/1,000,000  21.1/s  upd=5253  L=0.0355  D=3.439
[alma] 2:42:39  249,451/1,000,000  21.1/s  upd=5266  L=0.0433  D=3.439
[alma] 2:42:49  249,817/1,000,000  21.2/s  upd=5277  L=0.0414  D=3.439
[alma] 2:42:59  250,612/1,000,000  21.2/s  upd=5290  L=0.0449  D=3.439
[alma] 2:43:09  250,931/1,000,000  21.2/s  upd=5301  L=0.0412  D=3.439
[alma] 2:43:19  251,695/1,000,000  21.3/s  upd=5316  L=0.0353  D=3.439
[alma] 2:43:29  252,409/1,000,000  21.3/s  upd=5328  L=0.0516  D=3.439
[alma] 2:43:40  252,818/1,000,000  21.3/s  upd=5341  L=0.0463  D=3.439
[alma] 2:43:50  254,309/1,000,000  21.5/s  upd=5373  L=0.0430  D=3.439
[alma] 2:44:00  256,497/1,000,000  21.7/s  upd=5414  L=0.0412  D=3.439
[alma] 2:44:10  258,057/1,000,000  21.8/s  upd=5453  L=0.0544  D=3.439
[alma] 2:44:20  259,958/1,000,000  22.0/s  upd=5493  L=0.0414  D=3.439
[alma] saved resume t_env=260,381
[alma] 2:44:54  260,381/1,000,000  22.0/s  upd=5501  L=0.0432  ev=0/100  D=3.439
[alma] 2:45:04  260,381/1,000,000  21.9/s  upd=5501  L=0.0432  ev=16/100  D=3.439
[alma] 2:45:14  260,381/1,000,000  21.9/s  upd=5501  L=0.0432  ev=36/100  D=3.439
[alma] 2:45:24  260,381/1,000,000  21.9/s  upd=5501  L=0.0432  ev=54/100  D=3.439
[alma] 2:45:34  260,381/1,000,000  21.9/s  upd=5501  L=0.0432  ev=72/100  D=3.439
[alma] 2:45:44  260,381/1,000,000  21.8/s  upd=5501  L=0.0432  ev=88/100  D=3.439
[alma] 2:51:01  260,381/1,000,000  21.2/s  upd=5501  L=0.0432  D=4.184
[alma] 2:56:48  260,381/1,000,000  20.5/s  upd=5501  L=0.0432  D=4.184
[alma] saved resume t_env=260,753
[alma] 2:56:59  260,753/1,000,000  20.5/s  upd=5509  L=0.0498  D=4.184
[alma] 2:57:09  261,530/1,000,000  20.5/s  upd=5522  L=0.0482  D=4.184
[alma] 2:57:19  262,253/1,000,000  20.6/s  upd=5534  L=0.0410  D=4.184
[alma] 2:57:29  262,592/1,000,000  20.6/s  upd=5548  L=0.0372  D=4.184
[alma] 2:57:39  263,323/1,000,000  20.7/s  upd=5559  L=0.0546  D=4.184
[alma] 2:57:49  263,686/1,000,000  20.7/s  upd=5573  L=0.0954  D=4.184
[alma] 2:57:59  264,441/1,000,000  20.7/s  upd=5586  L=0.0426  D=4.184
[alma] 2:58:09  265,056/1,000,000  20.8/s  upd=5601  L=0.0487  D=4.184
[alma] 2:58:19  265,386/1,000,000  20.8/s  upd=5613  L=0.0413  D=4.184
[alma] 2:58:29  265,837/1,000,000  20.8/s  upd=5621  L=0.0444  D=4.184
[alma] 2:58:39  266,483/1,000,000  20.8/s  upd=5637  L=0.0488  D=4.184
[alma] 2:58:50  267,215/1,000,000  20.9/s  upd=5648  L=0.0442  D=4.184
[alma] 2:59:00  267,555/1,000,000  20.9/s  upd=5657  L=0.0564  D=4.184
[alma] 2:59:10  268,263/1,000,000  20.9/s  upd=5677  L=0.0405  D=4.184
[alma] 2:59:20  269,740/1,000,000  21.1/s  upd=5701  L=0.0373  D=4.184
[alma] 2:59:30  270,500/1,000,000  21.1/s  upd=5725  L=0.0391  D=4.184
[alma] 2:59:40  272,025/1,000,000  21.2/s  upd=5755  L=0.0388  D=4.184
[alma] 2:59:51  272,662/1,000,000  21.3/s  upd=5768  L=0.0300  D=4.184
[alma] 3:00:01  273,054/1,000,000  21.3/s  upd=5781  L=0.0579  D=4.184
[alma] 3:00:11  273,452/1,000,000  21.3/s  upd=5789  L=0.0373  D=4.184
[alma] 3:00:21  273,810/1,000,000  21.3/s  upd=5797  L=0.0368  D=4.184
[alma] 3:00:31  274,200/1,000,000  21.3/s  upd=5805  L=0.0391  D=4.184
[alma] 3:00:41  274,633/1,000,000  21.3/s  upd=5813  L=0.0362  D=4.184
[alma] 3:00:51  274,976/1,000,000  21.4/s  upd=5821  L=0.0285  D=4.184
[alma] 3:01:02  275,698/1,000,000  21.4/s  upd=5834  L=0.0271  D=4.184
[alma] 3:01:12  276,065/1,000,000  21.4/s  upd=5843  L=0.0513  D=4.184
[alma] 3:01:22  276,387/1,000,000  21.4/s  upd=5852  L=0.0436  D=4.184
[alma] 3:01:32  276,833/1,000,000  21.4/s  upd=5861  L=0.0402  D=4.184
[alma] 3:01:42  277,489/1,000,000  21.5/s  upd=5871  L=0.0431  D=4.184
[alma] 3:07:15  277,842/1,000,000  20.9/s  upd=5885  L=0.0443  D=4.184
[alma] saved resume t_env=278,202
[alma] 3:07:26  278,202/1,000,000  20.9/s  upd=5893  L=0.0402  D=4.184
[alma] saved resume t_env=280,064
[alma] 3:08:04  280,064/1,000,000  21.0/s  upd=5933  L=0.0474  ev=0/100  D=4.184
[alma] 3:08:14  280,064/1,000,000  21.0/s  upd=5933  L=0.0474  ev=88/100  D=4.184
[alma] 3:14:36  280,064/1,000,000  20.3/s  upd=5933  L=0.0474  D=3.753
[alma] 3:22:04  280,064/1,000,000  19.5/s  upd=5933  L=0.0474  D=3.753
[alma] saved resume t_env=280,448
[alma] 3:22:14  280,448/1,000,000  19.6/s  upd=5941  L=0.0448  D=3.753
[alma] 3:22:24  280,842/1,000,000  19.6/s  upd=5949  L=0.0326  D=3.753
[alma] 3:22:34  281,504/1,000,000  19.6/s  upd=5961  L=0.0452  D=3.753
[alma] 3:22:45  281,912/1,000,000  19.6/s  upd=5970  L=0.0423  D=3.753
[alma] 3:22:55  282,417/1,000,000  19.6/s  upd=5981  L=0.0615  D=3.753
[alma] 3:23:05  283,224/1,000,000  19.7/s  upd=5994  L=0.0528  D=3.753
[alma] 3:23:15  283,544/1,000,000  19.7/s  upd=6005  L=0.0333  D=3.753
[alma] 3:23:25  284,249/1,000,000  19.7/s  upd=6019  L=0.0349  D=3.753
[alma] 3:23:35  284,734/1,000,000  19.8/s  upd=6029  L=0.0402  D=3.753
[alma] 3:23:45  285,387/1,000,000  19.8/s  upd=6040  L=0.0534  D=3.753
[alma] 3:23:56  285,829/1,000,000  19.8/s  upd=6053  L=0.0396  D=3.753
[alma] 3:24:06  286,526/1,000,000  19.9/s  upd=6064  L=0.0422  D=3.753
[alma] 3:24:16  286,927/1,000,000  19.9/s  upd=6077  L=0.0452  D=3.753
[alma] 3:24:27  287,651/1,000,000  19.9/s  upd=6090  L=0.0377  D=3.753
[alma] 3:24:37  288,380/1,000,000  20.0/s  upd=6102  L=0.0504  D=3.753
[alma] 3:24:47  288,783/1,000,000  20.0/s  upd=6117  L=0.0561  D=3.753
[alma] 3:24:57  289,126/1,000,000  20.0/s  upd=6125  L=0.0461  D=3.753
[alma] 3:25:07  289,823/1,000,000  20.0/s  upd=6141  L=0.0429  D=3.753
[alma] 3:25:17  290,575/1,000,000  20.1/s  upd=6157  L=0.0336  D=3.753
[alma] 3:25:27  292,459/1,000,000  20.2/s  upd=6197  L=0.0368  D=3.753
[alma] 3:25:37  294,325/1,000,000  20.4/s  upd=6237  L=0.0327  D=3.753
[alma] 3:25:47  296,225/1,000,000  20.5/s  upd=6273  L=0.0458  D=3.753
[alma] 3:25:57  298,064/1,000,000  20.6/s  upd=6314  L=0.0421  D=3.753
[alma] 3:26:07  299,619/1,000,000  20.7/s  upd=6349  L=0.0718  D=3.753
[alma] saved resume t_env=300,355
[alma] 3:26:42  300,355/1,000,000  20.7/s  upd=6365  L=0.0417  ev=0/100  D=3.753
[alma] 3:26:52  300,355/1,000,000  20.7/s  upd=6365  L=0.0417  ev=63/100  D=3.753
[alma] 3:32:22  300,355/1,000,000  20.2/s  upd=6365  L=0.0417  D=3.910
[alma] 3:36:06  300,355/1,000,000  19.8/s  upd=6365  L=0.0417  D=3.910
[alma] 3:36:16  302,244/1,000,000  20.0/s  upd=6403  L=0.0347  D=3.910
[alma] saved resume t_env=302,244
[alma] 3:36:26  303,341/1,000,000  20.0/s  upd=6429  L=0.0362  D=3.910
[alma] 3:36:36  305,176/1,000,000  20.2/s  upd=6466  L=0.0399  D=3.910
[alma] 3:36:46  307,004/1,000,000  20.3/s  upd=6503  L=0.0348  D=3.910
[alma] 3:36:56  308,701/1,000,000  20.4/s  upd=6539  L=0.0416  D=3.910
[alma] 3:37:06  309,712/1,000,000  20.5/s  upd=6565  L=0.0469  D=3.910
[alma] 3:37:16  310,374/1,000,000  20.5/s  upd=6580  L=0.0405  D=3.910
[alma] 3:37:26  310,772/1,000,000  20.5/s  upd=6589  L=0.0443  D=3.910
[alma] 3:37:36  311,502/1,000,000  20.5/s  upd=6605  L=0.0294  D=3.910
[alma] 3:37:47  312,205/1,000,000  20.6/s  upd=6615  L=0.0268  D=3.910
[alma] 3:37:57  312,596/1,000,000  20.6/s  upd=6629  L=0.0399  D=3.910
[alma] 3:38:07  313,735/1,000,000  20.7/s  upd=6648  L=0.0565  D=3.910
[alma] 3:38:18  314,184/1,000,000  20.7/s  upd=6661  L=0.0500  D=3.910
[alma] 3:38:28  314,805/1,000,000  20.7/s  upd=6677  L=0.0510  D=3.910
[alma] 3:38:38  315,471/1,000,000  20.8/s  upd=6693  L=0.0325  D=3.910
[alma] 3:38:48  315,847/1,000,000  20.8/s  upd=6701  L=0.0369  D=3.910
[alma] 3:38:58  316,603/1,000,000  20.8/s  upd=6710  L=0.0320  D=3.910
[alma] 3:39:08  317,048/1,000,000  20.8/s  upd=6722  L=0.0579  D=3.910
[alma] 3:39:18  317,544/1,000,000  20.9/s  upd=6733  L=0.0511  D=3.910
[alma] 3:39:28  318,273/1,000,000  20.9/s  upd=6742  L=0.0310  D=3.910
[alma] 3:39:38  318,610/1,000,000  20.9/s  upd=6755  L=0.0400  D=3.910
[alma] 3:39:49  319,356/1,000,000  20.9/s  upd=6768  L=0.0409  D=3.910
[alma] 3:39:59  319,801/1,000,000  21.0/s  upd=6781  L=0.0276  D=3.910
[alma] saved resume t_env=320,274
[alma] 3:40:39  320,274/1,000,000  20.9/s  upd=6789  L=0.0562  ev=0/100  D=3.910
[alma] 3:40:49  320,274/1,000,000  20.9/s  upd=6789  L=0.0562  ev=32/100  D=3.910
[alma] 3:40:59  320,274/1,000,000  20.9/s  upd=6789  L=0.0562  ev=80/100  D=3.910
[alma] 3:46:34  320,274/1,000,000  20.4/s  upd=6789  L=0.0562  D=4.103
[alma] 3:51:24  320,274/1,000,000  20.0/s  upd=6789  L=0.0562  D=4.103
[alma] saved resume t_env=320,764
[alma] 3:51:34  321,453/1,000,000  20.0/s  upd=6810  L=0.0467  D=4.103
[alma] 3:51:44  322,983/1,000,000  20.1/s  upd=6845  L=0.0387  D=4.103
[alma] 3:51:54  324,905/1,000,000  20.2/s  upd=6883  L=0.0378  D=4.103
[alma] 3:52:04  326,662/1,000,000  20.4/s  upd=6919  L=0.0369  D=4.103
[alma] 3:52:14  328,104/1,000,000  20.4/s  upd=6957  L=0.0333  D=4.103
[alma] 3:52:24  329,557/1,000,000  20.5/s  upd=6983  L=0.0498  D=4.103
[alma] 3:52:35  330,026/1,000,000  20.6/s  upd=6992  L=0.0303  D=4.103
[alma] 3:52:45  330,853/1,000,000  20.6/s  upd=7010  L=0.0402  D=4.103
[alma] 3:52:55  331,212/1,000,000  20.6/s  upd=7021  L=0.0428  D=4.103
[alma] 3:53:05  331,970/1,000,000  20.6/s  upd=7032  L=0.0387  D=4.103
[alma] 3:53:15  333,065/1,000,000  20.7/s  upd=7058  L=0.0361  D=4.103
[alma] 3:53:25  333,756/1,000,000  20.7/s  upd=7077  L=0.0423  D=4.103
[alma] 3:53:35  334,534/1,000,000  20.8/s  upd=7091  L=0.0467  D=4.103
[alma] 3:53:45  334,987/1,000,000  20.8/s  upd=7099  L=0.0376  D=4.103
[alma] 3:53:55  335,334/1,000,000  20.8/s  upd=7109  L=0.0341  D=4.103
[alma] 3:54:05  335,690/1,000,000  20.8/s  upd=7117  L=0.0316  D=4.103
[alma] 3:54:15  336,050/1,000,000  20.8/s  upd=7125  L=0.0354  D=4.103
[alma] 3:54:25  336,381/1,000,000  20.8/s  upd=7133  L=0.0448  D=4.103
[alma] 3:54:35  336,789/1,000,000  20.9/s  upd=7141  L=0.0425  D=4.103
[alma] 3:54:46  337,575/1,000,000  20.9/s  upd=7153  L=0.0361  D=4.103
[alma] 3:54:56  337,946/1,000,000  20.9/s  upd=7165  L=0.0371  D=4.103
[alma] 3:55:06  338,308/1,000,000  20.9/s  upd=7173  L=0.0339  D=4.103
[alma] 3:55:16  339,040/1,000,000  21.0/s  upd=7188  L=0.0386  D=4.103
[alma] 3:55:26  339,777/1,000,000  21.0/s  upd=7200  L=0.0362  D=4.103
[alma] 3:55:37  340,248/1,000,000  21.0/s  upd=7211  L=0.0361  D=4.103
[alma] saved resume t_env=340,248
[alma] 3:56:08  340,248/1,000,000  21.0/s  upd=7213  L=0.0343  ev=0/100  D=4.103
[alma] 3:56:18  340,248/1,000,000  21.0/s  upd=7213  L=0.0343  ev=22/100  D=4.103
[alma] 3:56:28  340,248/1,000,000  20.9/s  upd=7213  L=0.0343  ev=40/100  D=4.103
[alma] 3:56:39  340,248/1,000,000  20.9/s  upd=7213  L=0.0343  ev=56/100  D=4.103
[alma] 3:56:49  340,248/1,000,000  20.9/s  upd=7213  L=0.0343  ev=80/100  D=4.103
[alma] 3:56:59  340,248/1,000,000  20.9/s  upd=7213  L=0.0343  ev=97/100  D=4.103
[alma] 4:02:44  340,248/1,000,000  20.4/s  upd=7213  L=0.0343  D=4.087
[alma] 4:09:14  340,248/1,000,000  19.9/s  upd=7213  L=0.0343  D=4.087
[alma] saved resume t_env=340,621
[alma] 4:09:26  340,621/1,000,000  19.9/s  upd=7221  L=0.0252  D=4.087
[alma] 4:09:37  341,009/1,000,000  19.9/s  upd=7229  L=0.0399  D=4.087
[alma] 4:09:47  341,718/1,000,000  19.9/s  upd=7245  L=0.0408  D=4.087
[alma] 4:09:57  342,371/1,000,000  19.9/s  upd=7260  L=0.0401  D=4.087
[alma] 4:10:07  342,744/1,000,000  20.0/s  upd=7269  L=0.0477  D=4.087
[alma] 4:10:17  343,451/1,000,000  20.0/s  upd=7279  L=0.0316  D=4.087
[alma] 4:10:27  343,817/1,000,000  20.0/s  upd=7293  L=0.0432  D=4.087
[alma] 4:10:37  344,147/1,000,000  20.0/s  upd=7301  L=0.0291  D=4.087
[alma] 4:10:47  344,914/1,000,000  20.1/s  upd=7316  L=0.0434  D=4.087
[alma] 4:10:57  346,828/1,000,000  20.2/s  upd=7354  L=0.0416  D=4.087
[alma] 4:11:07  348,537/1,000,000  20.3/s  upd=7397  L=0.0419  D=4.087
[alma] 4:11:17  350,436/1,000,000  20.4/s  upd=7433  L=0.0452  D=4.087
[alma] 4:11:27  352,104/1,000,000  20.5/s  upd=7472  L=0.0383  D=4.087
[alma] 4:11:37  353,884/1,000,000  20.6/s  upd=7510  L=0.0388  D=4.087
[alma] 4:11:47  355,624/1,000,000  20.7/s  upd=7550  L=0.0675  D=4.087
[alma] 4:11:58  357,474/1,000,000  20.8/s  upd=7590  L=0.0397  D=4.087
[alma] 4:12:08  359,032/1,000,000  20.9/s  upd=7629  L=0.0441  D=4.087
[alma] saved resume t_env=360,139
[alma] 4:12:44  360,139/1,000,000  20.9/s  upd=7653  L=0.0389  ev=0/100  D=4.087
[alma] 4:12:54  360,139/1,000,000  20.9/s  upd=7653  L=0.0389  ev=99/100  D=4.087
[alma] 4:17:46  360,139/1,000,000  20.5/s  upd=7653  L=0.0389  D=4.240
[alma] 4:22:46  360,139/1,000,000  20.1/s  upd=7653  L=0.0389  D=4.240
[alma] saved resume t_env=360,523
[alma] 4:22:56  361,252/1,000,000  20.2/s  upd=7677  L=0.0488  D=4.240
[alma] 4:23:06  362,954/1,000,000  20.3/s  upd=7714  L=0.0381  D=4.240
[alma] 4:23:16  364,751/1,000,000  20.4/s  upd=7754  L=0.0473  D=4.240
[alma] 4:23:26  366,591/1,000,000  20.5/s  upd=7792  L=0.0291  D=4.240
[alma] 4:23:36  368,060/1,000,000  20.5/s  upd=7829  L=0.0395  D=4.240
[alma] 4:23:46  369,832/1,000,000  20.6/s  upd=7865  L=0.0425  D=4.240
[alma] 4:23:56  370,897/1,000,000  20.7/s  upd=7893  L=0.0597  D=4.240
[alma] 4:24:06  372,375/1,000,000  20.8/s  upd=7918  L=0.0322  D=4.240
[alma] 4:24:16  374,061/1,000,000  20.9/s  upd=7960  L=0.0380  D=4.240
[alma] 4:24:26  375,964/1,000,000  21.0/s  upd=8000  L=0.0336  D=4.240
[alma] 4:24:36  377,770/1,000,000  21.1/s  upd=8045  L=0.0442  D=4.240
[alma] 4:24:46  378,801/1,000,000  21.1/s  upd=8069  L=0.0325  D=4.240
[alma] 4:24:56  379,139/1,000,000  21.1/s  upd=8077  L=0.0416  D=4.240
[alma] 4:25:06  379,872/1,000,000  21.2/s  upd=8092  L=0.0380  D=4.240
[alma] saved resume t_env=380,195
[alma] 4:25:44  380,195/1,000,000  21.1/s  upd=8101  L=0.0384  ev=0/100  D=4.240
[alma] 4:25:54  380,195/1,000,000  21.1/s  upd=8101  L=0.0384  ev=95/100  D=4.240
[alma] 4:32:25  380,195/1,000,000  20.6/s  upd=8101  L=0.0384  D=3.633
[alma] 4:37:57  380,195/1,000,000  20.2/s  upd=8101  L=0.0384  D=3.633
[alma] saved resume t_env=380,550
[alma] 4:38:10  380,550/1,000,000  20.2/s  upd=8109  L=0.0333  D=3.633
[alma] 4:38:20  381,658/1,000,000  20.3/s  upd=8133  L=0.0397  D=3.633
[alma] 4:38:30  383,061/1,000,000  20.3/s  upd=8163  L=0.0343  D=3.633
[alma] 4:38:40  384,039/1,000,000  20.4/s  upd=8187  L=0.0327  D=3.633
[alma] 4:38:51  385,065/1,000,000  20.4/s  upd=8209  L=0.0349  D=3.633
[alma] 4:39:01  385,827/1,000,000  20.5/s  upd=8229  L=0.0297  D=3.633
[alma] 4:39:11  387,285/1,000,000  20.5/s  upd=8254  L=0.0260  D=3.633
[alma] 4:39:21  388,839/1,000,000  20.6/s  upd=8293  L=0.0429  D=3.633
[alma] 4:39:31  390,506/1,000,000  20.7/s  upd=8333  L=0.0487  D=3.633
[alma] 4:39:41  392,643/1,000,000  20.8/s  upd=8373  L=0.0271  D=3.633
[alma] 4:39:51  393,381/1,000,000  20.9/s  upd=8397  L=0.0447  D=3.633
[alma] 4:40:01  393,780/1,000,000  20.9/s  upd=8405  L=0.0350  D=3.633
[alma] 4:40:11  394,493/1,000,000  20.9/s  upd=8421  L=0.0332  D=3.633
[alma] 4:40:21  394,841/1,000,000  20.9/s  upd=8429  L=0.0244  D=3.633
[alma] 4:40:31  395,224/1,000,000  20.9/s  upd=8437  L=0.0458  D=3.633
[alma] 4:40:41  395,960/1,000,000  20.9/s  upd=8453  L=0.0587  D=3.633
[alma] 4:40:51  396,596/1,000,000  21.0/s  upd=8466  L=0.0321  D=3.633
[alma] 4:41:01  396,903/1,000,000  21.0/s  upd=8477  L=0.0371  D=3.633
[alma] 4:41:11  397,671/1,000,000  21.0/s  upd=8490  L=0.0448  D=3.633
[alma] 4:41:21  398,018/1,000,000  21.0/s  upd=8501  L=0.0417  D=3.633
[alma] 4:41:31  398,676/1,000,000  21.0/s  upd=8513  L=0.0271  D=3.633
[alma] 4:41:42  399,027/1,000,000  21.1/s  upd=8525  L=0.0316  D=3.633
[alma] 4:41:52  399,790/1,000,000  21.1/s  upd=8540  L=0.0707  D=3.633
[alma] saved resume t_env=400,158
[alma] 4:42:29  400,158/1,000,000  21.1/s  upd=8549  L=0.0315  ev=0/100  D=3.633
[alma] 4:42:39  400,158/1,000,000  21.0/s  upd=8549  L=0.0315  ev=16/100  D=3.633
[alma] 4:42:49  400,158/1,000,000  21.0/s  upd=8549  L=0.0315  ev=39/100  D=3.633
[alma] 4:42:59  400,158/1,000,000  21.0/s  upd=8549  L=0.0315  ev=62/100  D=3.633
[alma] 4:43:09  400,158/1,000,000  21.0/s  upd=8549  L=0.0315  ev=77/100  D=3.633
[alma] 4:43:19  400,158/1,000,000  21.0/s  upd=8549  L=0.0315  ev=96/100  D=3.633
[alma] 4:47:24  400,158/1,000,000  20.7/s  upd=8549  L=0.0315  D=3.363
[alma] 4:55:47  400,158/1,000,000  20.1/s  upd=8549  L=0.0315  D=3.363
[alma] saved resume t_env=400,533
[alma] 4:55:58  400,533/1,000,000  20.1/s  upd=8557  L=0.0525  D=3.363
[alma] 4:56:08  400,874/1,000,000  20.1/s  upd=8565  L=0.0370  D=3.363
[alma] 4:56:18  401,257/1,000,000  20.1/s  upd=8573  L=0.0267  D=3.363
[alma] 4:56:28  402,337/1,000,000  20.2/s  upd=8597  L=0.0481  D=3.363
[alma] 4:56:38  403,667/1,000,000  20.3/s  upd=8625  L=0.0303  D=3.363
[alma] 4:56:48  404,729/1,000,000  20.3/s  upd=8653  L=0.0387  D=3.363
[alma] 4:56:58  406,125/1,000,000  20.4/s  upd=8679  L=0.0388  D=3.363
[alma] 4:57:08  407,160/1,000,000  20.4/s  upd=8709  L=0.0309  D=3.363
[alma] 4:57:18  408,265/1,000,000  20.5/s  upd=8733  L=0.0383  D=3.363
[alma] 4:57:28  409,662/1,000,000  20.5/s  upd=8762  L=0.0523  D=3.363
[alma] 4:57:38  410,688/1,000,000  20.6/s  upd=8789  L=0.0313  D=3.363
[alma] 4:57:48  412,120/1,000,000  20.6/s  upd=8814  L=0.0294  D=3.363
[alma] 4:57:58  413,131/1,000,000  20.7/s  upd=8845  L=0.0581  D=3.363
[alma] 4:58:08  414,193/1,000,000  20.7/s  upd=8869  L=0.0426  D=3.363
[alma] 4:58:18  415,244/1,000,000  20.8/s  upd=8893  L=0.0423  D=3.363
[alma] 4:58:28  416,607/1,000,000  20.9/s  upd=8920  L=0.0265  D=3.363
[alma] 4:58:38  418,033/1,000,000  20.9/s  upd=8950  L=0.0413  D=3.363
[alma] 4:58:48  419,416/1,000,000  21.0/s  upd=8989  L=0.0347  D=3.363
[alma] saved resume t_env=420,094
[alma] 4:59:22  420,094/1,000,000  21.0/s  upd=9005  L=0.0404  ev=0/100  D=3.363
[alma] 5:04:28  420,094/1,000,000  20.6/s  upd=9005  L=0.0404  D=3.090
[alma] 5:10:19  420,094/1,000,000  20.2/s  upd=9005  L=0.0404  D=3.090
[alma] saved resume t_env=420,437
[alma] 5:10:29  421,431/1,000,000  20.3/s  upd=9033  L=0.0334  D=3.090
[alma] 5:10:39  423,239/1,000,000  20.4/s  upd=9072  L=0.0524  D=3.090
[alma] 5:10:49  424,889/1,000,000  20.5/s  upd=9115  L=0.0423  D=3.090
[alma] 5:10:59  426,335/1,000,000  20.5/s  upd=9147  L=0.0340  D=3.090
[alma] 5:11:09  427,853/1,000,000  20.6/s  upd=9174  L=0.0344  D=3.090
[alma] 5:11:19  428,896/1,000,000  20.6/s  upd=9205  L=0.0357  D=3.090
[alma] 5:11:29  429,577/1,000,000  20.7/s  upd=9215  L=0.0386  D=3.090
[alma] 5:11:40  430,199/1,000,000  20.7/s  upd=9237  L=0.0494  D=3.090
[alma] 5:11:50  430,867/1,000,000  20.7/s  upd=9253  L=0.0393  D=3.090
[alma] 5:12:00  431,482/1,000,000  20.7/s  upd=9262  L=0.0420  D=3.090
[alma] 5:12:11  431,834/1,000,000  20.7/s  upd=9277  L=0.0390  D=3.090
[alma] 5:12:21  432,533/1,000,000  20.8/s  upd=9288  L=0.0341  D=3.090
[alma] 5:12:31  432,868/1,000,000  20.8/s  upd=9301  L=0.0340  D=3.090
[alma] 5:12:41  433,589/1,000,000  20.8/s  upd=9316  L=0.0462  D=3.090
[alma] 5:12:52  433,920/1,000,000  20.8/s  upd=9325  L=0.0312  D=3.090
[alma] 5:13:02  434,580/1,000,000  20.8/s  upd=9341  L=0.0337  D=3.090
[alma] 5:13:12  435,343/1,000,000  20.9/s  upd=9352  L=0.0316  D=3.090
[alma] 5:13:22  435,343/1,000,000  20.9/s  upd=9357  L=0.0352  D=3.090
[alma] 5:13:32  435,713/1,000,000  20.9/s  upd=9359  L=0.0344  D=3.090
[alma] 5:13:43  435,713/1,000,000  20.9/s  upd=9365  L=0.0541  D=3.090
[alma] 5:13:53  436,042/1,000,000  20.9/s  upd=9372  L=0.0327  D=3.090
[alma] 5:14:04  436,042/1,000,000  20.8/s  upd=9373  L=0.0277  D=3.090
[alma] 5:14:14  436,473/1,000,000  20.9/s  upd=9376  L=0.0371  D=3.090
[alma] 5:14:25  436,810/1,000,000  20.9/s  upd=9384  L=0.0424  D=3.090
[alma] 5:14:35  436,810/1,000,000  20.9/s  upd=9389  L=0.0380  D=3.090
[alma] 5:14:46  437,122/1,000,000  20.9/s  upd=9393  L=0.0523  D=3.090
[alma] 5:14:56  437,487/1,000,000  20.9/s  upd=9405  L=0.0390  D=3.090
[alma] 5:15:06  438,172/1,000,000  20.9/s  upd=9416  L=0.0400  D=3.090
[alma] 5:15:16  438,544/1,000,000  20.9/s  upd=9429  L=0.0239  D=3.090
[alma] 5:20:04  438,885/1,000,000  20.6/s  upd=9437  L=0.0395  D=3.090
[alma] saved resume t_env=440,260
[alma] 5:20:40  440,260/1,000,000  20.6/s  upd=9469  L=0.0261  ev=0/100  D=3.090
[alma] 5:26:46  440,260/1,000,000  20.3/s  upd=9469  L=0.0261  D=2.856
[alma] 5:32:45  440,260/1,000,000  19.9/s  upd=9469  L=0.0261  D=2.856
[alma] saved resume t_env=440,642
[alma] 5:32:57  440,642/1,000,000  19.9/s  upd=9477  L=0.0355  D=2.856
[alma] 5:33:07  441,364/1,000,000  19.9/s  upd=9490  L=0.0316  D=2.856
[alma] 5:33:18  441,993/1,000,000  19.9/s  upd=9503  L=0.0490  D=2.856
[alma] 5:33:28  442,300/1,000,000  19.9/s  upd=9517  L=0.0254  D=2.856
[alma] 5:33:38  443,004/1,000,000  20.0/s  upd=9533  L=0.0372  D=2.856
[alma] 5:33:48  443,734/1,000,000  20.0/s  upd=9544  L=0.0294  D=2.856
[alma] 5:33:59  444,845/1,000,000  20.0/s  upd=9572  L=0.0309  D=2.856
[alma] 5:34:09  446,852/1,000,000  20.1/s  upd=9617  L=0.0266  D=2.856
[alma] 5:34:19  448,629/1,000,000  20.2/s  upd=9661  L=0.0315  D=2.856
[alma] 5:34:29  450,635/1,000,000  20.3/s  upd=9709  L=0.0318  D=2.856
[alma] 5:34:39  452,777/1,000,000  20.4/s  upd=9753  L=0.0430  D=2.856
[alma] 5:34:49  454,806/1,000,000  20.5/s  upd=9800  L=0.0393  D=2.856
[alma] 5:34:59  456,475/1,000,000  20.6/s  upd=9845  L=0.0282  D=2.856
[alma] 5:35:09  458,405/1,000,000  20.6/s  upd=9893  L=0.0376  D=2.856
[alma] saved resume t_env=460,130
[alma] 5:35:48  460,130/1,000,000  20.7/s  upd=9933  L=0.0310  ev=0/100  D=2.856
[alma] 5:44:02  460,130/1,000,000  20.2/s  upd=9933  L=0.0310  D=2.942
[alma] 5:48:34  460,130/1,000,000  19.9/s  upd=9933  L=0.0310  D=2.942
[alma] saved resume t_env=460,460
[alma] 5:48:44  461,479/1,000,000  20.0/s  upd=9963  L=0.0367  D=2.942
[alma] 5:48:54  463,219/1,000,000  20.1/s  upd=10004  L=0.0424  D=2.942
[alma] 5:49:05  464,895/1,000,000  20.1/s  upd=10044  L=0.0431  D=2.942
[alma] 5:49:15  466,496/1,000,000  20.2/s  upd=10084  L=0.0583  D=2.942
[alma] 5:49:25  468,121/1,000,000  20.3/s  upd=10124  L=0.0278  D=2.942
[alma] 5:49:35  469,832/1,000,000  20.3/s  upd=10161  L=0.0408  D=2.942
[alma] 5:49:45  470,544/1,000,000  20.4/s  upd=10175  L=0.0342  D=2.942
[alma] 5:49:55  471,187/1,000,000  20.4/s  upd=10197  L=0.0226  D=2.942
[alma] 5:50:05  471,863/1,000,000  20.4/s  upd=10208  L=0.0302  D=2.942
[alma] 5:50:15  472,188/1,000,000  20.4/s  upd=10221  L=0.0299  D=2.942
[alma] 5:50:25  472,834/1,000,000  20.4/s  upd=10237  L=0.0308  D=2.942
[alma] 5:50:35  473,487/1,000,000  20.5/s  upd=10248  L=0.0336  D=2.942
[alma] 5:50:45  473,820/1,000,000  20.5/s  upd=10260  L=0.0463  D=2.942
[alma] 5:50:56  474,514/1,000,000  20.5/s  upd=10277  L=0.0423  D=2.942
[alma] 5:51:06  475,189/1,000,000  20.5/s  upd=10287  L=0.0291  D=2.942
[alma] 5:51:16  475,492/1,000,000  20.5/s  upd=10301  L=0.0418  D=2.942
[alma] 5:51:26  476,181/1,000,000  20.5/s  upd=10317  L=0.0295  D=2.942
[alma] 5:51:36  476,853/1,000,000  20.6/s  upd=10332  L=0.0249  D=2.942
[alma] 5:51:46  476,853/1,000,000  20.5/s  upd=10333  L=0.0326  D=2.942
[alma] 5:51:57  477,191/1,000,000  20.6/s  upd=10341  L=0.0416  D=2.942
[alma] 5:52:07  477,497/1,000,000  20.6/s  upd=10349  L=0.0348  D=2.942
[alma] 5:52:17  477,497/1,000,000  20.5/s  upd=10349  L=0.0348  D=2.942
[alma] 5:52:28  478,161/1,000,000  20.6/s  upd=10360  L=0.0332  D=2.942
[alma] 5:52:38  478,161/1,000,000  20.6/s  upd=10365  L=0.0358  D=2.942
[alma] 5:52:49  478,528/1,000,000  20.6/s  upd=10366  L=0.0317  D=2.942
[alma] 5:52:59  478,528/1,000,000  20.6/s  upd=10373  L=0.0436  D=2.942
[alma] 5:53:09  478,528/1,000,000  20.5/s  upd=10373  L=0.0436  D=2.942
[alma] 5:53:19  478,880/1,000,000  20.6/s  upd=10381  L=0.0324  D=2.942
[alma] 5:53:29  478,880/1,000,000  20.5/s  upd=10381  L=0.0324  D=2.942
[alma] 5:53:40  479,227/1,000,000  20.5/s  upd=10389  L=0.0446  D=2.942
[alma] 5:59:12  479,227/1,000,000  20.2/s  upd=10389  L=0.0446  D=2.942
[alma] saved resume t_env=479,557
[alma] 5:59:22  480,208/1,000,000  20.3/s  upd=10407  L=0.0341  D=2.942
[alma] saved resume t_env=480,208
[alma] 5:59:55  480,208/1,000,000  20.2/s  upd=10413  L=0.0340  ev=0/100  D=2.942
[alma] 6:00:05  480,208/1,000,000  20.2/s  upd=10413  L=0.0340  ev=63/100  D=2.942
[alma] 6:00:15  480,208/1,000,000  20.2/s  upd=10413  L=0.0340  ev=96/100  D=2.942
[alma] 6:05:49  480,208/1,000,000  19.9/s  upd=10413  L=0.0340  D=2.806
[alma] 6:12:33  480,208/1,000,000  19.6/s  upd=10413  L=0.0340  D=2.806
[alma] saved resume t_env=480,525
[alma] 6:12:43  481,153/1,000,000  19.6/s  upd=10437  L=0.0370  D=2.806
[alma] 6:12:53  483,281/1,000,000  19.7/s  upd=10478  L=0.0371  D=2.806
[alma] 6:13:03  484,952/1,000,000  19.7/s  upd=10524  L=0.0203  D=2.806
[alma] 6:13:13  487,045/1,000,000  19.8/s  upd=10566  L=0.0219  D=2.806
[alma] 6:13:23  488,882/1,000,000  19.9/s  upd=10607  L=0.0357  D=2.806
[alma] 6:13:33  490,613/1,000,000  20.0/s  upd=10649  L=0.0368  D=2.806
[alma] 6:13:44  492,279/1,000,000  20.0/s  upd=10692  L=0.0299  D=2.806
[alma] 6:13:54  494,299/1,000,000  20.1/s  upd=10734  L=0.0309  D=2.806
[alma] 6:14:04  496,004/1,000,000  20.2/s  upd=10777  L=0.0337  D=2.806
[alma] 6:14:14  497,619/1,000,000  20.2/s  upd=10819  L=0.0282  D=2.806
[alma] 6:14:24  499,342/1,000,000  20.3/s  upd=10860  L=0.0390  D=2.806
[alma] saved resume t_env=500,033
[alma] 6:14:58  500,033/1,000,000  20.3/s  upd=10877  L=0.0245  ev=0/100  D=2.806
[alma] 6:23:04  500,033/1,000,000  19.9/s  upd=10877  L=0.0245  D=2.765
[alma] 6:28:52  500,033/1,000,000  19.6/s  upd=10877  L=0.0245  D=2.765
[alma] saved resume t_env=500,352
[alma] 6:29:02  500,352/1,000,000  19.6/s  upd=10885  L=0.0266  D=2.765
[alma] 6:29:12  501,026/1,000,000  19.6/s  upd=10898  L=0.0524  D=2.765
[alma] 6:29:22  501,684/1,000,000  19.6/s  upd=10910  L=0.0351  D=2.765
[alma] 6:29:33  502,069/1,000,000  19.6/s  upd=10924  L=0.0229  D=2.765
[alma] 6:29:43  502,720/1,000,000  19.7/s  upd=10935  L=0.0332  D=2.765
[alma] 6:29:53  503,057/1,000,000  19.7/s  upd=10949  L=0.0587  D=2.765
[alma] 6:30:03  503,786/1,000,000  19.7/s  upd=10959  L=0.0352  D=2.765
[alma] 6:30:13  504,115/1,000,000  19.7/s  upd=10973  L=0.0395  D=2.765
[alma] 6:30:23  504,890/1,000,000  19.7/s  upd=10983  L=0.0440  D=2.765
[alma] 6:30:34  505,205/1,000,000  19.7/s  upd=10997  L=0.0382  D=2.765
[alma] 6:30:44  505,876/1,000,000  19.7/s  upd=11013  L=0.0233  D=2.765
[alma] 6:30:54  506,592/1,000,000  19.8/s  upd=11025  L=0.0397  D=2.765
[alma] 6:31:04  506,923/1,000,000  19.8/s  upd=11037  L=0.0461  D=2.765
[alma] 6:31:15  507,597/1,000,000  19.8/s  upd=11053  L=0.0638  D=2.765
[alma] 6:31:25  508,253/1,000,000  19.8/s  upd=11065  L=0.0332  D=2.765
[alma] 6:31:35  508,597/1,000,000  19.8/s  upd=11077  L=0.0296  D=2.765
[alma] 6:31:45  509,277/1,000,000  19.8/s  upd=11088  L=0.0812  D=2.765
[alma] 6:31:55  509,587/1,000,000  19.8/s  upd=11101  L=0.0322  D=2.765
[alma] 6:32:05  510,238/1,000,000  19.9/s  upd=11114  L=0.0431  D=2.765
[alma] 6:32:15  511,662/1,000,000  19.9/s  upd=11149  L=0.0447  D=2.765
[alma] 6:32:25  513,673/1,000,000  20.0/s  upd=11190  L=0.0395  D=2.765
[alma] 6:32:35  515,335/1,000,000  20.0/s  upd=11232  L=0.0494  D=2.765
[alma] 6:32:45  517,080/1,000,000  20.1/s  upd=11276  L=0.0555  D=2.765
[alma] 6:32:55  518,391/1,000,000  20.2/s  upd=11309  L=0.0340  D=2.765
[alma] 6:33:05  519,728/1,000,000  20.2/s  upd=11339  L=0.0316  D=2.765
[alma] saved resume t_env=520,069
[alma] 6:33:39  520,069/1,000,000  20.2/s  upd=11349  L=0.0356  ev=0/100  D=2.765
[alma] 6:33:49  520,069/1,000,000  20.2/s  upd=11349  L=0.0356  ev=40/100  D=2.765
[alma] 6:34:00  520,069/1,000,000  20.2/s  upd=11349  L=0.0356  ev=71/100  D=2.765
[alma] 6:34:10  520,069/1,000,000  20.2/s  upd=11349  L=0.0356  ev=86/100  D=2.765
[alma] 6:38:37  520,069/1,000,000  19.9/s  upd=11349  L=0.0356  D=1.987
[alma] 6:43:29  520,069/1,000,000  19.7/s  upd=11349  L=0.0356  D=1.987
[alma] saved resume t_env=520,432
[alma] 6:43:39  521,377/1,000,000  19.7/s  upd=11378  L=0.0424  D=1.987
[alma] 6:43:49  523,418/1,000,000  19.8/s  upd=11423  L=0.0404  D=1.987
[alma] 6:43:59  525,089/1,000,000  19.9/s  upd=11469  L=0.0333  D=1.987
[alma] 6:44:09  527,067/1,000,000  20.0/s  upd=11514  L=0.0368  D=1.987
[alma] 6:44:19  529,088/1,000,000  20.0/s  upd=11558  L=0.0449  D=1.987
[alma] 6:44:29  530,480/1,000,000  20.1/s  upd=11597  L=0.0378  D=1.987
[alma] 6:44:39  531,089/1,000,000  20.1/s  upd=11613  L=0.0344  D=1.987
[alma] 6:44:49  531,760/1,000,000  20.1/s  upd=11629  L=0.0497  D=1.987
[alma] 6:44:59  532,385/1,000,000  20.1/s  upd=11645  L=0.0414  D=1.987
[alma] 6:45:09  533,100/1,000,000  20.2/s  upd=11657  L=0.0266  D=1.987
[alma] 6:45:20  533,433/1,000,000  20.2/s  upd=11669  L=0.0516  D=1.987
[alma] 6:45:30  534,090/1,000,000  20.2/s  upd=11680  L=0.0349  D=1.987
[alma] 6:45:40  534,710/1,000,000  20.2/s  upd=11698  L=0.0224  D=1.987
[alma] 6:45:50  535,026/1,000,000  20.2/s  upd=11709  L=0.0513  D=1.987
[alma] 6:46:00  535,741/1,000,000  20.2/s  upd=11721  L=0.0416  D=1.987
[alma] 6:46:10  536,086/1,000,000  20.2/s  upd=11733  L=0.0420  D=1.987
[alma] 6:46:20  536,705/1,000,000  20.2/s  upd=11747  L=0.0399  D=1.987
[alma] 6:46:31  537,357/1,000,000  20.3/s  upd=11764  L=0.0282  D=1.987
[alma] 6:46:41  538,014/1,000,000  20.3/s  upd=11780  L=0.0371  D=1.987
[alma] 6:46:52  538,641/1,000,000  20.3/s  upd=11793  L=0.0405  D=1.987
[alma] 6:47:02  539,211/1,000,000  20.3/s  upd=11807  L=0.0560  D=1.987
[alma] 6:47:12  539,912/1,000,000  20.3/s  upd=11822  L=0.0336  D=1.987
[alma] saved resume t_env=540,218
[alma] 6:47:53  540,218/1,000,000  20.3/s  upd=11837  L=0.0499  ev=0/100  D=1.987
[alma] 6:48:03  540,218/1,000,000  20.3/s  upd=11837  L=0.0499  ev=32/100  D=1.987
[alma] 6:48:13  540,218/1,000,000  20.3/s  upd=11837  L=0.0499  ev=64/100  D=1.987
[alma] 6:48:23  540,218/1,000,000  20.3/s  upd=11837  L=0.0499  ev=80/100  D=1.987
[alma] 6:48:33  540,218/1,000,000  20.3/s  upd=11837  L=0.0499  ev=96/100  D=1.987
[alma] 6:48:44  540,218/1,000,000  20.3/s  upd=11837  L=0.0499  ev=99/100  D=1.987
[alma] 6:53:27  540,218/1,000,000  20.0/s  upd=11837  L=0.0499  D=2.261
[alma] 6:59:14  540,218/1,000,000  19.8/s  upd=11837  L=0.0499  D=2.261
[alma] saved resume t_env=540,607
[alma] 6:59:24  541,676/1,000,000  19.8/s  upd=11865  L=0.0302  D=2.261
[alma] 6:59:34  543,282/1,000,000  19.9/s  upd=11905  L=0.0364  D=2.261
[alma] 6:59:45  544,984/1,000,000  19.9/s  upd=11947  L=0.0304  D=2.261
[alma] 6:59:55  546,570/1,000,000  20.0/s  upd=11989  L=0.0494  D=2.261
[alma] 7:00:05  548,193/1,000,000  20.0/s  upd=12029  L=0.0333  D=2.261
[alma] 7:00:15  549,913/1,000,000  20.1/s  upd=12069  L=0.0482  D=2.261
[alma] 7:00:25  551,715/1,000,000  20.2/s  upd=12107  L=0.0532  D=2.261
[alma] 7:00:35  553,792/1,000,000  20.2/s  upd=12150  L=0.0615  D=2.261
[alma] 7:00:45  555,509/1,000,000  20.3/s  upd=12195  L=0.0287  D=2.261
[alma] 7:00:55  557,479/1,000,000  20.4/s  upd=12240  L=0.0390  D=2.261
[alma] 7:01:05  559,109/1,000,000  20.4/s  upd=12285  L=0.0339  D=2.261
[alma] saved resume t_env=560,166
[alma] 7:01:42  560,166/1,000,000  20.4/s  upd=12309  L=0.0345  ev=0/100  D=2.261
[alma] 7:09:01  560,166/1,000,000  20.1/s  upd=12309  L=0.0345  D=2.189
[alma] 7:15:03  560,166/1,000,000  19.8/s  upd=12309  L=0.0345  D=2.189
[alma] saved resume t_env=560,521
[alma] 7:15:13  560,521/1,000,000  19.8/s  upd=12317  L=0.0468  D=2.189
[alma] 7:15:24  560,846/1,000,000  19.8/s  upd=12325  L=0.0396  D=2.189
[alma] 7:15:34  561,473/1,000,000  19.8/s  upd=12335  L=0.0410  D=2.189
[alma] 7:15:44  561,791/1,000,000  19.8/s  upd=12349  L=0.0329  D=2.189
[alma] 7:15:54  562,518/1,000,000  19.9/s  upd=12360  L=0.0352  D=2.189
[alma] 7:16:04  562,836/1,000,000  19.9/s  upd=12373  L=0.0467  D=2.189
[alma] 7:16:14  563,490/1,000,000  19.9/s  upd=12385  L=0.0439  D=2.189
[alma] 7:16:25  563,822/1,000,000  19.9/s  upd=12397  L=0.0363  D=2.189
[alma] 7:16:35  564,488/1,000,000  19.9/s  upd=12411  L=0.0310  D=2.189
[alma] 7:16:45  564,781/1,000,000  19.9/s  upd=12421  L=0.0399  D=2.189
[alma] 7:16:55  565,471/1,000,000  19.9/s  upd=12437  L=0.0346  D=2.189
[alma] 7:17:05  566,064/1,000,000  19.9/s  upd=12449  L=0.0441  D=2.189
[alma] 7:17:15  566,732/1,000,000  20.0/s  upd=12462  L=0.0263  D=2.189
[alma] 7:17:25  567,118/1,000,000  20.0/s  upd=12476  L=0.0343  D=2.189
[alma] 7:17:36  567,788/1,000,000  20.0/s  upd=12486  L=0.0547  D=2.189
[alma] 7:17:46  568,131/1,000,000  20.0/s  upd=12501  L=0.0383  D=2.189
[alma] 7:17:56  568,802/1,000,000  20.0/s  upd=12511  L=0.0349  D=2.189
[alma] 7:18:06  568,802/1,000,000  20.0/s  upd=12517  L=0.0413  D=2.189
[alma] 7:18:17  569,141/1,000,000  20.0/s  upd=12525  L=0.0493  D=2.189
[alma] 7:18:27  569,476/1,000,000  20.0/s  upd=12533  L=0.0393  D=2.189
[alma] 7:18:38  570,147/1,000,000  20.0/s  upd=12545  L=0.0453  D=2.189
[alma] 7:18:48  570,490/1,000,000  20.0/s  upd=12557  L=0.0303  D=2.189
[alma] 7:18:58  571,156/1,000,000  20.0/s  upd=12573  L=0.0375  D=2.189
[alma] 7:19:08  571,787/1,000,000  20.1/s  upd=12586  L=0.0380  D=2.189
[alma] 7:19:18  572,113/1,000,000  20.1/s  upd=12597  L=0.0368  D=2.189
[alma] 7:19:28  572,768/1,000,000  20.1/s  upd=12613  L=0.0344  D=2.189
[alma] 7:19:38  573,352/1,000,000  20.1/s  upd=12627  L=0.0461  D=2.189
[alma] 7:19:49  574,001/1,000,000  20.1/s  upd=12638  L=0.0384  D=2.189
[alma] 7:19:59  574,362/1,000,000  20.1/s  upd=12653  L=0.0391  D=2.189
[alma] 7:24:56  574,644/1,000,000  19.9/s  upd=12661  L=0.0349  D=2.189
[alma] 7:25:07  575,309/1,000,000  19.9/s  upd=12671  L=0.0422  D=2.189
[alma] saved resume t_env=575,685
[alma] 7:25:17  575,685/1,000,000  19.9/s  upd=12685  L=0.0300  D=2.189
[alma] 7:25:28  576,383/1,000,000  19.9/s  upd=12696  L=0.0294  D=2.189
[alma] 7:25:38  576,984/1,000,000  20.0/s  upd=12712  L=0.0330  D=2.189
[alma] 7:25:48  577,307/1,000,000  20.0/s  upd=12725  L=0.0334  D=2.189
[alma] 7:25:58  578,059/1,000,000  20.0/s  upd=12740  L=0.0368  D=2.189
[alma] 7:26:08  578,685/1,000,000  20.0/s  upd=12757  L=0.0456  D=2.189
[alma] 7:26:18  579,313/1,000,000  20.0/s  upd=12770  L=0.0389  D=2.189
[alma] 7:26:28  579,709/1,000,000  20.0/s  upd=12781  L=0.0300  D=2.189
[alma] saved resume t_env=580,041
[alma] 7:27:02  580,041/1,000,000  20.0/s  upd=12789  L=0.0281  ev=0/100  D=2.189
[alma] 7:27:12  580,041/1,000,000  20.0/s  upd=12789  L=0.0281  ev=88/100  D=2.189
[alma] 7:32:53  580,041/1,000,000  19.8/s  upd=12789  L=0.0281  D=1.739
[alma] 7:38:47  580,041/1,000,000  19.5/s  upd=12789  L=0.0281  D=1.739
[alma] saved resume t_env=580,369
[alma] 7:38:57  581,428/1,000,000  19.5/s  upd=12821  L=0.0400  D=1.739
[alma] 7:39:07  583,460/1,000,000  19.6/s  upd=12869  L=0.0348  D=1.739
[alma] 7:39:17  585,445/1,000,000  19.7/s  upd=12917  L=0.0342  D=1.739
[alma] 7:39:27  587,427/1,000,000  19.7/s  upd=12965  L=0.0472  D=1.739
[alma] 7:39:37  589,371/1,000,000  19.8/s  upd=13013  L=0.0308  D=1.739
[alma] 7:39:47  590,698/1,000,000  19.8/s  upd=13045  L=0.0361  D=1.739
[alma] 7:39:57  592,148/1,000,000  19.9/s  upd=13074  L=0.0299  D=1.739
[alma] 7:40:08  594,200/1,000,000  20.0/s  upd=13121  L=0.0419  D=1.739
[alma] 7:40:18  596,279/1,000,000  20.0/s  upd=13167  L=0.0368  D=1.739
[alma] 7:40:28  598,027/1,000,000  20.1/s  upd=13210  L=0.0332  D=1.739
[alma] 7:40:38  599,680/1,000,000  20.1/s  upd=13249  L=0.0345  D=1.739
[alma] saved resume t_env=600,064
[alma] 7:41:11  600,064/1,000,000  20.1/s  upd=13261  L=0.0354  ev=0/100  D=1.739
[alma] 7:41:21  600,064/1,000,000  20.1/s  upd=13261  L=0.0354  ev=32/100  D=1.739
[alma] 7:41:31  600,064/1,000,000  20.1/s  upd=13261  L=0.0354  ev=56/100  D=1.739
[alma] 7:41:41  600,064/1,000,000  20.1/s  upd=13261  L=0.0354  ev=80/100  D=1.739
[alma] 7:48:38  600,064/1,000,000  19.8/s  upd=13261  L=0.0354  D=2.163
[alma] 7:56:18  600,064/1,000,000  19.5/s  upd=13261  L=0.0354  D=2.163
[alma] 7:56:29  600,064/1,000,000  19.5/s  upd=13261  L=0.0354  D=2.163
[alma] saved resume t_env=600,373
[alma] 7:56:39  600,701/1,000,000  19.5/s  upd=13271  L=0.0296  D=2.163
[alma] 7:56:49  601,038/1,000,000  19.5/s  upd=13285  L=0.0265  D=2.163
[alma] 7:57:00  602,081/1,000,000  19.5/s  upd=13303  L=0.0430  D=2.163
[alma] 7:57:10  602,415/1,000,000  19.5/s  upd=13317  L=0.0317  D=2.163
[alma] 7:57:20  603,102/1,000,000  19.5/s  upd=13332  L=0.0426  D=2.163
[alma] 7:57:30  603,754/1,000,000  19.6/s  upd=13349  L=0.0391  D=2.163
[alma] 7:57:41  604,429/1,000,000  19.6/s  upd=13360  L=0.0460  D=2.163
[alma] 7:57:51  605,158/1,000,000  19.6/s  upd=13376  L=0.0449  D=2.163
[alma] 7:58:01  605,887/1,000,000  19.6/s  upd=13390  L=0.0227  D=2.163
[alma] 7:58:12  606,203/1,000,000  19.6/s  upd=13405  L=0.0300  D=2.163
[alma] 7:58:22  606,833/1,000,000  19.6/s  upd=13421  L=0.0404  D=2.163
[alma] 7:58:32  608,418/1,000,000  19.7/s  upd=13457  L=0.0376  D=2.163
[alma] 7:58:42  610,095/1,000,000  19.7/s  upd=13501  L=0.0344  D=2.163
[alma] 7:58:52  612,083/1,000,000  19.8/s  upd=13544  L=0.0343  D=2.163
[alma] 7:59:02  613,893/1,000,000  19.9/s  upd=13588  L=0.0343  D=2.163
[alma] 7:59:12  615,449/1,000,000  19.9/s  upd=13629  L=0.0356  D=2.163
[alma] 7:59:22  617,507/1,000,000  20.0/s  upd=13677  L=0.0169  D=2.163
[alma] 7:59:32  619,501/1,000,000  20.0/s  upd=13724  L=0.0400  D=2.163
[alma] saved resume t_env=620,121
[alma] 8:00:06  620,121/1,000,000  20.0/s  upd=13741  L=0.0282  ev=0/100  D=2.163
[alma] 8:06:02  620,121/1,000,000  19.8/s  upd=13741  L=0.0282  D=2.011
[alma] 8:10:02  620,121/1,000,000  19.6/s  upd=13741  L=0.0282  D=2.011
[alma] saved resume t_env=620,426
[alma] 8:10:12  621,370/1,000,000  19.7/s  upd=13773  L=0.0326  D=2.011
[alma] 8:10:22  623,259/1,000,000  19.7/s  upd=13820  L=0.0323  D=2.011
[alma] 8:10:32  625,149/1,000,000  19.8/s  upd=13868  L=0.0381  D=2.011
[alma] 8:10:42  626,710/1,000,000  19.8/s  upd=13909  L=0.0315  D=2.011
[alma] 8:10:52  628,663/1,000,000  19.9/s  upd=13957  L=0.0444  D=2.011
[alma] 8:11:02  630,720/1,000,000  19.9/s  upd=14000  L=0.0330  D=2.011
[alma] 8:11:12  632,010/1,000,000  20.0/s  upd=14037  L=0.0202  D=2.011
[alma] 8:11:22  633,900/1,000,000  20.0/s  upd=14085  L=0.0306  D=2.011
[alma] 8:11:32  635,891/1,000,000  20.1/s  upd=14128  L=0.0327  D=2.011
[alma] 8:11:42  637,439/1,000,000  20.1/s  upd=14173  L=0.0241  D=2.011
[alma] 8:11:52  639,016/1,000,000  20.2/s  upd=14209  L=0.0330  D=2.011
[alma] 8:12:03  640,276/1,000,000  20.2/s  upd=14242  L=0.0372  D=2.011
[alma] saved resume t_env=640,276
[alma] 8:12:35  640,276/1,000,000  20.2/s  upd=14245  L=0.0329  ev=0/100  D=2.011
[alma] 8:18:07  640,276/1,000,000  20.0/s  upd=14245  L=0.0329  D=1.644
[alma] 8:23:57  640,276/1,000,000  19.7/s  upd=14245  L=0.0329  D=1.644
[alma] saved resume t_env=640,621
[alma] 8:24:07  641,854/1,000,000  19.8/s  upd=14282  L=0.0361  D=1.644
[alma] 8:24:17  644,158/1,000,000  19.9/s  upd=14334  L=0.0373  D=1.644
[alma] 8:24:27  645,795/1,000,000  19.9/s  upd=14380  L=0.0334  D=1.644
[alma] 8:24:37  646,997/1,000,000  19.9/s  upd=14413  L=0.0366  D=1.644
[alma] 8:24:47  648,520/1,000,000  20.0/s  upd=14453  L=0.0163  D=1.644
[alma] 8:24:57  650,512/1,000,000  20.0/s  upd=14501  L=0.0313  D=1.644
[alma] 8:25:07  651,551/1,000,000  20.1/s  upd=14520  L=0.0298  D=1.644
[alma] 8:25:17  652,182/1,000,000  20.1/s  upd=14541  L=0.0397  D=1.644
[alma] 8:25:27  652,818/1,000,000  20.1/s  upd=14557  L=0.0307  D=1.644
[alma] 8:25:37  653,569/1,000,000  20.1/s  upd=14571  L=0.0222  D=1.644
[alma] 8:25:48  654,150/1,000,000  20.1/s  upd=14587  L=0.0286  D=1.644
[alma] 8:25:58  654,494/1,000,000  20.1/s  upd=14597  L=0.0275  D=1.644
[alma] 8:26:08  655,136/1,000,000  20.2/s  upd=14610  L=0.0303  D=1.644
[alma] 8:26:19  655,136/1,000,000  20.1/s  upd=14613  L=0.0240  D=1.644
[alma] 8:26:29  655,449/1,000,000  20.1/s  upd=14621  L=0.0216  D=1.644
[alma] 8:26:39  655,830/1,000,000  20.2/s  upd=14625  L=0.0245  D=1.644
[alma] 8:26:49  656,173/1,000,000  20.2/s  upd=14637  L=0.0257  D=1.644
[alma] 8:26:59  656,784/1,000,000  20.2/s  upd=14653  L=0.0390  D=1.644
[alma] 8:27:09  657,613/1,000,000  20.2/s  upd=14670  L=0.0267  D=1.644
[alma] 8:27:20  657,879/1,000,000  20.2/s  upd=14682  L=0.0198  D=1.644
[alma] 8:27:30  658,165/1,000,000  20.2/s  upd=14693  L=0.0449  D=1.644
[alma] 8:27:40  658,756/1,000,000  20.2/s  upd=14709  L=0.0391  D=1.644
[alma] 8:27:50  659,151/1,000,000  20.2/s  upd=14717  L=0.0234  D=1.644
[alma] 8:28:00  659,802/1,000,000  20.2/s  upd=14728  L=0.0302  D=1.644
[alma] saved resume t_env=660,121
[alma] 8:28:41  660,121/1,000,000  20.2/s  upd=14741  L=0.0319  ev=0/100  D=1.644
[alma] 8:28:51  660,121/1,000,000  20.2/s  upd=14741  L=0.0319  ev=32/100  D=1.644
[alma] 8:29:01  660,121/1,000,000  20.2/s  upd=14741  L=0.0319  ev=68/100  D=1.644
[alma] 8:29:11  660,121/1,000,000  20.2/s  upd=14741  L=0.0319  ev=90/100  D=1.644
[alma] 8:34:54  660,121/1,000,000  20.0/s  upd=14741  L=0.0319  D=1.722
[alma] 8:40:55  660,121/1,000,000  19.7/s  upd=14741  L=0.0319  D=1.722
[alma] saved resume t_env=660,414
[alma] 8:41:07  660,414/1,000,000  19.7/s  upd=14749  L=0.0382  D=1.722
[alma] 8:41:17  661,001/1,000,000  19.8/s  upd=14765  L=0.0244  D=1.722
[alma] 8:41:27  661,639/1,000,000  19.8/s  upd=14781  L=0.0282  D=1.722
[alma] 8:41:37  662,271/1,000,000  19.8/s  upd=14797  L=0.0324  D=1.722
[alma] 8:41:48  662,953/1,000,000  19.8/s  upd=14811  L=0.0295  D=1.722
[alma] 8:41:58  663,592/1,000,000  19.8/s  upd=14829  L=0.0327  D=1.722
[alma] 8:42:08  664,252/1,000,000  19.8/s  upd=14840  L=0.0299  D=1.722
[alma] 8:42:18  664,859/1,000,000  19.8/s  upd=14854  L=0.0341  D=1.722
[alma] 8:42:28  665,154/1,000,000  19.8/s  upd=14869  L=0.0288  D=1.722
[alma] 8:42:38  665,767/1,000,000  19.9/s  upd=14885  L=0.0285  D=1.722
[alma] 8:42:48  666,670/1,000,000  19.9/s  upd=14903  L=0.0398  D=1.722
[alma] 8:42:59  667,344/1,000,000  19.9/s  upd=14919  L=0.0267  D=1.722
[alma] 8:43:09  667,641/1,000,000  19.9/s  upd=14933  L=0.0226  D=1.722
[alma] 8:43:19  668,305/1,000,000  19.9/s  upd=14949  L=0.0280  D=1.722
[alma] 8:43:29  668,909/1,000,000  19.9/s  upd=14965  L=0.0386  D=1.722
[alma] 8:43:39  669,488/1,000,000  19.9/s  upd=14981  L=0.0338  D=1.722
[alma] 8:43:49  670,172/1,000,000  19.9/s  upd=14994  L=0.0326  D=1.722
[alma] 8:44:00  670,482/1,000,000  20.0/s  upd=15005  L=0.0373  D=1.722
[alma] 8:44:10  672,352/1,000,000  20.0/s  upd=15048  L=0.0367  D=1.722
[alma] 8:44:20  674,022/1,000,000  20.1/s  upd=15093  L=0.0312  D=1.722
[alma] 8:44:30  676,009/1,000,000  20.1/s  upd=15141  L=0.0355  D=1.722
[alma] 8:44:40  677,790/1,000,000  20.2/s  upd=15189  L=0.0237  D=1.722
[alma] 8:44:50  679,560/1,000,000  20.2/s  upd=15237  L=0.0343  D=1.722
[alma] saved resume t_env=680,189
[alma] 8:45:25  680,189/1,000,000  20.2/s  upd=15253  L=0.0375  ev=0/100  D=1.722
[alma] 8:50:54  680,189/1,000,000  20.0/s  upd=15253  L=0.0375  D=1.743
[alma] 8:56:02  680,189/1,000,000  19.8/s  upd=15253  L=0.0375  D=1.743
[alma] saved resume t_env=680,517
[alma] 8:56:12  681,490/1,000,000  19.8/s  upd=15285  L=0.0260  D=1.743
[alma] 8:56:22  683,458/1,000,000  19.9/s  upd=15332  L=0.0348  D=1.743
[alma] 8:56:32  685,404/1,000,000  19.9/s  upd=15376  L=0.0213  D=1.743
[alma] 8:56:42  687,125/1,000,000  20.0/s  upd=15419  L=0.0365  D=1.743
[alma] 8:56:52  689,068/1,000,000  20.1/s  upd=15463  L=0.0358  D=1.743
[alma] 8:57:02  690,590/1,000,000  20.1/s  upd=15509  L=0.0395  D=1.743
[alma] 8:57:12  692,576/1,000,000  20.1/s  upd=15552  L=0.0286  D=1.743
[alma] 8:57:22  694,158/1,000,000  20.2/s  upd=15593  L=0.0259  D=1.743
[alma] 8:57:32  695,790/1,000,000  20.2/s  upd=15637  L=0.0382  D=1.743
[alma] 8:57:42  697,666/1,000,000  20.3/s  upd=15685  L=0.0304  D=1.743
[alma] 8:57:52  700,029/1,000,000  20.4/s  upd=15734  L=0.0310  D=1.743
[alma] saved resume t_env=700,029
[alma] 8:58:25  700,029/1,000,000  20.3/s  upd=15741  L=0.0297  ev=0/100  D=1.743
[alma] 8:58:35  700,029/1,000,000  20.3/s  upd=15741  L=0.0297  ev=72/100  D=1.743
[alma] 9:04:02  700,029/1,000,000  20.1/s  upd=15741  L=0.0297  D=1.923
[alma] 9:08:04  700,029/1,000,000  20.0/s  upd=15741  L=0.0297  D=1.923
[alma] saved resume t_env=700,359
[alma] 9:08:14  701,383/1,000,000  20.0/s  upd=15766  L=0.0273  D=1.923
[alma] 9:08:24  702,956/1,000,000  20.1/s  upd=15813  L=0.0362  D=1.923
[alma] 9:08:34  704,906/1,000,000  20.1/s  upd=15857  L=0.0273  D=1.923
[alma] 9:08:44  706,801/1,000,000  20.2/s  upd=15903  L=0.0277  D=1.923
[alma] 9:08:54  708,432/1,000,000  20.2/s  upd=15949  L=0.0360  D=1.923
[alma] 9:09:04  710,279/1,000,000  20.2/s  upd=15997  L=0.0328  D=1.923
[alma] 9:09:14  710,919/1,000,000  20.3/s  upd=16012  L=0.0253  D=1.923
[alma] 9:09:24  711,557/1,000,000  20.3/s  upd=16029  L=0.0298  D=1.923
[alma] 9:09:34  712,461/1,000,000  20.3/s  upd=16050  L=0.0761  D=1.923
[alma] 9:09:44  714,456/1,000,000  20.4/s  upd=16094  L=0.0403  D=1.923
[alma] 9:09:54  716,032/1,000,000  20.4/s  upd=16140  L=0.0251  D=1.923
[alma] 9:10:04  717,908/1,000,000  20.4/s  upd=16186  L=0.0259  D=1.923
[alma] 9:10:14  719,208/1,000,000  20.5/s  upd=16221  L=0.0285  D=1.923
[alma] saved resume t_env=720,128
[alma] 9:10:51  720,128/1,000,000  20.5/s  upd=16245  L=0.0247  ev=0/100  D=1.923
[alma] 9:17:00  720,128/1,000,000  20.3/s  upd=16245  L=0.0247  D=1.676
