[regir] no resume checkpoint; start this arm from step 0
[regir] 0:00:11  1,497/1,000,000  129.2/s  upd=1  L=0.0479  D=-
[regir] 0:00:24  1,497/1,000,000  61.6/s  upd=6  L=0.0462  D=-
[regir] 0:00:35  1,867/1,000,000  52.9/s  upd=10  L=0.0428  D=-
[regir] 0:00:46  1,867/1,000,000  40.1/s  upd=15  L=0.0397  D=-
[regir] 0:00:58  2,224/1,000,000  38.2/s  upd=20  L=0.0466  D=-
[regir] 0:01:09  2,556/1,000,000  36.9/s  upd=26  L=0.0419  D=-
[regir] 0:01:19  2,556/1,000,000  32.2/s  upd=30  L=0.0364  D=-
[regir] 0:01:30  2,920/1,000,000  32.3/s  upd=34  L=0.0420  D=-
[regir] 0:01:40  2,920/1,000,000  29.0/s  upd=38  L=0.0376  D=-
[regir] 0:01:53  3,340/1,000,000  29.4/s  upd=42  L=0.0417  D=-
[regir] 0:02:07  3,340/1,000,000  26.3/s  upd=48  L=0.0541  D=-
[regir] 0:02:17  3,714/1,000,000  27.0/s  upd=51  L=0.0491  D=-
[regir] 0:02:27  3,714/1,000,000  25.2/s  upd=56  L=0.0482  D=-
[regir] 0:02:38  4,081/1,000,000  25.7/s  upd=61  L=0.0515  D=-
[regir] 0:02:48  4,081/1,000,000  24.2/s  upd=64  L=0.0425  D=-
[regir] 0:03:00  4,421/1,000,000  24.4/s  upd=70  L=0.0519  D=-
[regir] 0:03:10  4,421/1,000,000  23.2/s  upd=72  L=0.0401  D=-
[regir] 0:03:24  4,797/1,000,000  23.5/s  upd=79  L=0.0660  D=-
[regir] 0:03:34  5,156/1,000,000  24.0/s  upd=83  L=0.0481  D=-
[regir] 0:03:46  5,156/1,000,000  22.8/s  upd=88  L=0.0452  D=-
[regir] 0:03:58  5,517/1,000,000  23.2/s  upd=92  L=0.0589  D=-
[regir] 0:04:08  5,517/1,000,000  22.2/s  upd=96  L=0.0463  D=-
[regir] 0:04:19  5,918/1,000,000  22.8/s  upd=100  L=0.0403  D=-
[regir] 0:04:29  5,918/1,000,000  22.0/s  upd=104  L=0.0433  D=-
[regir] 0:04:41  6,289/1,000,000  22.4/s  upd=109  L=0.0538  D=-
[regir] 0:04:54  6,724/1,000,000  22.8/s  upd=113  L=0.0357  D=-
[regir] 0:05:06  6,724/1,000,000  21.9/s  upd=119  L=0.0386  D=-
[regir] 0:07:05  6,724/1,000,000  15.8/s  upd=120  L=0.0477  D=-
[regir] 0:07:16  7,073/1,000,000  16.2/s  upd=128  L=0.0310  D=-
[regir] 0:07:26  7,461/1,000,000  16.7/s  upd=136  L=0.0382  D=-
[regir] 0:07:37  7,874/1,000,000  17.2/s  upd=142  L=0.0519  D=-
[regir] 0:07:47  8,333/1,000,000  17.8/s  upd=148  L=0.0425  D=-
[regir] 0:07:59  8,738/1,000,000  18.2/s  upd=155  L=0.0520  D=-
[regir] 0:08:10  9,093/1,000,000  18.5/s  upd=161  L=0.0367  D=-
[regir] 0:08:21  9,093/1,000,000  18.1/s  upd=167  L=0.0423  D=-
[regir] 0:08:34  9,440/1,000,000  18.4/s  upd=172  L=0.0430  D=-
[regir] 0:08:44  9,440/1,000,000  18.0/s  upd=176  L=0.0313  D=-
[regir] 0:08:55  9,866/1,000,000  18.4/s  upd=180  L=0.0267  D=-
[regir] 0:09:05  9,866/1,000,000  18.1/s  upd=184  L=0.0405  D=-
[regir] 0:09:17  10,241/1,000,000  18.4/s  upd=188  L=0.0468  D=-
[regir] 0:09:27  10,241/1,000,000  18.0/s  upd=192  L=0.0384  D=-
[regir] 0:09:38  10,653/1,000,000  18.4/s  upd=196  L=0.0432  D=-
[regir] 0:09:48  10,653/1,000,000  18.1/s  upd=200  L=0.0458  D=-
[regir] 0:09:59  11,054/1,000,000  18.4/s  upd=204  L=0.0436  D=-
[regir] saved resume t_env=11,054
[regir] 0:10:10  11,430/1,000,000  18.7/s  upd=209  L=0.0399  D=-
[regir] 0:10:21  11,430/1,000,000  18.4/s  upd=215  L=0.0398  D=-
[regir] 0:10:32  11,807/1,000,000  18.7/s  upd=218  L=0.0458  D=-
[regir] 0:10:43  11,807/1,000,000  18.4/s  upd=223  L=0.0409  D=-
[regir] 0:10:54  12,307/1,000,000  18.8/s  upd=226  L=0.0391  D=-
[regir] 0:11:05  12,307/1,000,000  18.5/s  upd=231  L=0.0401  D=-
[regir] 0:11:16  12,649/1,000,000  18.7/s  upd=236  L=0.0350  D=-
[regir] 0:11:26  12,649/1,000,000  18.4/s  upd=240  L=0.0498  D=-
[regir] 0:11:38  13,023/1,000,000  18.6/s  upd=245  L=0.0391  D=-
[regir] 0:11:49  13,440/1,000,000  19.0/s  upd=249  L=0.0407  D=-
[regir] 0:12:00  13,440/1,000,000  18.6/s  upd=255  L=0.0401  D=-
[regir] 0:12:11  13,856/1,000,000  19.0/s  upd=257  L=0.0375  D=-
[regir] 0:12:21  13,856/1,000,000  18.7/s  upd=261  L=0.0400  D=-
[regir] 0:13:37  13,856/1,000,000  16.9/s  upd=264  L=0.0392  D=-
[regir] 0:13:47  14,212/1,000,000  17.2/s  upd=271  L=0.0456  D=-
[regir] 0:13:58  14,551/1,000,000  17.4/s  upd=279  L=0.0327  D=-
[regir] 0:14:10  14,925/1,000,000  17.6/s  upd=286  L=0.0378  D=-
[regir] 0:14:20  15,311/1,000,000  17.8/s  upd=292  L=0.0459  D=-
[regir] 0:14:31  15,727/1,000,000  18.1/s  upd=298  L=0.0347  D=-
[regir] 0:14:41  16,070/1,000,000  18.2/s  upd=306  L=0.0424  D=-
[regir] 0:14:52  16,424/1,000,000  18.4/s  upd=314  L=0.0449  D=-
[regir] 0:15:03  16,816/1,000,000  18.6/s  upd=321  L=0.0490  D=-
[regir] 0:15:13  16,816/1,000,000  18.4/s  upd=328  L=0.0397  D=-
[regir] 0:15:24  17,251/1,000,000  18.7/s  upd=331  L=0.0331  D=-
[regir] 0:15:34  17,251/1,000,000  18.5/s  upd=336  L=0.0323  D=-
[regir] 0:15:45  17,581/1,000,000  18.6/s  upd=340  L=0.0499  D=-
[regir] 0:15:55  17,581/1,000,000  18.4/s  upd=344  L=0.0387  D=-
[regir] 0:16:07  17,991/1,000,000  18.6/s  upd=348  L=0.0539  D=-
[regir] 0:16:17  17,991/1,000,000  18.4/s  upd=352  L=0.0590  D=-
[regir] 0:16:28  18,388/1,000,000  18.6/s  upd=358  L=0.0406  D=-
[regir] 0:16:39  18,782/1,000,000  18.8/s  upd=361  L=0.0433  D=-
[regir] 0:16:49  18,782/1,000,000  18.6/s  upd=368  L=0.0481  D=-
[regir] 0:16:59  19,255/1,000,000  18.9/s  upd=372  L=0.0559  D=-
[regir] 0:17:09  19,255/1,000,000  18.7/s  upd=376  L=0.0395  D=-
[regir] 0:17:20  19,623/1,000,000  18.9/s  upd=381  L=0.0335  D=-
[regir] 0:17:32  19,960/1,000,000  19.0/s  upd=387  L=0.0468  D=-
[regir] 0:17:43  19,960/1,000,000  18.8/s  upd=392  L=0.0382  D=-
[regir] 0:17:55  20,300/1,000,000  18.9/s  upd=395  L=0.0316  D=-
[regir] saved resume t_env=20,300
[regir] 0:18:23  20,300/1,000,000  18.4/s  upd=400  L=0.0535  ev=0/100  D=-
[regir] 0:18:33  20,300/1,000,000  18.2/s  upd=400  L=0.0535  ev=17/100  D=-
[regir] 0:18:43  20,300/1,000,000  18.1/s  upd=400  L=0.0535  ev=38/100  D=-
[regir] 0:18:53  20,300/1,000,000  17.9/s  upd=400  L=0.0535  ev=48/100  D=-
[regir] 0:19:03  20,300/1,000,000  17.8/s  upd=400  L=0.0535  ev=63/100  D=-
[regir] 0:19:13  20,300/1,000,000  17.6/s  upd=400  L=0.0535  ev=79/100  D=-
[regir] 0:20:45  20,300/1,000,000  16.3/s  upd=400  L=0.0535  D=4.380
[regir] 0:23:33  20,300/1,000,000  14.4/s  upd=400  L=0.0535  D=4.380
[regir] 0:23:44  20,739/1,000,000  14.6/s  upd=406  L=0.0388  D=4.380
[regir] 0:23:55  21,102/1,000,000  14.7/s  upd=413  L=0.0453  D=4.380
[regir] 0:24:06  21,459/1,000,000  14.8/s  upd=420  L=0.0337  D=4.380
[regir] 0:24:18  21,898/1,000,000  15.0/s  upd=427  L=0.0462  D=4.380
[regir] 0:24:32  21,898/1,000,000  14.9/s  upd=432  L=0.0539  D=4.380
[regir] 0:24:42  22,284/1,000,000  15.0/s  upd=435  L=0.0600  D=4.380
[regir] 0:24:54  22,284/1,000,000  14.9/s  upd=439  L=0.0645  D=4.380
[regir] 0:25:06  22,768/1,000,000  15.1/s  upd=441  L=0.0488  D=4.380
[regir] 0:25:17  22,768/1,000,000  15.0/s  upd=445  L=0.0407  D=4.380
[regir] 0:25:27  22,768/1,000,000  14.9/s  upd=448  L=0.0622  D=4.380
[regir] saved resume t_env=23,125
Traceback (most recent call last):
  File "/data3/dell/Saileron/projects/ReGIR/Open-SCORE/scripts/train.py", line 400, in _job_entry
    result = train(method, {**payload, "_stop_event": stop_event})
  File "/data3/dell/Saileron/projects/ReGIR/Open-SCORE/open_score/algos/__init__.py", line 756, in train
    metrics = learner.train(sample, runner.t_env, state["episode_num"])
  File "/data3/dell/Saileron/projects/ReGIR/Open-SCORE/open_score/algos/pymarl/learners/q_learner.py", line 485, in train
    loss.backward()
  File "/home/dell/.local/lib/python3.10/site-packages/torch/_tensor.py", line 631, in backward
    torch.autograd.backward(
  File "/home/dell/.local/lib/python3.10/site-packages/torch/autograd/__init__.py", line 381, in backward
    _engine_run_backward(
  File "/home/dell/.local/lib/python3.10/site-packages/torch/autograd/graph.py", line 869, in _engine_run_backward
    return Variable._execution_engine.run_backward(  # Calls into the C++ engine to run the backward pass
torch.OutOfMemoryError: CUDA out of memory. Tried to allocate 546.00 MiB. GPU 0 has a total capacity of 94.98 GiB of which 43.06 MiB is free. Process 2589687 has 56.73 GiB memory in use. Process 2590200 has 9.90 GiB memory in use. Process 2975036 has 4.49 GiB memory in use. Including non-PyTorch memory, this process has 9.85 GiB memory in use. Process 2975035 has 3.91 GiB memory in use. Process 2975033 has 9.92 GiB memory in use. Of the allocated memory 8.04 GiB is allocated by PyTorch, and 1.15 GiB is reserved by PyTorch but unallocated. If reserved but unallocated memory is large try setting PYTORCH_CUDA_ALLOC_CONF=expandable_segments:True to avoid fragmentation.  See documentation for Memory Management  (https://docs.pytorch.org/docs/stable/notes/cuda.html#optimizing-memory-usage-with-pytorch-cuda-alloc-conf)

[regir] resume t_env=23,125 from resume.pt
[regir] 0:00:10  23,514/1,000,000  38.5/s  upd=453  L=0.0440  D=4.380
[regir] 0:00:22  23,514/1,000,000  17.4/s  upd=458  L=0.0353  D=4.380
[regir] 0:00:34  23,876/1,000,000  21.9/s  upd=463  L=0.0364  D=4.380
[regir] 0:00:46  24,230/1,000,000  24.0/s  upd=467  L=0.0297  D=4.380
[regir] 0:00:58  24,230/1,000,000  18.8/s  upd=473  L=0.0354  D=4.380
[regir] 0:01:10  24,621/1,000,000  21.3/s  upd=477  L=0.0389  D=4.380
[regir] 0:01:20  24,621/1,000,000  18.6/s  upd=482  L=0.0378  D=4.380
[regir] 0:01:32  24,978/1,000,000  20.0/s  upd=487  L=0.0454  D=4.380
[regir] 0:01:42  24,978/1,000,000  18.1/s  upd=490  L=0.0514  D=4.380
[regir] 0:01:53  25,421/1,000,000  20.2/s  upd=496  L=0.0475  D=4.380
[regir] 0:02:05  25,830/1,000,000  21.6/s  upd=499  L=0.0514  D=4.380
[regir] 0:02:15  25,830/1,000,000  20.0/s  upd=506  L=0.0485  D=4.380
[regir] 0:02:27  26,206/1,000,000  20.9/s  upd=510  L=0.0277  D=4.380
[regir] 0:02:37  26,206/1,000,000  19.6/s  upd=514  L=0.0420  D=4.380
[regir] 0:02:47  26,535/1,000,000  20.3/s  upd=520  L=0.0524  D=4.380
[regir] 0:02:57  26,870/1,000,000  21.0/s  upd=524  L=0.0387  D=4.380
[regir] 0:03:08  26,870/1,000,000  19.9/s  upd=530  L=0.0377  D=4.380
[regir] 0:03:18  27,205/1,000,000  20.6/s  upd=533  L=0.0420  D=4.380
[regir] 0:03:28  27,205/1,000,000  19.6/s  upd=538  L=0.0391  D=4.380
[regir] 0:03:40  27,613/1,000,000  20.4/s  upd=541  L=0.0390  D=4.380
[regir] 0:03:50  27,613/1,000,000  19.5/s  upd=546  L=0.0515  D=4.380
[regir] 0:04:02  28,078/1,000,000  20.4/s  upd=550  L=0.0413  D=4.380
[regir] 0:04:12  28,078/1,000,000  19.6/s  upd=554  L=0.0408  D=4.380
[regir] 0:04:22  28,445/1,000,000  20.3/s  upd=558  L=0.0469  D=4.380
[regir] 0:04:32  28,445/1,000,000  19.5/s  upd=562  L=0.0564  D=4.380
[regir] 0:04:43  28,783/1,000,000  20.0/s  upd=565  L=0.0458  D=4.380
[regir] 0:04:53  28,783/1,000,000  19.3/s  upd=570  L=0.0349  D=4.380
[regir] 0:05:03  29,133/1,000,000  19.8/s  upd=574  L=0.0368  D=4.380
[regir] 0:08:31  29,133/1,000,000  11.7/s  upd=578  L=0.0361  D=4.380
[regir] 0:08:43  29,501/1,000,000  12.2/s  upd=583  L=0.0398  D=4.380
[regir] 0:08:53  29,501/1,000,000  11.9/s  upd=586  L=0.0460  D=4.380
[regir] 0:09:05  29,907/1,000,000  12.4/s  upd=593  L=0.0548  D=4.380
[regir] 0:09:16  30,297/1,000,000  12.9/s  upd=597  L=0.0516  D=4.380
[regir] 0:09:29  30,668/1,000,000  13.3/s  upd=603  L=0.0348  D=4.380
[regir] 0:09:39  30,668/1,000,000  13.0/s  upd=608  L=0.0473  D=4.380
[regir] 0:09:49  31,027/1,000,000  13.4/s  upd=612  L=0.0328  D=4.380
[regir] 0:10:00  31,027/1,000,000  13.2/s  upd=617  L=0.0525  D=4.380
[regir] saved resume t_env=31,027
[regir] 0:10:11  31,425/1,000,000  13.6/s  upd=620  L=0.0300  D=4.380
[regir] 0:10:22  31,425/1,000,000  13.3/s  upd=626  L=0.0385  D=4.380
[regir] 0:10:34  31,818/1,000,000  13.7/s  upd=628  L=0.0543  D=4.380
[regir] 0:10:44  31,818/1,000,000  13.5/s  upd=634  L=0.0395  D=4.380
[regir] 0:10:54  32,272/1,000,000  14.0/s  upd=635  L=0.0457  D=4.380
[regir] 0:11:05  32,272/1,000,000  13.7/s  upd=641  L=0.0522  D=4.380
[regir] 0:11:17  32,633/1,000,000  14.0/s  upd=645  L=0.0402  D=4.380
[regir] 0:11:27  32,633/1,000,000  13.8/s  upd=650  L=0.0454  D=4.380
[regir] 0:11:39  32,982/1,000,000  14.1/s  upd=654  L=0.0379  D=4.380
[regir] 0:11:49  32,982/1,000,000  13.9/s  upd=658  L=0.0493  D=4.380
[regir] 0:12:00  33,373/1,000,000  14.2/s  upd=660  L=0.0410  D=4.380
[regir] 0:12:11  33,373/1,000,000  14.0/s  upd=666  L=0.0348  D=4.380
[regir] 0:12:23  33,734/1,000,000  14.3/s  upd=672  L=0.0331  D=4.380
[regir] 0:12:33  34,112/1,000,000  14.6/s  upd=678  L=0.0490  D=4.380
[regir] 0:12:43  34,532/1,000,000  14.9/s  upd=684  L=0.0525  D=4.380
[regir] 0:12:55  34,869/1,000,000  15.1/s  upd=691  L=0.0368  D=4.380
[regir] 0:13:05  34,869/1,000,000  15.0/s  upd=698  L=0.0516  D=4.380
[regir] 0:13:16  35,264/1,000,000  15.2/s  upd=704  L=0.0539  D=4.380
[regir] 0:13:27  35,638/1,000,000  15.5/s  upd=710  L=0.0461  D=4.380
[regir] 0:14:24  35,638/1,000,000  14.5/s  upd=714  L=0.0327  D=4.380
[regir] 0:14:34  36,005/1,000,000  14.7/s  upd=722  L=0.0418  D=4.380
[regir] 0:14:45  36,742/1,000,000  15.4/s  upd=731  L=0.0411  D=4.380
[regir] 0:14:55  36,742/1,000,000  15.2/s  upd=738  L=0.0573  D=4.380
[regir] 0:15:06  37,099/1,000,000  15.4/s  upd=746  L=0.0481  D=4.380
[regir] 0:15:17  37,455/1,000,000  15.6/s  upd=753  L=0.0421  D=4.380
[regir] 0:15:27  37,801/1,000,000  15.8/s  upd=760  L=0.0451  D=4.380
[regir] 0:15:38  38,178/1,000,000  16.0/s  upd=767  L=0.0420  D=4.380
[regir] 0:15:49  38,559/1,000,000  16.3/s  upd=775  L=0.0447  D=4.380
[regir] 0:16:00  38,983/1,000,000  16.5/s  upd=783  L=0.0382  D=4.380
[regir] 0:16:11  39,413/1,000,000  16.8/s  upd=791  L=0.0430  D=4.380
[regir] 0:16:21  39,763/1,000,000  16.9/s  upd=799  L=0.0489  D=4.380
[regir] 0:16:32  40,145/1,000,000  17.1/s  upd=807  L=0.0364  D=4.380
[regir] saved resume t_env=40,145
[regir] 0:17:00  40,145/1,000,000  16.7/s  upd=810  L=0.0468  ev=0/100  D=4.380
[regir] 0:17:10  40,145/1,000,000  16.5/s  upd=810  L=0.0468  ev=27/100  D=4.380
[regir] 0:17:20  40,145/1,000,000  16.4/s  upd=810  L=0.0468  ev=48/100  D=4.380
[regir] 0:17:30  40,145/1,000,000  16.2/s  upd=810  L=0.0468  ev=71/100  D=4.380
[regir] 0:17:40  40,145/1,000,000  16.0/s  upd=810  L=0.0468  ev=88/100  D=4.380
[regir] 0:20:22  40,145/1,000,000  13.9/s  upd=810  L=0.0468  D=4.600
[regir] 0:24:39  40,145/1,000,000  11.5/s  upd=810  L=0.0468  D=4.600
[regir] 0:24:50  40,522/1,000,000  11.7/s  upd=817  L=0.0394  D=4.600
[regir] 0:25:00  40,947/1,000,000  11.9/s  upd=823  L=0.0415  D=4.600
[regir] 0:25:12  41,335/1,000,000  12.0/s  upd=829  L=0.0364  D=4.600
[regir] 0:25:22  41,335/1,000,000  12.0/s  upd=834  L=0.0376  D=4.600
[regir] 0:25:32  41,766/1,000,000  12.2/s  upd=842  L=0.0438  D=4.600
[regir] 0:25:44  42,170/1,000,000  12.3/s  upd=845  L=0.0451  D=4.600
[regir] 0:25:54  42,170/1,000,000  12.2/s  upd=849  L=0.0379  D=4.600
[regir] 0:26:05  42,519/1,000,000  12.4/s  upd=853  L=0.0344  D=4.600
[regir] 0:26:15  42,519/1,000,000  12.3/s  upd=858  L=0.0455  D=4.600
[regir] 0:26:26  42,857/1,000,000  12.4/s  upd=864  L=0.0364  D=4.600
[regir] 0:26:36  42,857/1,000,000  12.4/s  upd=866  L=0.0587  D=4.600
[regir] 0:26:47  43,274/1,000,000  12.5/s  upd=871  L=0.0369  D=4.600
[regir] saved resume t_env=43,274
[regir] 0:26:57  43,274/1,000,000  12.5/s  upd=874  L=0.0373  D=4.600
[regir] 0:27:08  43,664/1,000,000  12.6/s  upd=878  L=0.0453  D=4.600
[regir] 0:27:18  43,664/1,000,000  12.5/s  upd=882  L=0.0423  D=4.600
[regir] 0:27:29  44,019/1,000,000  12.7/s  upd=887  L=0.0379  D=4.600
[regir] 0:27:39  44,345/1,000,000  12.8/s  upd=892  L=0.0476  D=4.600
[regir] 0:27:50  44,345/1,000,000  12.7/s  upd=897  L=0.0283  D=4.600
[regir] 0:28:01  44,706/1,000,000  12.8/s  upd=902  L=0.0540  D=4.600
[regir] 0:28:11  44,706/1,000,000  12.8/s  upd=906  L=0.0307  D=4.600
[regir] 0:28:22  45,073/1,000,000  12.9/s  upd=909  L=0.0435  D=4.600
[regir] 0:28:32  45,073/1,000,000  12.8/s  upd=914  L=0.0433  D=4.600
[regir] 0:28:44  45,541/1,000,000  13.0/s  upd=916  L=0.0455  D=4.600
[regir] 0:28:54  45,541/1,000,000  12.9/s  upd=921  L=0.0514  D=4.600
[regir] 0:29:06  45,936/1,000,000  13.1/s  upd=924  L=0.0373  D=4.600
[regir] 0:29:16  45,936/1,000,000  13.0/s  upd=929  L=0.0443  D=4.600
[regir] 0:29:27  46,386/1,000,000  13.2/s  upd=931  L=0.0420  D=4.600
[regir] 0:29:39  46,386/1,000,000  13.1/s  upd=937  L=0.0439  D=4.600
[regir] 0:30:33  46,386/1,000,000  12.7/s  upd=938  L=0.0478  D=4.600
[regir] 0:30:44  46,766/1,000,000  12.8/s  upd=941  L=0.0400  D=4.600
[regir] 0:30:55  46,766/1,000,000  12.7/s  upd=946  L=0.0433  D=4.600
[regir] 0:31:05  47,136/1,000,000  12.9/s  upd=954  L=0.0338  D=4.600
[regir] 0:31:15  47,517/1,000,000  13.0/s  upd=961  L=0.0447  D=4.600
[regir] 0:31:25  47,911/1,000,000  13.1/s  upd=970  L=0.0432  D=4.600
[regir] 0:31:36  48,313/1,000,000  13.3/s  upd=978  L=0.0480  D=4.600
[regir] 0:31:47  48,658/1,000,000  13.4/s  upd=986  L=0.0344  D=4.600
[regir] 0:31:57  48,983/1,000,000  13.5/s  upd=993  L=0.0445  D=4.600
[regir] 0:32:08  49,382/1,000,000  13.6/s  upd=999  L=0.0426  D=4.600
[regir] 0:32:19  49,739/1,000,000  13.7/s  upd=1006  L=0.0294  D=4.600
[regir] 0:32:30  50,159/1,000,000  13.9/s  upd=1012  L=0.0466  D=4.600
[regir] 0:32:41  50,503/1,000,000  14.0/s  upd=1020  L=0.0353  D=4.600
[regir] 0:32:53  50,833/1,000,000  14.0/s  upd=1027  L=0.0315  D=4.600
[regir] 0:33:04  51,237/1,000,000  14.2/s  upd=1036  L=0.0506  D=4.600
[regir] 0:33:15  51,589/1,000,000  14.3/s  upd=1044  L=0.0306  D=4.600
[regir] 0:33:26  51,962/1,000,000  14.4/s  upd=1053  L=0.0502  D=4.600
[regir] 0:33:38  52,252/1,000,000  14.4/s  upd=1063  L=0.0345  D=4.600
[regir] 0:33:48  52,655/1,000,000  14.6/s  upd=1069  L=0.0603  D=4.600
[regir] 0:33:59  53,035/1,000,000  14.7/s  upd=1077  L=0.0371  D=4.600
[regir] 0:34:10  53,426/1,000,000  14.8/s  upd=1084  L=0.0449  D=4.600
[regir] 0:34:20  53,851/1,000,000  14.9/s  upd=1091  L=0.0382  D=4.600
[regir] 0:34:31  54,217/1,000,000  15.0/s  upd=1099  L=0.0404  D=4.600
[regir] 0:34:41  54,558/1,000,000  15.1/s  upd=1107  L=0.0447  D=4.600
[regir] 0:34:54  54,912/1,000,000  15.2/s  upd=1117  L=0.0386  D=4.600
[regir] 0:35:04  54,912/1,000,000  15.1/s  upd=1122  L=0.0555  D=4.600
[regir] 0:35:15  55,262/1,000,000  15.2/s  upd=1125  L=0.0302  D=4.600
[regir] 0:35:26  55,262/1,000,000  15.1/s  upd=1130  L=0.0470  D=4.600
[regir] 0:35:37  55,689/1,000,000  15.2/s  upd=1134  L=0.0582  D=4.600
[regir] 0:38:15  55,689/1,000,000  14.2/s  upd=1138  L=0.0474  D=4.600
[regir] 0:38:27  56,055/1,000,000  14.3/s  upd=1142  L=0.0485  D=4.600
[regir] saved resume t_env=56,055
[regir] 0:38:37  56,055/1,000,000  14.2/s  upd=1146  L=0.0423  D=4.600
[regir] 0:38:48  56,407/1,000,000  14.3/s  upd=1149  L=0.0405  D=4.600
[regir] 0:38:58  56,407/1,000,000  14.2/s  upd=1154  L=0.0364  D=4.600
[regir] 0:39:08  56,763/1,000,000  14.3/s  upd=1157  L=0.0509  D=4.600
[regir] 0:39:19  56,763/1,000,000  14.3/s  upd=1162  L=0.0504  D=4.600
[regir] 0:39:29  57,250/1,000,000  14.4/s  upd=1164  L=0.0318  D=4.600
[regir] 0:39:40  57,250/1,000,000  14.3/s  upd=1169  L=0.0528  D=4.600
[regir] 0:39:52  57,657/1,000,000  14.4/s  upd=1173  L=0.0365  D=4.600
[regir] 0:40:02  58,056/1,000,000  14.5/s  upd=1180  L=0.0484  D=4.600
[regir] 0:40:14  58,377/1,000,000  14.6/s  upd=1188  L=0.0449  D=4.600
[regir] 0:40:25  58,748/1,000,000  14.7/s  upd=1195  L=0.0427  D=4.600
[regir] 0:40:36  59,093/1,000,000  14.8/s  upd=1203  L=0.0368  D=4.600
[regir] 0:40:46  59,093/1,000,000  14.7/s  upd=1210  L=0.0494  D=4.600
[regir] 0:40:56  59,474/1,000,000  14.8/s  upd=1215  L=0.0447  D=4.600
[regir] 0:41:06  59,859/1,000,000  14.9/s  upd=1220  L=0.0428  D=4.600
[regir] 0:41:17  60,238/1,000,000  15.0/s  upd=1227  L=0.0393  D=4.600
[regir] saved resume t_env=60,238
[regir] 0:41:52  60,238/1,000,000  14.8/s  upd=1234  L=0.0459  ev=0/100  D=4.600
[regir] 0:42:02  60,238/1,000,000  14.7/s  upd=1234  L=0.0459  ev=64/100  D=4.600
[regir] 0:45:33  60,238/1,000,000  13.6/s  upd=1234  L=0.0459  D=4.856
[regir] 0:53:23  60,238/1,000,000  11.6/s  upd=1234  L=0.0459  D=4.856
[regir] 0:53:33  60,623/1,000,000  11.7/s  upd=1240  L=0.0396  D=4.856
[regir] saved resume t_env=60,623
[regir] 0:53:44  60,971/1,000,000  11.7/s  upd=1246  L=0.0375  D=4.856
[regir] 0:53:55  61,351/1,000,000  11.8/s  upd=1253  L=0.0408  D=4.856
[regir] 0:54:06  61,721/1,000,000  11.9/s  upd=1260  L=0.0340  D=4.856
[regir] 0:54:16  62,117/1,000,000  12.0/s  upd=1267  L=0.0471  D=4.856
[regir] 0:54:27  62,117/1,000,000  11.9/s  upd=1273  L=0.0486  D=4.856
[regir] 0:54:39  62,576/1,000,000  12.0/s  upd=1280  L=0.0419  D=4.856
[regir] 0:54:49  62,968/1,000,000  12.1/s  upd=1286  L=0.0462  D=4.856
[regir] 0:55:00  63,294/1,000,000  12.2/s  upd=1293  L=0.0373  D=4.856
[regir] 0:55:11  63,656/1,000,000  12.2/s  upd=1301  L=0.0287  D=4.856
[regir] 0:55:22  63,978/1,000,000  12.3/s  upd=1308  L=0.0431  D=4.856
[regir] 0:55:32  63,978/1,000,000  12.3/s  upd=1314  L=0.0399  D=4.856
[regir] 0:55:43  64,419/1,000,000  12.4/s  upd=1318  L=0.0471  D=4.856
[regir] 0:55:55  64,861/1,000,000  12.4/s  upd=1324  L=0.0343  D=4.856
[regir] 0:56:06  64,861/1,000,000  12.4/s  upd=1329  L=0.0327  D=4.856
[regir] 0:56:19  65,231/1,000,000  12.5/s  upd=1333  L=0.0355  D=4.856
[regir] 0:56:32  65,231/1,000,000  12.4/s  upd=1338  L=0.0424  D=4.856
[regir] 0:56:42  65,616/1,000,000  12.5/s  upd=1341  L=0.0348  D=4.856
[regir] 0:56:52  65,616/1,000,000  12.5/s  upd=1346  L=0.0461  D=4.856
[regir] 0:57:03  66,002/1,000,000  12.5/s  upd=1348  L=0.0498  D=4.856
[regir] 0:57:13  66,002/1,000,000  12.5/s  upd=1352  L=0.0439  D=4.856
[regir] 0:57:24  66,455/1,000,000  12.6/s  upd=1355  L=0.0452  D=4.856
[regir] 0:57:36  66,455/1,000,000  12.5/s  upd=1359  L=0.0471  D=4.856
[regir] 0:57:46  66,455/1,000,000  12.5/s  upd=1362  L=0.0458  D=4.856
[regir] 0:57:58  66,881/1,000,000  12.6/s  upd=1365  L=0.0353  D=4.856
[regir] 0:58:11  66,881/1,000,000  12.5/s  upd=1370  L=0.0324  D=4.856
[regir] 0:58:22  67,247/1,000,000  12.6/s  upd=1374  L=0.0460  D=4.856
[regir] 0:58:35  67,247/1,000,000  12.6/s  upd=1378  L=0.0300  D=4.856
[regir] 1:03:28  67,247/1,000,000  11.6/s  upd=1378  L=0.0300  D=4.856
[regir] 1:03:38  67,616/1,000,000  11.7/s  upd=1383  L=0.0383  D=4.856
[regir] saved resume t_env=67,616
[regir] 1:03:49  68,068/1,000,000  11.7/s  upd=1387  L=0.0439  D=4.856
[regir] 1:04:02  68,068/1,000,000  11.7/s  upd=1392  L=0.0284  D=4.856
[regir] 1:04:13  68,428/1,000,000  11.8/s  upd=1397  L=0.0410  D=4.856
[regir] 1:04:23  68,428/1,000,000  11.7/s  upd=1402  L=0.0464  D=4.856
[regir] 1:04:36  68,745/1,000,000  11.8/s  upd=1408  L=0.0483  D=4.856
[regir] 1:04:46  69,114/1,000,000  11.8/s  upd=1413  L=0.0339  D=4.856
[regir] 1:04:58  69,114/1,000,000  11.8/s  upd=1418  L=0.0335  D=4.856
[regir] 1:05:09  69,445/1,000,000  11.8/s  upd=1422  L=0.0463  D=4.856
[regir] 1:05:21  69,854/1,000,000  11.9/s  upd=1427  L=0.0464  D=4.856
[regir] 1:05:31  69,854/1,000,000  11.9/s  upd=1433  L=0.0423  D=4.856
[regir] 1:05:42  70,249/1,000,000  12.0/s  upd=1437  L=0.0553  D=4.856
[regir] 1:05:52  70,249/1,000,000  11.9/s  upd=1442  L=0.0451  D=4.856
[regir] 1:06:03  70,573/1,000,000  12.0/s  upd=1448  L=0.0422  D=4.856
[regir] 1:06:14  70,917/1,000,000  12.0/s  upd=1452  L=0.0384  D=4.856
[regir] 1:06:26  70,917/1,000,000  12.0/s  upd=1458  L=0.0352  D=4.856
[regir] 1:06:37  71,307/1,000,000  12.1/s  upd=1462  L=0.0419  D=4.856
[regir] 1:06:48  71,719/1,000,000  12.1/s  upd=1467  L=0.0472  D=4.856
[regir] 1:06:58  71,719/1,000,000  12.1/s  upd=1472  L=0.0694  D=4.856
[regir] 1:07:11  72,072/1,000,000  12.1/s  upd=1478  L=0.0583  D=4.856
[regir] 1:07:21  72,072/1,000,000  12.1/s  upd=1482  L=0.0409  D=4.856
[regir] 1:07:32  72,450/1,000,000  12.2/s  upd=1485  L=0.0462  D=4.856
[regir] 1:07:45  72,450/1,000,000  12.1/s  upd=1490  L=0.0313  D=4.856
[regir] 1:07:56  72,757/1,000,000  12.2/s  upd=1494  L=0.0320  D=4.856
[regir] 1:08:06  72,757/1,000,000  12.1/s  upd=1498  L=0.0294  D=4.856
[regir] 1:08:18  73,190/1,000,000  12.2/s  upd=1501  L=0.0338  D=4.856
[regir] 1:08:29  73,190/1,000,000  12.2/s  upd=1505  L=0.0377  D=4.856
[regir] 1:11:51  73,190/1,000,000  11.6/s  upd=1506  L=0.0367  D=4.856
[regir] 1:12:03  73,513/1,000,000  11.7/s  upd=1513  L=0.0344  D=4.856
[regir] 1:12:14  73,846/1,000,000  11.7/s  upd=1519  L=0.0457  D=4.856
[regir] 1:12:25  74,152/1,000,000  11.7/s  upd=1526  L=0.0484  D=4.856
[regir] 1:12:36  74,548/1,000,000  11.8/s  upd=1531  L=0.0322  D=4.856
[regir] 1:12:47  74,548/1,000,000  11.8/s  upd=1538  L=0.0329  D=4.856
[regir] 1:12:58  74,947/1,000,000  11.8/s  upd=1544  L=0.0476  D=4.856
[regir] 1:13:08  75,356/1,000,000  11.9/s  upd=1549  L=0.0367  D=4.856
[regir] 1:13:18  75,705/1,000,000  12.0/s  upd=1555  L=0.0300  D=4.856
[regir] 1:13:28  75,705/1,000,000  11.9/s  upd=1562  L=0.0377  D=4.856
[regir] 1:13:39  76,164/1,000,000  12.0/s  upd=1569  L=0.0404  D=4.856
[regir] 1:13:50  76,555/1,000,000  12.1/s  upd=1575  L=0.0364  D=4.856
[regir] saved resume t_env=76,555
[regir] 1:14:01  76,941/1,000,000  12.1/s  upd=1581  L=0.0604  D=4.856
[regir] 1:14:12  77,298/1,000,000  12.2/s  upd=1587  L=0.0302  D=4.856
[regir] 1:14:22  77,298/1,000,000  12.1/s  upd=1593  L=0.0449  D=4.856
[regir] 1:14:33  77,665/1,000,000  12.2/s  upd=1601  L=0.0324  D=4.856
[regir] 1:14:44  78,030/1,000,000  12.2/s  upd=1608  L=0.0330  D=4.856
[regir] 1:14:54  78,459/1,000,000  12.3/s  upd=1614  L=0.0450  D=4.856
[regir] 1:15:05  78,792/1,000,000  12.4/s  upd=1621  L=0.0419  D=4.856
[regir] 1:15:16  79,150/1,000,000  12.4/s  upd=1627  L=0.0495  D=4.856
[regir] 1:15:27  79,150/1,000,000  12.4/s  upd=1633  L=0.0419  D=4.856
[regir] 1:15:37  79,476/1,000,000  12.4/s  upd=1638  L=0.0455  D=4.856
[regir] 1:15:48  79,928/1,000,000  12.5/s  upd=1644  L=0.0521  D=4.856
[regir] 1:15:58  79,928/1,000,000  12.5/s  upd=1650  L=0.0480  D=4.856
[regir] 1:16:09  80,365/1,000,000  12.5/s  upd=1656  L=0.0477  D=4.856
[regir] saved resume t_env=80,365
[regir] 1:16:39  80,365/1,000,000  12.4/s  upd=1658  L=0.0321  ev=0/100  D=4.856
[regir] 1:16:49  80,365/1,000,000  12.4/s  upd=1658  L=0.0321  ev=88/100  D=4.856
[regir] 1:23:51  80,365/1,000,000  11.4/s  upd=1658  L=0.0321  D=4.776
[regir] 1:29:16  80,365/1,000,000  10.7/s  upd=1658  L=0.0321  D=4.776
[regir] 1:29:26  80,716/1,000,000  10.7/s  upd=1666  L=0.0592  D=4.776
[regir] saved resume t_env=80,716
[regir] 1:29:36  81,054/1,000,000  10.8/s  upd=1671  L=0.0453  D=4.776
[regir] 1:29:47  81,379/1,000,000  10.8/s  upd=1678  L=0.0359  D=4.776
[regir] 1:29:58  81,725/1,000,000  10.9/s  upd=1685  L=0.0443  D=4.776
[regir] 1:30:08  82,100/1,000,000  10.9/s  upd=1691  L=0.0485  D=4.776
[regir] 1:30:18  82,100/1,000,000  10.9/s  upd=1698  L=0.0356  D=4.776
[regir] 1:30:30  82,533/1,000,000  10.9/s  upd=1705  L=0.0462  D=4.776
[regir] 1:30:42  82,894/1,000,000  11.0/s  upd=1711  L=0.0444  D=4.776
[regir] 1:30:52  83,254/1,000,000  11.0/s  upd=1718  L=0.0363  D=4.776
[regir] 1:31:02  83,575/1,000,000  11.1/s  upd=1723  L=0.0326  D=4.776
[regir] 1:31:14  83,575/1,000,000  11.0/s  upd=1729  L=0.0378  D=4.776
[regir] 1:31:25  83,995/1,000,000  11.1/s  upd=1736  L=0.0410  D=4.776
[regir] 1:31:36  84,308/1,000,000  11.1/s  upd=1742  L=0.0361  D=4.776
[regir] 1:31:46  84,308/1,000,000  11.1/s  upd=1746  L=0.0336  D=4.776
[regir] 1:31:58  84,688/1,000,000  11.2/s  upd=1752  L=0.0393  D=4.776
[regir] 1:32:10  85,017/1,000,000  11.2/s  upd=1757  L=0.0345  D=4.776
[regir] 1:32:22  85,430/1,000,000  11.2/s  upd=1763  L=0.0348  D=4.776
[regir] 1:32:32  85,430/1,000,000  11.2/s  upd=1770  L=0.0431  D=4.776
[regir] 1:32:44  85,792/1,000,000  11.3/s  upd=1774  L=0.0362  D=4.776
[regir] 1:32:54  85,792/1,000,000  11.2/s  upd=1778  L=0.0440  D=4.776
[regir] 1:33:07  86,221/1,000,000  11.3/s  upd=1783  L=0.0473  D=4.776
[regir] 1:33:19  86,548/1,000,000  11.3/s  upd=1790  L=0.0483  D=4.776
[regir] 1:33:30  86,873/1,000,000  11.4/s  upd=1796  L=0.0341  D=4.776
[regir] 1:33:42  86,873/1,000,000  11.3/s  upd=1801  L=0.0429  D=4.776
[regir] 1:33:53  87,211/1,000,000  11.4/s  upd=1807  L=0.0387  D=4.776
[regir] 1:34:04  87,590/1,000,000  11.4/s  upd=1812  L=0.0366  D=4.776
[regir] 1:34:14  87,590/1,000,000  11.4/s  upd=1818  L=0.0412  D=4.776
[regir] 1:34:24  88,002/1,000,000  11.5/s  upd=1822  L=0.0415  D=4.776
[regir] 1:38:29  88,002/1,000,000  11.0/s  upd=1826  L=0.0352  D=4.776
[regir] 1:38:40  88,506/1,000,000  11.0/s  upd=1828  L=0.0443  D=4.776
[regir] 1:38:52  88,506/1,000,000  11.0/s  upd=1832  L=0.0372  D=4.776
[regir] 1:39:05  88,845/1,000,000  11.1/s  upd=1836  L=0.0419  D=4.776
[regir] 1:39:15  88,845/1,000,000  11.0/s  upd=1839  L=0.0380  D=4.776
[regir] 1:39:27  88,845/1,000,000  11.0/s  upd=1842  L=0.0342  D=4.776
[regir] 1:39:40  89,198/1,000,000  11.0/s  upd=1845  L=0.0622  D=4.776
[regir] 1:39:51  89,198/1,000,000  11.0/s  upd=1849  L=0.0416  D=4.776
[regir] saved resume t_env=89,198
[regir] 1:40:03  89,575/1,000,000  11.1/s  upd=1852  L=0.0377  D=4.776
[regir] 1:40:14  89,575/1,000,000  11.0/s  upd=1856  L=0.0488  D=4.776
[regir] 1:40:25  89,902/1,000,000  11.1/s  upd=1863  L=0.0347  D=4.776
[regir] 1:40:36  90,283/1,000,000  11.1/s  upd=1868  L=0.0257  D=4.776
[regir] 1:40:48  90,283/1,000,000  11.1/s  upd=1874  L=0.0404  D=4.776
[regir] 1:40:59  90,709/1,000,000  11.2/s  upd=1880  L=0.0455  D=4.776
[regir] 1:41:09  91,038/1,000,000  11.2/s  upd=1884  L=0.0329  D=4.776
[regir] 1:41:20  91,038/1,000,000  11.2/s  upd=1890  L=0.0408  D=4.776
[regir] 1:41:33  91,372/1,000,000  11.2/s  upd=1895  L=0.0449  D=4.776
[regir] 1:41:43  91,754/1,000,000  11.2/s  upd=1900  L=0.0369  D=4.776
[regir] 1:41:56  91,754/1,000,000  11.2/s  upd=1906  L=0.0298  D=4.776
[regir] 1:42:08  92,149/1,000,000  11.3/s  upd=1913  L=0.0262  D=4.776
[regir] 1:42:19  92,497/1,000,000  11.3/s  upd=1919  L=0.0325  D=4.776
[regir] 1:42:29  92,868/1,000,000  11.3/s  upd=1923  L=0.0335  D=4.776
[regir] 1:42:40  92,868/1,000,000  11.3/s  upd=1930  L=0.0340  D=4.776
[regir] 1:42:50  93,238/1,000,000  11.4/s  upd=1936  L=0.0456  D=4.776
[regir] 1:43:00  93,614/1,000,000  11.4/s  upd=1941  L=0.0444  D=4.776
[regir] 1:43:11  93,614/1,000,000  11.4/s  upd=1946  L=0.0334  D=4.776
[regir] 1:43:23  93,998/1,000,000  11.4/s  upd=1951  L=0.0465  D=4.776
[regir] 1:48:39  93,998/1,000,000  10.9/s  upd=1954  L=0.0222  D=4.776
[regir] 1:48:51  94,443/1,000,000  10.9/s  upd=1960  L=0.0452  D=4.776
[regir] 1:49:02  94,811/1,000,000  11.0/s  upd=1965  L=0.0338  D=4.776
[regir] 1:49:12  94,811/1,000,000  10.9/s  upd=1970  L=0.0541  D=4.776
[regir] 1:49:23  95,137/1,000,000  11.0/s  upd=1975  L=0.0299  D=4.776
[regir] 1:49:33  95,486/1,000,000  11.0/s  upd=1981  L=0.0386  D=4.776
[regir] 1:49:43  95,486/1,000,000  11.0/s  upd=1986  L=0.0230  D=4.776
[regir] 1:49:54  95,819/1,000,000  11.0/s  upd=1993  L=0.0421  D=4.776
[regir] saved resume t_env=95,819
[regir] 1:50:05  96,251/1,000,000  11.1/s  upd=1999  L=0.0405  D=4.776
[regir] 1:50:15  96,655/1,000,000  11.1/s  upd=2004  L=0.0441  D=4.776
[regir] 1:50:26  96,655/1,000,000  11.1/s  upd=2010  L=0.0417  D=4.776
[regir] 1:50:37  97,129/1,000,000  11.1/s  upd=2016  L=0.0619  D=4.776
[regir] 1:50:47  97,522/1,000,000  11.2/s  upd=2021  L=0.0432  D=4.776
[regir] 1:50:58  97,522/1,000,000  11.2/s  upd=2026  L=0.0360  D=4.776
[regir] 1:51:08  97,913/1,000,000  11.2/s  upd=2031  L=0.0365  D=4.776
[regir] 1:51:19  98,284/1,000,000  11.3/s  upd=2036  L=0.0403  D=4.776
[regir] 1:51:30  98,638/1,000,000  11.3/s  upd=2044  L=0.0472  D=4.776
[regir] 1:51:41  98,638/1,000,000  11.3/s  upd=2050  L=0.0323  D=4.776
[regir] 1:51:52  98,937/1,000,000  11.3/s  upd=2056  L=0.0321  D=4.776
[regir] 1:52:03  99,256/1,000,000  11.3/s  upd=2062  L=0.0416  D=4.776
[regir] 1:52:14  99,634/1,000,000  11.4/s  upd=2068  L=0.0288  D=4.776
[regir] 1:52:24  99,634/1,000,000  11.3/s  upd=2074  L=0.0328  D=4.776
[regir] 1:52:36  100,075/1,000,000  11.4/s  upd=2081  L=0.0434  D=4.776
[regir] saved resume t_env=100,075
[regir] 1:53:05  100,075/1,000,000  11.3/s  upd=2082  L=0.0475  ev=0/100  D=4.776
[regir] 1:53:15  100,075/1,000,000  11.3/s  upd=2082  L=0.0475  ev=87/100  D=4.776
[regir] 1:58:51  100,075/1,000,000  10.8/s  upd=2082  L=0.0475  D=4.581
[regir] 2:06:30  100,075/1,000,000  10.1/s  upd=2082  L=0.0475  D=4.581
[regir] 2:06:40  100,471/1,000,000  10.2/s  upd=2085  L=0.0582  D=4.581
[regir] 2:06:54  100,471/1,000,000  10.2/s  upd=2089  L=0.0400  D=4.581
[regir] saved resume t_env=100,471
[regir] 2:07:04  100,958/1,000,000  10.2/s  upd=2091  L=0.0502  D=4.581
[regir] 2:07:16  100,958/1,000,000  10.2/s  upd=2098  L=0.0350  D=4.581
[regir] 2:07:26  101,289/1,000,000  10.2/s  upd=2105  L=0.0381  D=4.581
[regir] 2:07:38  101,618/1,000,000  10.2/s  upd=2112  L=0.0452  D=4.581
[regir] 2:07:49  101,944/1,000,000  10.3/s  upd=2118  L=0.0363  D=4.581
[regir] 2:08:00  102,288/1,000,000  10.3/s  upd=2124  L=0.0390  D=4.581
[regir] 2:08:11  102,288/1,000,000  10.3/s  upd=2130  L=0.0380  D=4.581
[regir] 2:08:24  102,655/1,000,000  10.3/s  upd=2136  L=0.0427  D=4.581
[regir] 2:08:34  103,021/1,000,000  10.4/s  upd=2140  L=0.0391  D=4.581
[regir] 2:08:46  103,021/1,000,000  10.3/s  upd=2146  L=0.0339  D=4.581
[regir] 2:08:56  103,372/1,000,000  10.4/s  upd=2152  L=0.0344  D=4.581
[regir] 2:09:06  103,767/1,000,000  10.4/s  upd=2157  L=0.0276  D=4.581
[regir] 2:09:16  103,767/1,000,000  10.4/s  upd=2162  L=0.0492  D=4.581
[regir] 2:09:26  104,216/1,000,000  10.4/s  upd=2166  L=0.0324  D=4.581
[regir] 2:09:37  104,673/1,000,000  10.5/s  upd=2171  L=0.0338  D=4.581
[regir] 2:09:48  104,673/1,000,000  10.5/s  upd=2176  L=0.0445  D=4.581
[regir] 2:09:59  105,063/1,000,000  10.5/s  upd=2180  L=0.0302  D=4.581
[regir] 2:10:09  105,063/1,000,000  10.5/s  upd=2185  L=0.0467  D=4.581
[regir] 2:10:20  105,426/1,000,000  10.5/s  upd=2191  L=0.0398  D=4.581
[regir] 2:10:31  105,824/1,000,000  10.6/s  upd=2197  L=0.0459  D=4.581
[regir] 2:10:43  106,175/1,000,000  10.6/s  upd=2203  L=0.0354  D=4.581
[regir] 2:10:55  106,175/1,000,000  10.6/s  upd=2209  L=0.0309  D=4.581
[regir] 2:11:05  106,474/1,000,000  10.6/s  upd=2214  L=0.0321  D=4.581
[regir] 2:11:16  106,824/1,000,000  10.6/s  upd=2220  L=0.0362  D=4.581
[regir] 2:11:26  106,824/1,000,000  10.6/s  upd=2226  L=0.0353  D=4.581
[regir] 2:11:38  107,261/1,000,000  10.7/s  upd=2232  L=0.0308  D=4.581
[regir] 2:15:57  107,261/1,000,000  10.3/s  upd=2234  L=0.0527  D=4.581
[regir] 2:16:08  107,638/1,000,000  10.3/s  upd=2236  L=0.0331  D=4.581
[regir] 2:16:18  107,638/1,000,000  10.3/s  upd=2240  L=0.0345  D=4.581
[regir] 2:16:31  107,996/1,000,000  10.4/s  upd=2243  L=0.0504  D=4.581
[regir] 2:16:42  107,996/1,000,000  10.3/s  upd=2248  L=0.0434  D=4.581
[regir] 2:16:52  107,996/1,000,000  10.3/s  upd=2250  L=0.0427  D=4.581
[regir] 2:17:05  108,343/1,000,000  10.4/s  upd=2254  L=0.0284  D=4.581
[regir] 2:17:15  108,343/1,000,000  10.3/s  upd=2258  L=0.0406  D=4.581
[regir] saved resume t_env=108,343
[regir] 2:17:26  108,739/1,000,000  10.4/s  upd=2261  L=0.0560  D=4.581
[regir] 2:17:40  108,739/1,000,000  10.4/s  upd=2265  L=0.0441  D=4.581
[regir] 2:17:51  109,182/1,000,000  10.4/s  upd=2267  L=0.0402  D=4.581
[regir] 2:18:03  109,182/1,000,000  10.4/s  upd=2273  L=0.0313  D=4.581
[regir] 2:18:16  109,554/1,000,000  10.4/s  upd=2276  L=0.0314  D=4.581
[regir] 2:18:26  109,554/1,000,000  10.4/s  upd=2282  L=0.0331  D=4.581
[regir] 2:18:37  109,900/1,000,000  10.4/s  upd=2290  L=0.0439  D=4.581
[regir] 2:18:47  110,318/1,000,000  10.5/s  upd=2294  L=0.0347  D=4.581
[regir] 2:18:58  110,797/1,000,000  10.5/s  upd=2301  L=0.0490  D=4.581
[regir] 2:19:08  110,797/1,000,000  10.5/s  upd=2306  L=0.0360  D=4.581
[regir] 2:19:19  111,126/1,000,000  10.5/s  upd=2312  L=0.0467  D=4.581
[regir] 2:19:30  111,475/1,000,000  10.6/s  upd=2319  L=0.0316  D=4.581
[regir] 2:19:40  111,820/1,000,000  10.6/s  upd=2325  L=0.0408  D=4.581
[regir] 2:19:51  112,205/1,000,000  10.6/s  upd=2331  L=0.0400  D=4.581
[regir] 2:20:02  112,205/1,000,000  10.6/s  upd=2336  L=0.0242  D=4.581
[regir] 2:20:12  112,580/1,000,000  10.6/s  upd=2343  L=0.0298  D=4.581
[regir] 2:20:24  113,010/1,000,000  10.7/s  upd=2349  L=0.0294  D=4.581
[regir] 2:20:35  113,430/1,000,000  10.7/s  upd=2355  L=0.0449  D=4.581
[regir] 2:20:47  113,430/1,000,000  10.7/s  upd=2361  L=0.0427  D=4.581
[regir] 2:20:58  113,809/1,000,000  10.7/s  upd=2368  L=0.0509  D=4.581
[regir] 2:27:15  113,809/1,000,000  10.3/s  upd=2370  L=0.0508  D=4.581
[regir] saved resume t_env=114,131
[regir] 2:27:25  114,131/1,000,000  10.3/s  upd=2378  L=0.0527  D=4.581
[regir] 2:27:36  114,427/1,000,000  10.3/s  upd=2385  L=0.0403  D=4.581
[regir] 2:27:48  114,797/1,000,000  10.3/s  upd=2392  L=0.0365  D=4.581
[regir] 2:27:59  115,222/1,000,000  10.4/s  upd=2398  L=0.0580  D=4.581
[regir] 2:28:11  115,602/1,000,000  10.4/s  upd=2404  L=0.0386  D=4.581
[regir] 2:28:22  115,602/1,000,000  10.4/s  upd=2410  L=0.0298  D=4.581
[regir] 2:28:33  115,935/1,000,000  10.4/s  upd=2416  L=0.0305  D=4.581
[regir] 2:28:44  116,349/1,000,000  10.4/s  upd=2422  L=0.0377  D=4.581
[regir] 2:28:54  116,757/1,000,000  10.5/s  upd=2429  L=0.0509  D=4.581
[regir] 2:29:05  117,084/1,000,000  10.5/s  upd=2436  L=0.0388  D=4.581
[regir] 2:29:16  117,572/1,000,000  10.5/s  upd=2443  L=0.0305  D=4.581
[regir] 2:29:26  117,572/1,000,000  10.5/s  upd=2450  L=0.0295  D=4.581
[regir] 2:29:38  117,996/1,000,000  10.6/s  upd=2456  L=0.0358  D=4.581
[regir] 2:29:49  118,375/1,000,000  10.6/s  upd=2462  L=0.0338  D=4.581
[regir] 2:30:00  118,736/1,000,000  10.6/s  upd=2468  L=0.0493  D=4.581
[regir] 2:30:11  118,736/1,000,000  10.6/s  upd=2474  L=0.0327  D=4.581
[regir] 2:30:22  119,139/1,000,000  10.6/s  upd=2481  L=0.0358  D=4.581
[regir] 2:30:33  119,628/1,000,000  10.7/s  upd=2487  L=0.0332  D=4.581
[regir] 2:30:46  120,032/1,000,000  10.7/s  upd=2493  L=0.0286  D=4.581
[regir] saved resume t_env=120,032
[regir] 2:31:22  120,032/1,000,000  10.7/s  upd=2498  L=0.0272  ev=0/100  D=4.581
[regir] 2:37:46  120,032/1,000,000  10.2/s  upd=2498  L=0.0272  D=4.110
[regir] 2:44:21  120,032/1,000,000  9.8/s  upd=2498  L=0.0272  D=4.110
[regir] 2:44:32  120,461/1,000,000  9.9/s  upd=2505  L=0.0614  D=4.110
[regir] saved resume t_env=120,461
[regir] 2:44:43  120,845/1,000,000  9.9/s  upd=2510  L=0.0406  D=4.110
[regir] 2:44:54  121,253/1,000,000  9.9/s  upd=2515  L=0.0212  D=4.110
[regir] 2:45:05  121,253/1,000,000  9.9/s  upd=2520  L=0.0329  D=4.110
[regir] 2:45:16  121,620/1,000,000  9.9/s  upd=2525  L=0.0406  D=4.110
[regir] 2:45:26  122,059/1,000,000  10.0/s  upd=2531  L=0.0535  D=4.110
[regir] 2:45:38  122,059/1,000,000  10.0/s  upd=2536  L=0.0236  D=4.110
[regir] 2:45:50  122,395/1,000,000  10.0/s  upd=2541  L=0.0286  D=4.110
[regir] 2:46:01  122,824/1,000,000  10.0/s  upd=2547  L=0.0250  D=4.110
[regir] 2:46:12  122,824/1,000,000  10.0/s  upd=2553  L=0.0409  D=4.110
[regir] 2:46:23  123,158/1,000,000  10.0/s  upd=2559  L=0.0401  D=4.110
[regir] 2:46:34  123,536/1,000,000  10.0/s  upd=2566  L=0.0475  D=4.110
[regir] 2:46:46  123,915/1,000,000  10.1/s  upd=2573  L=0.0410  D=4.110
[regir] 2:46:56  124,238/1,000,000  10.1/s  upd=2580  L=0.0517  D=4.110
[regir] 2:47:08  124,584/1,000,000  10.1/s  upd=2587  L=0.0393  D=4.110
[regir] 2:47:18  124,584/1,000,000  10.1/s  upd=2593  L=0.0542  D=4.110
[regir] 2:47:29  124,967/1,000,000  10.1/s  upd=2599  L=0.0368  D=4.110
[regir] 2:47:40  125,364/1,000,000  10.2/s  upd=2606  L=0.0384  D=4.110
[regir] 2:47:51  125,750/1,000,000  10.2/s  upd=2612  L=0.0353  D=4.110
[regir] 2:48:01  125,750/1,000,000  10.2/s  upd=2618  L=0.0316  D=4.110
[regir] 2:48:13  126,097/1,000,000  10.2/s  upd=2626  L=0.0334  D=4.110
[regir] 2:48:24  126,411/1,000,000  10.2/s  upd=2631  L=0.0273  D=4.110
[regir] 2:48:36  126,762/1,000,000  10.2/s  upd=2639  L=0.0606  D=4.110
[regir] 2:48:46  127,107/1,000,000  10.3/s  upd=2644  L=0.0388  D=4.110
[regir] 2:48:56  127,107/1,000,000  10.3/s  upd=2650  L=0.0356  D=4.110
[regir] 2:49:08  127,495/1,000,000  10.3/s  upd=2656  L=0.0226  D=4.110
[regir] 2:49:19  127,837/1,000,000  10.3/s  upd=2660  L=0.0331  D=4.110
[regir] 2:49:31  127,837/1,000,000  10.3/s  upd=2663  L=0.0363  D=4.110
[regir] 2:53:53  127,837/1,000,000  10.0/s  upd=2666  L=0.0459  D=4.110
[regir] 2:54:04  128,159/1,000,000  10.1/s  upd=2669  L=0.0363  D=4.110
[regir] 2:54:15  128,159/1,000,000  10.0/s  upd=2673  L=0.0230  D=4.110
[regir] 2:54:25  128,635/1,000,000  10.1/s  upd=2675  L=0.0495  D=4.110
[regir] 2:54:36  128,635/1,000,000  10.1/s  upd=2681  L=0.0429  D=4.110
[regir] saved resume t_env=128,635
[regir] 2:54:48  128,977/1,000,000  10.1/s  upd=2686  L=0.0351  D=4.110
[regir] 2:54:58  129,299/1,000,000  10.1/s  upd=2692  L=0.0345  D=4.110
[regir] 2:55:10  129,792/1,000,000  10.1/s  upd=2699  L=0.0338  D=4.110
[regir] 2:55:20  129,792/1,000,000  10.1/s  upd=2705  L=0.0486  D=4.110
[regir] 2:55:31  130,098/1,000,000  10.2/s  upd=2711  L=0.0509  D=4.110
[regir] 2:55:42  130,507/1,000,000  10.2/s  upd=2717  L=0.0262  D=4.110
[regir] 2:55:52  130,507/1,000,000  10.2/s  upd=2722  L=0.0389  D=4.110
[regir] 2:56:03  130,909/1,000,000  10.2/s  upd=2729  L=0.0312  D=4.110
[regir] 2:56:13  131,259/1,000,000  10.2/s  upd=2735  L=0.0374  D=4.110
[regir] 2:56:24  131,628/1,000,000  10.3/s  upd=2741  L=0.0327  D=4.110
[regir] 2:56:35  132,000/1,000,000  10.3/s  upd=2749  L=0.0232  D=4.110
[regir] 2:56:46  132,476/1,000,000  10.3/s  upd=2755  L=0.0284  D=4.110
[regir] 2:56:56  132,476/1,000,000  10.3/s  upd=2760  L=0.0354  D=4.110
[regir] 2:57:07  132,909/1,000,000  10.3/s  upd=2765  L=0.0334  D=4.110
[regir] 2:57:18  133,265/1,000,000  10.4/s  upd=2772  L=0.0424  D=4.110
[regir] 2:57:29  133,265/1,000,000  10.3/s  upd=2778  L=0.0285  D=4.110
[regir] 2:57:40  133,609/1,000,000  10.4/s  upd=2784  L=0.0356  D=4.110
[regir] 2:57:51  133,991/1,000,000  10.4/s  upd=2789  L=0.0473  D=4.110
[regir] 2:58:01  133,991/1,000,000  10.4/s  upd=2794  L=0.0442  D=4.110
[regir] 2:58:11  134,346/1,000,000  10.4/s  upd=2800  L=0.0410  D=4.110
[regir] 2:58:21  134,697/1,000,000  10.4/s  upd=2806  L=0.0414  D=4.110
[regir] 2:58:33  135,165/1,000,000  10.5/s  upd=2811  L=0.0283  D=4.110
[regir] 2:58:44  135,165/1,000,000  10.4/s  upd=2817  L=0.0277  D=4.110
[regir] 2:58:55  135,553/1,000,000  10.5/s  upd=2822  L=0.0398  D=4.110
[regir] 3:04:20  135,553/1,000,000  10.2/s  upd=2826  L=0.0336  D=4.110
[regir] 3:04:31  135,861/1,000,000  10.2/s  upd=2832  L=0.0286  D=4.110
[regir] 3:04:41  136,213/1,000,000  10.2/s  upd=2839  L=0.0381  D=4.110
[regir] saved resume t_env=136,213
[regir] 3:04:51  136,568/1,000,000  10.2/s  upd=2843  L=0.0300  D=4.110
[regir] 3:05:02  136,568/1,000,000  10.2/s  upd=2849  L=0.0172  D=4.110
[regir] 3:05:14  136,891/1,000,000  10.2/s  upd=2856  L=0.0297  D=4.110
[regir] 3:05:24  137,255/1,000,000  10.3/s  upd=2862  L=0.0361  D=4.110
[regir] 3:05:35  137,629/1,000,000  10.3/s  upd=2867  L=0.0284  D=4.110
[regir] 3:05:45  137,629/1,000,000  10.3/s  upd=2872  L=0.0318  D=4.110
[regir] 3:05:55  137,981/1,000,000  10.3/s  upd=2879  L=0.0351  D=4.110
[regir] 3:06:05  138,322/1,000,000  10.3/s  upd=2885  L=0.0405  D=4.110
[regir] 3:06:16  138,673/1,000,000  10.3/s  upd=2893  L=0.0317  D=4.110
[regir] 3:06:27  138,994/1,000,000  10.4/s  upd=2899  L=0.0231  D=4.110
[regir] 3:06:37  138,994/1,000,000  10.3/s  upd=2906  L=0.0439  D=4.110
[regir] 3:06:47  139,329/1,000,000  10.4/s  upd=2912  L=0.0331  D=4.110
[regir] 3:06:59  139,665/1,000,000  10.4/s  upd=2918  L=0.0401  D=4.110
[regir] 3:07:10  140,085/1,000,000  10.4/s  upd=2924  L=0.0352  D=4.110
[regir] 3:07:20  140,085/1,000,000  10.4/s  upd=2929  L=0.0432  D=4.110
[regir] saved resume t_env=140,085
[regir] 3:07:49  140,085/1,000,000  10.4/s  upd=2930  L=0.0487  ev=0/100  D=4.110
[regir] 3:13:41  140,085/1,000,000  10.1/s  upd=2930  L=0.0487  D=4.233
[regir] 3:20:08  140,085/1,000,000  9.7/s  upd=2930  L=0.0487  D=4.233
[regir] 3:20:19  140,491/1,000,000  9.8/s  upd=2934  L=0.0275  D=4.233
[regir] 3:20:30  140,491/1,000,000  9.8/s  upd=2938  L=0.0337  D=4.233
[regir] saved resume t_env=140,491
[regir] 3:20:44  140,833/1,000,000  9.8/s  upd=2942  L=0.0330  D=4.233
[regir] 3:20:56  140,833/1,000,000  9.8/s  upd=2945  L=0.0370  D=4.233
[regir] 3:21:07  141,153/1,000,000  9.8/s  upd=2950  L=0.0402  D=4.233
[regir] 3:21:17  141,153/1,000,000  9.8/s  upd=2954  L=0.0398  D=4.233
[regir] 3:21:27  141,546/1,000,000  9.8/s  upd=2958  L=0.0368  D=4.233
[regir] 3:21:39  141,546/1,000,000  9.8/s  upd=2961  L=0.0319  D=4.233
[regir] 3:21:52  141,899/1,000,000  9.8/s  upd=2965  L=0.0408  D=4.233
[regir] 3:22:03  142,262/1,000,000  9.8/s  upd=2971  L=0.0307  D=4.233
[regir] 3:22:13  142,262/1,000,000  9.8/s  upd=2978  L=0.0253  D=4.233
[regir] 3:22:25  142,599/1,000,000  9.8/s  upd=2983  L=0.0406  D=4.233
[regir] 3:22:38  142,914/1,000,000  9.9/s  upd=2988  L=0.0328  D=4.233
[regir] 3:22:48  142,914/1,000,000  9.8/s  upd=2994  L=0.0321  D=4.233
[regir] 3:22:59  143,301/1,000,000  9.9/s  upd=3000  L=0.0369  D=4.233
[regir] 3:23:10  143,670/1,000,000  9.9/s  upd=3005  L=0.0379  D=4.233
[regir] 3:23:20  143,670/1,000,000  9.9/s  upd=3010  L=0.0379  D=4.233
[regir] 3:23:31  144,001/1,000,000  9.9/s  upd=3015  L=0.0313  D=4.233
[regir] 3:23:41  144,394/1,000,000  9.9/s  upd=3019  L=0.0566  D=4.233
[regir] 3:23:52  144,394/1,000,000  9.9/s  upd=3025  L=0.0487  D=4.233
[regir] 3:24:02  144,730/1,000,000  9.9/s  upd=3030  L=0.0596  D=4.233
[regir] 3:24:13  145,112/1,000,000  10.0/s  upd=3035  L=0.0423  D=4.233
[regir] 3:24:24  145,112/1,000,000  9.9/s  upd=3040  L=0.0410  D=4.233
[regir] 3:24:35  145,461/1,000,000  10.0/s  upd=3046  L=0.0347  D=4.233
[regir] 3:24:46  145,795/1,000,000  10.0/s  upd=3051  L=0.0478  D=4.233
[regir] 3:24:57  145,795/1,000,000  10.0/s  upd=3056  L=0.0452  D=4.233
[regir] 3:25:09  146,185/1,000,000  10.0/s  upd=3061  L=0.0349  D=4.233
[regir] 3:30:25  146,185/1,000,000  9.7/s  upd=3066  L=0.0264  D=4.233
[regir] 3:30:37  146,573/1,000,000  9.8/s  upd=3068  L=0.0301  D=4.233
[regir] 3:30:48  146,573/1,000,000  9.8/s  upd=3073  L=0.0314  D=4.233
[regir] saved resume t_env=146,573
[regir] 3:30:58  146,885/1,000,000  9.8/s  upd=3075  L=0.0378  D=4.233
[regir] 3:31:09  146,885/1,000,000  9.8/s  upd=3079  L=0.0481  D=4.233
[regir] 3:31:19  146,885/1,000,000  9.8/s  upd=3082  L=0.0210  D=4.233
[regir] 3:31:30  147,304/1,000,000  9.8/s  upd=3086  L=0.0356  D=4.233
[regir] 3:31:40  147,304/1,000,000  9.8/s  upd=3090  L=0.0363  D=4.233
[regir] 3:31:51  147,665/1,000,000  9.8/s  upd=3093  L=0.0411  D=4.233
[regir] 3:32:02  147,665/1,000,000  9.8/s  upd=3096  L=0.0439  D=4.233
[regir] 3:32:14  148,006/1,000,000  9.8/s  upd=3099  L=0.0380  D=4.233
[regir] 3:32:27  148,006/1,000,000  9.8/s  upd=3103  L=0.0382  D=4.233
[regir] 3:32:37  148,006/1,000,000  9.8/s  upd=3106  L=0.0283  D=4.233
[regir] 3:32:49  148,352/1,000,000  9.8/s  upd=3112  L=0.0350  D=4.233
[regir] 3:32:59  148,675/1,000,000  9.8/s  upd=3117  L=0.0373  D=4.233
[regir] 3:33:10  149,017/1,000,000  9.8/s  upd=3123  L=0.0410  D=4.233
[regir] 3:33:20  149,017/1,000,000  9.8/s  upd=3128  L=0.0353  D=4.233
[regir] 3:33:31  149,323/1,000,000  9.9/s  upd=3134  L=0.0405  D=4.233
[regir] 3:33:42  149,694/1,000,000  9.9/s  upd=3141  L=0.0631  D=4.233
[regir] 3:33:53  150,008/1,000,000  9.9/s  upd=3147  L=0.0270  D=4.233
[regir] 3:34:04  150,008/1,000,000  9.9/s  upd=3153  L=0.0323  D=4.233
[regir] 3:34:15  150,417/1,000,000  9.9/s  upd=3159  L=0.0437  D=4.233
[regir] 3:34:25  150,772/1,000,000  9.9/s  upd=3167  L=0.0283  D=4.233
[regir] 3:34:35  151,149/1,000,000  9.9/s  upd=3172  L=0.0438  D=4.233
[regir] 3:34:47  151,149/1,000,000  9.9/s  upd=3178  L=0.0567  D=4.233
[regir] 3:34:58  151,465/1,000,000  10.0/s  upd=3186  L=0.0371  D=4.233
[regir] 3:35:09  151,788/1,000,000  10.0/s  upd=3192  L=0.0368  D=4.233
[regir] 3:35:21  152,152/1,000,000  10.0/s  upd=3198  L=0.0418  D=4.233
[regir] 3:41:53  152,152/1,000,000  9.7/s  upd=3202  L=0.0510  D=4.233
[regir] saved resume t_env=152,573
[regir] 3:42:04  152,573/1,000,000  9.7/s  upd=3210  L=0.0394  D=4.233
[regir] 3:42:14  152,965/1,000,000  9.7/s  upd=3216  L=0.0434  D=4.233
[regir] 3:42:24  153,359/1,000,000  9.8/s  upd=3222  L=0.0470  D=4.233
[regir] 3:42:35  153,692/1,000,000  9.8/s  upd=3229  L=0.0348  D=4.233
[regir] 3:42:46  153,993/1,000,000  9.8/s  upd=3236  L=0.0320  D=4.233
[regir] 3:42:58  153,993/1,000,000  9.8/s  upd=3242  L=0.0307  D=4.233
[regir] 3:43:10  154,328/1,000,000  9.8/s  upd=3248  L=0.0481  D=4.233
[regir] 3:43:21  154,666/1,000,000  9.8/s  upd=3254  L=0.0237  D=4.233
[regir] 3:43:31  154,666/1,000,000  9.8/s  upd=3258  L=0.0248  D=4.233
[regir] 3:43:42  155,038/1,000,000  9.8/s  upd=3264  L=0.0458  D=4.233
[regir] 3:43:54  155,436/1,000,000  9.8/s  upd=3269  L=0.0343  D=4.233
[regir] 3:44:06  155,792/1,000,000  9.9/s  upd=3276  L=0.0360  D=4.233
[regir] 3:44:16  155,792/1,000,000  9.9/s  upd=3281  L=0.0373  D=4.233
[regir] 3:44:27  156,084/1,000,000  9.9/s  upd=3288  L=0.0424  D=4.233
[regir] 3:44:40  156,438/1,000,000  9.9/s  upd=3293  L=0.0399  D=4.233
[regir] 3:44:50  156,438/1,000,000  9.9/s  upd=3298  L=0.0367  D=4.233
[regir] 3:45:00  156,790/1,000,000  9.9/s  upd=3303  L=0.0261  D=4.233
[regir] 3:45:10  157,234/1,000,000  9.9/s  upd=3308  L=0.0341  D=4.233
[regir] 3:45:22  157,234/1,000,000  9.9/s  upd=3314  L=0.0619  D=4.233
[regir] 3:45:33  157,597/1,000,000  9.9/s  upd=3318  L=0.0413  D=4.233
[regir] 3:45:46  157,911/1,000,000  9.9/s  upd=3324  L=0.0448  D=4.233
[regir] 3:45:57  157,911/1,000,000  9.9/s  upd=3328  L=0.0531  D=4.233
[regir] 3:46:07  158,262/1,000,000  10.0/s  upd=3333  L=0.0405  D=4.233
[regir] 3:46:18  158,262/1,000,000  10.0/s  upd=3338  L=0.0324  D=4.233
[regir] 3:46:28  158,566/1,000,000  10.0/s  upd=3343  L=0.0560  D=4.233
[regir] 3:46:40  158,875/1,000,000  10.0/s  upd=3348  L=0.0384  D=4.233
[regir] 3:46:51  158,875/1,000,000  10.0/s  upd=3354  L=0.0286  D=4.233
[regir] 3:47:02  159,192/1,000,000  10.0/s  upd=3360  L=0.0331  D=4.233
[regir] 3:52:20  159,192/1,000,000  9.8/s  upd=3362  L=0.0404  D=4.233
[regir] 3:52:30  159,519/1,000,000  9.8/s  upd=3367  L=0.0483  D=4.233
[regir] saved resume t_env=159,519
[regir] 3:52:42  159,876/1,000,000  9.8/s  upd=3371  L=0.0338  D=4.233
[regir] 3:52:53  159,876/1,000,000  9.8/s  upd=3377  L=0.0275  D=4.233
[regir] 3:53:03  160,222/1,000,000  9.8/s  upd=3382  L=0.0428  D=4.233
[regir] saved resume t_env=160,222
[regir] 3:53:38  160,222/1,000,000  9.8/s  upd=3386  L=0.0331  ev=0/100  D=4.233
[regir] 3:53:48  160,222/1,000,000  9.8/s  upd=3386  L=0.0331  ev=14/100  D=4.233
[regir] 3:53:58  160,222/1,000,000  9.8/s  upd=3386  L=0.0331  ev=32/100  D=4.233
[regir] 3:54:08  160,222/1,000,000  9.8/s  upd=3386  L=0.0331  ev=48/100  D=4.233
[regir] 3:54:18  160,222/1,000,000  9.8/s  upd=3386  L=0.0331  ev=58/100  D=4.233
[regir] 3:54:28  160,222/1,000,000  9.7/s  upd=3386  L=0.0331  ev=80/100  D=4.233
[regir] 3:54:38  160,222/1,000,000  9.7/s  upd=3386  L=0.0331  ev=96/100  D=4.233
[regir] 4:00:53  160,222/1,000,000  9.5/s  upd=3386  L=0.0331  D=2.918
[regir] 4:05:27  160,222/1,000,000  9.3/s  upd=3386  L=0.0331  D=2.918
[regir] 4:05:37  160,566/1,000,000  9.3/s  upd=3389  L=0.0293  D=2.918
[regir] 4:05:48  160,566/1,000,000  9.3/s  upd=3392  L=0.0268  D=2.918
[regir] saved resume t_env=160,566
[regir] 4:06:01  160,905/1,000,000  9.3/s  upd=3395  L=0.0241  D=2.918
[regir] 4:06:11  160,905/1,000,000  9.3/s  upd=3400  L=0.0351  D=2.918
[regir] 4:06:22  161,259/1,000,000  9.3/s  upd=3403  L=0.0300  D=2.918
[regir] 4:06:34  161,259/1,000,000  9.3/s  upd=3408  L=0.0312  D=2.918
[regir] 4:06:44  161,259/1,000,000  9.3/s  upd=3410  L=0.0422  D=2.918
[regir] 4:06:55  161,662/1,000,000  9.4/s  upd=3415  L=0.0397  D=2.918
[regir] 4:07:07  162,004/1,000,000  9.4/s  upd=3419  L=0.0382  D=2.918
[regir] 4:07:19  162,004/1,000,000  9.4/s  upd=3422  L=0.0462  D=2.918
[regir] 4:07:30  162,004/1,000,000  9.4/s  upd=3426  L=0.0357  D=2.918
[regir] 4:07:42  162,325/1,000,000  9.4/s  upd=3429  L=0.0295  D=2.918
[regir] 4:07:54  162,325/1,000,000  9.4/s  upd=3434  L=0.0374  D=2.918
[regir] 4:08:04  162,651/1,000,000  9.4/s  upd=3438  L=0.0330  D=2.918
[regir] 4:08:15  162,651/1,000,000  9.4/s  upd=3442  L=0.0303  D=2.918
[regir] 4:08:26  163,026/1,000,000  9.4/s  upd=3446  L=0.0295  D=2.918
[regir] 4:08:36  163,026/1,000,000  9.4/s  upd=3450  L=0.0361  D=2.918
[regir] 4:08:46  163,455/1,000,000  9.4/s  upd=3453  L=0.0325  D=2.918
[regir] 4:08:58  163,455/1,000,000  9.4/s  upd=3458  L=0.0311  D=2.918
[regir] 4:09:08  163,787/1,000,000  9.4/s  upd=3465  L=0.0240  D=2.918
[regir] 4:09:19  164,092/1,000,000  9.4/s  upd=3471  L=0.0296  D=2.918
[regir] 4:09:30  164,481/1,000,000  9.4/s  upd=3477  L=0.0269  D=2.918
[regir] 4:09:40  164,481/1,000,000  9.4/s  upd=3482  L=0.0393  D=2.918
[regir] 4:09:52  164,873/1,000,000  9.5/s  upd=3489  L=0.0202  D=2.918
[regir] 4:10:03  165,196/1,000,000  9.5/s  upd=3494  L=0.0524  D=2.918
[regir] 4:10:13  165,571/1,000,000  9.5/s  upd=3499  L=0.0398  D=2.918
[regir] 4:10:23  165,571/1,000,000  9.5/s  upd=3505  L=0.0203  D=2.918
[regir] 4:10:34  165,937/1,000,000  9.5/s  upd=3509  L=0.0517  D=2.918
[regir] 4:10:44  165,937/1,000,000  9.5/s  upd=3513  L=0.0351  D=2.918
[regir] 4:15:54  165,937/1,000,000  9.3/s  upd=3514  L=0.0530  D=2.918
[regir] 4:16:05  166,241/1,000,000  9.3/s  upd=3517  L=0.0525  D=2.918
[regir] 4:16:17  166,241/1,000,000  9.3/s  upd=3520  L=0.0336  D=2.918
[regir] saved resume t_env=166,241
[regir] 4:16:29  166,562/1,000,000  9.3/s  upd=3523  L=0.0519  D=2.918
[regir] 4:16:39  166,562/1,000,000  9.3/s  upd=3527  L=0.0394  D=2.918
[regir] 4:16:49  166,562/1,000,000  9.3/s  upd=3530  L=0.0298  D=2.918
[regir] 4:17:00  166,920/1,000,000  9.3/s  upd=3533  L=0.0427  D=2.918
[regir] 4:17:13  166,920/1,000,000  9.3/s  upd=3537  L=0.0310  D=2.918
[regir] 4:17:26  167,243/1,000,000  9.3/s  upd=3540  L=0.0178  D=2.918
[regir] 4:17:39  167,243/1,000,000  9.3/s  upd=3544  L=0.0149  D=2.918
[regir] 4:17:51  167,638/1,000,000  9.3/s  upd=3547  L=0.0309  D=2.918
[regir] 4:18:03  167,638/1,000,000  9.3/s  upd=3551  L=0.0366  D=2.918
[regir] 4:18:16  167,943/1,000,000  9.3/s  upd=3555  L=0.0270  D=2.918
[regir] 4:18:27  167,943/1,000,000  9.3/s  upd=3559  L=0.0378  D=2.918
[regir] 4:18:37  167,943/1,000,000  9.3/s  upd=3562  L=0.0300  D=2.918
[regir] 4:18:50  168,385/1,000,000  9.4/s  upd=3566  L=0.0298  D=2.918
[regir] 4:19:00  168,385/1,000,000  9.3/s  upd=3570  L=0.0294  D=2.918
[regir] 4:19:12  168,837/1,000,000  9.4/s  upd=3573  L=0.0267  D=2.918
[regir] 4:19:23  168,837/1,000,000  9.4/s  upd=3578  L=0.0294  D=2.918
[regir] 4:19:35  169,147/1,000,000  9.4/s  upd=3584  L=0.0430  D=2.918
[regir] 4:19:46  169,475/1,000,000  9.4/s  upd=3590  L=0.0294  D=2.918
[regir] 4:19:57  169,880/1,000,000  9.4/s  upd=3596  L=0.0309  D=2.918
[regir] 4:20:07  169,880/1,000,000  9.4/s  upd=3602  L=0.0285  D=2.918
[regir] 4:20:18  170,246/1,000,000  9.4/s  upd=3608  L=0.0179  D=2.918
[regir] 4:20:28  170,607/1,000,000  9.4/s  upd=3613  L=0.0335  D=2.918
[regir] 4:20:39  170,920/1,000,000  9.4/s  upd=3619  L=0.0225  D=2.918
[regir] 4:20:51  170,920/1,000,000  9.4/s  upd=3626  L=0.0286  D=2.918
[regir] 4:21:01  171,233/1,000,000  9.5/s  upd=3632  L=0.0188  D=2.918
[regir] 4:26:32  171,233/1,000,000  9.3/s  upd=3634  L=0.0194  D=2.918
[regir] 4:26:43  171,558/1,000,000  9.3/s  upd=3640  L=0.0298  D=2.918
[regir] saved resume t_env=171,558
[regir] 4:26:55  171,900/1,000,000  9.3/s  upd=3645  L=0.0382  D=2.918
[regir] 4:27:06  172,232/1,000,000  9.3/s  upd=3652  L=0.0314  D=2.918
[regir] 4:27:17  172,232/1,000,000  9.3/s  upd=3658  L=0.0285  D=2.918
[regir] 4:27:27  172,603/1,000,000  9.3/s  upd=3665  L=0.0361  D=2.918
[regir] 4:27:37  172,960/1,000,000  9.3/s  upd=3670  L=0.0354  D=2.918
[regir] 4:27:48  173,351/1,000,000  9.3/s  upd=3676  L=0.0324  D=2.918
[regir] 4:27:58  173,351/1,000,000  9.3/s  upd=3681  L=0.0344  D=2.918
[regir] 4:28:08  173,655/1,000,000  9.4/s  upd=3687  L=0.0323  D=2.918
[regir] 4:28:18  174,074/1,000,000  9.4/s  upd=3692  L=0.0215  D=2.918
[regir] 4:28:29  174,423/1,000,000  9.4/s  upd=3700  L=0.0282  D=2.918
[regir] 4:28:41  174,423/1,000,000  9.4/s  upd=3706  L=0.0332  D=2.918
[regir] 4:28:52  174,847/1,000,000  9.4/s  upd=3711  L=0.0343  D=2.918
[regir] 4:29:03  175,185/1,000,000  9.4/s  upd=3718  L=0.0375  D=2.918
[regir] 4:29:13  175,516/1,000,000  9.4/s  upd=3723  L=0.0265  D=2.918
[regir] 4:29:24  175,516/1,000,000  9.4/s  upd=3729  L=0.0478  D=2.918
[regir] 4:29:36  175,834/1,000,000  9.4/s  upd=3735  L=0.0318  D=2.918
[regir] 4:29:46  176,181/1,000,000  9.5/s  upd=3741  L=0.0228  D=2.918
[regir] 4:29:56  176,464/1,000,000  9.5/s  upd=3747  L=0.0373  D=2.918
[regir] 4:30:06  176,464/1,000,000  9.5/s  upd=3753  L=0.0397  D=2.918
[regir] 4:30:17  176,840/1,000,000  9.5/s  upd=3760  L=0.0250  D=2.918
[regir] 4:30:29  177,253/1,000,000  9.5/s  upd=3767  L=0.0448  D=2.918
[regir] 4:30:40  177,604/1,000,000  9.5/s  upd=3774  L=0.0367  D=2.918
[regir] 4:30:52  177,940/1,000,000  9.5/s  upd=3780  L=0.0204  D=2.918
[regir] 4:31:04  177,940/1,000,000  9.5/s  upd=3786  L=0.0400  D=2.918
[regir] 4:31:15  178,238/1,000,000  9.5/s  upd=3792  L=0.0275  D=2.918
[regir] 4:31:25  178,669/1,000,000  9.6/s  upd=3798  L=0.0501  D=2.918
[regir] 4:37:01  178,669/1,000,000  9.4/s  upd=3802  L=0.0303  D=2.918
[regir] 4:37:13  179,022/1,000,000  9.4/s  upd=3807  L=0.0284  D=2.918
[regir] saved resume t_env=179,022
[regir] 4:37:25  179,407/1,000,000  9.4/s  upd=3811  L=0.0328  D=2.918
[regir] 4:37:35  179,407/1,000,000  9.4/s  upd=3818  L=0.0241  D=2.918
[regir] 4:37:46  179,690/1,000,000  9.4/s  upd=3823  L=0.0425  D=2.918
[regir] 4:37:57  180,068/1,000,000  9.4/s  upd=3829  L=0.0373  D=2.918
[regir] 4:38:07  180,068/1,000,000  9.4/s  upd=3834  L=0.0303  D=2.918
[regir] saved resume t_env=180,068
[regir] 4:38:35  180,068/1,000,000  9.4/s  upd=3834  L=0.0303  ev=0/100  D=2.918
[regir] 4:38:45  180,068/1,000,000  9.4/s  upd=3834  L=0.0303  ev=40/100  D=2.918
[regir] 4:38:55  180,068/1,000,000  9.4/s  upd=3834  L=0.0303  ev=78/100  D=2.918
[regir] 4:44:30  180,068/1,000,000  9.2/s  upd=3834  L=0.0303  D=3.270
[regir] 4:50:14  180,068/1,000,000  9.0/s  upd=3834  L=0.0303  D=3.270
[regir] 4:50:26  180,396/1,000,000  9.0/s  upd=3841  L=0.0302  D=3.270
[regir] saved resume t_env=180,396
[regir] 4:50:36  180,779/1,000,000  9.0/s  upd=3845  L=0.0232  D=3.270
[regir] 4:50:46  181,148/1,000,000  9.1/s  upd=3851  L=0.0323  D=3.270
[regir] 4:50:57  181,446/1,000,000  9.1/s  upd=3860  L=0.0266  D=3.270
[regir] 4:51:08  181,829/1,000,000  9.1/s  upd=3867  L=0.0484  D=3.270
[regir] 4:51:19  181,829/1,000,000  9.1/s  upd=3871  L=0.0246  D=3.270
[regir] 4:51:29  181,829/1,000,000  9.1/s  upd=3874  L=0.0207  D=3.270
[regir] 4:51:39  182,154/1,000,000  9.1/s  upd=3879  L=0.0238  D=3.270
[regir] 4:51:49  182,154/1,000,000  9.1/s  upd=3882  L=0.0253  D=3.270
[regir] 4:52:02  182,509/1,000,000  9.1/s  upd=3886  L=0.0511  D=3.270
[regir] 4:52:12  182,509/1,000,000  9.1/s  upd=3890  L=0.0297  D=3.270
[regir] 4:52:22  182,912/1,000,000  9.1/s  upd=3893  L=0.0325  D=3.270
[regir] 4:52:33  183,256/1,000,000  9.1/s  upd=3899  L=0.0334  D=3.270
[regir] 4:52:44  183,256/1,000,000  9.1/s  upd=3902  L=0.0362  D=3.270
[regir] 4:52:55  183,256/1,000,000  9.1/s  upd=3906  L=0.0304  D=3.270
[regir] 4:53:08  183,616/1,000,000  9.1/s  upd=3911  L=0.0289  D=3.270
[regir] 4:53:19  183,616/1,000,000  9.1/s  upd=3914  L=0.0204  D=3.270
[regir] 4:53:33  183,935/1,000,000  9.1/s  upd=3918  L=0.0280  D=3.270
[regir] 4:53:43  183,935/1,000,000  9.1/s  upd=3922  L=0.0361  D=3.270
[regir] 4:53:55  184,265/1,000,000  9.1/s  upd=3925  L=0.0430  D=3.270
[regir] 4:54:05  184,265/1,000,000  9.1/s  upd=3930  L=0.0212  D=3.270
[regir] 4:54:15  184,636/1,000,000  9.1/s  upd=3933  L=0.0496  D=3.270
[regir] 4:54:26  184,636/1,000,000  9.1/s  upd=3937  L=0.0362  D=3.270
[regir] 4:54:38  185,063/1,000,000  9.2/s  upd=3940  L=0.0303  D=3.270
[regir] 4:54:50  185,063/1,000,000  9.2/s  upd=3945  L=0.0209  D=3.270
[regir] 4:55:01  185,366/1,000,000  9.2/s  upd=3949  L=0.0450  D=3.270
[regir] 4:55:14  185,366/1,000,000  9.2/s  upd=3953  L=0.0404  D=3.270
[regir] 4:59:36  185,366/1,000,000  9.0/s  upd=3954  L=0.0301  D=3.270
[regir] 4:59:46  185,753/1,000,000  9.0/s  upd=3960  L=0.0340  D=3.270
[regir] 4:59:58  186,092/1,000,000  9.1/s  upd=3967  L=0.0393  D=3.270
[regir] 5:00:09  186,427/1,000,000  9.1/s  upd=3975  L=0.0318  D=3.270
[regir] 5:00:21  186,808/1,000,000  9.1/s  upd=3981  L=0.0307  D=3.270
[regir] 5:00:33  187,098/1,000,000  9.1/s  upd=3988  L=0.0264  D=3.270
[regir] saved resume t_env=187,098
[regir] 5:00:45  187,098/1,000,000  9.1/s  upd=3994  L=0.0351  D=3.270
[regir] 5:00:57  187,475/1,000,000  9.1/s  upd=4001  L=0.0305  D=3.270
[regir] 5:01:09  187,839/1,000,000  9.1/s  upd=4007  L=0.0326  D=3.270
[regir] 5:01:20  188,218/1,000,000  9.1/s  upd=4013  L=0.0325  D=3.270
[regir] 5:01:30  188,511/1,000,000  9.1/s  upd=4020  L=0.0317  D=3.270
[regir] 5:01:40  188,511/1,000,000  9.1/s  upd=4026  L=0.0283  D=3.270
[regir] 5:01:54  188,832/1,000,000  9.1/s  upd=4029  L=0.0224  D=3.270
[regir] 5:02:04  188,832/1,000,000  9.1/s  upd=4033  L=0.0313  D=3.270
[regir] 5:02:16  189,141/1,000,000  9.2/s  upd=4036  L=0.0303  D=3.270
[regir] 5:02:28  189,141/1,000,000  9.1/s  upd=4040  L=0.0383  D=3.270
[regir] 5:02:39  189,465/1,000,000  9.2/s  upd=4043  L=0.0290  D=3.270
[regir] 5:02:52  189,465/1,000,000  9.2/s  upd=4047  L=0.0431  D=3.270
[regir] 5:03:03  189,465/1,000,000  9.1/s  upd=4050  L=0.0301  D=3.270
[regir] 5:03:14  189,869/1,000,000  9.2/s  upd=4053  L=0.0235  D=3.270
[regir] 5:03:26  189,869/1,000,000  9.2/s  upd=4057  L=0.0237  D=3.270
[regir] 5:03:39  190,243/1,000,000  9.2/s  upd=4061  L=0.0363  D=3.270
[regir] 5:03:50  190,243/1,000,000  9.2/s  upd=4066  L=0.0396  D=3.270
[regir] 5:04:04  190,624/1,000,000  9.2/s  upd=4071  L=0.0291  D=3.270
[regir] 5:04:16  190,959/1,000,000  9.2/s  upd=4075  L=0.0348  D=3.270
[regir] 5:04:27  190,959/1,000,000  9.2/s  upd=4079  L=0.0241  D=3.270
[regir] 5:04:37  191,273/1,000,000  9.2/s  upd=4084  L=0.0353  D=3.270
[regir] 5:04:48  191,273/1,000,000  9.2/s  upd=4087  L=0.0356  D=3.270
[regir] 5:11:17  191,273/1,000,000  9.0/s  upd=4090  L=0.0326  D=3.270
[regir] 5:11:28  191,699/1,000,000  9.0/s  upd=4096  L=0.0251  D=3.270
[regir] saved resume t_env=191,699
[regir] 5:11:39  192,043/1,000,000  9.0/s  upd=4101  L=0.0387  D=3.270
[regir] 5:11:50  192,333/1,000,000  9.0/s  upd=4107  L=0.0286  D=3.270
[regir] 5:12:01  192,333/1,000,000  9.0/s  upd=4112  L=0.0302  D=3.270
[regir] 5:12:12  192,678/1,000,000  9.1/s  upd=4117  L=0.0250  D=3.270
[regir] 5:12:22  192,678/1,000,000  9.0/s  upd=4122  L=0.0301  D=3.270
[regir] 5:12:34  192,988/1,000,000  9.1/s  upd=4128  L=0.0319  D=3.270
[regir] 5:12:46  193,341/1,000,000  9.1/s  upd=4134  L=0.0293  D=3.270
[regir] 5:12:57  193,682/1,000,000  9.1/s  upd=4140  L=0.0414  D=3.270
[regir] 5:13:07  193,682/1,000,000  9.1/s  upd=4146  L=0.0204  D=3.270
[regir] 5:13:21  193,970/1,000,000  9.1/s  upd=4152  L=0.0224  D=3.270
[regir] 5:13:31  193,970/1,000,000  9.1/s  upd=4154  L=0.0208  D=3.270
[regir] 5:13:42  194,331/1,000,000  9.1/s  upd=4159  L=0.0233  D=3.270
[regir] 5:13:53  194,331/1,000,000  9.1/s  upd=4162  L=0.0194  D=3.270
[regir] 5:14:05  194,610/1,000,000  9.1/s  upd=4166  L=0.0254  D=3.270
[regir] 5:14:16  194,610/1,000,000  9.1/s  upd=4170  L=0.0680  D=3.270
[regir] 5:14:27  195,033/1,000,000  9.1/s  upd=4172  L=0.0467  D=3.270
[regir] 5:14:39  195,033/1,000,000  9.1/s  upd=4175  L=0.0253  D=3.270
[regir] 5:14:51  195,456/1,000,000  9.1/s  upd=4179  L=0.0256  D=3.270
[regir] 5:15:01  195,456/1,000,000  9.1/s  upd=4184  L=0.0333  D=3.270
[regir] 5:15:12  195,784/1,000,000  9.1/s  upd=4189  L=0.0411  D=3.270
[regir] 5:15:22  195,784/1,000,000  9.1/s  upd=4194  L=0.0269  D=3.270
[regir] 5:15:34  196,090/1,000,000  9.1/s  upd=4199  L=0.0246  D=3.270
[regir] 5:15:45  196,410/1,000,000  9.1/s  upd=4205  L=0.0460  D=3.270
[regir] 5:15:57  196,640/1,000,000  9.2/s  upd=4211  L=0.0280  D=3.270
[regir] 5:16:07  196,640/1,000,000  9.1/s  upd=4218  L=0.0274  D=3.270
[regir] 5:16:18  196,955/1,000,000  9.2/s  upd=4224  L=0.0299  D=3.270
[regir] 5:23:59  196,955/1,000,000  8.9/s  upd=4226  L=0.0265  D=3.270
[regir] 5:24:10  197,318/1,000,000  9.0/s  upd=4231  L=0.0339  D=3.270
[regir] saved resume t_env=197,318
[regir] 5:24:20  197,661/1,000,000  9.0/s  upd=4235  L=0.0395  D=3.270
[regir] 5:24:31  197,661/1,000,000  9.0/s  upd=4242  L=0.0446  D=3.270
[regir] 5:24:41  198,002/1,000,000  9.0/s  upd=4249  L=0.0278  D=3.270
[regir] 5:24:52  198,338/1,000,000  9.0/s  upd=4256  L=0.0312  D=3.270
[regir] 5:25:02  198,692/1,000,000  9.0/s  upd=4260  L=0.0257  D=3.270
[regir] 5:25:13  198,692/1,000,000  9.0/s  upd=4265  L=0.0383  D=3.270
[regir] 5:25:24  198,996/1,000,000  9.0/s  upd=4271  L=0.0340  D=3.270
[regir] 5:25:34  199,353/1,000,000  9.0/s  upd=4276  L=0.0311  D=3.270
[regir] 5:25:45  199,353/1,000,000  9.0/s  upd=4282  L=0.0349  D=3.270
[regir] 5:25:57  199,682/1,000,000  9.0/s  upd=4287  L=0.0339  D=3.270
[regir] 5:26:07  200,026/1,000,000  9.0/s  upd=4292  L=0.0238  D=3.270
[regir] saved resume t_env=200,026
[regir] 5:26:45  200,026/1,000,000  9.0/s  upd=4298  L=0.0335  ev=0/100  D=3.270
[regir] 5:33:41  200,026/1,000,000  8.8/s  upd=4298  L=0.0335  D=1.713
[regir] 5:39:17  200,026/1,000,000  8.7/s  upd=4298  L=0.0335  D=1.713
[regir] 5:39:29  200,304/1,000,000  8.7/s  upd=4306  L=0.0375  D=1.713
[regir] saved resume t_env=200,304
[regir] 5:39:40  200,644/1,000,000  8.7/s  upd=4312  L=0.0643  D=1.713
[regir] 5:39:50  201,011/1,000,000  8.7/s  upd=4318  L=0.0421  D=1.713
[regir] 5:40:02  201,414/1,000,000  8.7/s  upd=4325  L=0.0290  D=1.713
[regir] 5:40:12  201,788/1,000,000  8.8/s  upd=4332  L=0.0224  D=1.713
[regir] 5:40:24  201,788/1,000,000  8.7/s  upd=4338  L=0.0251  D=1.713
[regir] 5:40:34  202,083/1,000,000  8.8/s  upd=4341  L=0.0289  D=1.713
[regir] 5:40:45  202,392/1,000,000  8.8/s  upd=4347  L=0.0205  D=1.713
[regir] 5:40:58  202,392/1,000,000  8.8/s  upd=4351  L=0.0338  D=1.713
[regir] 5:41:08  202,392/1,000,000  8.8/s  upd=4354  L=0.0288  D=1.713
[regir] 5:41:21  202,730/1,000,000  8.8/s  upd=4359  L=0.0285  D=1.713
[regir] 5:41:31  202,730/1,000,000  8.8/s  upd=4362  L=0.0270  D=1.713
[regir] 5:41:42  203,088/1,000,000  8.8/s  upd=4367  L=0.0459  D=1.713
[regir] 5:41:52  203,088/1,000,000  8.8/s  upd=4370  L=0.0543  D=1.713
[regir] 5:42:03  203,417/1,000,000  8.8/s  upd=4374  L=0.0278  D=1.713
[regir] 5:42:15  203,417/1,000,000  8.8/s  upd=4378  L=0.0338  D=1.713
[regir] 5:42:29  203,704/1,000,000  8.8/s  upd=4382  L=0.0467  D=1.713
[regir] 5:42:41  203,704/1,000,000  8.8/s  upd=4385  L=0.0220  D=1.713
[regir] 5:42:51  203,991/1,000,000  8.8/s  upd=4389  L=0.0319  D=1.713
[regir] 5:43:01  203,991/1,000,000  8.8/s  upd=4393  L=0.0379  D=1.713
[regir] 5:43:12  204,286/1,000,000  8.8/s  upd=4397  L=0.0236  D=1.713
[regir] 5:43:23  204,286/1,000,000  8.8/s  upd=4401  L=0.0216  D=1.713
[regir] 5:43:33  204,286/1,000,000  8.8/s  upd=4402  L=0.0434  D=1.713
[regir] 5:43:47  204,634/1,000,000  8.8/s  upd=4407  L=0.0272  D=1.713
[regir] 5:43:57  204,634/1,000,000  8.8/s  upd=4410  L=0.0388  D=1.713
[regir] 5:44:08  204,915/1,000,000  8.8/s  upd=4413  L=0.0310  D=1.713
[regir] 5:44:19  204,915/1,000,000  8.8/s  upd=4416  L=0.0306  D=1.713
[regir] 5:49:35  204,915/1,000,000  8.7/s  upd=4418  L=0.0337  D=1.713
[regir] 5:49:46  205,275/1,000,000  8.7/s  upd=4423  L=0.0375  D=1.713
[regir] saved resume t_env=205,275
[regir] 5:49:56  205,616/1,000,000  8.7/s  upd=4428  L=0.0363  D=1.713
[regir] 5:50:06  205,616/1,000,000  8.7/s  upd=4434  L=0.0266  D=1.713
[regir] 5:50:19  205,949/1,000,000  8.7/s  upd=4441  L=0.0415  D=1.713
[regir] 5:50:29  206,234/1,000,000  8.7/s  upd=4448  L=0.0292  D=1.713
[regir] 5:50:41  206,548/1,000,000  8.7/s  upd=4455  L=0.0353  D=1.713
[regir] 5:50:51  206,856/1,000,000  8.7/s  upd=4461  L=0.0263  D=1.713
[regir] 5:51:02  207,167/1,000,000  8.7/s  upd=4467  L=0.0415  D=1.713
[regir] 5:51:13  207,167/1,000,000  8.7/s  upd=4472  L=0.0380  D=1.713
[regir] 5:51:24  207,526/1,000,000  8.7/s  upd=4477  L=0.0398  D=1.713
[regir] 5:51:36  207,797/1,000,000  8.8/s  upd=4483  L=0.0325  D=1.713
[regir] 5:51:48  207,797/1,000,000  8.7/s  upd=4488  L=0.0534  D=1.713
[regir] 5:51:59  208,113/1,000,000  8.8/s  upd=4491  L=0.0269  D=1.713
[regir] 5:52:12  208,113/1,000,000  8.8/s  upd=4495  L=0.0229  D=1.713
[regir] 5:52:22  208,113/1,000,000  8.7/s  upd=4498  L=0.0368  D=1.713
[regir] 5:52:32  208,507/1,000,000  8.8/s  upd=4501  L=0.0320  D=1.713
[regir] 5:52:44  208,507/1,000,000  8.8/s  upd=4505  L=0.0447  D=1.713
[regir] 5:52:55  208,816/1,000,000  8.8/s  upd=4509  L=0.0289  D=1.713
[regir] 5:53:08  208,816/1,000,000  8.8/s  upd=4513  L=0.0366  D=1.713
[regir] 5:53:18  209,186/1,000,000  8.8/s  upd=4515  L=0.0315  D=1.713
[regir] 5:53:32  209,186/1,000,000  8.8/s  upd=4519  L=0.0304  D=1.713
[regir] 5:53:42  209,186/1,000,000  8.8/s  upd=4522  L=0.0372  D=1.713
[regir] 5:53:54  209,537/1,000,000  8.8/s  upd=4526  L=0.0384  D=1.713
[regir] 5:54:04  209,537/1,000,000  8.8/s  upd=4530  L=0.0395  D=1.713
[regir] 5:54:17  209,884/1,000,000  8.8/s  upd=4533  L=0.0368  D=1.713
[regir] 5:54:29  209,884/1,000,000  8.8/s  upd=4538  L=0.0425  D=1.713
[regir] 5:54:41  210,201/1,000,000  8.8/s  upd=4541  L=0.0381  D=1.713
[regir] 5:54:53  210,201/1,000,000  8.8/s  upd=4545  L=0.0431  D=1.713
[regir] 6:00:10  210,201/1,000,000  8.7/s  upd=4546  L=0.0396  D=1.713
[regir] 6:00:20  210,467/1,000,000  8.7/s  upd=4550  L=0.0281  D=1.713
[regir] saved resume t_env=210,467
[regir] 6:00:30  210,467/1,000,000  8.7/s  upd=4554  L=0.0341  D=1.713
[regir] 6:00:41  210,810/1,000,000  8.7/s  upd=4559  L=0.0414  D=1.713
[regir] 6:00:52  211,125/1,000,000  8.7/s  upd=4567  L=0.0395  D=1.713
[regir] 6:01:03  211,443/1,000,000  8.7/s  upd=4574  L=0.0283  D=1.713
[regir] 6:01:14  211,805/1,000,000  8.7/s  upd=4581  L=0.0282  D=1.713
[regir] 6:01:25  211,805/1,000,000  8.7/s  upd=4586  L=0.0340  D=1.713
[regir] 6:01:36  212,145/1,000,000  8.7/s  upd=4591  L=0.0327  D=1.713
[regir] 6:01:48  212,505/1,000,000  8.7/s  upd=4596  L=0.0278  D=1.713
[regir] 6:01:58  212,818/1,000,000  8.7/s  upd=4604  L=0.0389  D=1.713
[regir] 6:02:09  213,181/1,000,000  8.7/s  upd=4611  L=0.0264  D=1.713
[regir] 6:02:20  213,181/1,000,000  8.7/s  upd=4618  L=0.0409  D=1.713
[regir] 6:02:31  213,552/1,000,000  8.8/s  upd=4626  L=0.0298  D=1.713
[regir] 6:02:42  213,930/1,000,000  8.8/s  upd=4634  L=0.0264  D=1.713
[regir] 6:02:53  214,344/1,000,000  8.8/s  upd=4640  L=0.0377  D=1.713
[regir] 6:03:03  214,672/1,000,000  8.8/s  upd=4649  L=0.0303  D=1.713
[regir] 6:03:14  214,971/1,000,000  8.8/s  upd=4654  L=0.0250  D=1.713
[regir] 6:03:25  215,377/1,000,000  8.8/s  upd=4662  L=0.0294  D=1.713
[regir] 6:03:38  215,726/1,000,000  8.8/s  upd=4669  L=0.0336  D=1.713
[regir] 6:03:49  215,726/1,000,000  8.8/s  upd=4674  L=0.0381  D=1.713
[regir] 6:03:59  216,055/1,000,000  8.8/s  upd=4681  L=0.0242  D=1.713
[regir] 6:04:10  216,445/1,000,000  8.8/s  upd=4688  L=0.0236  D=1.713
[regir] 6:04:21  216,832/1,000,000  8.9/s  upd=4694  L=0.0306  D=1.713
[regir] 6:04:33  217,141/1,000,000  8.9/s  upd=4700  L=0.0289  D=1.713
[regir] 6:04:43  217,141/1,000,000  8.9/s  upd=4706  L=0.0347  D=1.713
[regir] 6:04:53  217,471/1,000,000  8.9/s  upd=4712  L=0.0407  D=1.713
[regir] 6:05:05  217,793/1,000,000  8.9/s  upd=4716  L=0.0256  D=1.713
[regir] 6:05:17  217,793/1,000,000  8.9/s  upd=4721  L=0.0195  D=1.713
[regir] 6:10:31  217,793/1,000,000  8.8/s  upd=4722  L=0.0279  D=1.713
[regir] 6:10:41  218,099/1,000,000  8.8/s  upd=4730  L=0.0264  D=1.713
[regir] saved resume t_env=218,099
[regir] 6:10:53  218,423/1,000,000  8.8/s  upd=4736  L=0.0302  D=1.713
[regir] 6:11:04  218,728/1,000,000  8.8/s  upd=4743  L=0.0454  D=1.713
[regir] 6:11:16  219,021/1,000,000  8.8/s  upd=4750  L=0.0399  D=1.713
[regir] 6:11:28  219,370/1,000,000  8.8/s  upd=4757  L=0.0257  D=1.713
[regir] 6:11:39  219,750/1,000,000  8.8/s  upd=4764  L=0.0306  D=1.713
[regir] 6:11:49  219,750/1,000,000  8.8/s  upd=4770  L=0.0448  D=1.713
[regir] 6:12:00  220,053/1,000,000  8.8/s  upd=4777  L=0.0357  D=1.713
[regir] saved resume t_env=220,053
[regir] 6:12:30  220,053/1,000,000  8.8/s  upd=4778  L=0.0462  ev=0/100  D=1.713
[regir] 6:12:40  220,053/1,000,000  8.8/s  upd=4778  L=0.0462  ev=99/100  D=1.713
[regir] 6:19:12  220,053/1,000,000  8.7/s  upd=4778  L=0.0462  D=1.966
[regir] 6:26:55  220,053/1,000,000  8.5/s  upd=4778  L=0.0462  D=1.966
[regir] 6:27:06  220,414/1,000,000  8.5/s  upd=4784  L=0.0236  D=1.966
[regir] saved resume t_env=220,414
[regir] 6:27:16  220,808/1,000,000  8.5/s  upd=4788  L=0.0353  D=1.966
[regir] 6:27:27  221,176/1,000,000  8.5/s  upd=4795  L=0.0411  D=1.966
[regir] 6:27:39  221,498/1,000,000  8.5/s  upd=4804  L=0.0324  D=1.966
[regir] 6:27:51  221,498/1,000,000  8.5/s  upd=4810  L=0.0352  D=1.966
[regir] 6:28:02  221,765/1,000,000  8.5/s  upd=4816  L=0.0229  D=1.966
[regir] 6:28:12  222,076/1,000,000  8.5/s  upd=4824  L=0.0527  D=1.966
[regir] 6:28:22  222,381/1,000,000  8.6/s  upd=4832  L=0.0405  D=1.966
[regir] 6:28:32  222,709/1,000,000  8.6/s  upd=4838  L=0.0288  D=1.966
[regir] 6:28:42  222,996/1,000,000  8.6/s  upd=4845  L=0.0367  D=1.966
[regir] 6:28:53  223,252/1,000,000  8.6/s  upd=4853  L=0.0344  D=1.966
[regir] 6:29:04  223,535/1,000,000  8.6/s  upd=4859  L=0.0288  D=1.966
[regir] 6:29:15  223,535/1,000,000  8.6/s  upd=4866  L=0.0344  D=1.966
[regir] 6:29:25  223,853/1,000,000  8.6/s  upd=4872  L=0.0221  D=1.966
[regir] 6:29:36  224,131/1,000,000  8.6/s  upd=4876  L=0.0245  D=1.966
[regir] 6:29:47  224,131/1,000,000  8.6/s  upd=4882  L=0.0362  D=1.966
[regir] 6:29:57  224,405/1,000,000  8.6/s  upd=4886  L=0.0373  D=1.966
[regir] 6:30:08  224,732/1,000,000  8.6/s  upd=4891  L=0.0411  D=1.966
[regir] 6:30:18  224,732/1,000,000  8.6/s  upd=4896  L=0.0331  D=1.966
[regir] 6:30:29  225,064/1,000,000  8.6/s  upd=4901  L=0.0324  D=1.966
[regir] 6:30:39  225,064/1,000,000  8.6/s  upd=4906  L=0.0399  D=1.966
[regir] 6:30:51  225,366/1,000,000  8.6/s  upd=4913  L=0.0249  D=1.966
[regir] 6:31:03  225,694/1,000,000  8.6/s  upd=4920  L=0.0565  D=1.966
[regir] 6:31:13  226,063/1,000,000  8.6/s  upd=4925  L=0.0447  D=1.966
[regir] 6:31:23  226,063/1,000,000  8.6/s  upd=4930  L=0.0224  D=1.966
[regir] 6:31:35  226,361/1,000,000  8.6/s  upd=4936  L=0.0241  D=1.966
[regir] 6:31:47  226,649/1,000,000  8.7/s  upd=4942  L=0.0199  D=1.966
[regir] 6:31:57  226,970/1,000,000  8.7/s  upd=4948  L=0.0250  D=1.966
[regir] 6:32:07  226,970/1,000,000  8.7/s  upd=4954  L=0.0319  D=1.966
[regir] 6:36:37  226,970/1,000,000  8.6/s  upd=4954  L=0.0319  D=1.966
[regir] 6:36:49  227,289/1,000,000  8.6/s  upd=4959  L=0.0445  D=1.966
[regir] 6:36:59  227,289/1,000,000  8.6/s  upd=4962  L=0.0373  D=1.966
[regir] 6:37:09  227,624/1,000,000  8.6/s  upd=4967  L=0.0411  D=1.966
[regir] saved resume t_env=227,624
[regir] 6:37:20  227,624/1,000,000  8.6/s  upd=4970  L=0.0365  D=1.966
[regir] 6:37:30  227,948/1,000,000  8.6/s  upd=4974  L=0.0273  D=1.966
[regir] 6:37:40  227,948/1,000,000  8.6/s  upd=4977  L=0.0277  D=1.966
[regir] 6:37:51  228,285/1,000,000  8.6/s  upd=4981  L=0.0171  D=1.966
[regir] 6:38:02  228,285/1,000,000  8.6/s  upd=4985  L=0.0318  D=1.966
[regir] 6:38:13  228,614/1,000,000  8.6/s  upd=4988  L=0.0296  D=1.966
[regir] 6:38:25  228,614/1,000,000  8.6/s  upd=4991  L=0.0292  D=1.966
[regir] 6:38:35  228,968/1,000,000  8.6/s  upd=4996  L=0.0283  D=1.966
[regir] 6:38:46  228,968/1,000,000  8.6/s  upd=5000  L=0.0213  D=1.966
[regir] 6:38:58  229,302/1,000,000  8.6/s  upd=5005  L=0.0253  D=1.966
[regir] 6:39:10  229,596/1,000,000  8.6/s  upd=5013  L=0.0396  D=1.966
[regir] 6:39:21  229,923/1,000,000  8.6/s  upd=5019  L=0.0269  D=1.966
[regir] 6:39:31  229,923/1,000,000  8.6/s  upd=5026  L=0.0212  D=1.966
[regir] 6:39:41  230,202/1,000,000  8.6/s  upd=5033  L=0.0384  D=1.966
[regir] 6:39:53  230,539/1,000,000  8.6/s  upd=5041  L=0.0502  D=1.966
[regir] 6:40:05  230,868/1,000,000  8.7/s  upd=5049  L=0.0316  D=1.966
[regir] 6:40:16  231,211/1,000,000  8.7/s  upd=5055  L=0.0476  D=1.966
[regir] 6:40:27  231,496/1,000,000  8.7/s  upd=5060  L=0.0284  D=1.966
[regir] 6:40:39  231,918/1,000,000  8.7/s  upd=5068  L=0.0341  D=1.966
[regir] 6:40:50  232,217/1,000,000  8.7/s  upd=5075  L=0.0272  D=1.966
[regir] 6:41:01  232,217/1,000,000  8.7/s  upd=5081  L=0.0248  D=1.966
[regir] 6:41:11  232,530/1,000,000  8.7/s  upd=5088  L=0.0309  D=1.966
[regir] 6:41:22  232,842/1,000,000  8.7/s  upd=5095  L=0.0394  D=1.966
[regir] 6:41:34  233,154/1,000,000  8.7/s  upd=5102  L=0.0227  D=1.966
[regir] 6:48:25  233,154/1,000,000  8.6/s  upd=5106  L=0.0295  D=1.966
[regir] 6:48:35  233,502/1,000,000  8.6/s  upd=5109  L=0.0326  D=1.966
[regir] 6:48:47  233,502/1,000,000  8.6/s  upd=5112  L=0.0482  D=1.966
[regir] saved resume t_env=233,502
[regir] 6:48:58  233,863/1,000,000  8.6/s  upd=5115  L=0.0323  D=1.966
[regir] 6:49:09  233,863/1,000,000  8.6/s  upd=5120  L=0.0331  D=1.966
[regir] 6:49:20  234,200/1,000,000  8.6/s  upd=5127  L=0.0400  D=1.966
[regir] 6:49:31  234,539/1,000,000  8.6/s  upd=5135  L=0.0237  D=1.966
[regir] 6:49:42  234,865/1,000,000  8.6/s  upd=5142  L=0.0302  D=1.966
[regir] 6:49:53  235,265/1,000,000  8.6/s  upd=5147  L=0.0209  D=1.966
[regir] 6:50:04  235,265/1,000,000  8.6/s  upd=5153  L=0.0252  D=1.966
[regir] 6:50:16  235,552/1,000,000  8.6/s  upd=5158  L=0.0371  D=1.966
[regir] 6:50:28  235,875/1,000,000  8.6/s  upd=5165  L=0.0344  D=1.966
[regir] 6:50:39  236,173/1,000,000  8.6/s  upd=5171  L=0.0487  D=1.966
[regir] 6:50:49  236,173/1,000,000  8.6/s  upd=5178  L=0.0312  D=1.966
[regir] 6:50:59  236,469/1,000,000  8.7/s  upd=5186  L=0.0280  D=1.966
[regir] 6:51:11  236,840/1,000,000  8.7/s  upd=5193  L=0.0280  D=1.966
[regir] 6:51:22  237,158/1,000,000  8.7/s  upd=5200  L=0.0310  D=1.966
[regir] 6:51:32  237,438/1,000,000  8.7/s  upd=5205  L=0.0272  D=1.966
[regir] 6:51:43  237,765/1,000,000  8.7/s  upd=5212  L=0.0420  D=1.966
[regir] 6:51:53  238,142/1,000,000  8.7/s  upd=5219  L=0.0262  D=1.966
[regir] 6:52:03  238,142/1,000,000  8.7/s  upd=5226  L=0.0286  D=1.966
[regir] 6:52:16  238,433/1,000,000  8.7/s  upd=5234  L=0.0225  D=1.966
[regir] 6:52:27  238,795/1,000,000  8.7/s  upd=5240  L=0.0203  D=1.966
[regir] 6:52:38  239,146/1,000,000  8.7/s  upd=5246  L=0.0343  D=1.966
[regir] 6:52:48  239,498/1,000,000  8.7/s  upd=5253  L=0.0381  D=1.966
[regir] 6:52:59  239,856/1,000,000  8.7/s  upd=5260  L=0.0302  D=1.966
[regir] 6:53:09  239,856/1,000,000  8.7/s  upd=5266  L=0.0277  D=1.966
[regir] 6:53:19  240,163/1,000,000  8.8/s  upd=5272  L=0.0267  D=1.966
[regir] saved resume t_env=240,163
[regir] 6:53:53  240,163/1,000,000  8.7/s  upd=5274  L=0.0260  ev=0/100  D=1.966
[regir] 7:00:14  240,163/1,000,000  8.6/s  upd=5274  L=0.0260  D=1.647
[regir] 7:06:05  240,163/1,000,000  8.5/s  upd=5274  L=0.0260  D=1.647
[regir] 7:06:16  240,411/1,000,000  8.5/s  upd=5277  L=0.0323  D=1.647
[regir] 7:06:29  240,411/1,000,000  8.5/s  upd=5282  L=0.0381  D=1.647
[regir] saved resume t_env=240,411
[regir] 7:06:40  240,727/1,000,000  8.5/s  upd=5285  L=0.0316  D=1.647
[regir] 7:06:53  240,727/1,000,000  8.5/s  upd=5289  L=0.0267  D=1.647
[regir] 7:07:05  241,004/1,000,000  8.5/s  upd=5292  L=0.0289  D=1.647
[regir] 7:07:18  241,004/1,000,000  8.5/s  upd=5296  L=0.0288  D=1.647
[regir] 7:07:29  241,358/1,000,000  8.5/s  upd=5301  L=0.0239  D=1.647
[regir] 7:07:41  241,358/1,000,000  8.5/s  upd=5305  L=0.0189  D=1.647
[regir] 7:07:51  241,650/1,000,000  8.5/s  upd=5309  L=0.0203  D=1.647
[regir] 7:08:05  241,650/1,000,000  8.5/s  upd=5314  L=0.0234  D=1.647
[regir] 7:08:16  241,961/1,000,000  8.5/s  upd=5317  L=0.0309  D=1.647
[regir] 7:08:26  241,961/1,000,000  8.5/s  upd=5322  L=0.0279  D=1.647
[regir] 7:08:37  242,333/1,000,000  8.5/s  upd=5324  L=0.0206  D=1.647
[regir] 7:08:49  242,333/1,000,000  8.5/s  upd=5328  L=0.0392  D=1.647
[regir] 7:08:59  242,655/1,000,000  8.5/s  upd=5331  L=0.0609  D=1.647
[regir] 7:09:09  242,655/1,000,000  8.5/s  upd=5336  L=0.0225  D=1.647
[regir] 7:09:22  242,959/1,000,000  8.5/s  upd=5339  L=0.0467  D=1.647
[regir] 7:09:34  242,959/1,000,000  8.5/s  upd=5345  L=0.0184  D=1.647
[regir] 7:09:44  243,347/1,000,000  8.5/s  upd=5349  L=0.0290  D=1.647
[regir] 7:09:55  243,707/1,000,000  8.6/s  upd=5355  L=0.0209  D=1.647
[regir] 7:10:05  244,016/1,000,000  8.6/s  upd=5362  L=0.0411  D=1.647
[regir] 7:10:16  244,016/1,000,000  8.6/s  upd=5370  L=0.0351  D=1.647
[regir] 7:10:28  244,300/1,000,000  8.6/s  upd=5377  L=0.0339  D=1.647
[regir] 7:10:38  244,628/1,000,000  8.6/s  upd=5385  L=0.0329  D=1.647
[regir] 7:10:50  245,078/1,000,000  8.6/s  upd=5391  L=0.0445  D=1.647
[regir] 7:11:01  245,441/1,000,000  8.6/s  upd=5397  L=0.0355  D=1.647
[regir] 7:11:12  245,441/1,000,000  8.6/s  upd=5402  L=0.0292  D=1.647
[regir] 7:17:53  245,441/1,000,000  8.5/s  upd=5402  L=0.0292  D=1.647
[regir] 7:18:06  245,791/1,000,000  8.5/s  upd=5405  L=0.0362  D=1.647
[regir] 7:18:20  245,791/1,000,000  8.5/s  upd=5409  L=0.0294  D=1.647
[regir] saved resume t_env=245,791
[regir] 7:18:33  246,094/1,000,000  8.5/s  upd=5413  L=0.0418  D=1.647
[regir] 7:18:43  246,094/1,000,000  8.5/s  upd=5418  L=0.0370  D=1.647
[regir] 7:18:54  246,469/1,000,000  8.5/s  upd=5424  L=0.0266  D=1.647
[regir] 7:19:04  246,854/1,000,000  8.5/s  upd=5430  L=0.0299  D=1.647
[regir] 7:19:14  247,140/1,000,000  8.5/s  upd=5435  L=0.0266  D=1.647
[regir] 7:19:25  247,140/1,000,000  8.5/s  upd=5442  L=0.0339  D=1.647
[regir] 7:19:36  247,446/1,000,000  8.5/s  upd=5447  L=0.0381  D=1.647
[regir] 7:19:48  247,753/1,000,000  8.5/s  upd=5453  L=0.0473  D=1.647
[regir] 7:19:58  248,057/1,000,000  8.5/s  upd=5460  L=0.0431  D=1.647
[regir] 7:20:08  248,057/1,000,000  8.5/s  upd=5466  L=0.0377  D=1.647
[regir] 7:20:20  248,342/1,000,000  8.5/s  upd=5473  L=0.0430  D=1.647
[regir] 7:20:31  248,652/1,000,000  8.5/s  upd=5480  L=0.0202  D=1.647
[regir] 7:20:43  248,941/1,000,000  8.5/s  upd=5487  L=0.0375  D=1.647
[regir] 7:20:54  249,226/1,000,000  8.5/s  upd=5493  L=0.0235  D=1.647
[regir] 7:21:04  249,559/1,000,000  8.6/s  upd=5499  L=0.0306  D=1.647
[regir] 7:21:15  249,559/1,000,000  8.6/s  upd=5506  L=0.0377  D=1.647
[regir] 7:21:26  249,862/1,000,000  8.6/s  upd=5512  L=0.0194  D=1.647
[regir] 7:21:37  250,214/1,000,000  8.6/s  upd=5518  L=0.0432  D=1.647
[regir] 7:21:48  250,517/1,000,000  8.6/s  upd=5524  L=0.0334  D=1.647
[regir] 7:21:59  250,856/1,000,000  8.6/s  upd=5532  L=0.0318  D=1.647
[regir] 7:22:10  250,856/1,000,000  8.6/s  upd=5538  L=0.0349  D=1.647
[regir] 7:22:21  251,194/1,000,000  8.6/s  upd=5545  L=0.0345  D=1.647
[regir] 7:22:32  251,539/1,000,000  8.6/s  upd=5553  L=0.0267  D=1.647
[regir] 7:22:42  251,966/1,000,000  8.6/s  upd=5560  L=0.0238  D=1.647
[regir] 7:22:53  252,311/1,000,000  8.6/s  upd=5567  L=0.0259  D=1.647
[regir] 7:28:50  252,311/1,000,000  8.5/s  upd=5570  L=0.0283  D=1.647
[regir] 7:29:00  252,583/1,000,000  8.5/s  upd=5576  L=0.0282  D=1.647
[regir] saved resume t_env=252,583
[regir] 7:29:10  252,875/1,000,000  8.5/s  upd=5582  L=0.0254  D=1.647
[regir] 7:29:21  253,218/1,000,000  8.5/s  upd=5588  L=0.0308  D=1.647
[regir] 7:29:31  253,573/1,000,000  8.5/s  upd=5595  L=0.0294  D=1.647
[regir] 7:29:42  253,573/1,000,000  8.5/s  upd=5602  L=0.0265  D=1.647
[regir] 7:29:53  253,925/1,000,000  8.6/s  upd=5609  L=0.0305  D=1.647
[regir] 7:30:03  254,239/1,000,000  8.6/s  upd=5613  L=0.0332  D=1.647
[regir] 7:30:15  254,508/1,000,000  8.6/s  upd=5619  L=0.0185  D=1.647
[regir] 7:30:26  254,784/1,000,000  8.6/s  upd=5627  L=0.0391  D=1.647
[regir] 7:30:37  254,784/1,000,000  8.6/s  upd=5634  L=0.0261  D=1.647
[regir] 7:30:48  255,161/1,000,000  8.6/s  upd=5641  L=0.0232  D=1.647
[regir] 7:30:58  255,562/1,000,000  8.6/s  upd=5648  L=0.0305  D=1.647
[regir] 7:31:09  255,846/1,000,000  8.6/s  upd=5654  L=0.0184  D=1.647
[regir] 7:31:20  256,116/1,000,000  8.6/s  upd=5660  L=0.0277  D=1.647
[regir] 7:31:30  256,116/1,000,000  8.6/s  upd=5666  L=0.0302  D=1.647
[regir] 7:31:42  256,724/1,000,000  8.6/s  upd=5675  L=0.0278  D=1.647
[regir] 7:31:53  256,724/1,000,000  8.6/s  upd=5682  L=0.0333  D=1.647
[regir] 7:32:04  257,042/1,000,000  8.6/s  upd=5690  L=0.0262  D=1.647
[regir] 7:32:15  257,347/1,000,000  8.6/s  upd=5698  L=0.0212  D=1.647
[regir] 7:32:26  257,668/1,000,000  8.6/s  upd=5704  L=0.0387  D=1.647
[regir] 7:32:37  257,992/1,000,000  8.6/s  upd=5710  L=0.0310  D=1.647
[regir] 7:32:49  258,305/1,000,000  8.7/s  upd=5720  L=0.0467  D=1.647
[regir] 7:33:00  258,633/1,000,000  8.7/s  upd=5726  L=0.0265  D=1.647
[regir] 7:33:12  259,045/1,000,000  8.7/s  upd=5735  L=0.0259  D=1.647
[regir] 7:33:24  259,332/1,000,000  8.7/s  upd=5742  L=0.0322  D=1.647
[regir] 7:33:35  259,630/1,000,000  8.7/s  upd=5750  L=0.0423  D=1.647
[regir] 7:33:46  259,959/1,000,000  8.7/s  upd=5756  L=0.0291  D=1.647
[regir] 7:33:57  259,959/1,000,000  8.7/s  upd=5762  L=0.0387  D=1.647
[regir] 7:39:43  259,959/1,000,000  8.6/s  upd=5762  L=0.0387  D=1.647
[regir] saved resume t_env=260,253
[regir] 7:40:23  260,253/1,000,000  8.6/s  upd=5770  L=0.0403  ev=0/100  D=1.647
[regir] 7:40:33  260,253/1,000,000  8.6/s  upd=5770  L=0.0403  ev=79/100  D=1.647
[regir] 7:46:40  260,253/1,000,000  8.5/s  upd=5770  L=0.0403  D=1.556
[regir] 7:53:17  260,253/1,000,000  8.4/s  upd=5770  L=0.0403  D=1.556
[regir] 7:53:27  260,590/1,000,000  8.4/s  upd=5774  L=0.0343  D=1.556
[regir] 7:53:38  260,590/1,000,000  8.4/s  upd=5778  L=0.0378  D=1.556
[regir] saved resume t_env=260,590
[regir] 7:53:50  260,887/1,000,000  8.4/s  upd=5781  L=0.0431  D=1.556
[regir] 7:54:01  260,887/1,000,000  8.4/s  upd=5785  L=0.0227  D=1.556
[regir] 7:54:11  261,224/1,000,000  8.4/s  upd=5789  L=0.0276  D=1.556
[regir] 7:54:26  261,224/1,000,000  8.4/s  upd=5794  L=0.0249  D=1.556
[regir] 7:54:38  261,556/1,000,000  8.4/s  upd=5798  L=0.0475  D=1.556
[regir] 7:54:48  261,556/1,000,000  8.4/s  upd=5802  L=0.0256  D=1.556
[regir] 7:54:58  261,888/1,000,000  8.4/s  upd=5805  L=0.0309  D=1.556
[regir] 7:55:09  261,888/1,000,000  8.4/s  upd=5810  L=0.0282  D=1.556
[regir] 7:55:20  262,240/1,000,000  8.4/s  upd=5814  L=0.0310  D=1.556
[regir] 7:55:30  262,240/1,000,000  8.4/s  upd=5818  L=0.0274  D=1.556
[regir] 7:55:41  262,568/1,000,000  8.4/s  upd=5823  L=0.0288  D=1.556
[regir] 7:55:52  262,893/1,000,000  8.4/s  upd=5827  L=0.0229  D=1.556
[regir] 7:56:04  262,893/1,000,000  8.4/s  upd=5831  L=0.0279  D=1.556
[regir] 7:56:14  262,893/1,000,000  8.4/s  upd=5834  L=0.0324  D=1.556
[regir] 7:56:25  263,215/1,000,000  8.4/s  upd=5839  L=0.0270  D=1.556
[regir] 7:56:36  263,642/1,000,000  8.4/s  upd=5845  L=0.0313  D=1.556
[regir] 7:56:47  264,005/1,000,000  8.4/s  upd=5851  L=0.0295  D=1.556
[regir] 7:56:58  264,293/1,000,000  8.4/s  upd=5860  L=0.0376  D=1.556
[regir] 7:57:10  264,293/1,000,000  8.4/s  upd=5866  L=0.0491  D=1.556
[regir] 7:57:21  264,661/1,000,000  8.4/s  upd=5871  L=0.0214  D=1.556
[regir] 7:57:32  264,961/1,000,000  8.4/s  upd=5877  L=0.0208  D=1.556
[regir] 7:57:43  265,229/1,000,000  8.4/s  upd=5883  L=0.0448  D=1.556
[regir] 7:57:54  265,229/1,000,000  8.4/s  upd=5890  L=0.0334  D=1.556
[regir] 7:58:05  265,575/1,000,000  8.5/s  upd=5895  L=0.0254  D=1.556
[regir] 7:58:16  265,872/1,000,000  8.5/s  upd=5902  L=0.0359  D=1.556
[regir] 8:04:06  265,872/1,000,000  8.4/s  upd=5906  L=0.0379  D=1.556
[regir] 8:04:17  266,158/1,000,000  8.4/s  upd=5908  L=0.0295  D=1.556
[regir] 8:04:28  266,158/1,000,000  8.4/s  upd=5912  L=0.0327  D=1.556
[regir] saved resume t_env=266,158
[regir] 8:04:38  266,158/1,000,000  8.4/s  upd=5914  L=0.0249  D=1.556
[regir] 8:04:50  266,542/1,000,000  8.4/s  upd=5918  L=0.0250  D=1.556
[regir] 8:05:01  266,542/1,000,000  8.4/s  upd=5921  L=0.0352  D=1.556
[regir] 8:05:11  266,839/1,000,000  8.4/s  upd=5924  L=0.0319  D=1.556
[regir] 8:05:23  266,839/1,000,000  8.4/s  upd=5928  L=0.0380  D=1.556
[regir] 8:05:36  267,114/1,000,000  8.4/s  upd=5932  L=0.0248  D=1.556
[regir] 8:05:50  267,114/1,000,000  8.4/s  upd=5937  L=0.0204  D=1.556
[regir] 8:06:01  267,430/1,000,000  8.4/s  upd=5939  L=0.0211  D=1.556
[regir] 8:06:11  267,430/1,000,000  8.4/s  upd=5943  L=0.0334  D=1.556
[regir] 8:06:23  267,682/1,000,000  8.4/s  upd=5947  L=0.0302  D=1.556
[regir] 8:06:34  267,682/1,000,000  8.4/s  upd=5952  L=0.0432  D=1.556
[regir] 8:06:45  268,040/1,000,000  8.4/s  upd=5955  L=0.0329  D=1.556
[regir] 8:06:57  268,040/1,000,000  8.4/s  upd=5959  L=0.0262  D=1.556
[regir] 8:07:07  268,390/1,000,000  8.4/s  upd=5963  L=0.0325  D=1.556
[regir] 8:07:20  268,390/1,000,000  8.4/s  upd=5969  L=0.0335  D=1.556
[regir] 8:07:31  268,665/1,000,000  8.4/s  upd=5974  L=0.0207  D=1.556
[regir] 8:07:42  269,002/1,000,000  8.4/s  upd=5981  L=0.0322  D=1.556
[regir] 8:07:52  269,281/1,000,000  8.4/s  upd=5988  L=0.0343  D=1.556
[regir] 8:08:03  269,632/1,000,000  8.4/s  upd=5995  L=0.0235  D=1.556
[regir] 8:08:14  269,632/1,000,000  8.4/s  upd=6002  L=0.0255  D=1.556
[regir] 8:08:24  270,006/1,000,000  8.4/s  upd=6008  L=0.0245  D=1.556
[regir] 8:08:36  270,339/1,000,000  8.4/s  upd=6015  L=0.0372  D=1.556
[regir] 8:08:47  270,669/1,000,000  8.4/s  upd=6024  L=0.0302  D=1.556
[regir] 8:08:57  271,080/1,000,000  8.5/s  upd=6031  L=0.0278  D=1.556
[regir] 8:09:08  271,395/1,000,000  8.5/s  upd=6036  L=0.0291  D=1.556
[regir] 8:09:18  271,395/1,000,000  8.5/s  upd=6042  L=0.0386  D=1.556
[regir] 8:13:59  271,395/1,000,000  8.4/s  upd=6042  L=0.0386  D=1.556
[regir] 8:14:10  272,091/1,000,000  8.4/s  upd=6051  L=0.0273  D=1.556
[regir] 8:14:20  272,091/1,000,000  8.4/s  upd=6058  L=0.0249  D=1.556
[regir] 8:14:31  272,398/1,000,000  8.4/s  upd=6066  L=0.0338  D=1.556
[regir] 8:14:42  272,696/1,000,000  8.4/s  upd=6072  L=0.0372  D=1.556
[regir] saved resume t_env=272,696
[regir] 8:14:53  273,002/1,000,000  8.4/s  upd=6078  L=0.0208  D=1.556
[regir] 8:15:05  273,329/1,000,000  8.4/s  upd=6085  L=0.0394  D=1.556
[regir] 8:15:17  273,616/1,000,000  8.4/s  upd=6091  L=0.0315  D=1.556
[regir] 8:15:28  273,616/1,000,000  8.4/s  upd=6098  L=0.0385  D=1.556
[regir] 8:15:40  273,860/1,000,000  8.4/s  upd=6105  L=0.0266  D=1.556
[regir] 8:15:51  274,142/1,000,000  8.4/s  upd=6111  L=0.0329  D=1.556
[regir] 8:16:02  274,499/1,000,000  8.4/s  upd=6117  L=0.0346  D=1.556
[regir] 8:16:14  274,826/1,000,000  8.5/s  upd=6124  L=0.0329  D=1.556
[regir] 8:16:25  275,242/1,000,000  8.5/s  upd=6131  L=0.0252  D=1.556
[regir] 8:16:35  275,242/1,000,000  8.5/s  upd=6138  L=0.0182  D=1.556
[regir] 8:16:45  275,599/1,000,000  8.5/s  upd=6144  L=0.0184  D=1.556
[regir] 8:16:56  275,896/1,000,000  8.5/s  upd=6152  L=0.0376  D=1.556
[regir] 8:17:07  276,223/1,000,000  8.5/s  upd=6159  L=0.0254  D=1.556
[regir] 8:17:17  276,512/1,000,000  8.5/s  upd=6166  L=0.0309  D=1.556
[regir] 8:17:27  276,854/1,000,000  8.5/s  upd=6174  L=0.0344  D=1.556
[regir] 8:17:38  277,186/1,000,000  8.5/s  upd=6181  L=0.0232  D=1.556
[regir] 8:17:49  277,580/1,000,000  8.5/s  upd=6189  L=0.0311  D=1.556
[regir] 8:18:00  277,938/1,000,000  8.5/s  upd=6195  L=0.0289  D=1.556
[regir] 8:18:10  277,938/1,000,000  8.5/s  upd=6202  L=0.0351  D=1.556
[regir] 8:18:21  278,244/1,000,000  8.5/s  upd=6209  L=0.0248  D=1.556
[regir] 8:18:31  278,570/1,000,000  8.5/s  upd=6216  L=0.0289  D=1.556
[regir] 8:18:41  278,907/1,000,000  8.5/s  upd=6223  L=0.0278  D=1.556
[regir] 8:18:51  279,296/1,000,000  8.6/s  upd=6230  L=0.0344  D=1.556
[regir] 8:19:01  279,665/1,000,000  8.6/s  upd=6238  L=0.0424  D=1.556
[regir] 8:26:00  279,665/1,000,000  8.4/s  upd=6242  L=0.0466  D=1.556
[regir] 8:26:12  279,982/1,000,000  8.5/s  upd=6245  L=0.0309  D=1.556
[regir] saved resume t_env=279,982
[regir] 8:26:23  279,982/1,000,000  8.5/s  upd=6250  L=0.0321  D=1.556
[regir] 8:26:35  280,288/1,000,000  8.5/s  upd=6254  L=0.0237  D=1.556
[regir] saved resume t_env=280,288
[regir] 8:27:14  280,288/1,000,000  8.4/s  upd=6258  L=0.0298  ev=0/100  D=1.556
[regir] 8:27:24  280,288/1,000,000  8.4/s  upd=6258  L=0.0298  ev=23/100  D=1.556
[regir] 8:27:34  280,288/1,000,000  8.4/s  upd=6258  L=0.0298  ev=45/100  D=1.556
[regir] 8:27:44  280,288/1,000,000  8.4/s  upd=6258  L=0.0298  ev=69/100  D=1.556
[regir] 8:27:54  280,288/1,000,000  8.4/s  upd=6258  L=0.0298  ev=89/100  D=1.556
[regir] 8:32:52  280,288/1,000,000  8.4/s  upd=6258  L=0.0298  D=1.696
[regir] 8:38:55  280,288/1,000,000  8.3/s  upd=6258  L=0.0298  D=1.696
[regir] 8:39:07  280,584/1,000,000  8.3/s  upd=6263  L=0.0302  D=1.696
[regir] saved resume t_env=280,584
[regir] 8:39:18  280,584/1,000,000  8.3/s  upd=6266  L=0.0261  D=1.696
[regir] 8:39:29  280,905/1,000,000  8.3/s  upd=6270  L=0.0262  D=1.696
[regir] 8:39:39  280,905/1,000,000  8.3/s  upd=6274  L=0.0197  D=1.696
[regir] 8:39:52  281,186/1,000,000  8.3/s  upd=6278  L=0.0227  D=1.696
[regir] 8:40:05  281,186/1,000,000  8.3/s  upd=6282  L=0.0426  D=1.696
[regir] 8:40:18  281,474/1,000,000  8.3/s  upd=6285  L=0.0288  D=1.696
[regir] 8:40:29  281,474/1,000,000  8.3/s  upd=6290  L=0.0274  D=1.696
[regir] 8:40:39  281,773/1,000,000  8.3/s  upd=6295  L=0.0260  D=1.696
[regir] 8:40:49  281,773/1,000,000  8.3/s  upd=6298  L=0.0233  D=1.696
[regir] 8:41:00  282,109/1,000,000  8.3/s  upd=6301  L=0.0443  D=1.696
[regir] 8:41:11  282,459/1,000,000  8.3/s  upd=6308  L=0.0207  D=1.696
[regir] 8:41:23  282,459/1,000,000  8.3/s  upd=6314  L=0.0258  D=1.696
[regir] 8:41:34  282,818/1,000,000  8.3/s  upd=6321  L=0.0256  D=1.696
[regir] 8:41:45  283,150/1,000,000  8.3/s  upd=6327  L=0.0277  D=1.696
[regir] 8:41:55  283,467/1,000,000  8.3/s  upd=6334  L=0.0332  D=1.696
[regir] 8:42:06  283,873/1,000,000  8.3/s  upd=6340  L=0.0304  D=1.696
[regir] 8:42:16  283,873/1,000,000  8.3/s  upd=6346  L=0.0234  D=1.696
[regir] 8:42:28  284,165/1,000,000  8.3/s  upd=6353  L=0.0201  D=1.696
[regir] 8:42:40  284,520/1,000,000  8.3/s  upd=6361  L=0.0324  D=1.696
[regir] 8:42:51  284,901/1,000,000  8.3/s  upd=6367  L=0.0577  D=1.696
[regir] 8:43:01  285,307/1,000,000  8.4/s  upd=6373  L=0.0427  D=1.696
[regir] 8:43:13  285,649/1,000,000  8.4/s  upd=6381  L=0.0303  D=1.696
[regir] 8:43:24  285,924/1,000,000  8.4/s  upd=6388  L=0.0303  D=1.696
[regir] 8:43:35  285,924/1,000,000  8.4/s  upd=6394  L=0.0274  D=1.696
[regir] 8:43:45  286,212/1,000,000  8.4/s  upd=6400  L=0.0347  D=1.696
[regir] 8:43:55  286,511/1,000,000  8.4/s  upd=6407  L=0.0299  D=1.696
[regir] 8:48:57  286,511/1,000,000  8.3/s  upd=6410  L=0.0284  D=1.696
[regir] 8:49:08  286,825/1,000,000  8.3/s  upd=6412  L=0.0271  D=1.696
[regir] 8:49:18  286,825/1,000,000  8.3/s  upd=6417  L=0.0245  D=1.696
[regir] saved resume t_env=286,825
[regir] 8:49:31  287,146/1,000,000  8.3/s  upd=6421  L=0.0212  D=1.696
[regir] 8:49:41  287,455/1,000,000  8.3/s  upd=6429  L=0.0288  D=1.696
[regir] 8:49:52  287,455/1,000,000  8.3/s  upd=6434  L=0.0269  D=1.696
[regir] 8:50:02  287,786/1,000,000  8.3/s  upd=6439  L=0.0407  D=1.696
[regir] 8:50:12  288,174/1,000,000  8.3/s  upd=6444  L=0.0280  D=1.696
[regir] 8:50:22  288,174/1,000,000  8.3/s  upd=6450  L=0.0179  D=1.696
[regir] 8:50:33  288,430/1,000,000  8.3/s  upd=6456  L=0.0277  D=1.696
[regir] 8:50:43  288,718/1,000,000  8.3/s  upd=6463  L=0.0258  D=1.696
[regir] 8:50:55  289,083/1,000,000  8.3/s  upd=6469  L=0.0276  D=1.696
[regir] 8:51:05  289,415/1,000,000  8.4/s  upd=6475  L=0.0427  D=1.696
[regir] 8:51:16  289,415/1,000,000  8.4/s  upd=6482  L=0.0287  D=1.696
[regir] 8:51:26  289,750/1,000,000  8.4/s  upd=6488  L=0.0349  D=1.696
[regir] 8:51:36  290,044/1,000,000  8.4/s  upd=6494  L=0.0273  D=1.696
[regir] 8:51:47  290,345/1,000,000  8.4/s  upd=6499  L=0.0339  D=1.696
[regir] 8:51:58  290,345/1,000,000  8.4/s  upd=6505  L=0.0321  D=1.696
[regir] 8:52:08  290,657/1,000,000  8.4/s  upd=6509  L=0.0313  D=1.696
[regir] 8:52:18  290,657/1,000,000  8.4/s  upd=6514  L=0.0426  D=1.696
[regir] 8:52:28  290,987/1,000,000  8.4/s  upd=6522  L=0.0193  D=1.696
[regir] 8:52:38  291,287/1,000,000  8.4/s  upd=6526  L=0.0192  D=1.696
[regir] 8:52:48  291,603/1,000,000  8.4/s  upd=6531  L=0.0254  D=1.696
[regir] 8:52:59  291,603/1,000,000  8.4/s  upd=6537  L=0.0173  D=1.696
[regir] 8:53:10  291,922/1,000,000  8.4/s  upd=6544  L=0.0421  D=1.696
[regir] 8:53:21  292,210/1,000,000  8.4/s  upd=6552  L=0.0210  D=1.696
[regir] 8:53:32  292,493/1,000,000  8.4/s  upd=6561  L=0.0303  D=1.696
[regir] 8:53:43  292,825/1,000,000  8.4/s  upd=6570  L=0.0247  D=1.696
[regir] 8:53:55  293,141/1,000,000  8.4/s  upd=6578  L=0.0225  D=1.696
[regir] 8:54:05  293,407/1,000,000  8.4/s  upd=6584  L=0.0229  D=1.696
[regir] 8:59:06  293,407/1,000,000  8.4/s  upd=6586  L=0.0490  D=1.696
[regir] 8:59:17  293,718/1,000,000  8.4/s  upd=6591  L=0.0266  D=1.696
[regir] 8:59:28  294,112/1,000,000  8.4/s  upd=6597  L=0.0308  D=1.696
[regir] saved resume t_env=294,112
[regir] 8:59:41  294,112/1,000,000  8.4/s  upd=6602  L=0.0301  D=1.696
[regir] 8:59:52  294,415/1,000,000  8.4/s  upd=6610  L=0.0279  D=1.696
[regir] 9:00:04  294,885/1,000,000  8.4/s  upd=6616  L=0.0206  D=1.696
[regir] 9:00:14  295,257/1,000,000  8.4/s  upd=6622  L=0.0312  D=1.696
[regir] 9:00:24  295,529/1,000,000  8.4/s  upd=6630  L=0.0225  D=1.696
[regir] 9:00:35  295,826/1,000,000  8.4/s  upd=6636  L=0.0310  D=1.696
[regir] 9:00:47  296,149/1,000,000  8.4/s  upd=6645  L=0.0285  D=1.696
[regir] 9:00:57  296,524/1,000,000  8.4/s  upd=6654  L=0.0205  D=1.696
[regir] 9:01:08  296,796/1,000,000  8.4/s  upd=6660  L=0.0254  D=1.696
[regir] 9:01:20  296,796/1,000,000  8.4/s  upd=6665  L=0.0462  D=1.696
[regir] 9:01:31  297,121/1,000,000  8.4/s  upd=6669  L=0.0367  D=1.696
[regir] 9:01:43  297,121/1,000,000  8.4/s  upd=6673  L=0.0231  D=1.696
[regir] 9:01:53  297,485/1,000,000  8.4/s  upd=6676  L=0.0336  D=1.696
[regir] 9:02:04  297,485/1,000,000  8.4/s  upd=6680  L=0.0214  D=1.696
[regir] 9:02:15  297,774/1,000,000  8.4/s  upd=6684  L=0.0346  D=1.696
[regir] 9:02:27  297,774/1,000,000  8.4/s  upd=6689  L=0.0263  D=1.696
[regir] 9:02:38  298,063/1,000,000  8.4/s  upd=6695  L=0.0180  D=1.696
[regir] 9:02:48  298,063/1,000,000  8.4/s  upd=6698  L=0.0233  D=1.696
[regir] 9:03:00  298,353/1,000,000  8.4/s  upd=6704  L=0.0187  D=1.696
[regir] 9:03:11  298,670/1,000,000  8.5/s  upd=6708  L=0.0305  D=1.696
[regir] 9:03:23  298,670/1,000,000  8.5/s  upd=6712  L=0.0273  D=1.696
[regir] 9:03:35  299,056/1,000,000  8.5/s  upd=6716  L=0.0218  D=1.696
[regir] 9:03:46  299,056/1,000,000  8.5/s  upd=6719  L=0.0283  D=1.696
[regir] 9:03:57  299,423/1,000,000  8.5/s  upd=6723  L=0.0293  D=1.696
[regir] 9:04:08  299,423/1,000,000  8.5/s  upd=6729  L=0.0202  D=1.696
[regir] 9:09:04  299,423/1,000,000  8.4/s  upd=6730  L=0.0227  D=1.696
[regir] 9:09:15  299,715/1,000,000  8.4/s  upd=6736  L=0.0266  D=1.696
[regir] 9:09:26  300,010/1,000,000  8.4/s  upd=6742  L=0.0340  D=1.696
[regir] saved resume t_env=300,010
[regir] 9:10:03  300,010/1,000,000  8.4/s  upd=6746  L=0.0195  ev=0/100  D=1.696
[regir] 9:10:13  300,010/1,000,000  8.4/s  upd=6746  L=0.0195  ev=78/100  D=1.696
[regir] 9:16:00  300,010/1,000,000  8.3/s  upd=6746  L=0.0195  D=1.912
