Starting HAD: GPU0/GPU1 training and CPU final/mechanism queues
HAD trainer=2023130 evaluator=2023131
stop.request written; wait for stopped + resume, do not kill
eval.stop.request written; wait for current episode, do not kill
Starting HAD: GPU0/GPU1 training and CPU final/mechanism queues
HAD trainer=2100718 evaluator=2100719
stop.request written; wait for stopped + resume, do not kill
eval.stop.request written; wait for current episode, do not kill
Starting HAD: GPU0/GPU1 training and CPU final/mechanism queues
HAD trainer=2231174 evaluator=2231175
stop.request written; wait for stopped + resume, do not kill
eval.stop.request written; wait for current episode, do not kill
Starting HAD: GPU0/GPU1 training and CPU final/mechanism queues
HAD trainer=3136320 evaluator=3136321
stop.request written; wait for stopped + resume, do not kill
eval.stop.request written; wait for current episode, do not kill
Starting HAD: GPU0/GPU1 training and CPU+GPU final/mechanism queues
HAD trainer=391590 evaluator=391591
stop.request written; wait for stopped + resume, do not kill
eval.stop.request written; wait for current episode, do not kill
Starting HAD: GPU0/GPU1 training and CPU+GPU final/mechanism queues
HAD trainer=402876 evaluator=402877
