[2026-09-01T16:55:20+08:00] [计划] 共10,020局：core=7,200，sparse=1,920，heldout=900
[2026-09-01T16:58:55+08:00] [计划] 共10,020局：core=7,200，sparse=1,920，heldout=900
[2026-09-01T16:59:54+08:00] [流水线] 启动第一轮Stage 2补全 | device=cuda | 共10,020局 | core=7,200 sparse=1,920 heldout=900
[2026-09-01T17:00:12+08:00] [采集] 160/10,020局 (1.6%) | 8.94局/秒 | 最近胜率62.5% | 态势820 | 已用00:00:18 | ETA 00:18:23
[2026-09-01T17:00:29+08:00] [采集] 320/10,020局 (3.2%) | 9.32局/秒 | 最近胜率61.6% | 态势1,637 | 已用00:00:34 | ETA 00:17:21
[2026-09-01T17:00:50+08:00] [采集] 480/10,020局 (4.8%) | 8.68局/秒 | 最近胜率63.3% | 态势2,474 | 已用00:00:55 | ETA 00:18:19
[2026-09-01T17:01:09+08:00] [采集] 640/10,020局 (6.4%) | 8.60局/秒 | 最近胜率64.0% | 态势3,289 | 已用00:01:14 | ETA 00:18:10
[2026-09-01T17:01:28+08:00] [采集] 800/10,020局 (8.0%) | 8.50局/秒 | 最近胜率65.2% | 态势4,096 | 已用00:01:34 | ETA 00:18:05
[2026-09-01T17:01:48+08:00] [采集] 960/10,020局 (9.6%) | 8.48局/秒 | 最近胜率65.0% | 态势4,924 | 已用00:01:53 | ETA 00:17:49
[2026-09-01T17:02:06+08:00] [采集] 1,120/10,020局 (11.2%) | 8.53局/秒 | 最近胜率68.2% | 态势5,690 | 已用00:02:11 | ETA 00:17:24
[2026-09-01T17:02:28+08:00] [采集] 1,280/10,020局 (12.8%) | 8.34局/秒 | 最近胜率67.2% | 态势6,523 | 已用00:02:34 | ETA 00:17:28
[2026-09-01T17:02:49+08:00] [采集] 1,440/10,020局 (14.4%) | 8.24局/秒 | 最近胜率66.6% | 态势7,333 | 已用00:02:55 | ETA 00:17:22
[2026-09-01T17:03:09+08:00] [采集] 1,600/10,020局 (16.0%) | 8.23局/秒 | 最近胜率64.2% | 态势8,113 | 已用00:03:14 | ETA 00:17:03
[2026-09-01T17:03:28+08:00] [采集] 1,760/10,020局 (17.6%) | 8.24局/秒 | 最近胜率64.8% | 态势8,897 | 已用00:03:34 | ETA 00:16:43
[2026-09-01T17:03:49+08:00] [采集] 1,920/10,020局 (19.2%) | 8.17局/秒 | 最近胜率64.8% | 态势9,746 | 已用00:03:55 | ETA 00:16:32
[2026-09-01T17:04:09+08:00] [采集] 2,080/10,020局 (20.8%) | 8.18局/秒 | 最近胜率65.2% | 态势10,568 | 已用00:04:14 | ETA 00:16:10
[2026-09-01T17:04:27+08:00] [采集] 2,240/10,020局 (22.4%) | 8.22局/秒 | 最近胜率66.0% | 态势11,353 | 已用00:04:32 | ETA 00:15:46
[2026-09-01T17:04:44+08:00] [采集] 2,400/10,020局 (24.0%) | 8.28局/秒 | 最近胜率64.6% | 态势12,150 | 已用00:04:50 | ETA 00:15:21
[2026-09-01T17:05:00+08:00] [采集] 2,560/10,020局 (25.5%) | 8.38局/秒 | 最近胜率64.0% | 态势12,962 | 已用00:05:05 | ETA 00:14:50
[2026-09-01T17:05:17+08:00] [采集] 2,720/10,020局 (27.1%) | 8.43局/秒 | 最近胜率63.8% | 态势13,763 | 已用00:05:23 | ETA 00:14:26
[2026-09-01T17:05:34+08:00] [采集] 2,880/10,020局 (28.7%) | 8.48局/秒 | 最近胜率64.6% | 态势14,562 | 已用00:05:40 | ETA 00:14:02
[2026-09-01T17:05:50+08:00] [采集] 3,040/10,020局 (30.3%) | 8.55局/秒 | 最近胜率64.8% | 态势15,349 | 已用00:05:56 | ETA 00:13:36
[2026-09-01T17:06:08+08:00] [采集] 3,200/10,020局 (31.9%) | 8.56局/秒 | 最近胜率64.0% | 态势16,191 | 已用00:06:14 | ETA 00:13:17
[2026-09-01T17:06:21+08:00] [采集] 3,360/10,020局 (33.5%) | 8.68局/秒 | 最近胜率65.4% | 态势16,990 | 已用00:06:27 | ETA 00:12:47
[2026-09-01T17:06:37+08:00] [采集] 3,520/10,020局 (35.1%) | 8.74局/秒 | 最近胜率63.4% | 态势17,835 | 已用00:06:43 | ETA 00:12:24
[2026-09-01T17:06:53+08:00] [采集] 3,680/10,020局 (36.7%) | 8.78局/秒 | 最近胜率65.6% | 态势18,610 | 已用00:06:59 | ETA 00:12:02
[2026-09-01T17:07:10+08:00] [采集] 3,840/10,020局 (38.3%) | 8.82局/秒 | 最近胜率64.0% | 态势19,448 | 已用00:07:15 | ETA 00:11:41
[2026-09-01T17:07:28+08:00] [采集] 4,000/10,020局 (39.9%) | 8.82局/秒 | 最近胜率65.0% | 态势20,246 | 已用00:07:34 | ETA 00:11:23
[2026-09-01T17:07:44+08:00] [采集] 4,160/10,020局 (41.5%) | 8.85局/秒 | 最近胜率64.2% | 态势21,080 | 已用00:07:50 | ETA 00:11:02
[2026-09-01T17:08:00+08:00] [采集] 4,320/10,020局 (43.1%) | 8.89局/秒 | 最近胜率64.0% | 态势21,870 | 已用00:08:06 | ETA 00:10:41
[2026-09-01T17:08:19+08:00] [采集] 4,480/10,020局 (44.7%) | 8.88局/秒 | 最近胜率63.4% | 态势22,737 | 已用00:08:25 | ETA 00:10:24
[2026-09-01T17:08:34+08:00] [采集] 4,640/10,020局 (46.3%) | 8.93局/秒 | 最近胜率63.8% | 态势23,537 | 已用00:08:40 | ETA 00:10:03
[2026-09-01T17:08:50+08:00] [采集] 4,800/10,020局 (47.9%) | 8.95局/秒 | 最近胜率64.4% | 态势24,314 | 已用00:08:56 | ETA 00:09:43
[2026-09-01T17:09:07+08:00] [采集] 4,960/10,020局 (49.5%) | 8.97局/秒 | 最近胜率64.4% | 态势25,103 | 已用00:09:13 | ETA 00:09:24
[2026-09-01T17:09:25+08:00] [采集] 5,120/10,020局 (51.1%) | 8.97局/秒 | 最近胜率64.6% | 态势25,905 | 已用00:09:31 | ETA 00:09:06
[2026-09-01T17:09:43+08:00] [采集] 5,280/10,020局 (52.7%) | 8.97局/秒 | 最近胜率65.6% | 态势26,699 | 已用00:09:49 | ETA 00:08:49
[2026-09-01T17:10:03+08:00] [采集] 5,440/10,020局 (54.3%) | 8.94局/秒 | 最近胜率63.0% | 态势27,523 | 已用00:10:09 | ETA 00:08:32
[2026-09-01T17:10:22+08:00] [采集] 5,600/10,020局 (55.9%) | 8.92局/秒 | 最近胜率62.2% | 态势28,355 | 已用00:10:28 | ETA 00:08:16
[2026-09-01T17:10:40+08:00] [采集] 5,760/10,020局 (57.5%) | 8.92局/秒 | 最近胜率62.6% | 态势29,159 | 已用00:10:46 | ETA 00:07:58
[2026-09-01T17:11:00+08:00] [采集] 5,920/10,020局 (59.1%) | 8.89局/秒 | 最近胜率62.2% | 态势29,988 | 已用00:11:06 | ETA 00:07:41
[2026-09-01T17:11:19+08:00] [采集] 6,080/10,020局 (60.7%) | 8.88局/秒 | 最近胜率63.0% | 态势30,814 | 已用00:11:25 | ETA 00:07:24
[2026-09-01T17:11:37+08:00] [采集] 6,240/10,020局 (62.3%) | 8.89局/秒 | 最近胜率62.8% | 态势31,609 | 已用00:11:42 | ETA 00:07:05
[2026-09-01T17:11:53+08:00] [采集] 6,400/10,020局 (63.9%) | 8.90局/秒 | 最近胜率64.0% | 态势32,407 | 已用00:11:59 | ETA 00:06:47
[2026-09-01T17:12:12+08:00] [采集] 6,560/10,020局 (65.5%) | 8.89局/秒 | 最近胜率65.0% | 态势33,256 | 已用00:12:18 | ETA 00:06:29
[2026-09-01T17:12:31+08:00] [采集] 6,720/10,020局 (67.1%) | 8.88局/秒 | 最近胜率65.6% | 态势34,043 | 已用00:12:37 | ETA 00:06:12
[2026-09-01T17:12:49+08:00] [采集] 6,880/10,020局 (68.7%) | 8.88局/秒 | 最近胜率65.0% | 态势34,826 | 已用00:12:55 | ETA 00:05:54
[2026-09-01T17:13:06+08:00] [采集] 7,040/10,020局 (70.3%) | 8.90局/秒 | 最近胜率67.2% | 态势35,620 | 已用00:13:11 | ETA 00:05:35
[2026-09-01T17:13:20+08:00] [采集] 7,200/10,020局 (71.9%) | 8.93局/秒 | 最近胜率66.6% | 态势36,387 | 已用00:13:26 | ETA 00:05:16
[2026-09-01T17:13:37+08:00] [采集] 7,360/10,020局 (73.5%) | 8.94局/秒 | 最近胜率66.6% | 态势37,195 | 已用00:13:43 | ETA 00:04:57
[2026-09-01T17:13:57+08:00] [采集] 7,520/10,020局 (75.0%) | 8.92局/秒 | 最近胜率65.2% | 态势38,014 | 已用00:14:03 | ETA 00:04:40
[2026-09-01T17:14:16+08:00] [采集] 7,680/10,020局 (76.6%) | 8.92局/秒 | 最近胜率64.0% | 态势38,799 | 已用00:14:21 | ETA 00:04:22
[2026-09-01T17:14:34+08:00] [采集] 7,840/10,020局 (78.2%) | 8.91局/秒 | 最近胜率65.8% | 态势39,596 | 已用00:14:40 | ETA 00:04:05
[2026-09-01T17:14:51+08:00] [采集] 8,000/10,020局 (79.8%) | 8.92局/秒 | 最近胜率66.2% | 态势40,436 | 已用00:14:57 | ETA 00:03:47
[2026-09-01T17:15:08+08:00] [采集] 8,160/10,020局 (81.4%) | 8.93局/秒 | 最近胜率66.0% | 态势41,284 | 已用00:15:14 | ETA 00:03:28
[2026-09-01T17:15:24+08:00] [采集] 8,320/10,020局 (83.0%) | 8.95局/秒 | 最近胜率64.2% | 态势42,094 | 已用00:15:29 | ETA 00:03:10
[2026-09-01T17:15:38+08:00] [采集] 8,480/10,020局 (84.6%) | 8.99局/秒 | 最近胜率64.0% | 态势42,901 | 已用00:15:43 | ETA 00:02:51
[2026-09-01T17:15:57+08:00] [采集] 8,640/10,020局 (86.2%) | 8.98局/秒 | 最近胜率66.0% | 态势43,705 | 已用00:16:02 | ETA 00:02:34
[2026-09-01T17:16:14+08:00] [采集] 8,800/10,020局 (87.8%) | 8.98局/秒 | 最近胜率66.2% | 态势44,541 | 已用00:16:20 | ETA 00:02:16
[2026-09-01T17:16:34+08:00] [采集] 8,960/10,020局 (89.4%) | 8.97局/秒 | 最近胜率67.0% | 态势45,372 | 已用00:16:39 | ETA 00:01:58
[2026-09-01T17:16:51+08:00] [采集] 9,120/10,020局 (91.0%) | 8.97局/秒 | 最近胜率65.6% | 态势46,189 | 已用00:16:56 | ETA 00:01:40
[2026-09-01T17:17:07+08:00] [采集] 9,280/10,020局 (92.6%) | 8.98局/秒 | 最近胜率64.4% | 态势47,001 | 已用00:17:13 | ETA 00:01:22
[2026-09-01T17:17:24+08:00] [采集] 9,440/10,020局 (94.2%) | 8.99局/秒 | 最近胜率65.8% | 态势47,810 | 已用00:17:30 | ETA 00:01:04
[2026-09-01T17:17:43+08:00] [采集] 9,600/10,020局 (95.8%) | 8.98局/秒 | 最近胜率65.6% | 态势48,665 | 已用00:17:49 | ETA 00:00:47
[2026-09-01T17:18:00+08:00] [采集] 9,760/10,020局 (97.4%) | 8.99局/秒 | 最近胜率66.4% | 态势49,469 | 已用00:18:05 | ETA 00:00:29
[2026-09-01T17:18:19+08:00] [采集] 9,920/10,020局 (99.0%) | 8.98局/秒 | 最近胜率62.4% | 态势50,331 | 已用00:18:25 | ETA 00:00:11
[2026-09-01T17:18:29+08:00] [采集] 10,020/10,020局 (100.0%) | 8.99局/秒 | 最近胜率63.0% | 态势50,826 | 已用00:18:35 | ETA 00:00:00
[2026-09-01T17:18:30+08:00] [采集] 完成：10,020局，50,826个态势，SHA256=1518ac6b1499…
[2026-09-01T17:18:34+08:00] [训练] epoch 001/120 | loss 2.3109 | 核心Brier 0.1498 | AUC 0.8479 | 时间MAE 4.29步 | 最佳epoch 1 | 已用00:00:01 | 最长ETA 00:02:31
[2026-09-01T17:18:35+08:00] [训练] epoch 002/120 | loss 1.9362 | 核心Brier 0.1411 | AUC 0.8642 | 时间MAE 4.01步 | 最佳epoch 2 | 已用00:00:02 | 最长ETA 00:02:02
[2026-09-01T17:18:36+08:00] [训练] epoch 003/120 | loss 1.8358 | 核心Brier 0.1371 | AUC 0.8710 | 时间MAE 3.94步 | 最佳epoch 3 | 已用00:00:03 | 最长ETA 00:01:57
[2026-09-01T17:18:37+08:00] [训练] epoch 004/120 | loss 1.7956 | 核心Brier 0.1371 | AUC 0.8743 | 时间MAE 4.02步 | 最佳epoch 3 | 已用00:00:04 | 最长ETA 00:01:53
[2026-09-01T17:18:38+08:00] [训练] epoch 005/120 | loss 1.7619 | 核心Brier 0.1361 | AUC 0.8756 | 时间MAE 3.84步 | 最佳epoch 5 | 已用00:00:05 | 最长ETA 00:01:52
[2026-09-01T17:18:38+08:00] [训练] epoch 006/120 | loss 1.7267 | 核心Brier 0.1336 | AUC 0.8797 | 时间MAE 3.88步 | 最佳epoch 6 | 已用00:00:06 | 最长ETA 00:01:50
[2026-09-01T17:18:39+08:00] [训练] epoch 007/120 | loss 1.6949 | 核心Brier 0.1321 | AUC 0.8821 | 时间MAE 3.77步 | 最佳epoch 7 | 已用00:00:07 | 最长ETA 00:01:49
[2026-09-01T17:18:40+08:00] [训练] epoch 008/120 | loss 1.6682 | 核心Brier 0.1328 | AUC 0.8801 | 时间MAE 3.87步 | 最佳epoch 7 | 已用00:00:08 | 最长ETA 00:01:48
[2026-09-01T17:18:41+08:00] [训练] epoch 009/120 | loss 1.6453 | 核心Brier 0.1319 | AUC 0.8831 | 时间MAE 3.83步 | 最佳epoch 7 | 已用00:00:09 | 最长ETA 00:01:47
[2026-09-01T17:18:42+08:00] [训练] epoch 010/120 | loss 1.6250 | 核心Brier 0.1299 | AUC 0.8833 | 时间MAE 3.76步 | 最佳epoch 10 | 已用00:00:10 | 最长ETA 00:01:45
[2026-09-01T17:18:43+08:00] [训练] epoch 011/120 | loss 1.5937 | 核心Brier 0.1306 | AUC 0.8842 | 时间MAE 3.70步 | 最佳epoch 10 | 已用00:00:10 | 最长ETA 00:01:44
[2026-09-01T17:18:44+08:00] [训练] epoch 012/120 | loss 1.5695 | 核心Brier 0.1310 | AUC 0.8880 | 时间MAE 3.68步 | 最佳epoch 10 | 已用00:00:11 | 最长ETA 00:01:43
[2026-09-01T17:18:45+08:00] [训练] epoch 013/120 | loss 1.5610 | 核心Brier 0.1261 | AUC 0.8908 | 时间MAE 3.63步 | 最佳epoch 13 | 已用00:00:12 | 最长ETA 00:01:42
[2026-09-01T17:18:46+08:00] [训练] epoch 014/120 | loss 1.5338 | 核心Brier 0.1280 | AUC 0.8904 | 时间MAE 3.63步 | 最佳epoch 13 | 已用00:00:13 | 最长ETA 00:01:40
[2026-09-01T17:18:47+08:00] [训练] epoch 015/120 | loss 1.5070 | 核心Brier 0.1250 | AUC 0.8941 | 时间MAE 3.64步 | 最佳epoch 15 | 已用00:00:14 | 最长ETA 00:01:39
[2026-09-01T17:18:48+08:00] [训练] epoch 016/120 | loss 1.4899 | 核心Brier 0.1256 | AUC 0.8928 | 时间MAE 3.55步 | 最佳epoch 16 | 已用00:00:15 | 最长ETA 00:01:38
[2026-09-01T17:18:49+08:00] [训练] epoch 017/120 | loss 1.4762 | 核心Brier 0.1251 | AUC 0.8933 | 时间MAE 3.53步 | 最佳epoch 17 | 已用00:00:16 | 最长ETA 00:01:37
[2026-09-01T17:18:50+08:00] [训练] epoch 018/120 | loss 1.4569 | 核心Brier 0.1265 | AUC 0.8913 | 时间MAE 3.56步 | 最佳epoch 17 | 已用00:00:17 | 最长ETA 00:01:36
[2026-09-01T17:18:51+08:00] [训练] epoch 019/120 | loss 1.4459 | 核心Brier 0.1254 | AUC 0.8941 | 时间MAE 3.53步 | 最佳epoch 19 | 已用00:00:18 | 最长ETA 00:01:35
[2026-09-01T17:18:51+08:00] [训练] epoch 020/120 | loss 1.4258 | 核心Brier 0.1244 | AUC 0.8954 | 时间MAE 3.67步 | 最佳epoch 19 | 已用00:00:19 | 最长ETA 00:01:34
[2026-09-01T17:18:52+08:00] [训练] epoch 021/120 | loss 1.4137 | 核心Brier 0.1234 | AUC 0.8971 | 时间MAE 3.48步 | 最佳epoch 21 | 已用00:00:19 | 最长ETA 00:01:32
[2026-09-01T17:18:53+08:00] [训练] epoch 022/120 | loss 1.3996 | 核心Brier 0.1238 | AUC 0.8957 | 时间MAE 3.57步 | 最佳epoch 21 | 已用00:00:20 | 最长ETA 00:01:31
[2026-09-01T17:18:54+08:00] [训练] epoch 023/120 | loss 1.3853 | 核心Brier 0.1253 | AUC 0.8961 | 时间MAE 3.49步 | 最佳epoch 21 | 已用00:00:21 | 最长ETA 00:01:29
[2026-09-01T17:18:55+08:00] [训练] epoch 024/120 | loss 1.3672 | 核心Brier 0.1245 | AUC 0.8955 | 时间MAE 3.48步 | 最佳epoch 21 | 已用00:00:22 | 最长ETA 00:01:28
[2026-09-01T17:18:56+08:00] [训练] epoch 025/120 | loss 1.3643 | 核心Brier 0.1231 | AUC 0.8974 | 时间MAE 3.48步 | 最佳epoch 21 | 已用00:00:23 | 最长ETA 00:01:27
[2026-09-01T17:18:56+08:00] [训练] epoch 026/120 | loss 1.3583 | 核心Brier 0.1243 | AUC 0.8952 | 时间MAE 3.50步 | 最佳epoch 21 | 已用00:00:24 | 最长ETA 00:01:26
[2026-09-01T17:18:57+08:00] [训练] epoch 027/120 | loss 1.3416 | 核心Brier 0.1243 | AUC 0.8960 | 时间MAE 3.48步 | 最佳epoch 21 | 已用00:00:25 | 最长ETA 00:01:25
[2026-09-01T17:18:58+08:00] [训练] epoch 028/120 | loss 1.3252 | 核心Brier 0.1251 | AUC 0.8974 | 时间MAE 3.56步 | 最佳epoch 21 | 已用00:00:26 | 最长ETA 00:01:24
[2026-09-01T17:18:59+08:00] [训练] epoch 029/120 | loss 1.3198 | 核心Brier 0.1243 | AUC 0.8968 | 时间MAE 3.47步 | 最佳epoch 21 | 已用00:00:26 | 最长ETA 00:01:23
[2026-09-01T17:19:00+08:00] [训练] epoch 030/120 | loss 1.3091 | 核心Brier 0.1253 | AUC 0.8942 | 时间MAE 3.55步 | 最佳epoch 21 | 已用00:00:27 | 最长ETA 00:01:22
[2026-09-01T17:19:01+08:00] [训练] epoch 031/120 | loss 1.3009 | 核心Brier 0.1259 | AUC 0.8947 | 时间MAE 3.52步 | 最佳epoch 21 | 已用00:00:28 | 最长ETA 00:01:21
[2026-09-01T17:19:02+08:00] [训练] epoch 032/120 | loss 1.2882 | 核心Brier 0.1257 | AUC 0.8948 | 时间MAE 3.48步 | 最佳epoch 21 | 已用00:00:29 | 最长ETA 00:01:20
[2026-09-01T17:19:03+08:00] [训练] epoch 033/120 | loss 1.2825 | 核心Brier 0.1235 | AUC 0.8982 | 时间MAE 3.45步 | 最佳epoch 33 | 已用00:00:30 | 最长ETA 00:01:19
[2026-09-01T17:19:04+08:00] [训练] epoch 034/120 | loss 1.2759 | 核心Brier 0.1243 | AUC 0.8955 | 时间MAE 3.52步 | 最佳epoch 33 | 已用00:00:31 | 最长ETA 00:01:18
[2026-09-01T17:19:04+08:00] [训练] epoch 035/120 | loss 1.2603 | 核心Brier 0.1250 | AUC 0.8950 | 时间MAE 3.47步 | 最佳epoch 33 | 已用00:00:32 | 最长ETA 00:01:17
[2026-09-01T17:19:05+08:00] [训练] epoch 036/120 | loss 1.2570 | 核心Brier 0.1248 | AUC 0.8945 | 时间MAE 3.49步 | 最佳epoch 33 | 已用00:00:33 | 最长ETA 00:01:16
[2026-09-01T17:19:06+08:00] [训练] epoch 037/120 | loss 1.2426 | 核心Brier 0.1242 | AUC 0.8956 | 时间MAE 3.49步 | 最佳epoch 33 | 已用00:00:34 | 最长ETA 00:01:15
[2026-09-01T17:19:07+08:00] [训练] epoch 038/120 | loss 1.2381 | 核心Brier 0.1296 | AUC 0.8947 | 时间MAE 3.49步 | 最佳epoch 33 | 已用00:00:35 | 最长ETA 00:01:15
[2026-09-01T17:19:08+08:00] [训练] epoch 039/120 | loss 1.2207 | 核心Brier 0.1262 | AUC 0.8945 | 时间MAE 3.52步 | 最佳epoch 33 | 已用00:00:35 | 最长ETA 00:01:14
[2026-09-01T17:19:09+08:00] [训练] epoch 040/120 | loss 1.2191 | 核心Brier 0.1276 | AUC 0.8922 | 时间MAE 3.58步 | 最佳epoch 33 | 已用00:00:36 | 最长ETA 00:01:13
[2026-09-01T17:19:10+08:00] [训练] epoch 041/120 | loss 1.2075 | 核心Brier 0.1270 | AUC 0.8973 | 时间MAE 3.45步 | 最佳epoch 33 | 已用00:00:37 | 最长ETA 00:01:12
[2026-09-01T17:19:11+08:00] [训练] epoch 042/120 | loss 1.1968 | 核心Brier 0.1251 | AUC 0.8975 | 时间MAE 3.45步 | 最佳epoch 33 | 已用00:00:38 | 最长ETA 00:01:11
[2026-09-01T17:19:12+08:00] [训练] epoch 043/120 | loss 1.1938 | 核心Brier 0.1237 | AUC 0.8968 | 时间MAE 3.51步 | 最佳epoch 33 | 已用00:00:39 | 最长ETA 00:01:10
[2026-09-01T17:19:13+08:00] [训练] epoch 044/120 | loss 1.1835 | 核心Brier 0.1259 | AUC 0.8942 | 时间MAE 3.55步 | 最佳epoch 33 | 已用00:00:40 | 最长ETA 00:01:09
[2026-09-01T17:19:13+08:00] [训练] epoch 045/120 | loss 1.1870 | 核心Brier 0.1281 | AUC 0.8931 | 时间MAE 3.53步 | 最佳epoch 33 | 已用00:00:41 | 最长ETA 00:01:08
[2026-09-01T17:19:14+08:00] [训练] epoch 046/120 | loss 1.1653 | 核心Brier 0.1254 | AUC 0.8962 | 时间MAE 3.49步 | 最佳epoch 33 | 已用00:00:42 | 最长ETA 00:01:07
[2026-09-01T17:19:15+08:00] [训练] epoch 047/120 | loss 1.1580 | 核心Brier 0.1277 | AUC 0.8928 | 时间MAE 3.53步 | 最佳epoch 33 | 已用00:00:43 | 最长ETA 00:01:06
[2026-09-01T17:19:16+08:00] [训练] epoch 048/120 | loss 1.1577 | 核心Brier 0.1275 | AUC 0.8922 | 时间MAE 3.62步 | 最佳epoch 33 | 已用00:00:44 | 最长ETA 00:01:05
[2026-09-01T17:19:17+08:00] [训练] epoch 049/120 | loss 1.1510 | 核心Brier 0.1275 | AUC 0.8932 | 时间MAE 3.59步 | 最佳epoch 33 | 已用00:00:44 | 最长ETA 00:01:04
[2026-09-01T17:19:18+08:00] [训练] epoch 050/120 | loss 1.1401 | 核心Brier 0.1267 | AUC 0.8941 | 时间MAE 3.51步 | 最佳epoch 33 | 已用00:00:45 | 最长ETA 00:01:03
[2026-09-01T17:19:19+08:00] [训练] epoch 051/120 | loss 1.1264 | 核心Brier 0.1288 | AUC 0.8911 | 时间MAE 3.60步 | 最佳epoch 33 | 已用00:00:46 | 最长ETA 00:01:02
[2026-09-01T17:19:19+08:00] [训练] Validation连续18轮未改善，提前停止
[2026-09-01T17:19:19+08:00] [评估] 2v1 core    | 真实胜率94.8% | 预测96.6% | 误差1.8% | 剩余时间MAE 2.28步
[2026-09-01T17:19:19+08:00] [评估] 2v2 core    | 真实胜率52.0% | 预测56.2% | 误差4.1% | 剩余时间MAE 4.27步
[2026-09-01T17:19:19+08:00] [评估] 3v1 core    | 真实胜率98.5% | 预测97.3% | 误差1.2% | 剩余时间MAE 2.23步
[2026-09-01T17:19:19+08:00] [评估] 3v2 core    | 真实胜率78.3% | 预测71.6% | 误差6.7% | 剩余时间MAE 4.43步
[2026-09-01T17:19:19+08:00] [评估] 3v3 core    | 真实胜率34.1% | 预测42.3% | 误差8.1% | 剩余时间MAE 3.88步
[2026-09-01T17:19:19+08:00] [评估] 4v1 core    | 真实胜率97.9% | 预测97.4% | 误差0.4% | 剩余时间MAE 2.31步
[2026-09-01T17:19:19+08:00] [评估] 4v2 core    | 真实胜率85.3% | 预测81.0% | 误差4.3% | 剩余时间MAE 3.81步
[2026-09-01T17:19:19+08:00] [评估] 4v3 core    | 真实胜率55.5% | 预测57.3% | 误差1.8% | 剩余时间MAE 3.66步
[2026-09-01T17:19:19+08:00] [评估] 4v4 core    | 真实胜率24.8% | 预测29.8% | 误差5.0% | 剩余时间MAE 4.37步
[2026-09-01T17:19:19+08:00] [评估] 5v1 heldout | 真实胜率98.7% | 预测97.3% | 误差1.5% | 剩余时间MAE 2.51步
[2026-09-01T17:19:19+08:00] [评估] 5v2 sparse  | 真实胜率78.0% | 预测84.3% | 误差6.3% | 剩余时间MAE 3.97步
[2026-09-01T17:19:19+08:00] [评估] 5v3 sparse  | 真实胜率74.0% | 预测71.1% | 误差2.8% | 剩余时间MAE 2.99步
[2026-09-01T17:19:19+08:00] [评估] 5v4 sparse  | 真实胜率37.3% | 预测40.8% | 误差3.6% | 剩余时间MAE 4.64步
[2026-09-01T17:19:19+08:00] [评估] 5v5 sparse  | 真实胜率13.5% | 预测23.7% | 误差10.1% | 剩余时间MAE 4.62步
[2026-09-01T17:19:19+08:00] [评估] 6v2 sparse  | 真实胜率79.9% | 预测87.8% | 误差7.8% | 剩余时间MAE 3.80步
[2026-09-01T17:19:19+08:00] [评估] 6v3 heldout | 真实胜率66.2% | 预测74.6% | 误差8.4% | 剩余时间MAE 3.77步
[2026-09-01T17:19:19+08:00] [评估] 6v4 sparse  | 真实胜率34.3% | 预测52.8% | 误差18.4% | 剩余时间MAE 3.79步
[2026-09-01T17:19:19+08:00] [评估] 6v5 sparse  | 真实胜率18.7% | 预测28.7% | 误差9.9% | 剩余时间MAE 3.31步
[2026-09-01T17:19:19+08:00] [评估] 6v6 sparse  | 真实胜率17.0% | 预测17.0% | 误差0.0% | 剩余时间MAE 4.31步
[2026-09-01T17:19:19+08:00] [评估] 7v3 heldout | 真实胜率80.0% | 预测79.5% | 误差0.5% | 剩余时间MAE 3.48步
[2026-09-01T17:19:20+08:00] [训练] 完成：最佳epoch 33，温度1.273，核心Test Brier 0.1127，时间MAE 3.47步
[2026-09-01T17:19:21+08:00] [流水线] 全部完成 | 用时00:19:27 | 报告已合并到第一轮唯一完整报告
[2026-09-01T17:42:27+08:00] [流水线] 启动第一轮Stage 2补全 | device=cuda | 共10,020局 | core=7,200 sparse=1,920 heldout=900
[2026-09-01T17:42:27+08:00] [采集] 已有完整数据，跳过仿真：10,020局，50,826个态势
[2026-09-01T17:42:28+08:00] [训练] 已有与当前数据匹配的完整模型，跳过重训
[2026-09-01T17:42:29+08:00] [流水线] 全部完成 | 用时00:00:03 | 报告：E:\Code\Open_Score\Open-SCORE\outputs\round_01_mvp\round_01_report.md
[2026-09-01T17:52:56+08:00] [计划] 共10,020局：core=7,200，sparse=1,920，heldout=900
[2026-09-01T17:52:58+08:00] [流水线] 已完成。报告：E:\Code\Open_Score\Open-SCORE\outputs\round_01_mvp\round_01_report.md
