[alma] no resume checkpoint; start this arm from step 0
[alma] 0:00:10  1,117/1,000,000  111.4/s  upd=0  L=-  D=-
[alma] 0:00:20  1,482/1,000,000  72.2/s  upd=2  L=0.0479  D=-
[alma] 0:00:30  1,482/1,000,000  48.4/s  upd=8  L=0.0358  D=-
[alma] 0:00:40  1,857/1,000,000  45.6/s  upd=12  L=0.0353  D=-
[alma] 0:00:50  2,179/1,000,000  42.7/s  upd=18  L=0.0381  D=-
[alma] 0:01:01  2,179/1,000,000  35.7/s  upd=24  L=0.0444  D=-
[alma] 0:01:12  2,582/1,000,000  35.7/s  upd=29  L=0.0345  D=-
[alma] 0:01:22  2,582/1,000,000  31.3/s  upd=32  L=0.0485  D=-
[alma] 0:01:32  2,932/1,000,000  31.6/s  upd=40  L=0.0444  D=-
[alma] 0:01:42  2,932/1,000,000  28.5/s  upd=40  L=0.0444  D=-
[alma] 0:01:53  3,355/1,000,000  29.7/s  upd=48  L=0.0351  D=-
[alma] 0:02:03  3,355/1,000,000  27.2/s  upd=48  L=0.0351  D=-
[alma] 0:02:13  3,767/1,000,000  28.2/s  upd=56  L=0.0615  D=-
[alma] 0:02:23  3,767/1,000,000  26.2/s  upd=56  L=0.0615  D=-
[alma] 0:02:33  4,145/1,000,000  27.0/s  upd=64  L=0.0453  D=-
[alma] 0:02:44  4,479/1,000,000  27.3/s  upd=70  L=0.0478  D=-
[alma] 0:02:54  4,479/1,000,000  25.7/s  upd=72  L=0.0597  D=-
[alma] 0:03:04  4,855/1,000,000  26.3/s  upd=80  L=0.0265  D=-
[alma] 0:03:14  5,204/1,000,000  26.7/s  upd=88  L=0.0411  D=-
[alma] 0:03:25  5,204/1,000,000  25.4/s  upd=88  L=0.0411  D=-
[alma] 0:03:35  5,617/1,000,000  26.0/s  upd=93  L=0.0419  D=-
[alma] 0:03:46  5,617/1,000,000  24.8/s  upd=96  L=0.0470  D=-
[alma] 0:03:56  5,965/1,000,000  25.3/s  upd=104  L=0.0700  D=-
[alma] 0:04:06  6,285/1,000,000  25.5/s  upd=112  L=0.0478  D=-
[alma] 0:04:16  6,285/1,000,000  24.5/s  upd=112  L=0.0478  D=-
[alma] 0:04:26  6,654/1,000,000  25.0/s  upd=120  L=0.0628  D=-
[alma] 0:04:36  6,654/1,000,000  24.0/s  upd=120  L=0.0628  D=-
[alma] 0:04:46  7,035/1,000,000  24.5/s  upd=128  L=0.0362  D=-
[alma] 0:04:57  7,402/1,000,000  24.9/s  upd=135  L=0.0542  D=-
[alma] 0:05:07  7,402/1,000,000  24.1/s  upd=136  L=0.0596  D=-
[alma] 0:08:31  7,819/1,000,000  15.3/s  upd=144  L=0.0504  D=-
[alma] 0:08:42  7,819/1,000,000  15.0/s  upd=144  L=0.0504  D=-
[alma] 0:08:52  8,167/1,000,000  15.3/s  upd=152  L=0.0348  D=-
[alma] 0:09:02  8,554/1,000,000  15.8/s  upd=157  L=0.0616  D=-
[alma] 0:09:12  8,554/1,000,000  15.5/s  upd=160  L=0.0437  D=-
[alma] 0:09:22  8,908/1,000,000  15.8/s  upd=168  L=0.0436  D=-
[alma] 0:09:32  9,287/1,000,000  16.2/s  upd=171  L=0.0470  D=-
[alma] 0:09:42  9,287/1,000,000  15.9/s  upd=176  L=0.0493  D=-
[alma] 0:09:52  9,667/1,000,000  16.3/s  upd=184  L=0.0590  D=-
[alma] 0:10:03  10,021/1,000,000  16.6/s  upd=192  L=0.0618  D=-
[alma] saved resume t_env=10,021
[alma] 0:10:13  10,021/1,000,000  16.3/s  upd=192  L=0.0618  D=-
[alma] 0:10:23  10,438/1,000,000  16.7/s  upd=199  L=0.0558  D=-
[alma] 0:10:34  10,438/1,000,000  16.5/s  upd=200  L=0.0427  D=-
[alma] 0:10:45  10,894/1,000,000  16.9/s  upd=203  L=0.0393  D=-
[alma] 0:10:56  11,255/1,000,000  17.1/s  upd=209  L=0.0450  D=-
[alma] 0:11:06  11,255/1,000,000  16.9/s  upd=216  L=0.0525  D=-
[alma] 0:11:17  11,621/1,000,000  17.2/s  upd=224  L=0.0601  D=-
[alma] 0:11:27  11,621/1,000,000  16.9/s  upd=224  L=0.0601  D=-
[alma] 0:11:37  12,065/1,000,000  17.3/s  upd=231  L=0.0495  D=-
[alma] 0:11:47  12,065/1,000,000  17.1/s  upd=232  L=0.0294  D=-
[alma] 0:11:57  12,419/1,000,000  17.3/s  upd=240  L=0.0508  D=-
[alma] 0:12:08  12,751/1,000,000  17.5/s  upd=248  L=0.0412  D=-
[alma] 0:12:18  13,094/1,000,000  17.7/s  upd=249  L=0.0646  D=-
[alma] 0:12:28  13,094/1,000,000  17.5/s  upd=256  L=0.0534  D=-
[alma] 0:12:38  13,898/1,000,000  18.3/s  upd=272  L=0.0632  D=-
[alma] 0:12:48  14,697/1,000,000  19.1/s  upd=281  L=0.0638  D=-
[alma] 0:12:58  15,469/1,000,000  19.9/s  upd=298  L=0.0441  D=-
[alma] 0:13:08  17,211/1,000,000  21.8/s  upd=343  L=0.0663  D=-
[alma] 0:13:18  19,201/1,000,000  24.0/s  upd=381  L=0.0486  D=-
[alma] saved resume t_env=20,004
[alma] 0:13:44  20,004/1,000,000  24.3/s  upd=400  L=0.0690  ev=0/100  D=-
[alma] 0:13:54  20,004/1,000,000  24.0/s  upd=400  L=0.0690  ev=22/100  D=-
[alma] 0:14:04  20,004/1,000,000  23.7/s  upd=400  L=0.0690  ev=47/100  D=-
[alma] 0:14:14  20,004/1,000,000  23.4/s  upd=400  L=0.0690  ev=72/100  D=-
[alma] 0:14:24  20,004/1,000,000  23.1/s  upd=400  L=0.0690  ev=88/100  D=-
[alma] 0:16:25  20,004/1,000,000  20.3/s  upd=400  L=0.0690  D=6.560
[alma] 0:18:32  20,004/1,000,000  18.0/s  upd=400  L=0.0690  D=6.560
[alma] 0:18:43  20,404/1,000,000  18.2/s  upd=404  L=0.0436  D=6.560
[alma] 0:18:53  20,779/1,000,000  18.3/s  upd=415  L=0.0630  D=6.560
[alma] 0:19:03  20,779/1,000,000  18.2/s  upd=416  L=0.0752  D=6.560
[alma] 0:19:13  21,538/1,000,000  18.7/s  upd=427  L=0.0478  D=6.560
[alma] 0:19:23  22,284/1,000,000  19.2/s  upd=443  L=0.0363  D=6.560
[alma] 0:19:33  24,196/1,000,000  20.6/s  upd=485  L=0.0596  D=6.560
[alma] 0:19:43  25,890/1,000,000  21.9/s  upd=520  L=0.0454  D=6.560
[alma] 0:19:53  27,405/1,000,000  23.0/s  upd=550  L=0.0636  D=6.560
[alma] 0:20:03  28,987/1,000,000  24.1/s  upd=584  L=0.0507  D=6.560
[alma] 0:20:13  30,123/1,000,000  24.8/s  upd=608  L=0.0436  D=6.560
[alma] 0:20:23  31,382/1,000,000  25.7/s  upd=632  L=0.0568  D=6.560
[alma] 0:20:33  32,528/1,000,000  26.4/s  upd=656  L=0.0512  D=6.560
[alma] 0:20:43  33,682/1,000,000  27.1/s  upd=680  L=0.0477  D=6.560
[alma] 0:20:53  34,905/1,000,000  27.8/s  upd=704  L=0.0425  D=6.560
[alma] 0:21:03  36,673/1,000,000  29.0/s  upd=729  L=0.0600  D=6.560
[alma] 0:21:13  37,802/1,000,000  29.7/s  upd=759  L=0.0441  D=6.560
[alma] 0:21:23  39,343/1,000,000  30.6/s  upd=788  L=0.0442  D=6.560
[alma] saved resume t_env=40,119
[alma] 0:21:49  40,119/1,000,000  30.6/s  upd=808  L=0.0309  ev=0/100  D=6.560
[alma] 0:21:59  40,119/1,000,000  30.4/s  upd=808  L=0.0309  ev=96/100  D=6.560
[alma] 0:25:39  40,119/1,000,000  26.1/s  upd=808  L=0.0309  D=5.101
[alma] 0:29:09  40,119/1,000,000  22.9/s  upd=808  L=0.0309  D=5.101
[alma] saved resume t_env=40,477
[alma] resume t_env=40,477 from resume.pt
[alma] 0:00:10  40,477/1,000,000  0.0/s  upd=808  L=-  D=5.101
[alma] 0:00:20  40,870/1,000,000  19.5/s  upd=810  L=0.0414  D=5.101
[alma] 0:00:30  40,870/1,000,000  13.0/s  upd=816  L=0.0360  D=5.101
[alma] 0:00:40  41,291/1,000,000  20.1/s  upd=817  L=0.0444  D=5.101
[alma] 0:00:50  41,291/1,000,000  16.1/s  upd=824  L=0.0604  D=5.101
[alma] 0:01:00  41,695/1,000,000  20.1/s  upd=824  L=0.0604  D=5.101
[alma] 0:01:10  41,695/1,000,000  17.3/s  upd=832  L=0.0388  D=5.101
[alma] 0:01:20  42,029/1,000,000  19.3/s  upd=840  L=0.0526  D=5.101
[alma] 0:01:31  42,029/1,000,000  17.0/s  upd=840  L=0.0526  D=5.101
[alma] 0:01:41  42,389/1,000,000  18.9/s  upd=848  L=0.0391  D=5.101
[alma] 0:01:51  42,733/1,000,000  20.2/s  upd=850  L=0.0542  D=5.101
[alma] 0:02:02  43,073/1,000,000  21.3/s  upd=859  L=0.0546  D=5.101
[alma] 0:02:12  43,073/1,000,000  19.6/s  upd=864  L=0.0501  D=5.101
[alma] 0:02:22  43,485/1,000,000  21.1/s  upd=872  L=0.0304  D=5.101
[alma] 0:02:32  43,485/1,000,000  19.7/s  upd=872  L=0.0304  D=5.101
[alma] 0:02:42  43,856/1,000,000  20.8/s  upd=880  L=0.0474  D=5.101
[alma] 0:02:52  44,290/1,000,000  22.1/s  upd=884  L=0.0566  D=5.101
[alma] 0:03:02  44,290/1,000,000  20.8/s  upd=888  L=0.0418  D=5.101
[alma] 0:03:12  44,616/1,000,000  21.4/s  upd=896  L=0.0419  D=5.101
[alma] 0:03:24  44,947/1,000,000  21.9/s  upd=897  L=0.0291  D=5.101
[alma] 0:03:34  44,947/1,000,000  20.9/s  upd=904  L=0.0369  D=5.101
[alma] 0:03:44  45,353/1,000,000  21.7/s  upd=910  L=0.0480  D=5.101
[alma] 0:03:54  45,730/1,000,000  22.4/s  upd=913  L=0.0534  D=5.101
[alma] 0:04:04  45,730/1,000,000  21.5/s  upd=920  L=0.0366  D=5.101
[alma] 0:04:14  46,081/1,000,000  22.0/s  upd=928  L=0.0500  D=5.101
[alma] 0:04:25  46,081/1,000,000  21.1/s  upd=928  L=0.0500  D=5.101
[alma] 0:04:35  46,496/1,000,000  21.9/s  upd=936  L=0.0517  D=5.101
[alma] 0:04:45  46,496/1,000,000  21.1/s  upd=936  L=0.0517  D=5.101
[alma] 0:04:55  46,883/1,000,000  21.7/s  upd=944  L=0.0554  D=5.101
[alma] 0:05:05  47,243/1,000,000  22.1/s  upd=946  L=0.0475  D=5.101
[alma] 0:09:22  47,243/1,000,000  12.0/s  upd=952  L=0.0385  D=5.101
[alma] 0:09:32  47,582/1,000,000  12.4/s  upd=957  L=0.0418  D=5.101
[alma] 0:09:42  47,582/1,000,000  12.2/s  upd=960  L=0.0404  D=5.101
[alma] 0:09:52  47,951/1,000,000  12.6/s  upd=968  L=0.0412  D=5.101
[alma] 0:10:02  47,951/1,000,000  12.4/s  upd=968  L=0.0412  D=5.101
[alma] saved resume t_env=48,364
[alma] 0:10:13  48,364/1,000,000  12.9/s  upd=976  L=0.0516  D=5.101
[alma] 0:10:23  48,708/1,000,000  13.2/s  upd=982  L=0.0407  D=5.101
[alma] 0:10:33  48,708/1,000,000  13.0/s  upd=984  L=0.0525  D=5.101
[alma] 0:10:43  49,062/1,000,000  13.3/s  upd=992  L=0.0455  D=5.101
[alma] 0:10:54  49,062/1,000,000  13.1/s  upd=992  L=0.0455  D=5.101
[alma] 0:11:04  49,474/1,000,000  13.5/s  upd=996  L=0.0573  D=5.101
[alma] 0:11:14  49,828/1,000,000  13.9/s  upd=1001  L=0.0386  D=5.101
[alma] 0:11:24  49,828/1,000,000  13.7/s  upd=1008  L=0.0482  D=5.101
[alma] 0:11:34  49,828/1,000,000  13.5/s  upd=1008  L=0.0482  D=5.101
[alma] 0:11:44  50,216/1,000,000  13.8/s  upd=1016  L=0.0522  D=5.101
[alma] 0:11:54  50,216/1,000,000  13.6/s  upd=1016  L=0.0522  D=5.101
[alma] 0:12:05  50,629/1,000,000  14.0/s  upd=1022  L=0.0493  D=5.101
[alma] 0:12:15  50,980/1,000,000  14.3/s  upd=1032  L=0.0464  D=5.101
[alma] 0:12:25  51,451/1,000,000  14.7/s  upd=1040  L=0.0430  D=5.101
[alma] 0:12:35  51,793/1,000,000  15.0/s  upd=1048  L=0.0470  D=5.101
[alma] 0:12:46  52,209/1,000,000  15.3/s  upd=1056  L=0.0317  D=5.101
[alma] 0:12:56  52,543/1,000,000  15.5/s  upd=1064  L=0.0498  D=5.101
[alma] 0:13:06  53,321/1,000,000  16.3/s  upd=1075  L=0.0445  D=5.101
[alma] 0:13:16  53,321/1,000,000  16.1/s  upd=1080  L=0.0421  D=5.101
[alma] 0:13:26  54,093/1,000,000  16.9/s  upd=1089  L=0.0278  D=5.101
[alma] 0:13:36  54,456/1,000,000  17.1/s  upd=1104  L=0.0383  D=5.101
[alma] 0:13:46  55,574/1,000,000  18.3/s  upd=1128  L=0.0495  D=5.101
[alma] 0:13:56  57,118/1,000,000  19.9/s  upd=1155  L=0.0426  D=5.101
[alma] 0:14:06  58,270/1,000,000  21.0/s  upd=1179  L=0.0649  D=5.101
[alma] 0:14:16  59,752/1,000,000  22.5/s  upd=1209  L=0.0436  D=5.101
[alma] saved resume t_env=60,141
[alma] 0:14:45  60,141/1,000,000  22.2/s  upd=1224  L=0.0499  ev=0/100  D=5.101
[alma] 0:14:55  60,141/1,000,000  21.9/s  upd=1224  L=0.0499  ev=16/100  D=5.101
[alma] 0:15:06  60,141/1,000,000  21.7/s  upd=1224  L=0.0499  ev=39/100  D=5.101
[alma] 0:15:16  60,141/1,000,000  21.5/s  upd=1224  L=0.0499  ev=56/100  D=5.101
[alma] 0:15:26  60,141/1,000,000  21.2/s  upd=1224  L=0.0499  ev=77/100  D=5.101
[alma] 0:15:36  60,141/1,000,000  21.0/s  upd=1224  L=0.0499  ev=96/100  D=5.101
[alma] 0:18:41  60,141/1,000,000  17.5/s  upd=1224  L=0.0499  D=5.284
[alma] 0:22:59  60,141/1,000,000  14.3/s  upd=1224  L=0.0499  D=5.284
[alma] 0:23:09  61,260/1,000,000  15.0/s  upd=1248  L=0.0496  D=5.284
[alma] 0:23:19  62,827/1,000,000  16.0/s  upd=1274  L=0.0368  D=5.284
[alma] 0:23:29  63,949/1,000,000  16.7/s  upd=1304  L=0.0497  D=5.284
[alma] 0:23:39  65,402/1,000,000  17.6/s  upd=1331  L=0.0436  D=5.284
[alma] 0:23:49  66,589/1,000,000  18.3/s  upd=1360  L=0.0325  D=5.284
[alma] 0:23:59  67,687/1,000,000  18.9/s  upd=1384  L=0.0465  D=5.284
[alma] 0:24:09  69,247/1,000,000  19.8/s  upd=1411  L=0.0491  D=5.284
[alma] 0:24:19  71,196/1,000,000  21.0/s  upd=1455  L=0.0435  D=5.284
[alma] saved resume t_env=71,531
[alma] 0:24:29  72,939/1,000,000  22.1/s  upd=1496  L=0.0564  D=5.284
[alma] 0:24:39  74,952/1,000,000  23.3/s  upd=1530  L=0.0425  D=5.284
[alma] 0:24:50  75,313/1,000,000  23.4/s  upd=1543  L=0.0445  D=5.284
[alma] 0:25:00  75,747/1,000,000  23.5/s  upd=1552  L=0.0451  D=5.284
[alma] 0:25:10  76,197/1,000,000  23.7/s  upd=1560  L=0.0457  D=5.284
[alma] 0:25:20  76,613/1,000,000  23.8/s  upd=1568  L=0.0431  D=5.284
[alma] 0:25:30  77,379/1,000,000  24.1/s  upd=1579  L=0.0503  D=5.284
[alma] 0:25:40  77,706/1,000,000  24.2/s  upd=1589  L=0.0407  D=5.284
[alma] 0:25:51  77,706/1,000,000  24.0/s  upd=1592  L=0.0407  D=5.284
[alma] 0:26:01  78,078/1,000,000  24.1/s  upd=1598  L=0.0352  D=5.284
[alma] 0:26:11  78,078/1,000,000  23.9/s  upd=1600  L=0.0357  D=5.284
[alma] 0:26:22  78,395/1,000,000  24.0/s  upd=1608  L=0.0389  D=5.284
[alma] 0:26:32  78,395/1,000,000  23.8/s  upd=1608  L=0.0389  D=5.284
[alma] 0:26:42  78,841/1,000,000  23.9/s  upd=1615  L=0.0452  D=5.284
[alma] 0:26:53  79,191/1,000,000  24.0/s  upd=1622  L=0.0505  D=5.284
[alma] 0:27:04  79,537/1,000,000  24.0/s  upd=1626  L=0.0385  D=5.284
[alma] 0:27:14  79,537/1,000,000  23.9/s  upd=1632  L=0.0391  D=5.284
[alma] 0:27:24  79,897/1,000,000  24.0/s  upd=1640  L=0.0584  D=5.284
[alma] 0:27:34  79,897/1,000,000  23.8/s  upd=1640  L=0.0584  D=5.284
[alma] 0:27:45  80,357/1,000,000  24.0/s  upd=1646  L=0.0507  D=5.284
[alma] saved resume t_env=80,357
[alma] 0:28:15  80,357/1,000,000  23.5/s  upd=1648  L=0.0401  ev=0/100  D=5.284
[alma] 0:28:25  80,357/1,000,000  23.4/s  upd=1648  L=0.0401  ev=3/100  D=5.284
[alma] 0:28:35  80,357/1,000,000  23.2/s  upd=1648  L=0.0401  ev=16/100  D=5.284
[alma] 0:28:45  80,357/1,000,000  23.1/s  upd=1648  L=0.0401  ev=20/100  D=5.284
[alma] 0:28:55  80,357/1,000,000  23.0/s  upd=1648  L=0.0401  ev=23/100  D=5.284
[alma] 0:29:05  80,357/1,000,000  22.8/s  upd=1648  L=0.0401  ev=32/100  D=5.284
[alma] 0:29:16  80,357/1,000,000  22.7/s  upd=1648  L=0.0401  ev=36/100  D=5.284
[alma] 0:29:26  80,357/1,000,000  22.6/s  upd=1648  L=0.0401  ev=41/100  D=5.284
[alma] 0:29:36  80,357/1,000,000  22.5/s  upd=1648  L=0.0401  ev=48/100  D=5.284
[alma] 0:29:46  80,357/1,000,000  22.3/s  upd=1648  L=0.0401  ev=59/100  D=5.284
[alma] 0:29:56  80,357/1,000,000  22.2/s  upd=1648  L=0.0401  ev=72/100  D=5.284
[alma] 0:30:06  80,357/1,000,000  22.1/s  upd=1648  L=0.0401  ev=88/100  D=5.284
[alma] 0:32:13  80,357/1,000,000  20.6/s  upd=1648  L=0.0401  D=5.252
[alma] 0:35:40  80,357/1,000,000  18.6/s  upd=1648  L=0.0401  D=5.252
[alma] 0:35:51  80,767/1,000,000  18.7/s  upd=1652  L=0.0374  D=5.252
[alma] 0:36:01  81,148/1,000,000  18.8/s  upd=1664  L=0.0609  D=5.252
[alma] 0:36:11  81,852/1,000,000  19.1/s  upd=1673  L=0.0415  D=5.252
[alma] 0:36:21  82,210/1,000,000  19.1/s  upd=1688  L=0.0536  D=5.252
[alma] 0:36:31  83,139/1,000,000  19.5/s  upd=1697  L=0.0301  D=5.252
[alma] 0:36:41  83,560/1,000,000  19.6/s  upd=1706  L=0.0546  D=5.252
[alma] 0:36:51  83,926/1,000,000  19.6/s  upd=1719  L=0.0426  D=5.252
[alma] 0:37:02  84,278/1,000,000  19.7/s  upd=1728  L=0.0365  D=5.252
[alma] 0:37:13  84,646/1,000,000  19.8/s  upd=1734  L=0.0423  D=5.252
[alma] 0:37:23  85,098/1,000,000  19.9/s  upd=1740  L=0.0620  D=5.252
[alma] 0:37:33  85,557/1,000,000  20.0/s  upd=1745  L=0.0375  D=5.252
[alma] 0:37:43  85,897/1,000,000  20.1/s  upd=1756  L=0.0471  D=5.252
[alma] 0:37:54  86,328/1,000,000  20.2/s  upd=1761  L=0.0334  D=5.252
[alma] saved resume t_env=86,328
[alma] 0:38:04  86,328/1,000,000  20.1/s  upd=1768  L=0.0330  D=5.252
[alma] 0:38:14  87,106/1,000,000  20.3/s  upd=1778  L=0.0476  D=5.252
[alma] 0:38:24  87,106/1,000,000  20.2/s  upd=1784  L=0.0509  D=5.252
[alma] 0:38:34  87,479/1,000,000  20.3/s  upd=1788  L=0.0312  D=5.252
[alma] 0:38:45  87,479/1,000,000  20.2/s  upd=1792  L=0.0381  D=5.252
[alma] 0:38:55  87,839/1,000,000  20.3/s  upd=1800  L=0.0579  D=5.252
[alma] 0:39:05  88,165/1,000,000  20.3/s  upd=1801  L=0.0454  D=5.252
[alma] 0:39:15  88,165/1,000,000  20.2/s  upd=1808  L=0.0408  D=5.252
[alma] 0:39:26  88,511/1,000,000  20.3/s  upd=1815  L=0.0309  D=5.252
[alma] 0:39:36  88,511/1,000,000  20.2/s  upd=1816  L=0.0445  D=5.252
[alma] 0:39:47  88,943/1,000,000  20.3/s  upd=1820  L=0.0373  D=5.252
[alma] 0:39:57  89,439/1,000,000  20.4/s  upd=1828  L=0.0439  D=5.252
[alma] 0:40:07  90,161/1,000,000  20.6/s  upd=1841  L=0.0326  D=5.252
[alma] 0:40:17  90,524/1,000,000  20.7/s  upd=1856  L=0.0457  D=5.252
[alma] 0:40:27  91,232/1,000,000  20.9/s  upd=1865  L=0.0388  D=5.252
[alma] 0:40:37  91,232/1,000,000  20.8/s  upd=1872  L=0.0441  D=5.252
[alma] 0:41:53  91,703/1,000,000  20.4/s  upd=1880  L=0.0518  D=5.252
[alma] 0:42:03  93,179/1,000,000  20.9/s  upd=1906  L=0.0478  D=5.252
[alma] 0:42:13  94,658/1,000,000  21.4/s  upd=1939  L=0.0428  D=5.252
[alma] 0:42:23  96,506/1,000,000  22.0/s  upd=1980  L=0.0406  D=5.252
[alma] 0:42:33  98,027/1,000,000  22.5/s  upd=2016  L=0.0355  D=5.252
[alma] 0:42:43  100,025/1,000,000  23.2/s  upd=2053  L=0.0286  D=5.252
[alma] saved resume t_env=100,025
[alma] 0:43:10  100,025/1,000,000  23.0/s  upd=2056  L=0.0615  ev=0/100  D=5.252
[alma] 0:46:24  100,025/1,000,000  21.4/s  upd=2056  L=0.0615  D=5.284
[alma] 0:46:34  102,190/1,000,000  22.1/s  upd=2096  L=0.0442  D=5.284
[alma] 0:46:44  104,427/1,000,000  22.8/s  upd=2138  L=0.0467  D=5.284
[alma] 0:46:54  106,415/1,000,000  23.4/s  upd=2184  L=0.0464  D=5.284
[alma] 0:55:12  106,415/1,000,000  19.9/s  upd=2184  L=0.0464  D=5.284
[alma] saved resume t_env=106,772
[alma] 0:55:23  106,772/1,000,000  20.0/s  upd=2192  L=0.0488  D=5.284
[alma] 0:55:33  107,617/1,000,000  20.1/s  upd=2202  L=0.0441  D=5.284
[alma] 0:55:43  107,940/1,000,000  20.2/s  upd=2216  L=0.0567  D=5.284
[alma] 0:55:53  108,689/1,000,000  20.3/s  upd=2227  L=0.0458  D=5.284
[alma] 0:56:03  109,032/1,000,000  20.4/s  upd=2240  L=0.0386  D=5.284
[alma] 0:56:13  109,377/1,000,000  20.4/s  upd=2248  L=0.0369  D=5.284
[alma] 0:56:23  109,377/1,000,000  20.4/s  upd=2248  L=0.0369  D=5.284
[alma] 0:56:33  109,737/1,000,000  20.4/s  upd=2253  L=0.0343  D=5.284
[alma] 0:56:43  109,737/1,000,000  20.3/s  upd=2256  L=0.0413  D=5.284
[alma] 0:56:53  109,737/1,000,000  20.3/s  upd=2256  L=0.0413  D=5.284
[alma] 0:57:04  110,121/1,000,000  20.3/s  upd=2264  L=0.0439  D=5.284
[alma] 0:57:14  110,121/1,000,000  20.3/s  upd=2264  L=0.0439  D=5.284
[alma] 0:57:24  110,542/1,000,000  20.3/s  upd=2272  L=0.0366  D=5.284
[alma] 0:57:34  110,872/1,000,000  20.4/s  upd=2272  L=0.0366  D=5.284
[alma] 0:57:45  110,872/1,000,000  20.3/s  upd=2279  L=0.0484  D=5.284
[alma] 0:57:55  111,229/1,000,000  20.4/s  upd=2287  L=0.0405  D=5.284
[alma] 0:58:05  111,229/1,000,000  20.3/s  upd=2288  L=0.0482  D=5.284
[alma] 0:58:15  111,589/1,000,000  20.3/s  upd=2291  L=0.0346  D=5.284
[alma] 0:58:25  111,589/1,000,000  20.3/s  upd=2296  L=0.0407  D=5.284
[alma] 0:58:35  111,589/1,000,000  20.2/s  upd=2296  L=0.0407  D=5.284
[alma] 0:58:46  112,402/1,000,000  20.4/s  upd=2308  L=0.0394  D=5.284
[alma] 0:58:56  112,748/1,000,000  20.4/s  upd=2320  L=0.0302  D=5.284
[alma] 0:59:06  113,135/1,000,000  20.5/s  upd=2328  L=0.0609  D=5.284
[alma] 0:59:16  113,951/1,000,000  20.7/s  upd=2340  L=0.0386  D=5.284
[alma] 0:59:26  114,390/1,000,000  20.7/s  upd=2350  L=0.0421  D=5.284
[alma] 0:59:36  114,745/1,000,000  20.8/s  upd=2360  L=0.0379  D=5.284
[alma] 0:59:46  115,612/1,000,000  20.9/s  upd=2370  L=0.0456  D=5.284
[alma] 0:59:57  115,951/1,000,000  21.0/s  upd=2379  L=0.0370  D=5.284
[alma] 1:00:07  116,382/1,000,000  21.0/s  upd=2392  L=0.0354  D=5.284
[alma] 1:00:17  117,191/1,000,000  21.2/s  upd=2406  L=0.0349  D=5.284
[alma] 1:06:24  117,191/1,000,000  19.3/s  upd=2408  L=0.0448  D=5.284
[alma] saved resume t_env=117,529
[alma] 1:06:34  117,529/1,000,000  19.3/s  upd=2416  L=0.0447  D=5.284
[alma] 1:06:44  117,941/1,000,000  19.3/s  upd=2424  L=0.0328  D=5.284
[alma] 1:06:54  118,644/1,000,000  19.5/s  upd=2435  L=0.0388  D=5.284
[alma] 1:07:04  119,018/1,000,000  19.5/s  upd=2446  L=0.0425  D=5.284
[alma] 1:07:14  119,438/1,000,000  19.6/s  upd=2456  L=0.0533  D=5.284
[alma] 1:07:25  119,844/1,000,000  19.6/s  upd=2458  L=0.0463  D=5.284
[alma] 1:07:35  119,844/1,000,000  19.6/s  upd=2464  L=0.0461  D=5.284
[alma] 1:07:45  119,844/1,000,000  19.5/s  upd=2464  L=0.0461  D=5.284
[alma] saved resume t_env=120,212
[alma] 1:08:16  120,212/1,000,000  19.5/s  upd=2472  L=0.0489  ev=0/100  D=5.284
[alma] 1:08:26  120,212/1,000,000  19.4/s  upd=2472  L=0.0489  ev=0/100  D=5.284
[alma] 1:08:37  120,212/1,000,000  19.4/s  upd=2472  L=0.0489  ev=14/100  D=5.284
[alma] 1:08:47  120,212/1,000,000  19.3/s  upd=2472  L=0.0489  ev=24/100  D=5.284
[alma] 1:08:57  120,212/1,000,000  19.3/s  upd=2472  L=0.0489  ev=38/100  D=5.284
[alma] 1:09:07  120,212/1,000,000  19.2/s  upd=2472  L=0.0489  ev=48/100  D=5.284
[alma] 1:09:17  120,212/1,000,000  19.2/s  upd=2472  L=0.0489  ev=56/100  D=5.284
[alma] 1:09:27  120,212/1,000,000  19.1/s  upd=2472  L=0.0489  ev=79/100  D=5.284
[alma] 1:09:37  120,212/1,000,000  19.1/s  upd=2472  L=0.0489  ev=94/100  D=5.284
[alma] 1:14:38  120,212/1,000,000  17.8/s  upd=2472  L=0.0489  D=5.079
[alma] 1:20:07  120,212/1,000,000  16.6/s  upd=2472  L=0.0489  D=5.079
[alma] saved resume t_env=120,746
[alma] 1:20:18  121,905/1,000,000  16.9/s  upd=2504  L=0.0405  D=5.079
[alma] 1:20:28  123,962/1,000,000  17.3/s  upd=2544  L=0.0349  D=5.079
[alma] 1:20:38  125,778/1,000,000  17.6/s  upd=2582  L=0.0282  D=5.079
[alma] 1:20:48  127,602/1,000,000  18.0/s  upd=2622  L=0.0606  D=5.079
[alma] 1:20:58  129,464/1,000,000  18.3/s  upd=2659  L=0.0465  D=5.079
[alma] 1:21:08  130,927/1,000,000  18.6/s  upd=2696  L=0.0448  D=5.079
[alma] 1:21:18  132,833/1,000,000  18.9/s  upd=2734  L=0.0418  D=5.079
[alma] 1:21:28  134,752/1,000,000  19.3/s  upd=2770  L=0.0472  D=5.079
[alma] 1:21:38  136,231/1,000,000  19.5/s  upd=2808  L=0.0408  D=5.079
[alma] 1:21:48  138,145/1,000,000  19.9/s  upd=2847  L=0.0467  D=5.079
[alma] 1:21:58  139,920/1,000,000  20.2/s  upd=2884  L=0.0465  D=5.079
[alma] saved resume t_env=140,306
[alma] 1:22:30  140,306/1,000,000  20.2/s  upd=2896  L=0.0460  ev=0/100  D=5.079
[alma] 1:22:40  140,306/1,000,000  20.1/s  upd=2896  L=0.0460  ev=93/100  D=5.079
[alma] 1:27:31  140,306/1,000,000  19.0/s  upd=2896  L=0.0460  D=5.034
[alma] 1:33:56  140,306/1,000,000  17.7/s  upd=2896  L=0.0460  D=5.034
[alma] saved resume t_env=140,638
[alma] 1:34:06  140,638/1,000,000  17.7/s  upd=2904  L=0.0583  D=5.034
[alma] 1:34:16  141,331/1,000,000  17.8/s  upd=2915  L=0.0407  D=5.034
[alma] 1:34:26  141,731/1,000,000  17.9/s  upd=2921  L=0.0482  D=5.034
[alma] 1:34:36  142,450/1,000,000  18.0/s  upd=2942  L=0.0392  D=5.034
[alma] 1:34:46  143,679/1,000,000  18.1/s  upd=2967  L=0.0361  D=5.034
[alma] 1:34:57  144,014/1,000,000  18.2/s  upd=2976  L=0.0446  D=5.034
[alma] 1:35:07  144,740/1,000,000  18.3/s  upd=2988  L=0.0435  D=5.034
[alma] 1:35:17  145,120/1,000,000  18.3/s  upd=2998  L=0.0591  D=5.034
[alma] 1:35:27  145,517/1,000,000  18.3/s  upd=3007  L=0.0449  D=5.034
[alma] 1:35:37  145,910/1,000,000  18.4/s  upd=3009  L=0.0406  D=5.034
[alma] 1:35:47  145,910/1,000,000  18.3/s  upd=3016  L=0.0341  D=5.034
[alma] 1:35:57  146,703/1,000,000  18.4/s  upd=3026  L=0.0568  D=5.034
[alma] 1:36:08  147,118/1,000,000  18.5/s  upd=3034  L=0.0397  D=5.034
[alma] 1:36:18  147,464/1,000,000  18.5/s  upd=3048  L=0.0473  D=5.034
[alma] 1:36:28  148,163/1,000,000  18.6/s  upd=3062  L=0.0481  D=5.034
[alma] 1:36:38  148,871/1,000,000  18.7/s  upd=3073  L=0.0509  D=5.034
[alma] 1:36:48  149,255/1,000,000  18.7/s  upd=3088  L=0.0397  D=5.034
[alma] 1:36:58  150,025/1,000,000  18.8/s  upd=3104  L=0.0408  D=5.034
[alma] 1:37:08  150,832/1,000,000  18.9/s  upd=3115  L=0.0580  D=5.034
[alma] 1:37:19  151,201/1,000,000  19.0/s  upd=3127  L=0.0477  D=5.034
[alma] 1:37:29  151,595/1,000,000  19.0/s  upd=3136  L=0.0283  D=5.034
[alma] 1:37:39  152,320/1,000,000  19.1/s  upd=3151  L=0.0614  D=5.034
[alma] 1:37:49  153,093/1,000,000  19.2/s  upd=3163  L=0.0465  D=5.034
[alma] 1:38:00  153,492/1,000,000  19.2/s  upd=3176  L=0.0557  D=5.034
[alma] 1:38:10  153,828/1,000,000  19.2/s  upd=3184  L=0.0452  D=5.034
[alma] 1:38:20  154,627/1,000,000  19.3/s  upd=3195  L=0.0448  D=5.034
[alma] 1:38:30  154,996/1,000,000  19.4/s  upd=3208  L=0.0368  D=5.034
[alma] 1:38:40  154,996/1,000,000  19.3/s  upd=3208  L=0.0368  D=5.034
[alma] 1:38:51  155,378/1,000,000  19.4/s  upd=3215  L=0.0519  D=5.034
[alma] 1:39:01  155,378/1,000,000  19.3/s  upd=3216  L=0.0469  D=5.034
[alma] 1:39:11  155,813/1,000,000  19.4/s  upd=3221  L=0.0473  D=5.034
[alma] 1:43:03  155,813/1,000,000  18.7/s  upd=3224  L=0.0288  D=5.034
[alma] 1:43:13  156,534/1,000,000  18.7/s  upd=3236  L=0.0433  D=5.034
[alma] 1:43:23  156,886/1,000,000  18.8/s  upd=3248  L=0.0474  D=5.034
[alma] 1:43:33  158,211/1,000,000  18.9/s  upd=3266  L=0.0442  D=5.034
[alma] 1:43:43  159,684/1,000,000  19.2/s  upd=3304  L=0.0360  D=5.034
[alma] saved resume t_env=160,149
[alma] 1:44:13  160,149/1,000,000  19.1/s  upd=3312  L=0.0555  ev=0/100  D=5.034
[alma] 1:44:23  160,149/1,000,000  19.1/s  upd=3312  L=0.0555  ev=98/100  D=5.034
[alma] 1:50:30  160,149/1,000,000  18.0/s  upd=3312  L=0.0555  D=4.002
[alma] 1:56:03  160,149/1,000,000  17.2/s  upd=3312  L=0.0555  D=4.002
[alma] saved resume t_env=160,546
[alma] 1:56:13  161,643/1,000,000  17.4/s  upd=3338  L=0.0415  D=4.002
[alma] 1:56:23  163,506/1,000,000  17.6/s  upd=3377  L=0.0554  D=4.002
[alma] 1:56:33  165,060/1,000,000  17.8/s  upd=3416  L=0.0521  D=4.002
[alma] 1:56:43  166,449/1,000,000  18.0/s  upd=3448  L=0.0576  D=4.002
[alma] 1:56:53  167,897/1,000,000  18.2/s  upd=3480  L=0.0499  D=4.002
[alma] 1:57:04  169,742/1,000,000  18.4/s  upd=3516  L=0.0366  D=4.002
[alma] 1:57:14  171,290/1,000,000  18.6/s  upd=3552  L=0.0510  D=4.002
[alma] 1:57:24  173,306/1,000,000  18.9/s  upd=3592  L=0.0355  D=4.002
[alma] 1:57:34  175,234/1,000,000  19.1/s  upd=3631  L=0.0501  D=4.002
[alma] 1:57:44  177,092/1,000,000  19.3/s  upd=3668  L=0.0471  D=4.002
[alma] 1:57:54  178,731/1,000,000  19.5/s  upd=3704  L=0.0531  D=4.002
[alma] saved resume t_env=180,182
[alma] 1:58:29  180,182/1,000,000  19.6/s  upd=3736  L=0.0555  ev=0/100  D=4.002
[alma] 1:58:39  180,182/1,000,000  19.6/s  upd=3736  L=0.0555  ev=88/100  D=4.002
[alma] 2:05:36  180,182/1,000,000  18.5/s  upd=3736  L=0.0555  D=4.447
[alma] 2:12:14  180,182/1,000,000  17.6/s  upd=3736  L=0.0555  D=4.447
[alma] saved resume t_env=180,576
[alma] 2:12:24  181,335/1,000,000  17.7/s  upd=3753  L=0.0512  D=4.447
[alma] 2:12:34  182,544/1,000,000  17.9/s  upd=3780  L=0.0371  D=4.447
[alma] 2:12:44  184,075/1,000,000  18.0/s  upd=3810  L=0.0453  D=4.447
[alma] 2:12:54  186,031/1,000,000  18.3/s  upd=3849  L=0.0562  D=4.447
[alma] 2:13:04  187,871/1,000,000  18.5/s  upd=3892  L=0.0349  D=4.447
[alma] 2:13:15  189,306/1,000,000  18.6/s  upd=3926  L=0.0333  D=4.447
[alma] 2:13:25  189,754/1,000,000  18.6/s  upd=3933  L=0.0373  D=4.447
[alma] 2:13:35  189,754/1,000,000  18.6/s  upd=3936  L=0.0560  D=4.447
[alma] 2:13:45  190,643/1,000,000  18.7/s  upd=3945  L=0.0563  D=4.447
[alma] 2:13:55  190,643/1,000,000  18.7/s  upd=3952  L=0.0408  D=4.447
[alma] 2:14:05  191,055/1,000,000  18.7/s  upd=3960  L=0.0475  D=4.447
[alma] 2:14:15  191,542/1,000,000  18.8/s  upd=3968  L=0.0491  D=4.447
[alma] 2:14:26  192,344/1,000,000  18.8/s  upd=3978  L=0.0724  D=4.447
[alma] 2:14:36  192,700/1,000,000  18.8/s  upd=3992  L=0.0715  D=4.447
[alma] 2:14:46  193,155/1,000,000  18.9/s  upd=4000  L=0.0392  D=4.447
[alma] 2:14:57  194,077/1,000,000  19.0/s  upd=4011  L=0.0481  D=4.447
[alma] 2:15:07  194,399/1,000,000  19.0/s  upd=4024  L=0.0431  D=4.447
[alma] 2:15:17  195,123/1,000,000  19.1/s  upd=4040  L=0.0413  D=4.447
[alma] 2:15:27  195,820/1,000,000  19.1/s  upd=4050  L=0.0463  D=4.447
[alma] 2:15:37  196,176/1,000,000  19.1/s  upd=4064  L=0.0539  D=4.447
[alma] 2:15:47  196,538/1,000,000  19.2/s  upd=4072  L=0.0378  D=4.447
[alma] 2:15:57  197,291/1,000,000  19.2/s  upd=4084  L=0.0344  D=4.447
[alma] 2:16:07  197,291/1,000,000  19.2/s  upd=4088  L=0.0448  D=4.447
[alma] 2:16:18  197,662/1,000,000  19.2/s  upd=4096  L=0.0326  D=4.447
[alma] 2:16:28  197,662/1,000,000  19.2/s  upd=4096  L=0.0326  D=4.447
[alma] 2:16:38  198,020/1,000,000  19.2/s  upd=4104  L=0.0371  D=4.447
[alma] 2:16:48  198,020/1,000,000  19.2/s  upd=4104  L=0.0371  D=4.447
[alma] 2:16:58  198,413/1,000,000  19.2/s  upd=4112  L=0.0359  D=4.447
[alma] 2:17:09  198,764/1,000,000  19.2/s  upd=4115  L=0.0532  D=4.447
[alma] 2:21:38  198,764/1,000,000  18.6/s  upd=4120  L=0.0471  D=4.447
[alma] saved resume t_env=200,021
[alma] 2:22:12  200,021/1,000,000  18.7/s  upd=4144  L=0.0571  ev=0/100  D=4.447
[alma] 2:29:08  200,021/1,000,000  17.8/s  upd=4144  L=0.0571  D=4.079
[alma] 2:33:58  200,021/1,000,000  17.3/s  upd=4144  L=0.0571  D=4.079
[alma] saved resume t_env=200,377
[alma] 2:34:08  201,455/1,000,000  17.4/s  upd=4170  L=0.0552  D=4.079
[alma] 2:34:18  202,910/1,000,000  17.5/s  upd=4208  L=0.0611  D=4.079
[alma] 2:34:29  204,767/1,000,000  17.7/s  upd=4246  L=0.0325  D=4.079
[alma] 2:34:39  206,547/1,000,000  17.9/s  upd=4281  L=0.0478  D=4.079
[alma] 2:34:49  208,012/1,000,000  18.0/s  upd=4318  L=0.0427  D=4.079
[alma] 2:34:59  209,508/1,000,000  18.2/s  upd=4352  L=0.0427  D=4.079
[alma] 2:35:09  211,265/1,000,000  18.3/s  upd=4387  L=0.0362  D=4.079
[alma] 2:35:19  212,617/1,000,000  18.5/s  upd=4424  L=0.0411  D=4.079
[alma] 2:35:29  214,549/1,000,000  18.7/s  upd=4462  L=0.0363  D=4.079
[alma] 2:35:39  215,950/1,000,000  18.8/s  upd=4496  L=0.0475  D=4.079
[alma] 2:35:49  217,865/1,000,000  19.0/s  upd=4534  L=0.0595  D=4.079
[alma] 2:35:59  219,568/1,000,000  19.1/s  upd=4575  L=0.0538  D=4.079
[alma] saved resume t_env=220,272
[alma] 2:36:32  220,272/1,000,000  19.1/s  upd=4592  L=0.0445  ev=0/100  D=4.079
[alma] 2:43:22  220,272/1,000,000  18.3/s  upd=4592  L=0.0445  D=4.260
[alma] 2:48:16  220,272/1,000,000  17.8/s  upd=4592  L=0.0445  D=4.260
[alma] saved resume t_env=220,659
[alma] 2:48:27  220,659/1,000,000  17.8/s  upd=4600  L=0.0535  D=4.260
[alma] 2:48:37  221,058/1,000,000  17.8/s  upd=4608  L=0.0468  D=4.260
[alma] 2:48:48  221,840/1,000,000  17.9/s  upd=4620  L=0.0584  D=4.260
[alma] 2:48:58  222,251/1,000,000  17.9/s  upd=4632  L=0.0522  D=4.260
[alma] 2:49:08  222,936/1,000,000  18.0/s  upd=4642  L=0.0499  D=4.260
[alma] 2:49:19  222,936/1,000,000  18.0/s  upd=4648  L=0.0393  D=4.260
[alma] 2:49:29  223,357/1,000,000  18.0/s  upd=4655  L=0.0410  D=4.260
[alma] 2:49:39  223,357/1,000,000  18.0/s  upd=4656  L=0.0410  D=4.260
[alma] 2:49:49  224,185/1,000,000  18.0/s  upd=4672  L=0.0424  D=4.260
[alma] 2:49:59  225,012/1,000,000  18.1/s  upd=4687  L=0.0446  D=4.260
[alma] 2:50:09  225,438/1,000,000  18.1/s  upd=4695  L=0.0440  D=4.260
[alma] 2:50:19  226,138/1,000,000  18.2/s  upd=4706  L=0.0504  D=4.260
[alma] 2:50:29  226,542/1,000,000  18.2/s  upd=4720  L=0.0335  D=4.260
[alma] 2:50:39  227,217/1,000,000  18.2/s  upd=4730  L=0.0436  D=4.260
[alma] 2:50:49  227,905/1,000,000  18.3/s  upd=4745  L=0.0428  D=4.260
[alma] 2:51:00  228,281/1,000,000  18.3/s  upd=4757  L=0.0538  D=4.260
[alma] 2:51:10  228,659/1,000,000  18.3/s  upd=4768  L=0.0387  D=4.260
[alma] 2:51:20  229,399/1,000,000  18.4/s  upd=4781  L=0.0533  D=4.260
[alma] 2:51:30  229,823/1,000,000  18.4/s  upd=4792  L=0.0463  D=4.260
[alma] 2:51:41  230,611/1,000,000  18.5/s  upd=4805  L=0.0349  D=4.260
[alma] 2:51:51  230,969/1,000,000  18.5/s  upd=4816  L=0.0502  D=4.260
[alma] 2:52:01  231,686/1,000,000  18.5/s  upd=4832  L=0.0422  D=4.260
[alma] 2:52:11  232,416/1,000,000  18.6/s  upd=4847  L=0.0486  D=4.260
[alma] 2:52:21  232,752/1,000,000  18.6/s  upd=4856  L=0.0409  D=4.260
[alma] 2:52:31  233,432/1,000,000  18.6/s  upd=4872  L=0.0482  D=4.260
[alma] 2:52:41  234,149/1,000,000  18.7/s  upd=4881  L=0.0425  D=4.260
[alma] 2:52:51  234,527/1,000,000  18.7/s  upd=4893  L=0.0361  D=4.260
[alma] 2:53:01  235,173/1,000,000  18.8/s  upd=4905  L=0.0620  D=4.260
[alma] 2:53:11  235,551/1,000,000  18.8/s  upd=4920  L=0.0468  D=4.260
[alma] 2:58:41  235,984/1,000,000  18.2/s  upd=4928  L=0.0528  D=4.260
[alma] saved resume t_env=236,327
[alma] 2:58:54  236,327/1,000,000  18.2/s  upd=4936  L=0.0417  D=4.260
[alma] 2:59:04  236,714/1,000,000  18.3/s  upd=4944  L=0.0448  D=4.260
[alma] 2:59:14  237,807/1,000,000  18.3/s  upd=4968  L=0.0484  D=4.260
[alma] 2:59:24  239,044/1,000,000  18.4/s  upd=4992  L=0.0542  D=4.260
[alma] saved resume t_env=240,087
[alma] 3:00:01  240,087/1,000,000  18.5/s  upd=5016  L=0.0544  ev=0/100  D=4.260
[alma] 3:00:11  240,087/1,000,000  18.5/s  upd=5016  L=0.0544  ev=13/100  D=4.260
[alma] 3:00:22  240,087/1,000,000  18.4/s  upd=5016  L=0.0544  ev=24/100  D=4.260
[alma] 3:00:32  240,087/1,000,000  18.4/s  upd=5016  L=0.0544  ev=38/100  D=4.260
[alma] 3:00:42  240,087/1,000,000  18.4/s  upd=5016  L=0.0544  ev=48/100  D=4.260
[alma] 3:00:52  240,087/1,000,000  18.4/s  upd=5016  L=0.0544  ev=56/100  D=4.260
[alma] 3:01:02  240,087/1,000,000  18.4/s  upd=5016  L=0.0544  ev=72/100  D=4.260
[alma] 3:01:12  240,087/1,000,000  18.4/s  upd=5016  L=0.0544  ev=80/100  D=4.260
[alma] 3:01:22  240,087/1,000,000  18.3/s  upd=5016  L=0.0544  ev=89/100  D=4.260
[alma] 3:06:17  240,087/1,000,000  17.9/s  upd=5016  L=0.0544  D=4.654
[alma] 3:11:52  240,087/1,000,000  17.3/s  upd=5016  L=0.0544  D=4.654
[alma] saved resume t_env=240,456
[alma] 3:12:02  241,533/1,000,000  17.4/s  upd=5042  L=0.0373  D=4.654
[alma] 3:12:12  242,913/1,000,000  17.6/s  upd=5080  L=0.0424  D=4.654
[alma] 3:12:22  244,778/1,000,000  17.7/s  upd=5119  L=0.0582  D=4.654
[alma] 3:12:32  246,575/1,000,000  17.8/s  upd=5154  L=0.0629  D=4.654
[alma] 3:12:42  248,148/1,000,000  18.0/s  upd=5192  L=0.0332  D=4.654
[alma] 3:12:52  250,096/1,000,000  18.1/s  upd=5229  L=0.0458  D=4.654
[alma] 3:13:02  251,669/1,000,000  18.2/s  upd=5264  L=0.0382  D=4.654
[alma] 3:13:12  253,793/1,000,000  18.4/s  upd=5301  L=0.0365  D=4.654
[alma] 3:13:22  255,561/1,000,000  18.5/s  upd=5338  L=0.0318  D=4.654
[alma] 3:13:32  257,102/1,000,000  18.7/s  upd=5376  L=0.0553  D=4.654
[alma] 3:13:42  259,053/1,000,000  18.8/s  upd=5412  L=0.0556  D=4.654
[alma] saved resume t_env=260,241
[alma] 3:14:19  260,241/1,000,000  18.8/s  upd=5440  L=0.0509  ev=0/100  D=4.654
[alma] 3:14:29  260,241/1,000,000  18.8/s  upd=5440  L=0.0509  ev=87/100  D=4.654
[alma] 3:21:06  260,241/1,000,000  18.2/s  upd=5440  L=0.0509  D=4.670
[alma] 3:26:40  260,241/1,000,000  17.7/s  upd=5440  L=0.0509  D=4.670
[alma] saved resume t_env=260,603
[alma] 3:26:50  261,358/1,000,000  17.8/s  upd=5460  L=0.0543  D=4.670
[alma] 3:27:00  262,483/1,000,000  17.9/s  upd=5488  L=0.0584  D=4.670
[alma] 3:27:10  264,239/1,000,000  18.0/s  upd=5527  L=0.0470  D=4.670
[alma] 3:27:20  266,186/1,000,000  18.1/s  upd=5562  L=0.0398  D=4.670
[alma] 3:27:30  267,741/1,000,000  18.3/s  upd=5600  L=0.0453  D=4.670
[alma] 3:27:40  269,251/1,000,000  18.4/s  upd=5632  L=0.0503  D=4.670
[alma] 3:27:50  269,649/1,000,000  18.4/s  upd=5640  L=0.0437  D=4.670
[alma] 3:28:00  270,436/1,000,000  18.4/s  upd=5656  L=0.0376  D=4.670
[alma] 3:28:10  270,773/1,000,000  18.4/s  upd=5664  L=0.0424  D=4.670
[alma] 3:28:20  271,608/1,000,000  18.5/s  upd=5674  L=0.0459  D=4.670
[alma] 3:28:31  272,016/1,000,000  18.5/s  upd=5688  L=0.0474  D=4.670
[alma] 3:28:41  272,355/1,000,000  18.5/s  upd=5696  L=0.0462  D=4.670
[alma] 3:28:51  273,128/1,000,000  18.6/s  upd=5712  L=0.0510  D=4.670
[alma] 3:29:01  273,528/1,000,000  18.6/s  upd=5720  L=0.0465  D=4.670
[alma] 3:29:12  274,361/1,000,000  18.6/s  upd=5729  L=0.0534  D=4.670
[alma] 3:29:22  274,760/1,000,000  18.6/s  upd=5743  L=0.0422  D=4.670
[alma] 3:29:32  275,146/1,000,000  18.7/s  upd=5752  L=0.0469  D=4.670
[alma] 3:29:42  275,852/1,000,000  18.7/s  upd=5763  L=0.0480  D=4.670
[alma] 3:29:52  276,208/1,000,000  18.7/s  upd=5776  L=0.0385  D=4.670
[alma] 3:30:03  276,949/1,000,000  18.8/s  upd=5788  L=0.0598  D=4.670
[alma] 3:30:13  277,308/1,000,000  18.8/s  upd=5800  L=0.0520  D=4.670
[alma] 3:30:23  278,068/1,000,000  18.8/s  upd=5814  L=0.0422  D=4.670
[alma] 3:30:33  278,461/1,000,000  18.8/s  upd=5818  L=0.0451  D=4.670
[alma] 3:30:44  278,461/1,000,000  18.8/s  upd=5824  L=0.0657  D=4.670
[alma] 3:30:54  278,875/1,000,000  18.8/s  upd=5828  L=0.0456  D=4.670
[alma] 3:31:04  278,875/1,000,000  18.8/s  upd=5832  L=0.0369  D=4.670
[alma] 3:31:15  279,261/1,000,000  18.8/s  upd=5834  L=0.0372  D=4.670
[alma] 3:31:25  279,261/1,000,000  18.8/s  upd=5840  L=0.0437  D=4.670
[alma] 3:31:35  279,620/1,000,000  18.8/s  upd=5848  L=0.0436  D=4.670
[alma] 3:31:45  279,620/1,000,000  18.8/s  upd=5848  L=0.0436  D=4.670
[alma] saved resume t_env=280,058
[alma] 3:32:24  280,058/1,000,000  18.8/s  upd=5856  L=0.0536  ev=0/100  D=4.670
[alma] 3:32:34  280,058/1,000,000  18.8/s  upd=5856  L=0.0536  ev=1/100  D=4.670
[alma] 3:32:45  280,058/1,000,000  18.8/s  upd=5856  L=0.0536  ev=16/100  D=4.670
[alma] 3:32:55  280,058/1,000,000  18.8/s  upd=5856  L=0.0536  ev=40/100  D=4.670
[alma] 3:33:05  280,058/1,000,000  18.7/s  upd=5856  L=0.0536  ev=56/100  D=4.670
[alma] 3:33:15  280,058/1,000,000  18.7/s  upd=5856  L=0.0536  ev=72/100  D=4.670
[alma] 3:33:25  280,058/1,000,000  18.7/s  upd=5856  L=0.0536  ev=89/100  D=4.670
[alma] 3:38:00  280,058/1,000,000  18.3/s  upd=5856  L=0.0536  D=4.565
[alma] 3:42:47  280,058/1,000,000  17.9/s  upd=5856  L=0.0536  D=4.565
[alma] saved resume t_env=280,461
[alma] 3:42:58  280,461/1,000,000  17.9/s  upd=5864  L=0.0682  D=4.565
[alma] 3:43:08  280,808/1,000,000  17.9/s  upd=5872  L=0.0493  D=4.565
[alma] 3:43:18  281,515/1,000,000  18.0/s  upd=5887  L=0.0408  D=4.565
[alma] 3:43:28  281,912/1,000,000  18.0/s  upd=5896  L=0.0455  D=4.565
[alma] 3:43:39  282,650/1,000,000  18.0/s  upd=5906  L=0.0346  D=4.565
[alma] 3:43:49  283,065/1,000,000  18.1/s  upd=5920  L=0.0450  D=4.565
[alma] 3:43:59  283,750/1,000,000  18.1/s  upd=5931  L=0.0327  D=4.565
[alma] 3:44:09  284,119/1,000,000  18.1/s  upd=5944  L=0.0417  D=4.565
[alma] 3:44:19  284,908/1,000,000  18.2/s  upd=5956  L=0.0541  D=4.565
[alma] 3:44:29  285,241/1,000,000  18.2/s  upd=5968  L=0.0411  D=4.565
[alma] 3:44:39  285,981/1,000,000  18.2/s  upd=5979  L=0.0484  D=4.565
[alma] 3:44:49  286,319/1,000,000  18.2/s  upd=5991  L=0.0452  D=4.565
[alma] 3:45:00  287,072/1,000,000  18.3/s  upd=6002  L=0.0430  D=4.565
[alma] 3:45:10  287,415/1,000,000  18.3/s  upd=6016  L=0.0429  D=4.565
[alma] 3:45:20  287,901/1,000,000  18.3/s  upd=6024  L=0.0813  D=4.565
[alma] 3:45:30  288,697/1,000,000  18.3/s  upd=6040  L=0.0604  D=4.565
[alma] 3:45:40  289,044/1,000,000  18.4/s  upd=6048  L=0.0438  D=4.565
[alma] 3:45:50  289,737/1,000,000  18.4/s  upd=6060  L=0.0476  D=4.565
[alma] 3:46:01  290,116/1,000,000  18.4/s  upd=6072  L=0.0497  D=4.565
[alma] 3:46:11  290,886/1,000,000  18.5/s  upd=6086  L=0.0484  D=4.565
[alma] 3:46:21  291,632/1,000,000  18.5/s  upd=6097  L=0.0429  D=4.565
[alma] 3:46:32  291,999/1,000,000  18.5/s  upd=6111  L=0.0357  D=4.565
[alma] 3:46:42  292,363/1,000,000  18.5/s  upd=6120  L=0.0518  D=4.565
[alma] 3:46:52  293,106/1,000,000  18.6/s  upd=6133  L=0.0365  D=4.565
[alma] 3:47:02  293,470/1,000,000  18.6/s  upd=6144  L=0.0460  D=4.565
[alma] 3:47:12  294,538/1,000,000  18.6/s  upd=6168  L=0.0355  D=4.565
[alma] 3:47:22  296,063/1,000,000  18.7/s  upd=6200  L=0.0363  D=4.565
[alma] 3:47:32  297,567/1,000,000  18.8/s  upd=6232  L=0.0451  D=4.565
[alma] 3:47:42  299,439/1,000,000  19.0/s  upd=6272  L=0.0405  D=4.565
[alma] saved resume t_env=300,145
[alma] 3:48:17  300,145/1,000,000  19.0/s  upd=6288  L=0.0426  ev=0/100  D=4.565
[alma] 3:48:27  300,145/1,000,000  18.9/s  upd=6288  L=0.0426  ev=88/100  D=4.565
[alma] 3:54:13  300,145/1,000,000  18.5/s  upd=6288  L=0.0426  D=4.858
[alma] 3:58:52  300,145/1,000,000  18.1/s  upd=6288  L=0.0426  D=4.858
[alma] saved resume t_env=300,550
[alma] 3:59:02  301,325/1,000,000  18.2/s  upd=6312  L=0.0649  D=4.858
[alma] 3:59:12  303,386/1,000,000  18.3/s  upd=6347  L=0.0385  D=4.858
[alma] 3:59:22  305,397/1,000,000  18.4/s  upd=6388  L=0.0327  D=4.858
[alma] 3:59:32  307,182/1,000,000  18.6/s  upd=6432  L=0.0571  D=4.858
[alma] 3:59:42  308,922/1,000,000  18.7/s  upd=6472  L=0.0429  D=4.858
[alma] 3:59:52  310,702/1,000,000  18.8/s  upd=6512  L=0.0465  D=4.858
[alma] 4:00:02  312,712/1,000,000  18.9/s  upd=6547  L=0.0662  D=4.858
[alma] 4:00:12  314,616/1,000,000  19.0/s  upd=6588  L=0.0426  D=4.858
[alma] 4:00:22  316,081/1,000,000  19.1/s  upd=6623  L=0.0466  D=4.858
[alma] 4:00:32  317,637/1,000,000  19.2/s  upd=6656  L=0.0429  D=4.858
[alma] 4:00:42  319,534/1,000,000  19.3/s  upd=6691  L=0.0425  D=4.858
[alma] saved resume t_env=320,271
[alma] 4:01:16  320,271/1,000,000  19.3/s  upd=6712  L=0.0477  ev=0/100  D=4.858
[alma] 4:01:26  320,271/1,000,000  19.3/s  upd=6712  L=0.0477  ev=87/100  D=4.858
[alma] 4:07:18  320,271/1,000,000  18.9/s  upd=6712  L=0.0477  D=4.438
[alma] 4:13:06  320,271/1,000,000  18.4/s  upd=6712  L=0.0477  D=4.438
[alma] saved resume t_env=320,635
[alma] 4:13:16  321,630/1,000,000  18.5/s  upd=6739  L=0.0545  D=4.438
[alma] 4:13:26  323,140/1,000,000  18.6/s  upd=6775  L=0.0542  D=4.438
[alma] 4:13:36  324,708/1,000,000  18.7/s  upd=6808  L=0.0506  D=4.438
[alma] 4:13:46  326,609/1,000,000  18.8/s  upd=6844  L=0.0368  D=4.438
[alma] 4:13:56  328,072/1,000,000  18.9/s  upd=6880  L=0.0513  D=4.438
[alma] 4:14:06  329,570/1,000,000  19.0/s  upd=6912  L=0.0398  D=4.438
[alma] 4:14:16  329,911/1,000,000  19.0/s  upd=6920  L=0.0411  D=4.438
[alma] 4:14:26  330,718/1,000,000  19.0/s  upd=6936  L=0.0545  D=4.438
[alma] 4:14:36  331,359/1,000,000  19.0/s  upd=6949  L=0.0506  D=4.438
[alma] 4:14:46  331,730/1,000,000  19.1/s  upd=6960  L=0.0619  D=4.438
[alma] 4:14:57  332,442/1,000,000  19.1/s  upd=6974  L=0.0364  D=4.438
[alma] 4:15:08  333,112/1,000,000  19.1/s  upd=6985  L=0.0404  D=4.438
[alma] 4:15:18  333,516/1,000,000  19.1/s  upd=6996  L=0.0439  D=4.438
[alma] 4:15:28  333,950/1,000,000  19.1/s  upd=7008  L=0.0401  D=4.438
[alma] 4:15:38  334,629/1,000,000  19.2/s  upd=7021  L=0.0363  D=4.438
[alma] 4:15:48  335,011/1,000,000  19.2/s  upd=7032  L=0.0312  D=4.438
[alma] 4:15:58  335,337/1,000,000  19.2/s  upd=7040  L=0.0513  D=4.438
[alma] 4:16:09  335,630/1,000,000  19.2/s  upd=7046  L=0.0457  D=4.438
[alma] 4:16:19  335,630/1,000,000  19.2/s  upd=7048  L=0.0488  D=4.438
[alma] 4:16:29  336,038/1,000,000  19.2/s  upd=7056  L=0.0403  D=4.438
[alma] 4:16:40  336,038/1,000,000  19.2/s  upd=7056  L=0.0403  D=4.438
[alma] 4:16:50  336,447/1,000,000  19.2/s  upd=7060  L=0.0492  D=4.438
[alma] 4:17:00  336,447/1,000,000  19.2/s  upd=7064  L=0.0382  D=4.438
[alma] 4:17:12  336,830/1,000,000  19.2/s  upd=7066  L=0.0426  D=4.438
[alma] 4:17:22  336,830/1,000,000  19.2/s  upd=7072  L=0.0576  D=4.438
[alma] 4:17:33  337,228/1,000,000  19.2/s  upd=7076  L=0.0403  D=4.438
[alma] 4:17:43  337,228/1,000,000  19.2/s  upd=7080  L=0.0375  D=4.438
[alma] 4:17:53  337,615/1,000,000  19.2/s  upd=7086  L=0.0376  D=4.438
[alma] 4:18:03  337,615/1,000,000  19.2/s  upd=7088  L=0.0464  D=4.438
[alma] 4:23:45  337,950/1,000,000  18.8/s  upd=7096  L=0.0490  D=4.438
[alma] saved resume t_env=338,328
[alma] 4:23:55  338,708/1,000,000  18.8/s  upd=7112  L=0.0424  D=4.438
[alma] 4:24:05  340,227/1,000,000  18.9/s  upd=7140  L=0.0478  D=4.438
[alma] saved resume t_env=340,227
[alma] 4:24:35  340,227/1,000,000  18.9/s  upd=7144  L=0.0459  ev=0/100  D=4.438
[alma] 4:24:46  340,227/1,000,000  18.9/s  upd=7144  L=0.0459  ev=38/100  D=4.438
[alma] 4:24:56  340,227/1,000,000  18.9/s  upd=7144  L=0.0459  ev=47/100  D=4.438
[alma] 4:25:06  340,227/1,000,000  18.8/s  upd=7144  L=0.0459  ev=64/100  D=4.438
[alma] 4:25:16  340,227/1,000,000  18.8/s  upd=7144  L=0.0459  ev=80/100  D=4.438
[alma] 4:25:26  340,227/1,000,000  18.8/s  upd=7144  L=0.0459  ev=96/100  D=4.438
[alma] 4:31:26  340,227/1,000,000  18.4/s  upd=7144  L=0.0459  D=4.538
[alma] 4:36:06  340,227/1,000,000  18.1/s  upd=7144  L=0.0459  D=4.538
[alma] saved resume t_env=340,569
[alma] 4:36:16  341,624/1,000,000  18.2/s  upd=7173  L=0.0497  D=4.538
[alma] 4:36:26  343,418/1,000,000  18.3/s  upd=7213  L=0.0370  D=4.538
[alma] 4:36:36  345,244/1,000,000  18.4/s  upd=7251  L=0.0471  D=4.538
[alma] 4:36:46  346,847/1,000,000  18.4/s  upd=7288  L=0.0547  D=4.538
[alma] 4:36:56  348,586/1,000,000  18.5/s  upd=7328  L=0.0609  D=4.538
[alma] 4:37:06  350,025/1,000,000  18.6/s  upd=7354  L=0.0324  D=4.538
[alma] 4:37:16  350,392/1,000,000  18.6/s  upd=7363  L=0.0294  D=4.538
[alma] 4:37:27  351,148/1,000,000  18.7/s  upd=7383  L=0.0305  D=4.538
[alma] 4:37:37  351,884/1,000,000  18.7/s  upd=7393  L=0.0381  D=4.538
[alma] 4:37:48  352,215/1,000,000  18.7/s  upd=7407  L=0.0358  D=4.538
[alma] 4:37:58  352,546/1,000,000  18.7/s  upd=7416  L=0.0434  D=4.538
[alma] 4:38:08  353,169/1,000,000  18.7/s  upd=7426  L=0.0375  D=4.538
[alma] 4:38:18  354,240/1,000,000  18.8/s  upd=7456  L=0.0385  D=4.538
[alma] 4:38:28  355,704/1,000,000  18.9/s  upd=7481  L=0.0352  D=4.538
[alma] 4:38:38  356,495/1,000,000  18.9/s  upd=7504  L=0.0365  D=4.538
[alma] 4:38:48  357,597/1,000,000  19.0/s  upd=7528  L=0.0429  D=4.538
[alma] 4:38:58  358,415/1,000,000  19.0/s  upd=7544  L=0.0411  D=4.538
[alma] 4:39:08  359,665/1,000,000  19.1/s  upd=7567  L=0.0466  D=4.538
[alma] saved resume t_env=360,032
[alma] 4:39:41  360,032/1,000,000  19.0/s  upd=7576  L=0.0488  ev=0/100  D=4.538
[alma] 4:39:51  360,032/1,000,000  19.0/s  upd=7576  L=0.0488  ev=39/100  D=4.538
[alma] 4:40:01  360,032/1,000,000  19.0/s  upd=7576  L=0.0488  ev=49/100  D=4.538
[alma] 4:40:11  360,032/1,000,000  19.0/s  upd=7576  L=0.0488  ev=72/100  D=4.538
[alma] 4:40:21  360,032/1,000,000  19.0/s  upd=7576  L=0.0488  ev=88/100  D=4.538
[alma] 4:40:31  360,032/1,000,000  19.0/s  upd=7576  L=0.0488  ev=99/100  D=4.538
[alma] 4:46:27  360,032/1,000,000  18.6/s  upd=7576  L=0.0488  D=4.570
[alma] 4:53:55  360,032/1,000,000  18.1/s  upd=7576  L=0.0488  D=4.570
[alma] 4:54:05  360,032/1,000,000  18.1/s  upd=7576  L=0.0488  D=4.570
[alma] 4:54:15  360,395/1,000,000  18.1/s  upd=7583  L=0.0366  D=4.570
[alma] saved resume t_env=360,395
[alma] 4:54:25  360,395/1,000,000  18.1/s  upd=7584  L=0.0311  D=4.570
[alma] 4:54:36  360,888/1,000,000  18.1/s  upd=7589  L=0.0331  D=4.570
[alma] 4:54:46  360,888/1,000,000  18.1/s  upd=7592  L=0.0564  D=4.570
[alma] 4:54:57  361,228/1,000,000  18.1/s  upd=7599  L=0.0376  D=4.570
[alma] 4:55:07  361,228/1,000,000  18.1/s  upd=7600  L=0.0454  D=4.570
[alma] 4:55:18  361,572/1,000,000  18.1/s  upd=7608  L=0.0402  D=4.570
[alma] 4:55:28  362,283/1,000,000  18.2/s  upd=7617  L=0.0348  D=4.570
[alma] 4:55:38  362,705/1,000,000  18.2/s  upd=7631  L=0.0397  D=4.570
[alma] 4:55:48  363,137/1,000,000  18.2/s  upd=7640  L=0.0369  D=4.570
[alma] 4:55:58  363,575/1,000,000  18.2/s  upd=7648  L=0.0348  D=4.570
[alma] 4:56:09  363,962/1,000,000  18.2/s  upd=7656  L=0.0386  D=4.570
[alma] 4:56:19  364,325/1,000,000  18.2/s  upd=7664  L=0.0697  D=4.570
[alma] 4:56:29  365,452/1,000,000  18.3/s  upd=7688  L=0.0432  D=4.570
[alma] 4:56:39  366,479/1,000,000  18.3/s  upd=7712  L=0.0496  D=4.570
[alma] 4:56:49  367,620/1,000,000  18.4/s  upd=7736  L=0.0528  D=4.570
[alma] 4:56:59  369,167/1,000,000  18.4/s  upd=7763  L=0.0431  D=4.570
[alma] 4:57:09  370,339/1,000,000  18.5/s  upd=7788  L=0.0371  D=4.570
[alma] 4:57:19  371,468/1,000,000  18.6/s  upd=7815  L=0.0517  D=4.570
[alma] 4:57:29  372,595/1,000,000  18.6/s  upd=7839  L=0.0538  D=4.570
[alma] 4:57:39  373,620/1,000,000  18.7/s  upd=7864  L=0.0393  D=4.570
[alma] 4:57:49  375,068/1,000,000  18.7/s  upd=7893  L=0.0461  D=4.570
[alma] 4:57:59  376,194/1,000,000  18.8/s  upd=7919  L=0.0484  D=4.570
[alma] 4:58:09  377,284/1,000,000  18.8/s  upd=7943  L=0.0330  D=4.570
[alma] 4:58:19  378,460/1,000,000  18.9/s  upd=7968  L=0.0328  D=4.570
[alma] 4:58:29  379,517/1,000,000  18.9/s  upd=7992  L=0.0346  D=4.570
[alma] saved resume t_env=380,307
[alma] 4:59:06  380,307/1,000,000  18.9/s  upd=8008  L=0.0386  ev=0/100  D=4.570
[alma] 5:03:32  380,307/1,000,000  18.7/s  upd=8008  L=0.0386  D=4.556
[alma] 5:08:19  380,307/1,000,000  18.4/s  upd=8008  L=0.0386  D=4.556
[alma] 5:08:29  382,195/1,000,000  18.5/s  upd=8047  L=0.0452  D=4.556
[alma] 5:08:39  384,181/1,000,000  18.6/s  upd=8090  L=0.0378  D=4.556
[alma] saved resume t_env=384,181
[alma] 5:08:49  385,334/1,000,000  18.6/s  upd=8116  L=0.0383  D=4.556
[alma] 5:09:00  387,079/1,000,000  18.7/s  upd=8156  L=0.0466  D=4.556
[alma] 5:09:10  388,881/1,000,000  18.8/s  upd=8193  L=0.0438  D=4.556
[alma] 5:09:20  390,382/1,000,000  18.9/s  upd=8232  L=0.0428  D=4.556
[alma] 5:09:30  392,207/1,000,000  18.9/s  upd=8271  L=0.0395  D=4.556
[alma] 5:09:40  393,892/1,000,000  19.0/s  upd=8307  L=0.0510  D=4.556
[alma] 5:09:50  395,317/1,000,000  19.1/s  upd=8344  L=0.0556  D=4.556
[alma] 5:10:00  397,144/1,000,000  19.2/s  upd=8383  L=0.0462  D=4.556
[alma] 5:10:10  398,616/1,000,000  19.2/s  upd=8416  L=0.0529  D=4.556
[alma] saved resume t_env=400,296
[alma] 5:10:49  400,296/1,000,000  19.3/s  upd=8456  L=0.0393  ev=0/100  D=4.556
[alma] 5:10:59  400,296/1,000,000  19.3/s  upd=8456  L=0.0393  ev=40/100  D=4.556
[alma] 5:11:09  400,296/1,000,000  19.3/s  upd=8456  L=0.0393  ev=88/100  D=4.556
[alma] 5:16:00  400,296/1,000,000  19.0/s  upd=8456  L=0.0393  D=4.662
[alma] 5:23:05  400,296/1,000,000  18.6/s  upd=8456  L=0.0393  D=4.662
[alma] saved resume t_env=400,663
[alma] 5:23:15  401,702/1,000,000  18.6/s  upd=8484  L=0.0506  D=4.662
[alma] 5:23:25  403,501/1,000,000  18.7/s  upd=8526  L=0.0443  D=4.662
[alma] 5:23:35  405,227/1,000,000  18.8/s  upd=8568  L=0.0391  D=4.662
[alma] 5:23:45  407,202/1,000,000  18.9/s  upd=8605  L=0.0486  D=4.662
[alma] 5:23:55  409,200/1,000,000  19.0/s  upd=8643  L=0.0354  D=4.662
[alma] 5:24:06  410,291/1,000,000  19.0/s  upd=8667  L=0.0411  D=4.662
[alma] 5:24:16  410,637/1,000,000  19.0/s  upd=8680  L=0.0423  D=4.662
[alma] 5:24:26  411,318/1,000,000  19.1/s  upd=8696  L=0.0393  D=4.662
[alma] 5:24:36  412,023/1,000,000  19.1/s  upd=8711  L=0.0528  D=4.662
[alma] 5:24:46  412,689/1,000,000  19.1/s  upd=8722  L=0.0341  D=4.662
[alma] 5:24:56  413,025/1,000,000  19.1/s  upd=8736  L=0.0414  D=4.662
[alma] 5:25:06  413,397/1,000,000  19.1/s  upd=8744  L=0.0349  D=4.662
[alma] 5:25:17  414,237/1,000,000  19.2/s  upd=8759  L=0.0392  D=4.662
[alma] 5:25:27  414,835/1,000,000  19.2/s  upd=8773  L=0.0561  D=4.662
[alma] 5:25:37  415,219/1,000,000  19.2/s  upd=8784  L=0.0339  D=4.662
[alma] 5:25:47  415,886/1,000,000  19.2/s  upd=8800  L=0.0532  D=4.662
[alma] 5:25:57  416,279/1,000,000  19.2/s  upd=8808  L=0.0501  D=4.662
[alma] 5:26:07  416,931/1,000,000  19.2/s  upd=8822  L=0.0405  D=4.662
[alma] 5:26:17  417,594/1,000,000  19.3/s  upd=8838  L=0.0455  D=4.662
[alma] 5:26:27  419,401/1,000,000  19.3/s  upd=8876  L=0.0447  D=4.662
[alma] saved resume t_env=420,150
[alma] 5:27:03  420,150/1,000,000  19.3/s  upd=8896  L=0.0413  ev=0/100  D=4.662
[alma] 5:27:13  420,150/1,000,000  19.3/s  upd=8896  L=0.0413  ev=87/100  D=4.662
[alma] 5:34:36  420,150/1,000,000  18.9/s  upd=8896  L=0.0413  D=4.161
[alma] 5:42:11  420,150/1,000,000  18.5/s  upd=8896  L=0.0413  D=4.161
[alma] 5:42:21  420,150/1,000,000  18.5/s  upd=8896  L=0.0413  D=4.161
[alma] saved resume t_env=420,581
[alma] 5:42:33  420,581/1,000,000  18.5/s  upd=8904  L=0.0339  D=4.161
[alma] 5:42:43  420,581/1,000,000  18.5/s  upd=8904  L=0.0339  D=4.161
[alma] 5:42:53  421,004/1,000,000  18.5/s  upd=8912  L=0.0390  D=4.161
[alma] 5:43:03  421,004/1,000,000  18.5/s  upd=8912  L=0.0390  D=4.161
[alma] 5:43:15  421,399/1,000,000  18.5/s  upd=8920  L=0.0333  D=4.161
[alma] 5:43:25  421,399/1,000,000  18.5/s  upd=8920  L=0.0333  D=4.161
[alma] 5:43:35  421,755/1,000,000  18.5/s  upd=8928  L=0.0452  D=4.161
[alma] 5:43:46  422,089/1,000,000  18.5/s  upd=8930  L=0.0594  D=4.161
[alma] 5:43:56  422,089/1,000,000  18.5/s  upd=8936  L=0.0472  D=4.161
[alma] 5:44:07  422,089/1,000,000  18.5/s  upd=8936  L=0.0472  D=4.161
[alma] 5:44:17  422,498/1,000,000  18.5/s  upd=8941  L=0.0566  D=4.161
[alma] 5:44:27  422,901/1,000,000  18.5/s  upd=8947  L=0.0435  D=4.161
[alma] 5:44:37  423,320/1,000,000  18.5/s  upd=8960  L=0.0630  D=4.161
[alma] 5:44:47  424,073/1,000,000  18.5/s  upd=8972  L=0.0425  D=4.161
[alma] 5:44:57  424,421/1,000,000  18.6/s  upd=8984  L=0.0381  D=4.161
[alma] 5:45:07  425,133/1,000,000  18.6/s  upd=8994  L=0.0435  D=4.161
[alma] 5:45:17  425,519/1,000,000  18.6/s  upd=9008  L=0.0677  D=4.161
[alma] 5:45:27  426,595/1,000,000  18.6/s  upd=9032  L=0.0403  D=4.161
[alma] 5:45:37  428,754/1,000,000  18.7/s  upd=9077  L=0.0603  D=4.161
[alma] 5:45:47  430,732/1,000,000  18.8/s  upd=9120  L=0.0447  D=4.161
[alma] 5:45:57  432,726/1,000,000  18.9/s  upd=9166  L=0.0384  D=4.161
[alma] 5:46:07  434,559/1,000,000  19.0/s  upd=9208  L=0.0446  D=4.161
[alma] 5:46:17  436,621/1,000,000  19.1/s  upd=9251  L=0.0441  D=4.161
[alma] 5:46:27  438,512/1,000,000  19.1/s  upd=9295  L=0.0411  D=4.161
[alma] saved resume t_env=440,291
[alma] 5:47:07  440,291/1,000,000  19.2/s  upd=9336  L=0.0376  ev=0/100  D=4.161
[alma] 5:53:31  440,291/1,000,000  18.8/s  upd=9336  L=0.0376  D=4.239
[alma] 5:58:11  440,291/1,000,000  18.6/s  upd=9336  L=0.0376  D=4.239
[alma] saved resume t_env=440,643
[alma] 5:58:21  441,345/1,000,000  18.6/s  upd=9360  L=0.0546  D=4.239
[alma] 5:58:32  443,250/1,000,000  18.7/s  upd=9395  L=0.0411  D=4.239
[alma] 5:58:42  444,669/1,000,000  18.8/s  upd=9432  L=0.0481  D=4.239
[alma] 5:58:52  446,486/1,000,000  18.9/s  upd=9466  L=0.0444  D=4.239
[alma] 5:59:02  447,886/1,000,000  18.9/s  upd=9504  L=0.0362  D=4.239
[alma] 5:59:12  449,635/1,000,000  19.0/s  upd=9538  L=0.0389  D=4.239
[alma] 5:59:22  450,659/1,000,000  19.0/s  upd=9568  L=0.0360  D=4.239
[alma] 5:59:32  452,577/1,000,000  19.1/s  upd=9602  L=0.0554  D=4.239
[alma] 5:59:42  454,262/1,000,000  19.2/s  upd=9641  L=0.0476  D=4.239
[alma] 5:59:52  455,658/1,000,000  19.2/s  upd=9680  L=0.0373  D=4.239
[alma] 6:00:02  456,938/1,000,000  19.3/s  upd=9712  L=0.0352  D=4.239
[alma] 6:00:12  458,058/1,000,000  19.3/s  upd=9736  L=0.0388  D=4.239
[alma] 6:00:22  458,398/1,000,000  19.3/s  upd=9744  L=0.0468  D=4.239
[alma] 6:00:32  459,631/1,000,000  19.4/s  upd=9763  L=0.0466  D=4.239
[alma] saved resume t_env=460,019
[alma] 6:01:13  460,019/1,000,000  19.4/s  upd=9776  L=0.0422  ev=0/100  D=4.239
[alma] 6:01:23  460,019/1,000,000  19.3/s  upd=9776  L=0.0422  ev=15/100  D=4.239
[alma] 6:01:33  460,019/1,000,000  19.3/s  upd=9776  L=0.0422  ev=36/100  D=4.239
[alma] 6:01:44  460,019/1,000,000  19.3/s  upd=9776  L=0.0422  ev=56/100  D=4.239
[alma] 6:01:54  460,019/1,000,000  19.3/s  upd=9776  L=0.0422  ev=76/100  D=4.239
[alma] 6:02:04  460,019/1,000,000  19.3/s  upd=9776  L=0.0422  ev=97/100  D=4.239
[alma] 6:08:34  460,019/1,000,000  19.0/s  upd=9776  L=0.0422  D=3.807
[alma] 6:16:19  460,019/1,000,000  18.6/s  upd=9776  L=0.0422  D=3.807
[alma] saved resume t_env=460,356
[alma] 6:16:29  461,337/1,000,000  18.6/s  upd=9802  L=0.0504  D=3.807
[alma] 6:16:39  462,851/1,000,000  18.7/s  upd=9840  L=0.0358  D=3.807
[alma] 6:16:49  464,577/1,000,000  18.8/s  upd=9880  L=0.0561  D=3.807
[alma] 6:16:59  466,334/1,000,000  18.8/s  upd=9920  L=0.0502  D=3.807
[alma] 6:17:09  468,218/1,000,000  18.9/s  upd=9960  L=0.0390  D=3.807
[alma] 6:17:20  470,122/1,000,000  19.0/s  upd=10000  L=0.0444  D=3.807
[alma] 6:17:30  471,974/1,000,000  19.1/s  upd=10035  L=0.0344  D=3.807
[alma] 6:17:40  473,627/1,000,000  19.1/s  upd=10076  L=0.0372  D=3.807
[alma] 6:17:50  475,475/1,000,000  19.2/s  upd=10115  L=0.0405  D=3.807
[alma] 6:18:00  477,235/1,000,000  19.3/s  upd=10153  L=0.0662  D=3.807
[alma] 6:18:10  478,780/1,000,000  19.3/s  upd=10188  L=0.0327  D=3.807
[alma] saved resume t_env=480,272
[alma] 6:18:50  480,272/1,000,000  19.3/s  upd=10224  L=0.0628  ev=0/100  D=3.807
[alma] 6:25:57  480,272/1,000,000  19.0/s  upd=10224  L=0.0628  D=4.131
[alma] 6:32:47  480,272/1,000,000  18.7/s  upd=10224  L=0.0628  D=4.131
[alma] saved resume t_env=480,613
[alma] 6:32:57  480,945/1,000,000  18.7/s  upd=10240  L=0.0484  D=4.131
[alma] 6:33:07  482,330/1,000,000  18.7/s  upd=10268  L=0.0408  D=4.131
[alma] 6:33:17  483,721/1,000,000  18.8/s  upd=10304  L=0.0401  D=4.131
[alma] 6:33:27  485,799/1,000,000  18.9/s  upd=10346  L=0.0429  D=4.131
[alma] 6:33:37  487,479/1,000,000  18.9/s  upd=10389  L=0.0636  D=4.131
[alma] 6:33:47  488,663/1,000,000  19.0/s  upd=10416  L=0.0477  D=4.131
[alma] 6:33:57  489,414/1,000,000  19.0/s  upd=10426  L=0.0495  D=4.131
[alma] 6:34:07  489,746/1,000,000  19.0/s  upd=10440  L=0.0603  D=4.131
[alma] 6:34:17  490,077/1,000,000  19.0/s  upd=10448  L=0.0433  D=4.131
[alma] 6:34:27  490,750/1,000,000  19.0/s  upd=10464  L=0.0350  D=4.131
[alma] 6:34:37  491,181/1,000,000  19.0/s  upd=10472  L=0.0572  D=4.131
[alma] 6:34:48  491,903/1,000,000  19.1/s  upd=10482  L=0.0513  D=4.131
[alma] 6:34:58  492,231/1,000,000  19.1/s  upd=10496  L=0.0477  D=4.131
[alma] 6:35:08  492,983/1,000,000  19.1/s  upd=10509  L=0.0391  D=4.131
[alma] 6:35:18  493,320/1,000,000  19.1/s  upd=10520  L=0.0463  D=4.131
[alma] 6:35:28  494,108/1,000,000  19.1/s  upd=10531  L=0.0457  D=4.131
[alma] 6:35:39  494,814/1,000,000  19.1/s  upd=10546  L=0.0420  D=4.131
[alma] 6:35:49  495,231/1,000,000  19.1/s  upd=10559  L=0.0538  D=4.131
[alma] 6:35:59  495,568/1,000,000  19.2/s  upd=10568  L=0.0663  D=4.131
[alma] 6:36:09  496,024/1,000,000  19.2/s  upd=10576  L=0.0559  D=4.131
[alma] 6:36:19  496,891/1,000,000  19.2/s  upd=10586  L=0.0491  D=4.131
[alma] 6:36:29  497,270/1,000,000  19.2/s  upd=10600  L=0.0488  D=4.131
[alma] 6:36:40  497,675/1,000,000  19.2/s  upd=10608  L=0.0320  D=4.131
[alma] 6:36:51  498,017/1,000,000  19.2/s  upd=10614  L=0.0541  D=4.131
[alma] 6:37:01  498,335/1,000,000  19.2/s  upd=10620  L=0.0351  D=4.131
[alma] 6:37:11  498,335/1,000,000  19.2/s  upd=10624  L=0.0377  D=4.131
[alma] 6:37:21  498,733/1,000,000  19.2/s  upd=10632  L=0.0535  D=4.131
[alma] 6:37:31  498,733/1,000,000  19.2/s  upd=10632  L=0.0535  D=4.131
[alma] 6:37:41  499,157/1,000,000  19.2/s  upd=10634  L=0.0420  D=4.131
[alma] 6:37:51  499,157/1,000,000  19.2/s  upd=10640  L=0.0735  D=4.131
[alma] 6:38:02  499,459/1,000,000  19.2/s  upd=10645  L=0.0511  D=4.131
[alma] 6:42:33  499,459/1,000,000  19.0/s  upd=10648  L=0.0478  D=4.131
[alma] saved resume t_env=500,221
[alma] 6:43:08  500,221/1,000,000  19.0/s  upd=10664  L=0.0382  ev=0/100  D=4.131
[alma] 6:43:18  500,221/1,000,000  19.0/s  upd=10664  L=0.0382  ev=88/100  D=4.131
[alma] 6:50:29  500,221/1,000,000  18.7/s  upd=10664  L=0.0382  D=4.581
[alma] 6:56:20  500,221/1,000,000  18.4/s  upd=10664  L=0.0382  D=4.581
[alma] saved resume t_env=500,645
[alma] 6:56:30  501,503/1,000,000  18.4/s  upd=10688  L=0.0328  D=4.581
[alma] 6:56:40  503,480/1,000,000  18.5/s  upd=10724  L=0.0578  D=4.581
[alma] 6:56:51  505,215/1,000,000  18.6/s  upd=10765  L=0.0449  D=4.581
[alma] 6:57:01  507,179/1,000,000  18.7/s  upd=10801  L=0.0348  D=4.581
[alma] 6:57:11  508,662/1,000,000  18.7/s  upd=10840  L=0.0328  D=4.581
[alma] 6:57:21  510,425/1,000,000  18.8/s  upd=10880  L=0.0436  D=4.581
[alma] 6:57:31  512,164/1,000,000  18.8/s  upd=10920  L=0.0404  D=4.581
[alma] 6:57:41  514,241/1,000,000  18.9/s  upd=10960  L=0.0414  D=4.581
[alma] 6:57:51  516,201/1,000,000  19.0/s  upd=10999  L=0.0496  D=4.581
[alma] 6:58:01  518,050/1,000,000  19.0/s  upd=11039  L=0.0471  D=4.581
[alma] 6:58:11  519,874/1,000,000  19.1/s  upd=11078  L=0.0565  D=4.581
[alma] saved resume t_env=520,233
[alma] 6:58:44  520,233/1,000,000  19.1/s  upd=11088  L=0.0328  ev=0/100  D=4.581
[alma] 6:58:54  520,233/1,000,000  19.1/s  upd=11088  L=0.0328  ev=88/100  D=4.581
[alma] 7:05:06  520,233/1,000,000  18.8/s  upd=11088  L=0.0328  D=4.338
[alma] 7:11:01  520,233/1,000,000  18.6/s  upd=11088  L=0.0328  D=4.338
[alma] saved resume t_env=520,653
[alma] 7:11:11  520,653/1,000,000  18.6/s  upd=11096  L=0.0450  D=4.338
[alma] 7:11:21  520,976/1,000,000  18.6/s  upd=11104  L=0.0427  D=4.338
[alma] 7:11:31  521,333/1,000,000  18.6/s  upd=11112  L=0.0532  D=4.338
[alma] 7:11:41  523,168/1,000,000  18.6/s  upd=11145  L=0.0548  D=4.338
[alma] 7:11:52  524,674/1,000,000  18.7/s  upd=11181  L=0.0376  D=4.338
[alma] 7:12:02  526,394/1,000,000  18.7/s  upd=11217  L=0.0527  D=4.338
[alma] 7:12:12  527,763/1,000,000  18.8/s  upd=11256  L=0.0347  D=4.338
[alma] 7:12:22  529,665/1,000,000  18.9/s  upd=11292  L=0.0352  D=4.338
[alma] 7:12:32  531,090/1,000,000  18.9/s  upd=11328  L=0.0491  D=4.338
[alma] 7:12:42  533,082/1,000,000  19.0/s  upd=11364  L=0.0498  D=4.338
[alma] 7:12:52  534,934/1,000,000  19.0/s  upd=11401  L=0.0432  D=4.338
[alma] 7:13:02  536,433/1,000,000  19.1/s  upd=11438  L=0.0696  D=4.338
[alma] 7:13:12  537,183/1,000,000  19.1/s  upd=11456  L=0.0337  D=4.338
[alma] 7:13:22  537,853/1,000,000  19.1/s  upd=11472  L=0.0478  D=4.338
[alma] 7:13:32  538,614/1,000,000  19.1/s  upd=11483  L=0.0385  D=4.338
[alma] 7:13:42  538,946/1,000,000  19.2/s  upd=11496  L=0.0338  D=4.338
[alma] 7:13:53  539,645/1,000,000  19.2/s  upd=11512  L=0.0446  D=4.338
[alma] saved resume t_env=540,032
[alma] 7:14:31  540,032/1,000,000  19.2/s  upd=11520  L=0.0426  ev=0/100  D=4.338
[alma] 7:14:41  540,032/1,000,000  19.2/s  upd=11520  L=0.0426  ev=23/100  D=4.338
[alma] 7:14:51  540,032/1,000,000  19.1/s  upd=11520  L=0.0426  ev=40/100  D=4.338
[alma] 7:15:01  540,032/1,000,000  19.1/s  upd=11520  L=0.0426  ev=61/100  D=4.338
[alma] 7:15:11  540,032/1,000,000  19.1/s  upd=11520  L=0.0426  ev=72/100  D=4.338
[alma] 7:15:21  540,032/1,000,000  19.1/s  upd=11520  L=0.0426  ev=87/100  D=4.338
[alma] 7:15:31  540,032/1,000,000  19.1/s  upd=11520  L=0.0426  ev=96/100  D=4.338
[alma] 7:20:51  540,032/1,000,000  18.9/s  upd=11520  L=0.0426  D=4.578
[alma] 7:26:57  540,032/1,000,000  18.6/s  upd=11520  L=0.0426  D=4.578
[alma] saved resume t_env=540,405
[alma] 7:27:07  540,405/1,000,000  18.6/s  upd=11528  L=0.0598  D=4.578
[alma] 7:27:17  542,329/1,000,000  18.7/s  upd=11565  L=0.0339  D=4.578
[alma] 7:27:27  544,157/1,000,000  18.8/s  upd=11608  L=0.0390  D=4.578
[alma] 7:27:37  545,919/1,000,000  18.8/s  upd=11646  L=0.0393  D=4.578
[alma] 7:27:47  547,369/1,000,000  18.9/s  upd=11677  L=0.0450  D=4.578
[alma] 7:27:57  549,153/1,000,000  18.9/s  upd=11717  L=0.0605  D=4.578
[alma] 7:28:07  551,024/1,000,000  19.0/s  upd=11756  L=0.0532  D=4.578
[alma] 7:28:18  552,716/1,000,000  19.0/s  upd=11800  L=0.0443  D=4.578
[alma] 7:28:28  554,515/1,000,000  19.1/s  upd=11840  L=0.0549  D=4.578
[alma] 7:28:38  556,435/1,000,000  19.2/s  upd=11880  L=0.0445  D=4.578
[alma] 7:28:48  558,640/1,000,000  19.2/s  upd=11921  L=0.0478  D=4.578
[alma] 7:28:58  559,321/1,000,000  19.3/s  upd=11938  L=0.0361  D=4.578
[alma] saved resume t_env=560,010
[alma] 7:29:38  560,010/1,000,000  19.3/s  upd=11960  L=0.0474  ev=0/100  D=4.578
[alma] 7:29:48  560,010/1,000,000  19.2/s  upd=11960  L=0.0474  ev=24/100  D=4.578
[alma] 7:29:59  560,010/1,000,000  19.2/s  upd=11960  L=0.0474  ev=40/100  D=4.578
[alma] 7:30:09  560,010/1,000,000  19.2/s  upd=11960  L=0.0474  ev=63/100  D=4.578
[alma] 7:30:19  560,010/1,000,000  19.2/s  upd=11960  L=0.0474  ev=79/100  D=4.578
[alma] 7:30:29  560,010/1,000,000  19.2/s  upd=11960  L=0.0474  ev=96/100  D=4.578
[alma] 7:36:04  560,010/1,000,000  19.0/s  upd=11960  L=0.0474  D=4.260
[alma] 7:44:36  560,010/1,000,000  18.6/s  upd=11960  L=0.0474  D=4.260
[alma] saved resume t_env=560,347
[alma] 7:44:46  560,347/1,000,000  18.6/s  upd=11968  L=0.0377  D=4.260
[alma] 7:44:56  560,747/1,000,000  18.7/s  upd=11976  L=0.0397  D=4.260
[alma] 7:45:06  561,459/1,000,000  18.7/s  upd=11987  L=0.0542  D=4.260
[alma] 7:45:16  561,809/1,000,000  18.7/s  upd=12000  L=0.0295  D=4.260
[alma] 7:45:26  562,669/1,000,000  18.7/s  upd=12012  L=0.0590  D=4.260
[alma] 7:45:36  563,003/1,000,000  18.7/s  upd=12024  L=0.0456  D=4.260
[alma] 7:45:46  563,678/1,000,000  18.7/s  upd=12039  L=0.0434  D=4.260
[alma] 7:45:56  565,033/1,000,000  18.8/s  upd=12072  L=0.0468  D=4.260
[alma] 7:46:06  566,868/1,000,000  18.8/s  upd=12109  L=0.0499  D=4.260
[alma] 7:46:16  568,449/1,000,000  18.9/s  upd=12144  L=0.0574  D=4.260
[alma] 7:46:26  570,373/1,000,000  18.9/s  upd=12182  L=0.0427  D=4.260
[alma] 7:46:36  572,181/1,000,000  19.0/s  upd=12221  L=0.0476  D=4.260
[alma] 7:46:46  573,661/1,000,000  19.0/s  upd=12256  L=0.0408  D=4.260
[alma] 7:46:56  575,463/1,000,000  19.1/s  upd=12293  L=0.0357  D=4.260
[alma] 7:47:06  576,905/1,000,000  19.1/s  upd=12328  L=0.0461  D=4.260
[alma] 7:47:17  578,658/1,000,000  19.2/s  upd=12367  L=0.0410  D=4.260
[alma] saved resume t_env=580,046
[alma] 7:47:56  580,046/1,000,000  19.2/s  upd=12400  L=0.0391  ev=0/100  D=4.260
[alma] 7:55:16  580,046/1,000,000  18.9/s  upd=12400  L=0.0391  D=5.235
[alma] 8:01:09  580,046/1,000,000  18.7/s  upd=12400  L=0.0391  D=5.235
[alma] saved resume t_env=580,399
[alma] 8:01:19  581,382/1,000,000  18.7/s  upd=12428  L=0.0451  D=5.235
[alma] 8:01:30  583,220/1,000,000  18.8/s  upd=12465  L=0.0374  D=5.235
[alma] 8:01:40  584,732/1,000,000  18.8/s  upd=12504  L=0.0434  D=5.235
[alma] 8:01:50  586,656/1,000,000  18.9/s  upd=12541  L=0.0591  D=5.235
[alma] 8:02:00  588,404/1,000,000  18.9/s  upd=12581  L=0.0520  D=5.235
[alma] 8:02:10  590,142/1,000,000  19.0/s  upd=12617  L=0.0380  D=5.235
[alma] 8:02:20  590,489/1,000,000  19.0/s  upd=12629  L=0.0388  D=5.235
[alma] 8:02:31  591,248/1,000,000  19.0/s  upd=12648  L=0.0425  D=5.235
[alma] 8:02:41  591,918/1,000,000  19.0/s  upd=12664  L=0.0450  D=5.235
[alma] 8:02:51  592,282/1,000,000  19.0/s  upd=12672  L=0.0544  D=5.235
[alma] 8:03:01  593,051/1,000,000  19.1/s  upd=12686  L=0.0449  D=5.235
[alma] 8:03:11  593,771/1,000,000  19.1/s  upd=12698  L=0.0446  D=5.235
[alma] 8:03:21  594,168/1,000,000  19.1/s  upd=12712  L=0.0498  D=5.235
[alma] 8:03:31  594,516/1,000,000  19.1/s  upd=12720  L=0.0358  D=5.235
[alma] 8:03:41  595,237/1,000,000  19.1/s  upd=12736  L=0.0590  D=5.235
[alma] 8:03:51  595,888/1,000,000  19.1/s  upd=12745  L=0.0613  D=5.235
[alma] 8:04:01  596,272/1,000,000  19.1/s  upd=12759  L=0.0589  D=5.235
[alma] 8:04:11  596,582/1,000,000  19.1/s  upd=12768  L=0.0515  D=5.235
[alma] 8:04:22  596,928/1,000,000  19.1/s  upd=12770  L=0.0559  D=5.235
[alma] 8:04:32  596,928/1,000,000  19.1/s  upd=12776  L=0.0710  D=5.235
[alma] 8:04:42  597,283/1,000,000  19.1/s  upd=12784  L=0.0437  D=5.235
[alma] 8:04:52  597,595/1,000,000  19.1/s  upd=12792  L=0.0381  D=5.235
[alma] 8:05:02  597,595/1,000,000  19.1/s  upd=12792  L=0.0381  D=5.235
[alma] 8:05:12  598,009/1,000,000  19.2/s  upd=12799  L=0.0413  D=5.235
[alma] 8:05:23  598,009/1,000,000  19.1/s  upd=12800  L=0.0499  D=5.235
[alma] 8:05:34  598,444/1,000,000  19.2/s  upd=12802  L=0.0432  D=5.235
[alma] 8:05:44  598,444/1,000,000  19.1/s  upd=12808  L=0.0513  D=5.235
[alma] 8:05:54  598,771/1,000,000  19.1/s  upd=12811  L=0.0336  D=5.235
[alma] 8:06:04  599,084/1,000,000  19.2/s  upd=12819  L=0.0495  D=5.235
[alma] 8:11:01  599,084/1,000,000  19.0/s  upd=12824  L=0.0464  D=5.235
[alma] saved resume t_env=600,097
[alma] 8:11:41  600,097/1,000,000  19.0/s  upd=12848  L=0.0594  ev=0/100  D=5.235
[alma] 8:11:51  600,097/1,000,000  19.0/s  upd=12848  L=0.0594  ev=56/100  D=5.235
[alma] 8:17:06  600,097/1,000,000  18.8/s  upd=12848  L=0.0594  D=4.210
[alma] 8:21:57  600,097/1,000,000  18.6/s  upd=12848  L=0.0594  D=4.210
[alma] saved resume t_env=600,433
[alma] 8:22:07  601,196/1,000,000  18.6/s  upd=12872  L=0.0438  D=4.210
[alma] 8:22:17  603,057/1,000,000  18.7/s  upd=12912  L=0.0309  D=4.210
[alma] 8:22:27  605,071/1,000,000  18.7/s  upd=12947  L=0.0572  D=4.210
[alma] 8:22:37  606,803/1,000,000  18.8/s  upd=12989  L=0.0561  D=4.210
[alma] 8:22:47  608,549/1,000,000  18.8/s  upd=13028  L=0.0551  D=4.210
[alma] 8:22:57  610,383/1,000,000  18.9/s  upd=13065  L=0.0678  D=4.210
[alma] 8:23:07  611,921/1,000,000  18.9/s  upd=13104  L=0.0825  D=4.210
[alma] 8:23:17  613,713/1,000,000  19.0/s  upd=13144  L=0.0520  D=4.210
[alma] 8:23:27  615,567/1,000,000  19.0/s  upd=13184  L=0.0632  D=4.210
[alma] 8:23:37  617,291/1,000,000  19.1/s  upd=13221  L=0.0552  D=4.210
[alma] 8:23:47  619,419/1,000,000  19.2/s  upd=13265  L=0.0597  D=4.210
[alma] saved resume t_env=620,073
[alma] 8:24:24  620,073/1,000,000  19.2/s  upd=13288  L=0.0714  ev=0/100  D=4.210
[alma] 8:24:34  620,073/1,000,000  19.1/s  upd=13288  L=0.0714  ev=48/100  D=4.210
[alma] 8:24:44  620,073/1,000,000  19.1/s  upd=13288  L=0.0714  ev=96/100  D=4.210
[alma] 8:28:54  620,073/1,000,000  19.0/s  upd=13288  L=0.0714  D=4.037
[alma] 8:33:54  620,073/1,000,000  18.8/s  upd=13288  L=0.0714  D=4.037
[alma] saved resume t_env=620,421
[alma] 8:34:04  621,445/1,000,000  18.8/s  upd=13316  L=0.0608  D=4.037
[alma] 8:34:14  623,221/1,000,000  18.9/s  upd=13354  L=0.0490  D=4.037
[alma] 8:34:24  624,987/1,000,000  18.9/s  upd=13393  L=0.0533  D=4.037
[alma] 8:34:34  626,444/1,000,000  19.0/s  upd=13432  L=0.0527  D=4.037
[alma] 8:34:45  628,472/1,000,000  19.0/s  upd=13477  L=0.0506  D=4.037
[alma] 8:34:55  629,964/1,000,000  19.1/s  upd=13512  L=0.0580  D=4.037
[alma] 8:35:05  631,771/1,000,000  19.1/s  upd=13550  L=0.0503  D=4.037
[alma] 8:35:15  633,545/1,000,000  19.2/s  upd=13587  L=0.0407  D=4.037
[alma] 8:35:25  634,938/1,000,000  19.2/s  upd=13624  L=0.0540  D=4.037
[alma] 8:35:35  636,864/1,000,000  19.3/s  upd=13665  L=0.0446  D=4.037
[alma] 8:35:45  638,205/1,000,000  19.3/s  upd=13704  L=0.0472  D=4.037
[alma] 8:35:55  639,963/1,000,000  19.4/s  upd=13744  L=0.0546  D=4.037
[alma] saved resume t_env=640,265
[alma] 8:36:28  640,265/1,000,000  19.4/s  upd=13752  L=0.0566  ev=0/100  D=4.037
[alma] 8:36:38  640,265/1,000,000  19.3/s  upd=13752  L=0.0566  ev=31/100  D=4.037
[alma] 8:36:48  640,265/1,000,000  19.3/s  upd=13752  L=0.0566  ev=48/100  D=4.037
[alma] 8:36:58  640,265/1,000,000  19.3/s  upd=13752  L=0.0566  ev=72/100  D=4.037
[alma] 8:37:08  640,265/1,000,000  19.3/s  upd=13752  L=0.0566  ev=96/100  D=4.037
[alma] 8:43:57  640,265/1,000,000  19.1/s  upd=13752  L=0.0566  D=3.098
[alma] 8:47:59  640,265/1,000,000  18.9/s  upd=13752  L=0.0566  D=3.098
[alma] saved resume t_env=640,608
[alma] 8:48:09  640,608/1,000,000  18.9/s  upd=13760  L=0.0462  D=3.098
[alma] 8:48:19  641,288/1,000,000  19.0/s  upd=13775  L=0.0979  D=3.098
[alma] 8:48:29  641,595/1,000,000  19.0/s  upd=13784  L=0.0450  D=3.098
[alma] 8:48:39  642,292/1,000,000  19.0/s  upd=13800  L=0.0471  D=3.098
[alma] 8:48:50  643,007/1,000,000  19.0/s  upd=13812  L=0.0478  D=3.098
[alma] 8:49:00  643,658/1,000,000  19.0/s  upd=13826  L=0.0453  D=3.098
[alma] 8:49:10  643,658/1,000,000  19.0/s  upd=13832  L=0.0483  D=3.098
[alma] 8:49:20  644,314/1,000,000  19.0/s  upd=13844  L=0.0727  D=3.098
[alma] 8:49:31  645,034/1,000,000  19.0/s  upd=13864  L=0.0477  D=3.098
[alma] 8:49:41  645,749/1,000,000  19.0/s  upd=13880  L=0.0418  D=3.098
[alma] 8:49:51  646,115/1,000,000  19.1/s  upd=13886  L=0.0348  D=3.098
[alma] 8:50:01  646,501/1,000,000  19.1/s  upd=13896  L=0.0363  D=3.098
[alma] 8:50:11  647,175/1,000,000  19.1/s  upd=13906  L=0.0587  D=3.098
[alma] 8:50:22  647,576/1,000,000  19.1/s  upd=13914  L=0.0501  D=3.098
[alma] 8:50:32  647,892/1,000,000  19.1/s  upd=13928  L=0.0593  D=3.098
[alma] 8:50:42  648,600/1,000,000  19.1/s  upd=13944  L=0.0486  D=3.098
[alma] 8:50:52  649,347/1,000,000  19.1/s  upd=13954  L=0.0542  D=3.098
[alma] 8:51:02  649,652/1,000,000  19.1/s  upd=13968  L=0.0561  D=3.098
[alma] 8:51:12  650,316/1,000,000  19.1/s  upd=13983  L=0.0513  D=3.098
[alma] 8:51:22  651,045/1,000,000  19.2/s  upd=13996  L=0.0650  D=3.098
[alma] 8:51:33  651,678/1,000,000  19.2/s  upd=14010  L=0.0551  D=3.098
[alma] 8:51:43  652,080/1,000,000  19.2/s  upd=14022  L=0.0566  D=3.098
[alma] 8:51:53  652,728/1,000,000  19.2/s  upd=14037  L=0.0556  D=3.098
[alma] 8:52:03  653,405/1,000,000  19.2/s  upd=14049  L=0.0601  D=3.098
[alma] 8:52:13  653,405/1,000,000  19.2/s  upd=14056  L=0.0633  D=3.098
[alma] 8:52:23  654,130/1,000,000  19.2/s  upd=14072  L=0.0455  D=3.098
[alma] 8:52:33  654,847/1,000,000  19.2/s  upd=14087  L=0.0520  D=3.098
[alma] 8:52:43  655,193/1,000,000  19.2/s  upd=14096  L=0.0516  D=3.098
[alma] 8:52:54  655,923/1,000,000  19.2/s  upd=14112  L=0.0576  D=3.098
[alma] 8:58:06  656,267/1,000,000  19.1/s  upd=14120  L=0.0715  D=3.098
[alma] saved resume t_env=656,583
[alma] 8:58:16  657,278/1,000,000  19.1/s  upd=14144  L=0.0469  D=3.098
[alma] 8:58:26  659,035/1,000,000  19.1/s  upd=14184  L=0.0469  D=3.098
[alma] saved resume t_env=660,045
[alma] 8:59:05  660,045/1,000,000  19.2/s  upd=14208  L=0.0509  ev=0/100  D=3.098
[alma] 8:59:15  660,045/1,000,000  19.1/s  upd=14208  L=0.0509  ev=41/100  D=3.098
[alma] 8:59:25  660,045/1,000,000  19.1/s  upd=14208  L=0.0509  ev=72/100  D=3.098
[alma] 8:59:35  660,045/1,000,000  19.1/s  upd=14208  L=0.0509  ev=95/100  D=3.098
[alma] 9:06:04  660,045/1,000,000  18.9/s  upd=14208  L=0.0509  D=2.343
[alma] 9:12:09  660,045/1,000,000  18.7/s  upd=14208  L=0.0509  D=2.343
[alma] saved resume t_env=660,368
[alma] 9:12:19  661,518/1,000,000  18.7/s  upd=14239  L=0.0540  D=2.343
[alma] 9:12:29  663,531/1,000,000  18.8/s  upd=14283  L=0.0359  D=2.343
[alma] 9:12:39  665,155/1,000,000  18.8/s  upd=14327  L=0.0831  D=2.343
[alma] 9:12:49  666,903/1,000,000  18.9/s  upd=14368  L=0.0761  D=2.343
[alma] 9:13:00  668,914/1,000,000  18.9/s  upd=14409  L=0.0433  D=2.343
[alma] 9:13:10  670,177/1,000,000  19.0/s  upd=14448  L=0.0432  D=2.343
[alma] 9:13:20  671,128/1,000,000  19.0/s  upd=14468  L=0.0337  D=2.343
[alma] 9:13:30  671,777/1,000,000  19.0/s  upd=14482  L=0.0332  D=2.343
[alma] 9:13:40  672,074/1,000,000  19.0/s  upd=14496  L=0.0488  D=2.343
[alma] 9:13:50  672,714/1,000,000  19.0/s  upd=14512  L=0.0538  D=2.343
[alma] 9:14:00  673,297/1,000,000  19.0/s  upd=14524  L=0.0574  D=2.343
[alma] 9:14:10  673,669/1,000,000  19.0/s  upd=14536  L=0.0492  D=2.343
[alma] 9:14:20  674,384/1,000,000  19.1/s  upd=14552  L=0.0410  D=2.343
[alma] 9:14:30  675,061/1,000,000  19.1/s  upd=14563  L=0.0465  D=2.343
[alma] 9:14:40  675,753/1,000,000  19.1/s  upd=14577  L=0.0442  D=2.343
[alma] 9:14:50  676,058/1,000,000  19.1/s  upd=14592  L=0.0499  D=2.343
[alma] 9:15:01  676,741/1,000,000  19.1/s  upd=14608  L=0.1201  D=2.343
[alma] 9:15:11  677,393/1,000,000  19.1/s  upd=14622  L=0.0482  D=2.343
[alma] 9:15:21  677,744/1,000,000  19.1/s  upd=14632  L=0.0479  D=2.343
[alma] 9:15:31  678,420/1,000,000  19.1/s  upd=14646  L=0.0402  D=2.343
[alma] 9:15:41  679,090/1,000,000  19.2/s  upd=14660  L=0.0734  D=2.343
[alma] 9:15:51  679,451/1,000,000  19.2/s  upd=14670  L=0.0452  D=2.343
[alma] 9:16:02  680,092/1,000,000  19.2/s  upd=14682  L=0.0501  D=2.343
[alma] saved resume t_env=680,092
[alma] 9:16:36  680,092/1,000,000  19.2/s  upd=14688  L=0.0535  ev=0/100  D=2.343
[alma] 9:16:46  680,092/1,000,000  19.1/s  upd=14688  L=0.0535  ev=32/100  D=2.343
[alma] 9:16:56  680,092/1,000,000  19.1/s  upd=14688  L=0.0535  ev=55/100  D=2.343
[alma] 9:17:06  680,092/1,000,000  19.1/s  upd=14688  L=0.0535  ev=79/100  D=2.343
[alma] 9:17:16  680,092/1,000,000  19.1/s  upd=14688  L=0.0535  ev=96/100  D=2.343
