[b2_qmix_atten] 1,773/1,000,000  146.8/s  upd=16  L=0.0454  D=-
[b2_qmix_atten] 2,553/1,000,000  115.6/s  upd=32  L=0.0564  D=-
[b2_qmix_atten] 3,773/1,000,000  110.9/s  upd=56  L=0.0600  D=-
[b2_qmix_atten] 4,524/1,000,000  102.7/s  upd=72  L=0.0366  D=-
[b2_qmix_atten] 5,639/1,000,000  101.9/s  upd=96  L=0.0478  D=-
[b2_qmix_atten] 6,691/1,000,000  99.1/s  upd=120  L=0.0538  D=-
[b2_qmix_atten] 7,454/1,000,000  96.1/s  upd=136  L=0.0460  D=-
[b2_qmix_atten] 8,510/1,000,000  96.6/s  upd=160  L=0.0472  D=-
[b2_qmix_atten] 9,541/1,000,000  96.2/s  upd=184  L=0.0459  D=-
[b2_qmix_atten] 10,305/1,000,000  94.4/s  upd=200  L=0.0349  D=-
[b2_qmix_atten] 11,472/1,000,000  95.2/s  upd=224  L=0.0428  D=-
[b2_qmix_atten] 12,670/1,000,000  95.6/s  upd=248  L=0.0510  D=-
[b2_qmix_atten] 13,410/1,000,000  94.1/s  upd=264  L=0.0479  D=-
[b2_qmix_atten] 14,216/1,000,000  93.2/s  upd=280  L=0.0381  D=-
[b2_qmix_atten] 15,470/1,000,000  93.9/s  upd=304  L=0.0516  D=-
[b2_qmix_atten] 16,579/1,000,000  94.1/s  upd=328  L=0.0456  D=-
[b2_qmix_atten] 17,367/1,000,000  93.3/s  upd=344  L=0.0408  D=-
[b2_qmix_atten] 18,533/1,000,000  93.8/s  upd=368  L=0.0535  D=-
[b2_qmix_atten] 19,303/1,000,000  93.0/s  upd=384  L=0.0452  D=-
[b2_qmix_atten] 20,016/1,000,000  92.0/s  upd=400  L=0.0528  ev=8/100  D=-
[b2_qmix_atten] 20,016/1,000,000  87.9/s  upd=400  L=0.0528  ev=38/100  D=-
[b2_qmix_atten] 20,016/1,000,000  84.2/s  upd=400  L=0.0528  ev=69/100  D=-
E:\Code\Open_Score\Open-SCORE\open_score\eval\report.py:476: UserWarning: No artists with labels found to put in legend.  Note that artists whose label start with an underscore are ignored when legend() is called with no argument.
  axis.legend(fontsize=8)
[b2_qmix_atten] 20,016/1,000,000  80.8/s  upd=400  L=0.0528  D=5.101
[b2_qmix_atten] 21,126/1,000,000  81.3/s  upd=424  L=0.0485  D=5.101
[b2_qmix_atten] 22,200/1,000,000  81.7/s  upd=448  L=0.0398  D=5.101
[b2_qmix_atten] 23,263/1,000,000  82.5/s  upd=472  L=0.0576  D=5.101
[b2_qmix_atten] 24,382/1,000,000  83.1/s  upd=496  L=0.0497  D=5.101
E:\Code\Open_Score\Open-SCORE\open_score\eval\report.py:476: UserWarning: No artists with labels found to put in legend.  Note that artists whose label start with an underscore are ignored when legend() is called with no argument.
  axis.legend(fontsize=8)
[b2_qmix_atten] 25,551/1,000,000  83.8/s  upd=520  L=0.0536  D=5.101
[b2_qmix_atten] 26,554/1,000,000  84.0/s  upd=544  L=0.0408  D=5.101
[b2_qmix_atten] 27,471/1,000,000  84.2/s  upd=560  L=0.0520  D=5.101
[b2_qmix_atten] 28,650/1,000,000  84.6/s  upd=584  L=0.0527  D=5.101
[b2_qmix_atten] 29,765/1,000,000  84.9/s  upd=608  L=0.0518  D=5.101
[b2_qmix_atten] 30,882/1,000,000  85.2/s  upd=632  L=0.0476  D=5.101
[b2_qmix_atten] 32,092/1,000,000  85.7/s  upd=656  L=0.0348  D=5.101
[b2_qmix_atten] 32,944/1,000,000  85.7/s  upd=672  L=0.0435  D=5.101
[b2_qmix_atten] 34,020/1,000,000  86.0/s  upd=696  L=0.0563  D=5.101
[b2_qmix_atten] 35,162/1,000,000  86.2/s  upd=720  L=0.0365  D=5.101
[b2_qmix_atten] 36,084/1,000,000  86.4/s  upd=736  L=0.0425  D=5.101
[b2_qmix_atten] 36,837/1,000,000  86.1/s  upd=752  L=0.0506  D=5.101
[b2_qmix_atten] 37,974/1,000,000  86.6/s  upd=776  L=0.0476  D=5.101
[b2_qmix_atten] 38,757/1,000,000  86.4/s  upd=792  L=0.0383  D=5.101
[b2_qmix_atten] 39,866/1,000,000  86.6/s  upd=816  L=0.0361  D=5.101
[b2_qmix_atten] 40,268/1,000,000  85.6/s  upd=824  L=0.0554  ev=13/100  D=5.101
[b2_qmix_atten] 40,268/1,000,000  83.8/s  upd=824  L=0.0554  ev=43/100  D=5.101
[b2_qmix_atten] 40,268/1,000,000  82.1/s  upd=824  L=0.0554  ev=72/100  D=5.101
E:\Code\Open_Score\Open-SCORE\open_score\eval\report.py:476: UserWarning: No artists with labels found to put in legend.  Note that artists whose label start with an underscore are ignored when legend() is called with no argument.
  axis.legend(fontsize=8)
[b2_qmix_atten] 40,268/1,000,000  80.4/s  upd=824  L=0.0554  D=5.084
[b2_qmix_atten] 41,405/1,000,000  80.6/s  upd=848  L=0.0421  D=5.084
[b2_qmix_atten] 42,438/1,000,000  80.8/s  upd=872  L=0.0365  D=5.084
[b2_qmix_atten] 43,573/1,000,000  81.1/s  upd=896  L=0.0407  D=5.084
[b2_qmix_atten] 44,321/1,000,000  80.9/s  upd=912  L=0.0494  D=5.084
[b2_qmix_atten] 45,456/1,000,000  81.3/s  upd=936  L=0.0355  D=5.084
[b2_qmix_atten] 46,227/1,000,000  81.2/s  upd=952  L=0.0443  D=5.084
[b2_qmix_atten] 47,392/1,000,000  81.6/s  upd=976  L=0.0465  D=5.084
[b2_qmix_atten] 48,159/1,000,000  81.6/s  upd=992  L=0.0554  D=5.084
[b2_qmix_atten] 49,267/1,000,000  82.0/s  upd=1016  L=0.0353  D=5.084
E:\Code\Open_Score\Open-SCORE\open_score\eval\report.py:476: UserWarning: No artists with labels found to put in legend.  Note that artists whose label start with an underscore are ignored when legend() is called with no argument.
  axis.legend(fontsize=8)
[b2_qmix_atten] 50,089/1,000,000  82.0/s  upd=1032  L=0.0329  D=5.084
[b2_qmix_atten] 51,290/1,000,000  82.6/s  upd=1056  L=0.0922  D=5.084
[b2_qmix_atten] 52,455/1,000,000  83.0/s  upd=1080  L=0.0441  D=5.084
[b2_qmix_atten] 53,248/1,000,000  83.0/s  upd=1096  L=0.0323  D=5.084
[b2_qmix_atten] 54,290/1,000,000  83.2/s  upd=1120  L=0.0372  D=5.084
[b2_qmix_atten] 55,368/1,000,000  83.3/s  upd=1144  L=0.0440  D=5.084
[b2_qmix_atten] 56,130/1,000,000  83.2/s  upd=1160  L=0.0486  D=5.084
[b2_qmix_atten] 57,233/1,000,000  83.4/s  upd=1184  L=0.0470  D=5.084
[b2_qmix_atten] 58,277/1,000,000  83.5/s  upd=1208  L=0.0446  D=5.084
[b2_qmix_atten] 59,095/1,000,000  83.5/s  upd=1224  L=0.0314  D=5.084
[b2_qmix_atten] 60,137/1,000,000  83.6/s  upd=1248  L=0.0462  ev=0/100  D=5.084
[b2_qmix_atten] 60,137/1,000,000  82.4/s  upd=1248  L=0.0462  ev=32/100  D=5.084
[b2_qmix_atten] 60,137/1,000,000  81.3/s  upd=1248  L=0.0462  ev=64/100  D=5.084
[b2_qmix_atten] 60,137/1,000,000  80.2/s  upd=1248  L=0.0462  ev=99/100  D=5.084
E:\Code\Open_Score\Open-SCORE\open_score\eval\report.py:476: UserWarning: No artists with labels found to put in legend.  Note that artists whose label start with an underscore are ignored when legend() is called with no argument.
  axis.legend(fontsize=8)
[b2_qmix_atten] 61,007/1,000,000  80.2/s  upd=1264  L=0.0425  D=5.273
[b2_qmix_atten] 61,757/1,000,000  80.1/s  upd=1280  L=0.0418  D=5.273
[b2_qmix_atten] 62,975/1,000,000  80.6/s  upd=1304  L=0.0449  D=5.273
[b2_qmix_atten] 63,796/1,000,000  80.6/s  upd=1320  L=0.0419  D=5.273
[b2_qmix_atten] 65,031/1,000,000  80.9/s  upd=1344  L=0.0441  D=5.273
[b2_qmix_atten] 66,200/1,000,000  81.2/s  upd=1368  L=0.0468  D=5.273
[b2_qmix_atten] 67,019/1,000,000  81.2/s  upd=1384  L=0.0629  D=5.273
[b2_qmix_atten] 68,115/1,000,000  81.3/s  upd=1408  L=0.0554  D=5.273
[b2_qmix_atten] 68,901/1,000,000  81.3/s  upd=1424  L=0.0399  D=5.273
[b2_qmix_atten] 70,008/1,000,000  81.4/s  upd=1448  L=0.0504  D=5.273
[b2_qmix_atten] 71,017/1,000,000  81.5/s  upd=1472  L=0.0355  D=5.273
[b2_qmix_atten] 71,824/1,000,000  81.5/s  upd=1488  L=0.0344  D=5.273
[b2_qmix_atten] 72,948/1,000,000  81.7/s  upd=1512  L=0.0319  D=5.273
[b2_qmix_atten] 73,811/1,000,000  81.8/s  upd=1528  L=0.0538  D=5.273
E:\Code\Open_Score\Open-SCORE\open_score\eval\report.py:476: UserWarning: No artists with labels found to put in legend.  Note that artists whose label start with an underscore are ignored when legend() is called with no argument.
  axis.legend(fontsize=8)
[b2_qmix_atten] 74,701/1,000,000  81.8/s  upd=1544  L=0.0440  D=5.273
[b2_qmix_atten] 75,919/1,000,000  82.3/s  upd=1568  L=0.0328  D=5.273
[b2_qmix_atten] 77,000/1,000,000  82.5/s  upd=1592  L=0.0354  D=5.273
[b2_qmix_atten] 78,567/1,000,000  83.1/s  upd=1624  L=0.0529  D=5.273
[b2_qmix_atten] 79,745/1,000,000  83.2/s  upd=1648  L=0.0538  D=5.273
[b2_qmix_atten] 80,114/1,000,000  82.8/s  upd=1656  L=0.0430  ev=15/100  D=5.273
[b2_qmix_atten] 80,114/1,000,000  81.9/s  upd=1656  L=0.0430  ev=47/100  D=5.273
[b2_qmix_atten] 80,114/1,000,000  81.1/s  upd=1656  L=0.0430  ev=79/100  D=5.273
E:\Code\Open_Score\Open-SCORE\open_score\eval\report.py:476: UserWarning: No artists with labels found to put in legend.  Note that artists whose label start with an underscore are ignored when legend() is called with no argument.
  axis.legend(fontsize=8)
[b2_qmix_atten] 80,114/1,000,000  80.3/s  upd=1656  L=0.0430  D=5.388
[b2_qmix_atten] 81,242/1,000,000  80.5/s  upd=1680  L=0.0519  D=5.388
[b2_qmix_atten] 82,053/1,000,000  80.5/s  upd=1696  L=0.0442  D=5.388
[b2_qmix_atten] 83,201/1,000,000  80.6/s  upd=1720  L=0.0403  D=5.388
[b2_qmix_atten] 84,120/1,000,000  80.7/s  upd=1736  L=0.0386  D=5.388
[b2_qmix_atten] 85,295/1,000,000  80.9/s  upd=1760  L=0.0428  D=5.388
[b2_qmix_atten] 86,350/1,000,000  80.9/s  upd=1784  L=0.0306  D=5.388
[b2_qmix_atten] 87,185/1,000,000  80.9/s  upd=1800  L=0.0583  D=5.388
[b2_qmix_atten] 88,290/1,000,000  81.1/s  upd=1824  L=0.0385  D=5.388
[b2_qmix_atten] 89,357/1,000,000  81.2/s  upd=1848  L=0.0402  D=5.388
[b2_qmix_atten] 90,479/1,000,000  81.3/s  upd=1872  L=0.0299  D=5.388
[b2_qmix_atten] 91,624/1,000,000  81.4/s  upd=1896  L=0.0556  D=5.388
[b2_qmix_atten] 92,732/1,000,000  81.5/s  upd=1920  L=0.0380  D=5.388
[b2_qmix_atten] 93,841/1,000,000  81.6/s  upd=1944  L=0.0382  D=5.388
[b2_qmix_atten] 94,930/1,000,000  81.7/s  upd=1968  L=0.0427  D=5.388
[b2_qmix_atten] 95,705/1,000,000  81.7/s  upd=1984  L=0.0544  D=5.388
[b2_qmix_atten] 96,881/1,000,000  81.9/s  upd=2008  L=0.0461  D=5.388
[b2_qmix_atten] 97,684/1,000,000  81.9/s  upd=2024  L=0.0497  D=5.388
[b2_qmix_atten] 98,882/1,000,000  82.1/s  upd=2048  L=0.0361  D=5.388
E:\Code\Open_Score\Open-SCORE\open_score\eval\report.py:476: UserWarning: No artists with labels found to put in legend.  Note that artists whose label start with an underscore are ignored when legend() is called with no argument.
  axis.legend(fontsize=8)
[b2_qmix_atten] 99,646/1,000,000  82.1/s  upd=2064  L=0.0461  D=5.388
[b2_qmix_atten] 100,419/1,000,000  82.1/s  upd=2080  L=0.0425  ev=0/100  D=5.388
[b2_qmix_atten] 100,419/1,000,000  81.4/s  upd=2080  L=0.0425  ev=44/100  D=5.388
[b2_qmix_atten] 100,419/1,000,000  80.7/s  upd=2080  L=0.0425  ev=87/100  D=5.388
E:\Code\Open_Score\Open-SCORE\open_score\eval\report.py:476: UserWarning: No artists with labels found to put in legend.  Note that artists whose label start with an underscore are ignored when legend() is called with no argument.
  axis.legend(fontsize=8)
[b2_qmix_atten] 100,769/1,000,000  80.4/s  upd=2088  L=0.0504  D=5.096
[b2_qmix_atten] 101,561/1,000,000  80.4/s  upd=2104  L=0.0465  D=5.096
[b2_qmix_atten] 102,580/1,000,000  80.5/s  upd=2128  L=0.0506  D=5.096
[b2_qmix_atten] 103,477/1,000,000  80.6/s  upd=2144  L=0.0416  D=5.096
[b2_qmix_atten] 104,690/1,000,000  80.8/s  upd=2168  L=0.0506  D=5.096
[b2_qmix_atten] 105,850/1,000,000  81.0/s  upd=2192  L=0.0336  D=5.096
[b2_qmix_atten] 106,859/1,000,000  81.0/s  upd=2216  L=0.0339  D=5.096
[b2_qmix_atten] 107,627/1,000,000  81.0/s  upd=2232  L=0.0681  D=5.096
[b2_qmix_atten] 108,744/1,000,000  81.2/s  upd=2256  L=0.0444  D=5.096
[b2_qmix_atten] 109,499/1,000,000  81.2/s  upd=2272  L=0.0418  D=5.096
[b2_qmix_atten] 110,664/1,000,000  81.3/s  upd=2296  L=0.0495  D=5.096
[b2_qmix_atten] 111,718/1,000,000  81.3/s  upd=2320  L=0.0388  D=5.096
[b2_qmix_atten] 112,774/1,000,000  81.4/s  upd=2344  L=0.0450  D=5.096
[b2_qmix_atten] 113,617/1,000,000  81.5/s  upd=2360  L=0.0597  D=5.096
[b2_qmix_atten] 114,779/1,000,000  81.6/s  upd=2384  L=0.0434  D=5.096
[b2_qmix_atten] 115,854/1,000,000  81.7/s  upd=2408  L=0.0504  D=5.096
[b2_qmix_atten] 116,711/1,000,000  81.7/s  upd=2424  L=0.0315  D=5.096
[b2_qmix_atten] 117,549/1,000,000  81.7/s  upd=2440  L=0.0387  D=5.096
[b2_qmix_atten] 118,707/1,000,000  81.8/s  upd=2464  L=0.0321  D=5.096
[b2_qmix_atten] 119,453/1,000,000  81.8/s  upd=2480  L=0.0456  D=5.096
[b2_qmix_atten] 120,268/1,000,000  81.8/s  upd=2496  L=0.0543  ev=8/100  D=5.096
[b2_qmix_atten] 120,268/1,000,000  81.2/s  upd=2496  L=0.0543  ev=40/100  D=5.096
[b2_qmix_atten] 120,268/1,000,000  80.7/s  upd=2496  L=0.0543  ev=79/100  D=5.096
E:\Code\Open_Score\Open-SCORE\open_score\eval\report.py:476: UserWarning: No artists with labels found to put in legend.  Note that artists whose label start with an underscore are ignored when legend() is called with no argument.
  axis.legend(fontsize=8)
[b2_qmix_atten] 120,642/1,000,000  80.3/s  upd=2504  L=0.0443  D=5.295
E:\Code\Open_Score\Open-SCORE\open_score\eval\report.py:476: UserWarning: No artists with labels found to put in legend.  Note that artists whose label start with an underscore are ignored when legend() is called with no argument.
  axis.legend(fontsize=8)
[b2_qmix_atten] 121,411/1,000,000  80.3/s  upd=2520  L=0.0416  D=5.295
[b2_qmix_atten] 122,239/1,000,000  80.3/s  upd=2536  L=0.0491  D=5.295
[b2_qmix_atten] 123,470/1,000,000  80.5/s  upd=2560  L=0.0452  D=5.295
[b2_qmix_atten] 124,620/1,000,000  80.7/s  upd=2584  L=0.0602  D=5.295
[b2_qmix_atten] 125,679/1,000,000  80.8/s  upd=2608  L=0.0365  D=5.295
[b2_qmix_atten] 127,108/1,000,000  81.1/s  upd=2640  L=0.0442  D=5.295
[b2_qmix_atten] 128,196/1,000,000  81.3/s  upd=2664  L=0.0475  D=5.295
[b2_qmix_atten] 129,217/1,000,000  81.4/s  upd=2688  L=0.0490  D=5.295
[b2_qmix_atten] 130,444/1,000,000  81.5/s  upd=2712  L=0.0446  D=5.295
[b2_qmix_atten] 131,288/1,000,000  81.5/s  upd=2728  L=0.0469  D=5.295
[b2_qmix_atten] 132,444/1,000,000  81.7/s  upd=2752  L=0.0387  D=5.295
[b2_qmix_atten] 133,223/1,000,000  81.6/s  upd=2768  L=0.0437  D=5.295
[b2_qmix_atten] 134,124/1,000,000  81.7/s  upd=2784  L=0.0382  D=5.295
[b2_qmix_atten] 134,960/1,000,000  81.7/s  upd=2800  L=0.0466  D=5.295
[b2_qmix_atten] 136,104/1,000,000  81.9/s  upd=2824  L=0.0357  D=5.295
[b2_qmix_atten] 137,179/1,000,000  82.0/s  upd=2848  L=0.0501  D=5.295
[b2_qmix_atten] 138,329/1,000,000  82.1/s  upd=2872  L=0.0465  D=5.295
[b2_qmix_atten] 139,126/1,000,000  82.1/s  upd=2888  L=0.0432  D=5.295
[b2_qmix_atten] 140,233/1,000,000  82.1/s  upd=2912  L=0.0372  ev=0/100  D=5.295
[b2_qmix_atten] 140,233/1,000,000  81.7/s  upd=2912  L=0.0372  ev=37/100  D=5.295
[b2_qmix_atten] 140,233/1,000,000  81.2/s  upd=2912  L=0.0372  ev=71/100  D=5.295
E:\Code\Open_Score\Open-SCORE\open_score\eval\report.py:476: UserWarning: No artists with labels found to put in legend.  Note that artists whose label start with an underscore are ignored when legend() is called with no argument.
  axis.legend(fontsize=8)
[b2_qmix_atten] 140,233/1,000,000  80.7/s  upd=2912  L=0.0372  D=5.102
[b2_qmix_atten] 141,394/1,000,000  80.8/s  upd=2936  L=0.0640  D=5.102
[b2_qmix_atten] 142,244/1,000,000  80.8/s  upd=2952  L=0.0662  D=5.102
[b2_qmix_atten] 143,333/1,000,000  80.9/s  upd=2976  L=0.0564  D=5.102
[b2_qmix_atten] 144,386/1,000,000  81.0/s  upd=3000  L=0.0422  D=5.102
[b2_qmix_atten] 145,417/1,000,000  81.0/s  upd=3024  L=0.0632  D=5.102
[b2_qmix_atten] 146,628/1,000,000  81.1/s  upd=3048  L=0.0386  D=5.102
E:\Code\Open_Score\Open-SCORE\open_score\eval\report.py:476: UserWarning: No artists with labels found to put in legend.  Note that artists whose label start with an underscore are ignored when legend() is called with no argument.
  axis.legend(fontsize=8)
[b2_qmix_atten] 147,399/1,000,000  81.1/s  upd=3064  L=0.0408  D=5.102
[b2_qmix_atten] 148,541/1,000,000  81.2/s  upd=3088  L=0.0372  D=5.102
[b2_qmix_atten] 149,665/1,000,000  81.3/s  upd=3112  L=0.0510  D=5.102
[b2_qmix_atten] 150,742/1,000,000  81.4/s  upd=3136  L=0.0352  D=5.102
[b2_qmix_atten] 151,947/1,000,000  81.5/s  upd=3160  L=0.0383  D=5.102
[b2_qmix_atten] 153,044/1,000,000  81.7/s  upd=3184  L=0.0491  D=5.102
[b2_qmix_atten] 154,197/1,000,000  81.8/s  upd=3208  L=0.0474  D=5.102
[b2_qmix_atten] 155,341/1,000,000  82.0/s  upd=3232  L=0.0364  D=5.102
[b2_qmix_atten] 156,397/1,000,000  82.1/s  upd=3256  L=0.0489  D=5.102
[b2_qmix_atten] 157,425/1,000,000  82.1/s  upd=3280  L=0.0407  D=5.102
[b2_qmix_atten] 158,483/1,000,000  82.2/s  upd=3304  L=0.0460  D=5.102
[b2_qmix_atten] 159,300/1,000,000  82.2/s  upd=3320  L=0.0424  D=5.102
[b2_qmix_atten] 160,079/1,000,000  82.1/s  upd=3336  L=0.0401  ev=7/100  D=5.102
[b2_qmix_atten] 160,079/1,000,000  81.7/s  upd=3336  L=0.0401  ev=34/100  D=5.102
[b2_qmix_atten] 160,079/1,000,000  81.3/s  upd=3336  L=0.0401  ev=62/100  D=5.102
[b2_qmix_atten] 160,079/1,000,000  80.9/s  upd=3336  L=0.0401  ev=95/100  D=5.102
E:\Code\Open_Score\Open-SCORE\open_score\eval\report.py:476: UserWarning: No artists with labels found to put in legend.  Note that artists whose label start with an underscore are ignored when legend() is called with no argument.
  axis.legend(fontsize=8)
[b2_qmix_atten] 160,793/1,000,000  80.8/s  upd=3352  L=0.0523  D=4.776
[b2_qmix_atten] 161,861/1,000,000  80.8/s  upd=3376  L=0.0464  D=4.776
[b2_qmix_atten] 162,941/1,000,000  80.9/s  upd=3400  L=0.0502  D=4.776
[b2_qmix_atten] 164,068/1,000,000  81.0/s  upd=3424  L=0.0425  D=4.776
[b2_qmix_atten] 165,168/1,000,000  81.0/s  upd=3448  L=0.0363  D=4.776
[b2_qmix_atten] 166,346/1,000,000  81.1/s  upd=3472  L=0.0472  D=4.776
[b2_qmix_atten] 167,082/1,000,000  81.1/s  upd=3488  L=0.0412  D=4.776
[b2_qmix_atten] 168,183/1,000,000  81.2/s  upd=3512  L=0.0466  D=4.776
[b2_qmix_atten] 169,022/1,000,000  81.2/s  upd=3528  L=0.0328  D=4.776
[b2_qmix_atten] 170,134/1,000,000  81.3/s  upd=3552  L=0.0515  D=4.776
[b2_qmix_atten] 171,228/1,000,000  81.4/s  upd=3576  L=0.0518  D=4.776
[b2_qmix_atten] 171,998/1,000,000  81.4/s  upd=3592  L=0.0454  D=4.776
E:\Code\Open_Score\Open-SCORE\open_score\eval\report.py:476: UserWarning: No artists with labels found to put in legend.  Note that artists whose label start with an underscore are ignored when legend() is called with no argument.
  axis.legend(fontsize=8)
[b2_qmix_atten] 172,796/1,000,000  81.4/s  upd=3608  L=0.0470  D=4.776
[b2_qmix_atten] 173,967/1,000,000  81.5/s  upd=3632  L=0.0381  D=4.776
[b2_qmix_atten] 175,085/1,000,000  81.5/s  upd=3656  L=0.0420  D=4.776
[b2_qmix_atten] 176,194/1,000,000  81.6/s  upd=3680  L=0.0402  D=4.776
[b2_qmix_atten] 177,262/1,000,000  81.6/s  upd=3704  L=0.0472  D=4.776
[b2_qmix_atten] 178,401/1,000,000  81.8/s  upd=3728  L=0.0368  D=4.776
[b2_qmix_atten] 179,656/1,000,000  82.0/s  upd=3752  L=0.0441  D=4.776
[b2_qmix_atten] 180,389/1,000,000  81.9/s  upd=3768  L=0.0577  ev=8/100  D=4.776
[b2_qmix_atten] 180,389/1,000,000  81.6/s  upd=3768  L=0.0577  ev=47/100  D=4.776
[b2_qmix_atten] 180,389/1,000,000  81.2/s  upd=3768  L=0.0577  ev=80/100  D=4.776
E:\Code\Open_Score\Open-SCORE\open_score\eval\report.py:476: UserWarning: No artists with labels found to put in legend.  Note that artists whose label start with an underscore are ignored when legend() is called with no argument.
  axis.legend(fontsize=8)
[b2_qmix_atten] 180,745/1,000,000  80.9/s  upd=3776  L=0.0440  D=5.064
[b2_qmix_atten] 181,828/1,000,000  81.0/s  upd=3800  L=0.0527  D=5.064
[b2_qmix_atten] 182,618/1,000,000  81.0/s  upd=3816  L=0.0455  D=5.064
[b2_qmix_atten] 183,761/1,000,000  81.1/s  upd=3840  L=0.0400  D=5.064
[b2_qmix_atten] 184,527/1,000,000  81.0/s  upd=3856  L=0.0527  D=5.064
[b2_qmix_atten] 185,587/1,000,000  81.1/s  upd=3880  L=0.0544  D=5.064
[b2_qmix_atten] 186,710/1,000,000  81.2/s  upd=3904  L=0.0636  D=5.064
[b2_qmix_atten] 187,496/1,000,000  81.2/s  upd=3920  L=0.0379  D=5.064
[b2_qmix_atten] 188,587/1,000,000  81.3/s  upd=3944  L=0.0354  D=5.064
[b2_qmix_atten] 189,714/1,000,000  81.3/s  upd=3968  L=0.0466  D=5.064
[b2_qmix_atten] 190,540/1,000,000  81.3/s  upd=3984  L=0.0484  D=5.064
[b2_qmix_atten] 191,751/1,000,000  81.4/s  upd=4008  L=0.0540  D=5.064
[b2_qmix_atten] 192,467/1,000,000  81.3/s  upd=4024  L=0.0504  D=5.064
[b2_qmix_atten] 193,555/1,000,000  81.4/s  upd=4048  L=0.0481  D=5.064
[b2_qmix_atten] 194,732/1,000,000  81.5/s  upd=4072  L=0.0407  D=5.064
[b2_qmix_atten] 195,451/1,000,000  81.5/s  upd=4088  L=0.0528  D=5.064
[b2_qmix_atten] 196,655/1,000,000  81.6/s  upd=4112  L=0.0491  D=5.064
E:\Code\Open_Score\Open-SCORE\open_score\eval\report.py:476: UserWarning: No artists with labels found to put in legend.  Note that artists whose label start with an underscore are ignored when legend() is called with no argument.
  axis.legend(fontsize=8)
[b2_qmix_atten] 197,453/1,000,000  81.5/s  upd=4128  L=0.0392  D=5.064
[b2_qmix_atten] 198,496/1,000,000  81.6/s  upd=4152  L=0.0497  D=5.064
[b2_qmix_atten] 199,257/1,000,000  81.6/s  upd=4168  L=0.0446  D=5.064
[b2_qmix_atten] 200,110/1,000,000  81.6/s  upd=4184  L=0.0668  ev=5/100  D=5.064
[b2_qmix_atten] 200,110/1,000,000  81.2/s  upd=4184  L=0.0668  ev=36/100  D=5.064
[b2_qmix_atten] 200,110/1,000,000  80.9/s  upd=4184  L=0.0668  ev=72/100  D=5.064
E:\Code\Open_Score\Open-SCORE\open_score\eval\report.py:476: UserWarning: No artists with labels found to put in legend.  Note that artists whose label start with an underscore are ignored when legend() is called with no argument.
  axis.legend(fontsize=8)
[b2_qmix_atten] 200,110/1,000,000  80.6/s  upd=4184  L=0.0668  D=4.902
[b2_qmix_atten] 201,207/1,000,000  80.6/s  upd=4208  L=0.0366  D=4.902
[b2_qmix_atten] 202,488/1,000,000  80.8/s  upd=4232  L=0.0464  D=4.902
[b2_qmix_atten] 203,636/1,000,000  80.9/s  upd=4256  L=0.0502  D=4.902
[b2_qmix_atten] 204,773/1,000,000  81.0/s  upd=4280  L=0.0414  D=4.902
[b2_qmix_atten] 205,831/1,000,000  81.0/s  upd=4304  L=0.0514  D=4.902
[b2_qmix_atten] 206,636/1,000,000  81.0/s  upd=4320  L=0.0439  D=4.902
[b2_qmix_atten] 207,704/1,000,000  81.1/s  upd=4344  L=0.0334  D=4.902
[b2_qmix_atten] 208,875/1,000,000  81.1/s  upd=4368  L=0.0521  D=4.902
[b2_qmix_atten] 209,666/1,000,000  81.1/s  upd=4384  L=0.0457  D=4.902
[b2_qmix_atten] 210,820/1,000,000  81.3/s  upd=4408  L=0.0414  D=4.902
[b2_qmix_atten] 211,970/1,000,000  81.3/s  upd=4432  L=0.0579  D=4.902
[b2_qmix_atten] 213,163/1,000,000  81.4/s  upd=4456  L=0.0380  D=4.902
[b2_qmix_atten] 213,990/1,000,000  81.4/s  upd=4472  L=0.0377  D=4.902
[b2_qmix_atten] 215,115/1,000,000  81.5/s  upd=4496  L=0.0500  D=4.902
[b2_qmix_atten] 216,298/1,000,000  81.6/s  upd=4520  L=0.0450  D=4.902
[b2_qmix_atten] 217,529/1,000,000  81.7/s  upd=4544  L=0.0449  D=4.902
[b2_qmix_atten] 218,353/1,000,000  81.7/s  upd=4560  L=0.0452  D=4.902
[b2_qmix_atten] 219,421/1,000,000  81.7/s  upd=4584  L=0.0565  D=4.902
[b2_qmix_atten] 220,218/1,000,000  81.7/s  upd=4600  L=0.0385  ev=0/100  D=4.902
[b2_qmix_atten] 220,218/1,000,000  81.4/s  upd=4600  L=0.0385  ev=38/100  D=4.902
[b2_qmix_atten] 220,218/1,000,000  81.1/s  upd=4600  L=0.0385  ev=70/100  D=4.902
E:\Code\Open_Score\Open-SCORE\open_score\eval\report.py:476: UserWarning: No artists with labels found to put in legend.  Note that artists whose label start with an underscore are ignored when legend() is called with no argument.
  axis.legend(fontsize=8)
[b2_qmix_atten] 220,218/1,000,000  80.8/s  upd=4600  L=0.0385  D=5.098
E:\Code\Open_Score\Open-SCORE\open_score\eval\report.py:476: UserWarning: No artists with labels found to put in legend.  Note that artists whose label start with an underscore are ignored when legend() is called with no argument.
  axis.legend(fontsize=8)
[b2_qmix_atten] 221,031/1,000,000  80.8/s  upd=4616  L=0.0390  D=5.098
[b2_qmix_atten] 222,204/1,000,000  80.9/s  upd=4640  L=0.0530  D=5.098
[b2_qmix_atten] 223,010/1,000,000  80.9/s  upd=4656  L=0.0579  D=5.098
[b2_qmix_atten] 224,105/1,000,000  80.9/s  upd=4680  L=0.0378  D=5.098
[b2_qmix_atten] 225,287/1,000,000  81.0/s  upd=4704  L=0.0458  D=5.098
[b2_qmix_atten] 226,382/1,000,000  81.1/s  upd=4728  L=0.0421  D=5.098
[b2_qmix_atten] 227,184/1,000,000  81.1/s  upd=4744  L=0.0521  D=5.098
[b2_qmix_atten] 228,348/1,000,000  81.2/s  upd=4768  L=0.0504  D=5.098
[b2_qmix_atten] 229,638/1,000,000  81.3/s  upd=4792  L=0.0364  D=5.098
[b2_qmix_atten] 230,804/1,000,000  81.5/s  upd=4816  L=0.0373  D=5.098
[b2_qmix_atten] 231,924/1,000,000  81.6/s  upd=4840  L=0.0362  D=5.098
[b2_qmix_atten] 233,100/1,000,000  81.6/s  upd=4864  L=0.0426  D=5.098
[b2_qmix_atten] 234,271/1,000,000  81.7/s  upd=4888  L=0.0536  D=5.098
[b2_qmix_atten] 235,017/1,000,000  81.7/s  upd=4904  L=0.0503  D=5.098
[b2_qmix_atten] 236,102/1,000,000  81.7/s  upd=4928  L=0.0525  D=5.098
[b2_qmix_atten] 236,866/1,000,000  81.7/s  upd=4944  L=0.0493  D=5.098
[b2_qmix_atten] 237,897/1,000,000  81.8/s  upd=4968  L=0.0553  D=5.098
[b2_qmix_atten] 238,723/1,000,000  81.8/s  upd=4984  L=0.0403  D=5.098
[b2_qmix_atten] 239,798/1,000,000  81.9/s  upd=5008  L=0.0445  D=5.098
[b2_qmix_atten] 240,133/1,000,000  81.7/s  upd=5016  L=0.0462  ev=17/100  D=5.098
[b2_qmix_atten] 240,133/1,000,000  81.4/s  upd=5016  L=0.0462  ev=56/100  D=5.098
[b2_qmix_atten] 240,133/1,000,000  81.2/s  upd=5016  L=0.0462  ev=88/100  D=5.098
E:\Code\Open_Score\Open-SCORE\open_score\eval\report.py:476: UserWarning: No artists with labels found to put in legend.  Note that artists whose label start with an underscore are ignored when legend() is called with no argument.
  axis.legend(fontsize=8)
[b2_qmix_atten] 240,915/1,000,000  81.1/s  upd=5032  L=0.0425  D=5.065
[b2_qmix_atten] 241,657/1,000,000  81.1/s  upd=5048  L=0.0397  D=5.065
[b2_qmix_atten] 242,814/1,000,000  81.2/s  upd=5072  L=0.0441  D=5.065
[b2_qmix_atten] 243,911/1,000,000  81.2/s  upd=5096  L=0.0638  D=5.065
[b2_qmix_atten] 245,063/1,000,000  81.3/s  upd=5120  L=0.0502  D=5.065
[b2_qmix_atten] 246,234/1,000,000  81.4/s  upd=5144  L=0.0459  D=5.065
E:\Code\Open_Score\Open-SCORE\open_score\eval\report.py:476: UserWarning: No artists with labels found to put in legend.  Note that artists whose label start with an underscore are ignored when legend() is called with no argument.
  axis.legend(fontsize=8)
[b2_qmix_atten] 246,976/1,000,000  81.4/s  upd=5160  L=0.0618  D=5.065
[b2_qmix_atten] 248,082/1,000,000  81.5/s  upd=5184  L=0.0731  D=5.065
[b2_qmix_atten] 249,100/1,000,000  81.5/s  upd=5208  L=0.0533  D=5.065
[b2_qmix_atten] 250,312/1,000,000  81.6/s  upd=5232  L=0.0538  D=5.065
[b2_qmix_atten] 251,168/1,000,000  81.6/s  upd=5248  L=0.0513  D=5.065
[b2_qmix_atten] 252,342/1,000,000  81.7/s  upd=5272  L=0.0424  D=5.065
[b2_qmix_atten] 253,391/1,000,000  81.7/s  upd=5296  L=0.0402  D=5.065
[b2_qmix_atten] 254,463/1,000,000  81.8/s  upd=5320  L=0.0565  D=5.065
[b2_qmix_atten] 255,767/1,000,000  81.9/s  upd=5344  L=0.0610  D=5.065
[b2_qmix_atten] 257,100/1,000,000  82.1/s  upd=5368  L=0.0398  D=5.065
[b2_qmix_atten] 258,634/1,000,000  82.3/s  upd=5400  L=0.0345  D=5.065
[b2_qmix_atten] 259,843/1,000,000  82.4/s  upd=5424  L=0.0363  D=5.065
[b2_qmix_atten] 260,221/1,000,000  82.3/s  upd=5432  L=0.0544  ev=17/100  D=5.065
[b2_qmix_atten] 260,221/1,000,000  82.0/s  upd=5432  L=0.0544  ev=48/100  D=5.065
[b2_qmix_atten] 260,221/1,000,000  81.8/s  upd=5432  L=0.0544  ev=80/100  D=5.065
E:\Code\Open_Score\Open-SCORE\open_score\eval\report.py:476: UserWarning: No artists with labels found to put in legend.  Note that artists whose label start with an underscore are ignored when legend() is called with no argument.
  axis.legend(fontsize=8)
[b2_qmix_atten] 260,570/1,000,000  81.6/s  upd=5440  L=0.0483  D=5.146
[b2_qmix_atten] 261,684/1,000,000  81.6/s  upd=5464  L=0.0459  D=5.146
[b2_qmix_atten] 262,920/1,000,000  81.7/s  upd=5488  L=0.0538  D=5.146
[b2_qmix_atten] 263,736/1,000,000  81.7/s  upd=5504  L=0.0463  D=5.146
[b2_qmix_atten] 264,922/1,000,000  81.8/s  upd=5528  L=0.0438  D=5.146
[b2_qmix_atten] 265,682/1,000,000  81.8/s  upd=5544  L=0.0444  D=5.146
[b2_qmix_atten] 266,816/1,000,000  81.9/s  upd=5568  L=0.0375  D=5.146
[b2_qmix_atten] 267,948/1,000,000  82.0/s  upd=5592  L=0.0428  D=5.146
[b2_qmix_atten] 269,121/1,000,000  82.0/s  upd=5616  L=0.0607  D=5.146
[b2_qmix_atten] 270,251/1,000,000  82.1/s  upd=5640  L=0.0289  D=5.146
[b2_qmix_atten] 271,272/1,000,000  82.1/s  upd=5664  L=0.0330  D=5.146
[b2_qmix_atten] 272,386/1,000,000  82.2/s  upd=5688  L=0.0556  D=5.146
[b2_qmix_atten] 273,579/1,000,000  82.2/s  upd=5712  L=0.0549  D=5.146
E:\Code\Open_Score\Open-SCORE\open_score\eval\report.py:476: UserWarning: No artists with labels found to put in legend.  Note that artists whose label start with an underscore are ignored when legend() is called with no argument.
  axis.legend(fontsize=8)
[b2_qmix_atten] 274,464/1,000,000  82.2/s  upd=5728  L=0.0542  D=5.146
[b2_qmix_atten] 275,554/1,000,000  82.3/s  upd=5752  L=0.0556  D=5.146
[b2_qmix_atten] 276,789/1,000,000  82.4/s  upd=5776  L=0.0619  D=5.146
[b2_qmix_atten] 277,795/1,000,000  82.4/s  upd=5800  L=0.0351  D=5.146
[b2_qmix_atten] 278,905/1,000,000  82.5/s  upd=5824  L=0.0468  D=5.146
[b2_qmix_atten] 280,041/1,000,000  82.5/s  upd=5848  L=0.0287  ev=0/100  D=5.146
[b2_qmix_atten] 280,041/1,000,000  82.3/s  upd=5848  L=0.0287  ev=48/100  D=5.146
[b2_qmix_atten] 280,041/1,000,000  82.0/s  upd=5848  L=0.0287  ev=95/100  D=5.146
E:\Code\Open_Score\Open-SCORE\open_score\eval\report.py:476: UserWarning: No artists with labels found to put in legend.  Note that artists whose label start with an underscore are ignored when legend() is called with no argument.
  axis.legend(fontsize=8)
[b2_qmix_atten] 280,916/1,000,000  82.0/s  upd=5864  L=0.0405  D=5.192
[b2_qmix_atten] 282,063/1,000,000  82.0/s  upd=5888  L=0.0523  D=5.192
[b2_qmix_atten] 283,193/1,000,000  82.1/s  upd=5912  L=0.0468  D=5.192
[b2_qmix_atten] 284,239/1,000,000  82.2/s  upd=5936  L=0.0486  D=5.192
[b2_qmix_atten] 285,363/1,000,000  82.2/s  upd=5960  L=0.0534  D=5.192
[b2_qmix_atten] 286,524/1,000,000  82.3/s  upd=5984  L=0.0622  D=5.192
[b2_qmix_atten] 287,758/1,000,000  82.4/s  upd=6008  L=0.0687  D=5.192
[b2_qmix_atten] 288,896/1,000,000  82.4/s  upd=6032  L=0.0439  D=5.192
[b2_qmix_atten] 289,753/1,000,000  82.4/s  upd=6048  L=0.0439  D=5.192
[b2_qmix_atten] 290,967/1,000,000  82.5/s  upd=6072  L=0.0381  D=5.192
[b2_qmix_atten] 292,028/1,000,000  82.6/s  upd=6096  L=0.0487  D=5.192
[b2_qmix_atten] 293,221/1,000,000  82.6/s  upd=6120  L=0.0343  D=5.192
[b2_qmix_atten] 294,295/1,000,000  82.7/s  upd=6144  L=0.0369  D=5.192
[b2_qmix_atten] 295,393/1,000,000  82.7/s  upd=6168  L=0.0432  D=5.192
[b2_qmix_atten] 296,566/1,000,000  82.8/s  upd=6192  L=0.0395  D=5.192
[b2_qmix_atten] 297,725/1,000,000  82.8/s  upd=6216  L=0.0478  D=5.192
[b2_qmix_atten] 298,822/1,000,000  82.9/s  upd=6240  L=0.0368  D=5.192
[b2_qmix_atten] 299,601/1,000,000  82.8/s  upd=6256  L=0.0459  D=5.192
[b2_qmix_atten] 300,021/1,000,000  82.7/s  upd=6264  L=0.0519  ev=24/100  D=5.192
[b2_qmix_atten] 300,021/1,000,000  82.5/s  upd=6264  L=0.0519  ev=62/100  D=5.192
[b2_qmix_atten] 300,021/1,000,000  82.3/s  upd=6264  L=0.0519  ev=88/100  D=5.192
E:\Code\Open_Score\Open-SCORE\open_score\eval\report.py:476: UserWarning: No artists with labels found to put in legend.  Note that artists whose label start with an underscore are ignored when legend() is called with no argument.
  axis.legend(fontsize=8)
E:\Code\Open_Score\Open-SCORE\open_score\eval\report.py:476: UserWarning: No artists with labels found to put in legend.  Note that artists whose label start with an underscore are ignored when legend() is called with no argument.
  axis.legend(fontsize=8)
[b2_qmix_atten] 300,439/1,000,000  82.2/s  upd=6272  L=0.0440  D=4.933
[b2_qmix_atten] 301,658/1,000,000  82.3/s  upd=6296  L=0.0532  D=4.933
[b2_qmix_atten] 302,837/1,000,000  82.4/s  upd=6320  L=0.0447  D=4.933
[b2_qmix_atten] 304,226/1,000,000  82.5/s  upd=6352  L=0.0412  D=4.933
[b2_qmix_atten] 305,471/1,000,000  82.6/s  upd=6376  L=0.0550  D=4.933
[b2_qmix_atten] 306,640/1,000,000  82.7/s  upd=6400  L=0.0575  D=4.933
[b2_qmix_atten] 307,915/1,000,000  82.8/s  upd=6424  L=0.0383  D=4.933
[b2_qmix_atten] 308,922/1,000,000  82.8/s  upd=6448  L=0.0452  D=4.933
[b2_qmix_atten] 309,987/1,000,000  82.8/s  upd=6472  L=0.0482  D=4.933
[b2_qmix_atten] 311,038/1,000,000  82.9/s  upd=6496  L=0.0421  D=4.933
[b2_qmix_atten] 312,230/1,000,000  83.0/s  upd=6520  L=0.0524  D=4.933
[b2_qmix_atten] 313,249/1,000,000  83.0/s  upd=6544  L=0.0468  D=4.933
[b2_qmix_atten] 314,042/1,000,000  83.0/s  upd=6560  L=0.0456  D=4.933
[b2_qmix_atten] 315,185/1,000,000  83.1/s  upd=6584  L=0.0420  D=4.933
[b2_qmix_atten] 316,322/1,000,000  83.1/s  upd=6608  L=0.0417  D=4.933
[b2_qmix_atten] 317,138/1,000,000  83.1/s  upd=6624  L=0.0554  D=4.933
[b2_qmix_atten] 318,261/1,000,000  83.2/s  upd=6648  L=0.0432  D=4.933
[b2_qmix_atten] 319,331/1,000,000  83.2/s  upd=6672  L=0.0486  D=4.933
[b2_qmix_atten] 320,045/1,000,000  83.2/s  upd=6688  L=0.0443  ev=7/100  D=4.933
[b2_qmix_atten] 320,045/1,000,000  83.0/s  upd=6688  L=0.0443  ev=48/100  D=4.933
[b2_qmix_atten] 320,045/1,000,000  82.7/s  upd=6688  L=0.0443  ev=84/100  D=4.933
E:\Code\Open_Score\Open-SCORE\open_score\eval\report.py:476: UserWarning: No artists with labels found to put in legend.  Note that artists whose label start with an underscore are ignored when legend() is called with no argument.
  axis.legend(fontsize=8)
[b2_qmix_atten] 320,441/1,000,000  82.6/s  upd=6696  L=0.0429  D=4.949
[b2_qmix_atten] 321,652/1,000,000  82.7/s  upd=6720  L=0.0388  D=4.949
[b2_qmix_atten] 322,750/1,000,000  82.8/s  upd=6744  L=0.0396  D=4.949
[b2_qmix_atten] 323,870/1,000,000  82.8/s  upd=6768  L=0.0394  D=4.949
[b2_qmix_atten] 324,920/1,000,000  82.9/s  upd=6792  L=0.0450  D=4.949
[b2_qmix_atten] 325,907/1,000,000  82.9/s  upd=6816  L=0.0472  D=4.949
[b2_qmix_atten] 326,981/1,000,000  82.9/s  upd=6840  L=0.0374  D=4.949
E:\Code\Open_Score\Open-SCORE\open_score\eval\report.py:476: UserWarning: No artists with labels found to put in legend.  Note that artists whose label start with an underscore are ignored when legend() is called with no argument.
  axis.legend(fontsize=8)
[b2_qmix_atten] 327,747/1,000,000  82.9/s  upd=6856  L=0.0373  D=4.949
[b2_qmix_atten] 328,594/1,000,000  82.9/s  upd=6872  L=0.0526  D=4.949
[b2_qmix_atten] 329,779/1,000,000  83.0/s  upd=6896  L=0.0395  D=4.949
[b2_qmix_atten] 331,333/1,000,000  83.1/s  upd=6928  L=0.0556  D=4.949
[b2_qmix_atten] 332,784/1,000,000  83.3/s  upd=6960  L=0.0394  D=4.949
[b2_qmix_atten] 334,058/1,000,000  83.4/s  upd=6984  L=0.0509  D=4.949
[b2_qmix_atten] 335,075/1,000,000  83.4/s  upd=7008  L=0.0548  D=4.949
[b2_qmix_atten] 335,918/1,000,000  83.4/s  upd=7024  L=0.0399  D=4.949
[b2_qmix_atten] 337,096/1,000,000  83.5/s  upd=7048  L=0.0452  D=4.949
[b2_qmix_atten] 338,207/1,000,000  83.5/s  upd=7072  L=0.0419  D=4.949
[b2_qmix_atten] 339,449/1,000,000  83.6/s  upd=7096  L=0.0446  D=4.949
[b2_qmix_atten] 340,189/1,000,000  83.6/s  upd=7112  L=0.0353  ev=7/100  D=4.949
[b2_qmix_atten] 340,189/1,000,000  83.4/s  upd=7112  L=0.0353  ev=38/100  D=4.949
[b2_qmix_atten] 340,189/1,000,000  83.2/s  upd=7112  L=0.0353  ev=64/100  D=4.949
[b2_qmix_atten] 340,189/1,000,000  83.0/s  upd=7112  L=0.0353  ev=98/100  D=4.949
E:\Code\Open_Score\Open-SCORE\open_score\eval\report.py:476: UserWarning: No artists with labels found to put in legend.  Note that artists whose label start with an underscore are ignored when legend() is called with no argument.
  axis.legend(fontsize=8)
[b2_qmix_atten] 341,077/1,000,000  83.0/s  upd=7128  L=0.0455  D=4.971
[b2_qmix_atten] 342,182/1,000,000  83.0/s  upd=7152  L=0.0405  D=4.971
[b2_qmix_atten] 343,338/1,000,000  83.0/s  upd=7176  L=0.0382  D=4.971
[b2_qmix_atten] 344,481/1,000,000  83.1/s  upd=7200  L=0.0453  D=4.971
[b2_qmix_atten] 345,245/1,000,000  83.1/s  upd=7216  L=0.0431  D=4.971
[b2_qmix_atten] 346,418/1,000,000  83.1/s  upd=7240  L=0.0459  D=4.971
[b2_qmix_atten] 347,540/1,000,000  83.2/s  upd=7264  L=0.0607  D=4.971
[b2_qmix_atten] 348,727/1,000,000  83.2/s  upd=7288  L=0.0539  D=4.971
[b2_qmix_atten] 349,941/1,000,000  83.3/s  upd=7312  L=0.0468  D=4.971
[b2_qmix_atten] 351,112/1,000,000  83.3/s  upd=7336  L=0.0513  D=4.971
[b2_qmix_atten] 351,854/1,000,000  83.3/s  upd=7352  L=0.0420  D=4.971
[b2_qmix_atten] 353,077/1,000,000  83.4/s  upd=7376  L=0.0472  D=4.971
[b2_qmix_atten] 354,165/1,000,000  83.4/s  upd=7400  L=0.0393  D=4.971
E:\Code\Open_Score\Open-SCORE\open_score\eval\report.py:476: UserWarning: No artists with labels found to put in legend.  Note that artists whose label start with an underscore are ignored when legend() is called with no argument.
  axis.legend(fontsize=8)
[b2_qmix_atten] 354,937/1,000,000  83.4/s  upd=7416  L=0.0451  D=4.971
[b2_qmix_atten] 356,015/1,000,000  83.4/s  upd=7440  L=0.0509  D=4.971
[b2_qmix_atten] 357,127/1,000,000  83.5/s  upd=7464  L=0.0386  D=4.971
[b2_qmix_atten] 358,632/1,000,000  83.6/s  upd=7496  L=0.0375  D=4.971
[b2_qmix_atten] 359,731/1,000,000  83.7/s  upd=7520  L=0.0522  D=4.971
[b2_qmix_atten] 360,179/1,000,000  83.6/s  upd=7528  L=0.0493  ev=16/100  D=4.971
[b2_qmix_atten] 360,179/1,000,000  83.4/s  upd=7528  L=0.0493  ev=49/100  D=4.971
[b2_qmix_atten] 360,179/1,000,000  83.2/s  upd=7528  L=0.0493  ev=80/100  D=4.971
E:\Code\Open_Score\Open-SCORE\open_score\eval\report.py:476: UserWarning: No artists with labels found to put in legend.  Note that artists whose label start with an underscore are ignored when legend() is called with no argument.
  axis.legend(fontsize=8)
[b2_qmix_atten] 360,561/1,000,000  83.1/s  upd=7536  L=0.0447  D=4.817
[b2_qmix_atten] 361,328/1,000,000  83.0/s  upd=7552  L=0.0354  D=4.817
[b2_qmix_atten] 362,839/1,000,000  83.2/s  upd=7584  L=0.0434  D=4.817
[b2_qmix_atten] 364,040/1,000,000  83.2/s  upd=7608  L=0.0446  D=4.817
[b2_qmix_atten] 365,185/1,000,000  83.2/s  upd=7632  L=0.0392  D=4.817
[b2_qmix_atten] 366,321/1,000,000  83.3/s  upd=7656  L=0.0386  D=4.817
[b2_qmix_atten] 367,385/1,000,000  83.3/s  upd=7680  L=0.0451  D=4.817
[b2_qmix_atten] 368,104/1,000,000  83.3/s  upd=7696  L=0.0428  D=4.817
[b2_qmix_atten] 369,209/1,000,000  83.4/s  upd=7720  L=0.0514  D=4.817
[b2_qmix_atten] 370,346/1,000,000  83.4/s  upd=7744  L=0.0583  D=4.817
[b2_qmix_atten] 371,529/1,000,000  83.4/s  upd=7768  L=0.0511  D=4.817
[b2_qmix_atten] 372,640/1,000,000  83.5/s  upd=7792  L=0.0345  D=4.817
[b2_qmix_atten] 373,698/1,000,000  83.5/s  upd=7816  L=0.0403  D=4.817
[b2_qmix_atten] 374,792/1,000,000  83.5/s  upd=7840  L=0.0460  D=4.817
[b2_qmix_atten] 375,965/1,000,000  83.6/s  upd=7864  L=0.0417  D=4.817
[b2_qmix_atten] 377,107/1,000,000  83.6/s  upd=7888  L=0.0418  D=4.817
[b2_qmix_atten] 377,972/1,000,000  83.6/s  upd=7904  L=0.0486  D=4.817
[b2_qmix_atten] 379,043/1,000,000  83.7/s  upd=7928  L=0.0368  D=4.817
[b2_qmix_atten] 380,223/1,000,000  83.7/s  upd=7952  L=0.0387  ev=0/100  D=4.817
[b2_qmix_atten] 380,223/1,000,000  83.5/s  upd=7952  L=0.0387  ev=40/100  D=4.817
[b2_qmix_atten] 380,223/1,000,000  83.3/s  upd=7952  L=0.0387  ev=96/100  D=4.817
E:\Code\Open_Score\Open-SCORE\open_score\eval\report.py:476: UserWarning: No artists with labels found to put in legend.  Note that artists whose label start with an underscore are ignored when legend() is called with no argument.
  axis.legend(fontsize=8)
E:\Code\Open_Score\Open-SCORE\open_score\eval\report.py:476: UserWarning: No artists with labels found to put in legend.  Note that artists whose label start with an underscore are ignored when legend() is called with no argument.
  axis.legend(fontsize=8)
[b2_qmix_atten] 380,962/1,000,000  83.3/s  upd=7968  L=0.0500  D=4.860
[b2_qmix_atten] 382,095/1,000,000  83.4/s  upd=7992  L=0.0445  D=4.860
[b2_qmix_atten] 383,270/1,000,000  83.4/s  upd=8016  L=0.0586  D=4.860
[b2_qmix_atten] 384,418/1,000,000  83.4/s  upd=8040  L=0.0495  D=4.860
[b2_qmix_atten] 385,501/1,000,000  83.5/s  upd=8064  L=0.0395  D=4.860
[b2_qmix_atten] 386,300/1,000,000  83.5/s  upd=8080  L=0.0385  D=4.860
[b2_qmix_atten] 387,430/1,000,000  83.5/s  upd=8104  L=0.0488  D=4.860
[b2_qmix_atten] 388,488/1,000,000  83.6/s  upd=8128  L=0.0488  D=4.860
[b2_qmix_atten] 389,572/1,000,000  83.6/s  upd=8152  L=0.0514  D=4.860
[b2_qmix_atten] 390,652/1,000,000  83.6/s  upd=8176  L=0.0340  D=4.860
[b2_qmix_atten] 391,779/1,000,000  83.7/s  upd=8200  L=0.0499  D=4.860
[b2_qmix_atten] 393,001/1,000,000  83.8/s  upd=8224  L=0.0586  D=4.860
[b2_qmix_atten] 394,091/1,000,000  83.8/s  upd=8248  L=0.0467  D=4.860
[b2_qmix_atten] 395,188/1,000,000  83.8/s  upd=8272  L=0.0408  D=4.860
[b2_qmix_atten] 396,351/1,000,000  83.9/s  upd=8296  L=0.0441  D=4.860
[b2_qmix_atten] 397,525/1,000,000  83.9/s  upd=8320  L=0.0457  D=4.860
[b2_qmix_atten] 398,693/1,000,000  84.0/s  upd=8344  L=0.0416  D=4.860
[b2_qmix_atten] 399,705/1,000,000  84.0/s  upd=8368  L=0.0504  D=4.860
[b2_qmix_atten] 400,073/1,000,000  83.9/s  upd=8376  L=0.0475  ev=16/100  D=4.860
[b2_qmix_atten] 400,073/1,000,000  83.7/s  upd=8376  L=0.0475  ev=48/100  D=4.860
[b2_qmix_atten] 400,073/1,000,000  83.5/s  upd=8376  L=0.0475  ev=80/100  D=4.860
E:\Code\Open_Score\Open-SCORE\open_score\eval\report.py:476: UserWarning: No artists with labels found to put in legend.  Note that artists whose label start with an underscore are ignored when legend() is called with no argument.
  axis.legend(fontsize=8)
[b2_qmix_atten] 400,470/1,000,000  83.4/s  upd=8384  L=0.0442  D=4.903
[b2_qmix_atten] 401,665/1,000,000  83.5/s  upd=8408  L=0.0413  D=4.903
[b2_qmix_atten] 402,806/1,000,000  83.5/s  upd=8432  L=0.0364  D=4.903
[b2_qmix_atten] 403,911/1,000,000  83.5/s  upd=8456  L=0.0341  D=4.903
[b2_qmix_atten] 405,026/1,000,000  83.6/s  upd=8480  L=0.0439  D=4.903
[b2_qmix_atten] 406,612/1,000,000  83.7/s  upd=8512  L=0.0384  D=4.903
[b2_qmix_atten] 408,151/1,000,000  83.8/s  upd=8544  L=0.0405  D=4.903
E:\Code\Open_Score\Open-SCORE\open_score\eval\report.py:476: UserWarning: No artists with labels found to put in legend.  Note that artists whose label start with an underscore are ignored when legend() is called with no argument.
  axis.legend(fontsize=8)
[b2_qmix_atten] 408,874/1,000,000  83.8/s  upd=8560  L=0.0416  D=4.903
[b2_qmix_atten] 410,055/1,000,000  83.9/s  upd=8584  L=0.0365  D=4.903
[b2_qmix_atten] 411,238/1,000,000  83.9/s  upd=8608  L=0.0512  D=4.903
[b2_qmix_atten] 412,357/1,000,000  83.9/s  upd=8632  L=0.0501  D=4.903
[b2_qmix_atten] 413,460/1,000,000  84.0/s  upd=8656  L=0.0424  D=4.903
[b2_qmix_atten] 414,631/1,000,000  84.0/s  upd=8680  L=0.0369  D=4.903
[b2_qmix_atten] 415,463/1,000,000  84.0/s  upd=8696  L=0.0402  D=4.903
[b2_qmix_atten] 416,517/1,000,000  84.0/s  upd=8720  L=0.0601  D=4.903
[b2_qmix_atten] 417,735/1,000,000  84.1/s  upd=8744  L=0.0402  D=4.903
[b2_qmix_atten] 418,901/1,000,000  84.1/s  upd=8768  L=0.0492  D=4.903
[b2_qmix_atten] 420,117/1,000,000  84.2/s  upd=8792  L=0.0568  ev=0/100  D=4.903
[b2_qmix_atten] 420,117/1,000,000  84.0/s  upd=8792  L=0.0568  ev=35/100  D=4.903
[b2_qmix_atten] 420,117/1,000,000  83.8/s  upd=8792  L=0.0568  ev=72/100  D=4.903
E:\Code\Open_Score\Open-SCORE\open_score\eval\report.py:476: UserWarning: No artists with labels found to put in legend.  Note that artists whose label start with an underscore are ignored when legend() is called with no argument.
  axis.legend(fontsize=8)
[b2_qmix_atten] 420,117/1,000,000  83.6/s  upd=8792  L=0.0568  D=5.127
[b2_qmix_atten] 421,259/1,000,000  83.7/s  upd=8816  L=0.0444  D=5.127
[b2_qmix_atten] 422,362/1,000,000  83.7/s  upd=8840  L=0.0465  D=5.127
[b2_qmix_atten] 423,528/1,000,000  83.7/s  upd=8864  L=0.0500  D=5.127
[b2_qmix_atten] 424,658/1,000,000  83.8/s  upd=8888  L=0.0447  D=5.127
[b2_qmix_atten] 425,724/1,000,000  83.8/s  upd=8912  L=0.0226  D=5.127
[b2_qmix_atten] 426,853/1,000,000  83.8/s  upd=8936  L=0.0565  D=5.127
[b2_qmix_atten] 427,760/1,000,000  83.9/s  upd=8952  L=0.0484  D=5.127
[b2_qmix_atten] 428,902/1,000,000  83.9/s  upd=8976  L=0.0390  D=5.127
[b2_qmix_atten] 430,090/1,000,000  83.9/s  upd=9000  L=0.0509  D=5.127
[b2_qmix_atten] 431,266/1,000,000  84.0/s  upd=9024  L=0.0393  D=5.127
[b2_qmix_atten] 432,673/1,000,000  84.1/s  upd=9056  L=0.0375  D=5.127
[b2_qmix_atten] 433,781/1,000,000  84.2/s  upd=9080  L=0.0415  D=5.127
[b2_qmix_atten] 434,956/1,000,000  84.2/s  upd=9104  L=0.0458  D=5.127
E:\Code\Open_Score\Open-SCORE\open_score\eval\report.py:476: UserWarning: No artists with labels found to put in legend.  Note that artists whose label start with an underscore are ignored when legend() is called with no argument.
  axis.legend(fontsize=8)
[b2_qmix_atten] 436,047/1,000,000  84.2/s  upd=9128  L=0.0413  D=5.127
[b2_qmix_atten] 437,165/1,000,000  84.3/s  upd=9152  L=0.0598  D=5.127
[b2_qmix_atten] 438,211/1,000,000  84.3/s  upd=9176  L=0.0483  D=5.127
[b2_qmix_atten] 439,337/1,000,000  84.3/s  upd=9200  L=0.0465  D=5.127
[b2_qmix_atten] 440,007/1,000,000  84.3/s  upd=9216  L=0.0618  ev=8/100  D=5.127
[b2_qmix_atten] 440,007/1,000,000  84.1/s  upd=9216  L=0.0618  ev=42/100  D=5.127
[b2_qmix_atten] 440,007/1,000,000  83.9/s  upd=9216  L=0.0618  ev=80/100  D=5.127
E:\Code\Open_Score\Open-SCORE\open_score\eval\report.py:476: UserWarning: No artists with labels found to put in legend.  Note that artists whose label start with an underscore are ignored when legend() is called with no argument.
  axis.legend(fontsize=8)
[b2_qmix_atten] 440,462/1,000,000  83.8/s  upd=9224  L=0.0667  D=4.884
[b2_qmix_atten] 441,597/1,000,000  83.9/s  upd=9248  L=0.0368  D=4.884
[b2_qmix_atten] 442,772/1,000,000  83.9/s  upd=9272  L=0.0388  D=4.884
[b2_qmix_atten] 443,840/1,000,000  83.9/s  upd=9296  L=0.0420  D=4.884
[b2_qmix_atten] 444,895/1,000,000  84.0/s  upd=9320  L=0.0446  D=4.884
[b2_qmix_atten] 445,683/1,000,000  84.0/s  upd=9336  L=0.0377  D=4.884
[b2_qmix_atten] 446,809/1,000,000  84.0/s  upd=9360  L=0.0417  D=4.884
[b2_qmix_atten] 447,936/1,000,000  84.0/s  upd=9384  L=0.0440  D=4.884
[b2_qmix_atten] 448,702/1,000,000  84.0/s  upd=9400  L=0.0454  D=4.884
[b2_qmix_atten] 449,816/1,000,000  84.1/s  upd=9424  L=0.0449  D=4.884
[b2_qmix_atten] 451,052/1,000,000  84.1/s  upd=9448  L=0.0268  D=4.884
[b2_qmix_atten] 452,201/1,000,000  84.1/s  upd=9472  L=0.0501  D=4.884
[b2_qmix_atten] 453,315/1,000,000  84.2/s  upd=9496  L=0.0473  D=4.884
[b2_qmix_atten] 454,426/1,000,000  84.2/s  upd=9520  L=0.0479  D=4.884
[b2_qmix_atten] 455,539/1,000,000  84.2/s  upd=9544  L=0.0423  D=4.884
[b2_qmix_atten] 456,690/1,000,000  84.3/s  upd=9568  L=0.0597  D=4.884
[b2_qmix_atten] 457,927/1,000,000  84.4/s  upd=9592  L=0.0588  D=4.884
[b2_qmix_atten] 459,479/1,000,000  84.5/s  upd=9624  L=0.0409  D=4.884
[b2_qmix_atten] 460,144/1,000,000  84.4/s  upd=9640  L=0.0465  ev=8/100  D=4.884
[b2_qmix_atten] 460,144/1,000,000  84.3/s  upd=9640  L=0.0465  ev=48/100  D=4.884
[b2_qmix_atten] 460,144/1,000,000  84.1/s  upd=9640  L=0.0465  ev=79/100  D=4.884
E:\Code\Open_Score\Open-SCORE\open_score\eval\report.py:476: UserWarning: No artists with labels found to put in legend.  Note that artists whose label start with an underscore are ignored when legend() is called with no argument.
  axis.legend(fontsize=8)
E:\Code\Open_Score\Open-SCORE\open_score\eval\report.py:476: UserWarning: No artists with labels found to put in legend.  Note that artists whose label start with an underscore are ignored when legend() is called with no argument.
  axis.legend(fontsize=8)
[b2_qmix_atten] 460,144/1,000,000  84.0/s  upd=9640  L=0.0465  D=4.897
[b2_qmix_atten] 460,973/1,000,000  84.0/s  upd=9656  L=0.0502  D=4.897
[b2_qmix_atten] 462,181/1,000,000  84.0/s  upd=9680  L=0.0472  D=4.897
[b2_qmix_atten] 462,972/1,000,000  84.0/s  upd=9696  L=0.0295  D=4.897
[b2_qmix_atten] 464,244/1,000,000  84.1/s  upd=9720  L=0.0351  D=4.897
[b2_qmix_atten] 465,052/1,000,000  84.1/s  upd=9736  L=0.0615  D=4.897
[b2_qmix_atten] 466,263/1,000,000  84.1/s  upd=9760  L=0.0376  D=4.897
[b2_qmix_atten] 467,273/1,000,000  84.1/s  upd=9784  L=0.0546  D=4.897
[b2_qmix_atten] 468,425/1,000,000  84.2/s  upd=9808  L=0.0480  D=4.897
[b2_qmix_atten] 469,672/1,000,000  84.2/s  upd=9832  L=0.0645  D=4.897
[b2_qmix_atten] 470,907/1,000,000  84.3/s  upd=9856  L=0.0284  D=4.897
[b2_qmix_atten] 472,005/1,000,000  84.3/s  upd=9880  L=0.0419  D=4.897
[b2_qmix_atten] 473,057/1,000,000  84.3/s  upd=9904  L=0.0500  D=4.897
[b2_qmix_atten] 474,113/1,000,000  84.3/s  upd=9928  L=0.0434  D=4.897
[b2_qmix_atten] 475,159/1,000,000  84.4/s  upd=9952  L=0.0373  D=4.897
[b2_qmix_atten] 475,993/1,000,000  84.4/s  upd=9968  L=0.0466  D=4.897
[b2_qmix_atten] 477,171/1,000,000  84.4/s  upd=9992  L=0.0288  D=4.897
[b2_qmix_atten] 477,976/1,000,000  84.4/s  upd=10008  L=0.0317  D=4.897
[b2_qmix_atten] 479,123/1,000,000  84.4/s  upd=10032  L=0.0480  D=4.897
[b2_qmix_atten] 480,195/1,000,000  84.4/s  upd=10056  L=0.0436  ev=0/100  D=4.897
[b2_qmix_atten] 480,195/1,000,000  84.3/s  upd=10056  L=0.0436  ev=32/100  D=4.897
[b2_qmix_atten] 480,195/1,000,000  84.1/s  upd=10056  L=0.0436  ev=72/100  D=4.897
E:\Code\Open_Score\Open-SCORE\open_score\eval\report.py:476: UserWarning: No artists with labels found to put in legend.  Note that artists whose label start with an underscore are ignored when legend() is called with no argument.
  axis.legend(fontsize=8)
[b2_qmix_atten] 480,653/1,000,000  84.1/s  upd=10064  L=0.0417  D=4.595
[b2_qmix_atten] 481,995/1,000,000  84.1/s  upd=10096  L=0.0530  D=4.595
[b2_qmix_atten] 483,172/1,000,000  84.1/s  upd=10120  L=0.0487  D=4.595
[b2_qmix_atten] 484,319/1,000,000  84.2/s  upd=10144  L=0.0487  D=4.595
[b2_qmix_atten] 485,456/1,000,000  84.2/s  upd=10168  L=0.0316  D=4.595
[b2_qmix_atten] 486,544/1,000,000  84.2/s  upd=10192  L=0.0608  D=4.595
E:\Code\Open_Score\Open-SCORE\open_score\eval\report.py:476: UserWarning: No artists with labels found to put in legend.  Note that artists whose label start with an underscore are ignored when legend() is called with no argument.
  axis.legend(fontsize=8)
[b2_qmix_atten] 487,292/1,000,000  84.2/s  upd=10208  L=0.0341  D=4.595
[b2_qmix_atten] 488,474/1,000,000  84.3/s  upd=10232  L=0.0531  D=4.595
[b2_qmix_atten] 489,522/1,000,000  84.3/s  upd=10256  L=0.0416  D=4.595
[b2_qmix_atten] 490,769/1,000,000  84.3/s  upd=10280  L=0.0476  D=4.595
[b2_qmix_atten] 491,539/1,000,000  84.3/s  upd=10296  L=0.0333  D=4.595
[b2_qmix_atten] 492,766/1,000,000  84.3/s  upd=10320  L=0.0450  D=4.595
[b2_qmix_atten] 493,575/1,000,000  84.3/s  upd=10336  L=0.0462  D=4.595
[b2_qmix_atten] 494,808/1,000,000  84.4/s  upd=10360  L=0.0523  D=4.595
[b2_qmix_atten] 495,926/1,000,000  84.4/s  upd=10384  L=0.0295  D=4.595
[b2_qmix_atten] 496,942/1,000,000  84.4/s  upd=10408  L=0.0315  D=4.595
[b2_qmix_atten] 498,085/1,000,000  84.5/s  upd=10432  L=0.0481  D=4.595
[b2_qmix_atten] 499,205/1,000,000  84.5/s  upd=10456  L=0.0427  D=4.595
[b2_qmix_atten] 500,302/1,000,000  84.5/s  upd=10480  L=0.0487  ev=0/100  D=4.595
[b2_qmix_atten] 500,302/1,000,000  84.3/s  upd=10480  L=0.0487  ev=37/100  D=4.595
[b2_qmix_atten] 500,302/1,000,000  84.2/s  upd=10480  L=0.0487  ev=71/100  D=4.595
E:\Code\Open_Score\Open-SCORE\open_score\eval\report.py:476: UserWarning: No artists with labels found to put in legend.  Note that artists whose label start with an underscore are ignored when legend() is called with no argument.
  axis.legend(fontsize=8)
[b2_qmix_atten] 500,302/1,000,000  84.0/s  upd=10480  L=0.0487  D=4.878
[b2_qmix_atten] 501,354/1,000,000  84.0/s  upd=10504  L=0.0490  D=4.878
[b2_qmix_atten] 502,525/1,000,000  84.1/s  upd=10528  L=0.0432  D=4.878
[b2_qmix_atten] 503,627/1,000,000  84.1/s  upd=10552  L=0.0475  D=4.878
[b2_qmix_atten] 504,724/1,000,000  84.1/s  upd=10576  L=0.0646  D=4.878
[b2_qmix_atten] 505,748/1,000,000  84.1/s  upd=10600  L=0.0554  D=4.878
[b2_qmix_atten] 506,903/1,000,000  84.2/s  upd=10624  L=0.0603  D=4.878
[b2_qmix_atten] 508,155/1,000,000  84.3/s  upd=10648  L=0.0435  D=4.878
[b2_qmix_atten] 509,283/1,000,000  84.3/s  upd=10672  L=0.0346  D=4.878
[b2_qmix_atten] 510,352/1,000,000  84.3/s  upd=10696  L=0.0434  D=4.878
[b2_qmix_atten] 511,453/1,000,000  84.3/s  upd=10720  L=0.0536  D=4.878
[b2_qmix_atten] 512,605/1,000,000  84.4/s  upd=10744  L=0.0438  D=4.878
E:\Code\Open_Score\Open-SCORE\open_score\eval\report.py:476: UserWarning: No artists with labels found to put in legend.  Note that artists whose label start with an underscore are ignored when legend() is called with no argument.
  axis.legend(fontsize=8)
[b2_qmix_atten] 513,280/1,000,000  84.3/s  upd=10760  L=0.0633  D=4.878
[b2_qmix_atten] 514,439/1,000,000  84.4/s  upd=10784  L=0.0473  D=4.878
[b2_qmix_atten] 515,575/1,000,000  84.4/s  upd=10808  L=0.0398  D=4.878
[b2_qmix_atten] 516,703/1,000,000  84.4/s  upd=10832  L=0.0489  D=4.878
[b2_qmix_atten] 517,867/1,000,000  84.5/s  upd=10856  L=0.0426  D=4.878
[b2_qmix_atten] 518,920/1,000,000  84.5/s  upd=10880  L=0.0493  D=4.878
[b2_qmix_atten] 520,087/1,000,000  84.5/s  upd=10904  L=0.0524  ev=0/100  D=4.878
[b2_qmix_atten] 520,087/1,000,000  84.4/s  upd=10904  L=0.0524  ev=40/100  D=4.878
[b2_qmix_atten] 520,087/1,000,000  84.2/s  upd=10904  L=0.0524  ev=80/100  D=4.878
E:\Code\Open_Score\Open-SCORE\open_score\eval\report.py:476: UserWarning: No artists with labels found to put in legend.  Note that artists whose label start with an underscore are ignored when legend() is called with no argument.
  axis.legend(fontsize=8)
[b2_qmix_atten] 520,454/1,000,000  84.2/s  upd=10912  L=0.0383  D=5.080
[b2_qmix_atten] 521,572/1,000,000  84.2/s  upd=10936  L=0.0450  D=5.080
[b2_qmix_atten] 522,616/1,000,000  84.2/s  upd=10960  L=0.0536  D=5.080
[b2_qmix_atten] 523,812/1,000,000  84.2/s  upd=10984  L=0.0422  D=5.080
[b2_qmix_atten] 524,856/1,000,000  84.3/s  upd=11008  L=0.0360  D=5.080
[b2_qmix_atten] 526,001/1,000,000  84.3/s  upd=11032  L=0.0428  D=5.080
[b2_qmix_atten] 527,193/1,000,000  84.3/s  upd=11056  L=0.0347  D=5.080
[b2_qmix_atten] 528,223/1,000,000  84.3/s  upd=11080  L=0.0439  D=5.080
[b2_qmix_atten] 529,131/1,000,000  84.3/s  upd=11096  L=0.0406  D=5.080
[b2_qmix_atten] 530,262/1,000,000  84.4/s  upd=11120  L=0.0478  D=5.080
[b2_qmix_atten] 531,387/1,000,000  84.4/s  upd=11144  L=0.0420  D=5.080
[b2_qmix_atten] 532,406/1,000,000  84.4/s  upd=11168  L=0.0443  D=5.080
[b2_qmix_atten] 533,517/1,000,000  84.5/s  upd=11192  L=0.0467  D=5.080
[b2_qmix_atten] 534,641/1,000,000  84.5/s  upd=11216  L=0.0716  D=5.080
[b2_qmix_atten] 536,093/1,000,000  84.6/s  upd=11248  L=0.0385  D=5.080
[b2_qmix_atten] 537,241/1,000,000  84.7/s  upd=11272  L=0.0439  D=5.080
[b2_qmix_atten] 538,323/1,000,000  84.7/s  upd=11296  L=0.0649  D=5.080
[b2_qmix_atten] 539,430/1,000,000  84.7/s  upd=11320  L=0.0371  D=5.080
[b2_qmix_atten] 540,141/1,000,000  84.7/s  upd=11336  L=0.0601  ev=7/100  D=5.080
[b2_qmix_atten] 540,141/1,000,000  84.5/s  upd=11336  L=0.0601  ev=40/100  D=5.080
[b2_qmix_atten] 540,141/1,000,000  84.4/s  upd=11336  L=0.0601  ev=73/100  D=5.080
E:\Code\Open_Score\Open-SCORE\open_score\eval\report.py:476: UserWarning: No artists with labels found to put in legend.  Note that artists whose label start with an underscore are ignored when legend() is called with no argument.
  axis.legend(fontsize=8)
E:\Code\Open_Score\Open-SCORE\open_score\eval\report.py:476: UserWarning: No artists with labels found to put in legend.  Note that artists whose label start with an underscore are ignored when legend() is called with no argument.
  axis.legend(fontsize=8)
[b2_qmix_atten] 540,141/1,000,000  84.3/s  upd=11336  L=0.0601  D=4.711
[b2_qmix_atten] 541,220/1,000,000  84.3/s  upd=11360  L=0.0470  D=4.711
[b2_qmix_atten] 542,433/1,000,000  84.3/s  upd=11384  L=0.0432  D=4.711
[b2_qmix_atten] 543,518/1,000,000  84.3/s  upd=11408  L=0.0422  D=4.711
[b2_qmix_atten] 544,693/1,000,000  84.4/s  upd=11432  L=0.0387  D=4.711
[b2_qmix_atten] 545,807/1,000,000  84.4/s  upd=11456  L=0.0383  D=4.711
[b2_qmix_atten] 546,987/1,000,000  84.5/s  upd=11480  L=0.0463  D=4.711
[b2_qmix_atten] 548,069/1,000,000  84.5/s  upd=11504  L=0.0526  D=4.711
[b2_qmix_atten] 549,258/1,000,000  84.5/s  upd=11528  L=0.0501  D=4.711
[b2_qmix_atten] 550,456/1,000,000  84.5/s  upd=11552  L=0.0458  D=4.711
[b2_qmix_atten] 551,201/1,000,000  84.5/s  upd=11568  L=0.0487  D=4.711
[b2_qmix_atten] 552,355/1,000,000  84.5/s  upd=11592  L=0.0512  D=4.711
[b2_qmix_atten] 553,541/1,000,000  84.6/s  upd=11616  L=0.0358  D=4.711
[b2_qmix_atten] 554,634/1,000,000  84.6/s  upd=11640  L=0.0456  D=4.711
[b2_qmix_atten] 555,806/1,000,000  84.6/s  upd=11664  L=0.0680  D=4.711
[b2_qmix_atten] 556,969/1,000,000  84.6/s  upd=11688  L=0.0413  D=4.711
[b2_qmix_atten] 558,092/1,000,000  84.7/s  upd=11712  L=0.0314  D=4.711
[b2_qmix_atten] 559,207/1,000,000  84.7/s  upd=11736  L=0.0510  D=4.711
[b2_qmix_atten] 560,501/1,000,000  84.7/s  upd=11760  L=0.0407  ev=0/100  D=4.711
[b2_qmix_atten] 560,501/1,000,000  84.6/s  upd=11760  L=0.0407  ev=48/100  D=4.711
[b2_qmix_atten] 560,501/1,000,000  84.5/s  upd=11760  L=0.0407  ev=96/100  D=4.711
E:\Code\Open_Score\Open-SCORE\open_score\eval\report.py:476: UserWarning: No artists with labels found to put in legend.  Note that artists whose label start with an underscore are ignored when legend() is called with no argument.
  axis.legend(fontsize=8)
[b2_qmix_atten] 561,233/1,000,000  84.4/s  upd=11776  L=0.0385  D=5.271
[b2_qmix_atten] 562,360/1,000,000  84.5/s  upd=11800  L=0.0381  D=5.271
[b2_qmix_atten] 563,505/1,000,000  84.5/s  upd=11824  L=0.0627  D=5.271
[b2_qmix_atten] 564,573/1,000,000  84.5/s  upd=11848  L=0.0533  D=5.271
[b2_qmix_atten] 565,366/1,000,000  84.5/s  upd=11864  L=0.0372  D=5.271
[b2_qmix_atten] 566,478/1,000,000  84.5/s  upd=11888  L=0.0410  D=5.271
[b2_qmix_atten] 567,527/1,000,000  84.6/s  upd=11912  L=0.0474  D=5.271
E:\Code\Open_Score\Open-SCORE\open_score\eval\report.py:476: UserWarning: No artists with labels found to put in legend.  Note that artists whose label start with an underscore are ignored when legend() is called with no argument.
  axis.legend(fontsize=8)
[b2_qmix_atten] 568,205/1,000,000  84.5/s  upd=11928  L=0.0459  D=5.271
[b2_qmix_atten] 569,225/1,000,000  84.6/s  upd=11952  L=0.0534  D=5.271
[b2_qmix_atten] 570,253/1,000,000  84.6/s  upd=11976  L=0.0547  D=5.271
[b2_qmix_atten] 571,392/1,000,000  84.6/s  upd=12000  L=0.0399  D=5.271
[b2_qmix_atten] 572,171/1,000,000  84.6/s  upd=12016  L=0.0415  D=5.271
[b2_qmix_atten] 573,248/1,000,000  84.6/s  upd=12040  L=0.0421  D=5.271
[b2_qmix_atten] 574,598/1,000,000  84.7/s  upd=12064  L=0.0579  D=5.271
[b2_qmix_atten] 575,879/1,000,000  84.7/s  upd=12088  L=0.0428  D=5.271
[b2_qmix_atten] 576,671/1,000,000  84.7/s  upd=12104  L=0.0430  D=5.271
[b2_qmix_atten] 577,874/1,000,000  84.8/s  upd=12128  L=0.0360  D=5.271
[b2_qmix_atten] 579,061/1,000,000  84.8/s  upd=12152  L=0.0674  D=5.271
[b2_qmix_atten] 580,091/1,000,000  84.8/s  upd=12176  L=0.0339  ev=0/100  D=5.271
[b2_qmix_atten] 580,091/1,000,000  84.7/s  upd=12176  L=0.0339  ev=32/100  D=5.271
[b2_qmix_atten] 580,091/1,000,000  84.6/s  upd=12176  L=0.0339  ev=71/100  D=5.271
E:\Code\Open_Score\Open-SCORE\open_score\eval\report.py:476: UserWarning: No artists with labels found to put in legend.  Note that artists whose label start with an underscore are ignored when legend() is called with no argument.
  axis.legend(fontsize=8)
[b2_qmix_atten] 580,091/1,000,000  84.4/s  upd=12176  L=0.0339  D=4.554
[b2_qmix_atten] 581,224/1,000,000  84.5/s  upd=12200  L=0.0442  D=4.554
[b2_qmix_atten] 582,270/1,000,000  84.5/s  upd=12224  L=0.0478  D=4.554
[b2_qmix_atten] 583,032/1,000,000  84.5/s  upd=12240  L=0.0517  D=4.554
[b2_qmix_atten] 584,288/1,000,000  84.5/s  upd=12264  L=0.0511  D=4.554
[b2_qmix_atten] 585,730/1,000,000  84.6/s  upd=12296  L=0.0430  D=4.554
[b2_qmix_atten] 586,817/1,000,000  84.6/s  upd=12320  L=0.0451  D=4.554
[b2_qmix_atten] 587,952/1,000,000  84.7/s  upd=12344  L=0.0467  D=4.554
[b2_qmix_atten] 588,956/1,000,000  84.7/s  upd=12368  L=0.0527  D=4.554
[b2_qmix_atten] 590,047/1,000,000  84.7/s  upd=12392  L=0.0684  D=4.554
[b2_qmix_atten] 591,172/1,000,000  84.7/s  upd=12416  L=0.0472  D=4.554
[b2_qmix_atten] 592,007/1,000,000  84.7/s  upd=12432  L=0.0433  D=4.554
[b2_qmix_atten] 593,083/1,000,000  84.8/s  upd=12456  L=0.0418  D=4.554
[b2_qmix_atten] 594,257/1,000,000  84.8/s  upd=12480  L=0.0337  D=4.554
E:\Code\Open_Score\Open-SCORE\open_score\eval\report.py:476: UserWarning: No artists with labels found to put in legend.  Note that artists whose label start with an underscore are ignored when legend() is called with no argument.
  axis.legend(fontsize=8)
[b2_qmix_atten] 595,000/1,000,000  84.8/s  upd=12496  L=0.0334  D=4.554
[b2_qmix_atten] 596,181/1,000,000  84.8/s  upd=12520  L=0.0483  D=4.554
[b2_qmix_atten] 597,442/1,000,000  84.8/s  upd=12544  L=0.0430  D=4.554
[b2_qmix_atten] 598,518/1,000,000  84.9/s  upd=12568  L=0.0467  D=4.554
[b2_qmix_atten] 599,577/1,000,000  84.9/s  upd=12592  L=0.0438  D=4.554
[b2_qmix_atten] 600,321/1,000,000  84.9/s  upd=12608  L=0.0355  ev=6/100  D=4.554
[b2_qmix_atten] 600,321/1,000,000  84.7/s  upd=12608  L=0.0355  ev=40/100  D=4.554
[b2_qmix_atten] 600,321/1,000,000  84.6/s  upd=12608  L=0.0355  ev=77/100  D=4.554
E:\Code\Open_Score\Open-SCORE\open_score\eval\report.py:476: UserWarning: No artists with labels found to put in legend.  Note that artists whose label start with an underscore are ignored when legend() is called with no argument.
  axis.legend(fontsize=8)
[b2_qmix_atten] 600,321/1,000,000  84.5/s  upd=12608  L=0.0355  D=4.516
[b2_qmix_atten] 601,420/1,000,000  84.5/s  upd=12632  L=0.0529  D=4.516
[b2_qmix_atten] 602,465/1,000,000  84.5/s  upd=12656  L=0.0395  D=4.516
[b2_qmix_atten] 603,275/1,000,000  84.5/s  upd=12672  L=0.0453  D=4.516
[b2_qmix_atten] 604,426/1,000,000  84.6/s  upd=12696  L=0.0482  D=4.516
[b2_qmix_atten] 605,616/1,000,000  84.6/s  upd=12720  L=0.0657  D=4.516
[b2_qmix_atten] 606,721/1,000,000  84.6/s  upd=12744  L=0.0506  D=4.516
[b2_qmix_atten] 607,929/1,000,000  84.7/s  upd=12768  L=0.0735  D=4.516
[b2_qmix_atten] 609,011/1,000,000  84.7/s  upd=12792  L=0.0554  D=4.516
[b2_qmix_atten] 610,473/1,000,000  84.8/s  upd=12824  L=0.0489  D=4.516
[b2_qmix_atten] 611,908/1,000,000  84.8/s  upd=12856  L=0.0519  D=4.516
[b2_qmix_atten] 613,030/1,000,000  84.9/s  upd=12880  L=0.0574  D=4.516
[b2_qmix_atten] 614,113/1,000,000  84.9/s  upd=12904  L=0.0460  D=4.516
[b2_qmix_atten] 615,303/1,000,000  84.9/s  upd=12928  L=0.0409  D=4.516
[b2_qmix_atten] 616,460/1,000,000  84.9/s  upd=12952  L=0.0574  D=4.516
[b2_qmix_atten] 617,511/1,000,000  84.9/s  upd=12976  L=0.0446  D=4.516
[b2_qmix_atten] 618,687/1,000,000  84.9/s  upd=13000  L=0.0531  D=4.516
[b2_qmix_atten] 619,830/1,000,000  85.0/s  upd=13024  L=0.0631  D=4.516
[b2_qmix_atten] 620,193/1,000,000  84.9/s  upd=13032  L=0.0410  ev=15/100  D=4.516
[b2_qmix_atten] 620,193/1,000,000  84.8/s  upd=13032  L=0.0410  ev=48/100  D=4.516
[b2_qmix_atten] 620,193/1,000,000  84.7/s  upd=13032  L=0.0410  ev=80/100  D=4.516
E:\Code\Open_Score\Open-SCORE\open_score\eval\report.py:476: UserWarning: No artists with labels found to put in legend.  Note that artists whose label start with an underscore are ignored when legend() is called with no argument.
  axis.legend(fontsize=8)
E:\Code\Open_Score\Open-SCORE\open_score\eval\report.py:476: UserWarning: No artists with labels found to put in legend.  Note that artists whose label start with an underscore are ignored when legend() is called with no argument.
  axis.legend(fontsize=8)
[b2_qmix_atten] 620,532/1,000,000  84.6/s  upd=13040  L=0.0375  D=4.193
[b2_qmix_atten] 621,716/1,000,000  84.6/s  upd=13064  L=0.0423  D=4.193
[b2_qmix_atten] 622,752/1,000,000  84.6/s  upd=13088  L=0.0501  D=4.193
[b2_qmix_atten] 623,878/1,000,000  84.6/s  upd=13112  L=0.0434  D=4.193
[b2_qmix_atten] 624,929/1,000,000  84.7/s  upd=13136  L=0.0470  D=4.193
[b2_qmix_atten] 626,102/1,000,000  84.7/s  upd=13160  L=0.0555  D=4.193
[b2_qmix_atten] 627,283/1,000,000  84.7/s  upd=13184  L=0.0626  D=4.193
[b2_qmix_atten] 628,494/1,000,000  84.7/s  upd=13208  L=0.0460  D=4.193
[b2_qmix_atten] 629,590/1,000,000  84.8/s  upd=13232  L=0.0366  D=4.193
[b2_qmix_atten] 630,479/1,000,000  84.8/s  upd=13248  L=0.0401  D=4.193
[b2_qmix_atten] 631,737/1,000,000  84.8/s  upd=13272  L=0.0452  D=4.193
[b2_qmix_atten] 632,879/1,000,000  84.8/s  upd=13296  L=0.0522  D=4.193
[b2_qmix_atten] 634,056/1,000,000  84.9/s  upd=13320  L=0.0444  D=4.193
[b2_qmix_atten] 635,191/1,000,000  84.9/s  upd=13344  L=0.0466  D=4.193
[b2_qmix_atten] 636,667/1,000,000  85.0/s  upd=13376  L=0.0487  D=4.193
[b2_qmix_atten] 638,231/1,000,000  85.1/s  upd=13408  L=0.0404  D=4.193
[b2_qmix_atten] 639,260/1,000,000  85.1/s  upd=13432  L=0.0339  D=4.193
[b2_qmix_atten] 640,303/1,000,000  85.1/s  upd=13456  L=0.0495  ev=0/100  D=4.193
[b2_qmix_atten] 640,303/1,000,000  85.0/s  upd=13456  L=0.0495  ev=33/100  D=4.193
[b2_qmix_atten] 640,303/1,000,000  84.9/s  upd=13456  L=0.0495  ev=64/100  D=4.193
E:\Code\Open_Score\Open-SCORE\open_score\eval\report.py:476: UserWarning: No artists with labels found to put in legend.  Note that artists whose label start with an underscore are ignored when legend() is called with no argument.
  axis.legend(fontsize=8)
[b2_qmix_atten] 640,303/1,000,000  84.7/s  upd=13456  L=0.0495  D=5.005
[b2_qmix_atten] 641,398/1,000,000  84.8/s  upd=13480  L=0.0536  D=5.005
[b2_qmix_atten] 642,514/1,000,000  84.8/s  upd=13504  L=0.0524  D=5.005
[b2_qmix_atten] 643,683/1,000,000  84.8/s  upd=13528  L=0.0574  D=5.005
[b2_qmix_atten] 644,804/1,000,000  84.8/s  upd=13552  L=0.0456  D=5.005
[b2_qmix_atten] 645,900/1,000,000  84.9/s  upd=13576  L=0.0551  D=5.005
[b2_qmix_atten] 647,046/1,000,000  84.9/s  upd=13600  L=0.0374  D=5.005
[b2_qmix_atten] 648,257/1,000,000  84.9/s  upd=13624  L=0.0391  D=5.005
E:\Code\Open_Score\Open-SCORE\open_score\eval\report.py:476: UserWarning: No artists with labels found to put in legend.  Note that artists whose label start with an underscore are ignored when legend() is called with no argument.
  axis.legend(fontsize=8)
[b2_qmix_atten] 649,073/1,000,000  84.9/s  upd=13640  L=0.0476  D=5.005
[b2_qmix_atten] 650,184/1,000,000  84.9/s  upd=13664  L=0.0644  D=5.005
[b2_qmix_atten] 651,386/1,000,000  85.0/s  upd=13688  L=0.0407  D=5.005
[b2_qmix_atten] 652,551/1,000,000  85.0/s  upd=13712  L=0.0374  D=5.005
[b2_qmix_atten] 653,693/1,000,000  85.0/s  upd=13736  L=0.0586  D=5.005
[b2_qmix_atten] 654,936/1,000,000  85.1/s  upd=13760  L=0.0482  D=5.005
[b2_qmix_atten] 656,092/1,000,000  85.1/s  upd=13784  L=0.0474  D=5.005
[b2_qmix_atten] 657,216/1,000,000  85.1/s  upd=13808  L=0.0436  D=5.005
[b2_qmix_atten] 658,397/1,000,000  85.1/s  upd=13832  L=0.0371  D=5.005
[b2_qmix_atten] 659,731/1,000,000  85.2/s  upd=13856  L=0.0606  D=5.005
[b2_qmix_atten] 660,146/1,000,000  85.1/s  upd=13864  L=0.0472  ev=16/100  D=5.005
[b2_qmix_atten] 660,146/1,000,000  85.0/s  upd=13864  L=0.0472  ev=64/100  D=5.005
E:\Code\Open_Score\Open-SCORE\open_score\eval\report.py:476: UserWarning: No artists with labels found to put in legend.  Note that artists whose label start with an underscore are ignored when legend() is called with no argument.
  axis.legend(fontsize=8)
[b2_qmix_atten] 660,146/1,000,000  84.9/s  upd=13864  L=0.0472  D=4.277
[b2_qmix_atten] 661,342/1,000,000  84.9/s  upd=13888  L=0.0342  D=4.277
[b2_qmix_atten] 662,439/1,000,000  84.9/s  upd=13912  L=0.0307  D=4.277
[b2_qmix_atten] 663,445/1,000,000  84.9/s  upd=13936  L=0.0369  D=4.277
[b2_qmix_atten] 664,652/1,000,000  85.0/s  upd=13960  L=0.0586  D=4.277
[b2_qmix_atten] 665,690/1,000,000  85.0/s  upd=13984  L=0.0512  D=4.277
[b2_qmix_atten] 666,815/1,000,000  85.0/s  upd=14008  L=0.0600  D=4.277
[b2_qmix_atten] 667,872/1,000,000  85.1/s  upd=14032  L=0.0430  D=4.277
[b2_qmix_atten] 669,062/1,000,000  85.1/s  upd=14056  L=0.0472  D=4.277
[b2_qmix_atten] 670,208/1,000,000  85.1/s  upd=14080  L=0.0456  D=4.277
[b2_qmix_atten] 670,992/1,000,000  85.1/s  upd=14096  L=0.0405  D=4.277
[b2_qmix_atten] 672,193/1,000,000  85.1/s  upd=14120  L=0.0485  D=4.277
[b2_qmix_atten] 673,371/1,000,000  85.2/s  upd=14144  L=0.0485  D=4.277
[b2_qmix_atten] 674,623/1,000,000  85.2/s  upd=14168  L=0.0417  D=4.277
[b2_qmix_atten] 675,756/1,000,000  85.2/s  upd=14192  L=0.0518  D=4.277
E:\Code\Open_Score\Open-SCORE\open_score\eval\report.py:476: UserWarning: No artists with labels found to put in legend.  Note that artists whose label start with an underscore are ignored when legend() is called with no argument.
  axis.legend(fontsize=8)
[b2_qmix_atten] 676,455/1,000,000  85.2/s  upd=14208  L=0.0474  D=4.277
[b2_qmix_atten] 677,516/1,000,000  85.2/s  upd=14232  L=0.0368  D=4.277
[b2_qmix_atten] 678,684/1,000,000  85.3/s  upd=14256  L=0.0400  D=4.277
[b2_qmix_atten] 679,862/1,000,000  85.3/s  upd=14280  L=0.0455  D=4.277
[b2_qmix_atten] 680,244/1,000,000  85.2/s  upd=14288  L=0.0378  ev=16/100  D=4.277
[b2_qmix_atten] 680,244/1,000,000  85.1/s  upd=14288  L=0.0378  ev=56/100  D=4.277
E:\Code\Open_Score\Open-SCORE\open_score\eval\report.py:476: UserWarning: No artists with labels found to put in legend.  Note that artists whose label start with an underscore are ignored when legend() is called with no argument.
  axis.legend(fontsize=8)
[b2_qmix_atten] 680,244/1,000,000  85.0/s  upd=14288  L=0.0378  D=4.736
[b2_qmix_atten] 681,337/1,000,000  85.0/s  upd=14312  L=0.0498  D=4.736
[b2_qmix_atten] 682,463/1,000,000  85.1/s  upd=14336  L=0.0475  D=4.736
[b2_qmix_atten] 683,712/1,000,000  85.1/s  upd=14360  L=0.0417  D=4.736
[b2_qmix_atten] 684,928/1,000,000  85.1/s  upd=14384  L=0.0494  D=4.736
[b2_qmix_atten] 686,532/1,000,000  85.2/s  upd=14416  L=0.0413  D=4.736
[b2_qmix_atten] 687,792/1,000,000  85.3/s  upd=14440  L=0.0399  D=4.736
[b2_qmix_atten] 688,784/1,000,000  85.3/s  upd=14464  L=0.0518  D=4.736
[b2_qmix_atten] 689,955/1,000,000  85.3/s  upd=14488  L=0.0705  D=4.736
[b2_qmix_atten] 691,135/1,000,000  85.3/s  upd=14512  L=0.0465  D=4.736
[b2_qmix_atten] 692,348/1,000,000  85.4/s  upd=14536  L=0.0604  D=4.736
[b2_qmix_atten] 693,525/1,000,000  85.4/s  upd=14560  L=0.0466  D=4.736
[b2_qmix_atten] 694,627/1,000,000  85.4/s  upd=14584  L=0.0458  D=4.736
[b2_qmix_atten] 695,803/1,000,000  85.4/s  upd=14608  L=0.0435  D=4.736
[b2_qmix_atten] 696,886/1,000,000  85.4/s  upd=14632  L=0.0705  D=4.736
[b2_qmix_atten] 697,977/1,000,000  85.5/s  upd=14656  L=0.0439  D=4.736
[b2_qmix_atten] 699,072/1,000,000  85.5/s  upd=14680  L=0.0509  D=4.736
[b2_qmix_atten] 700,239/1,000,000  85.5/s  upd=14704  L=0.0536  ev=0/100  D=4.736
[b2_qmix_atten] 700,239/1,000,000  85.4/s  upd=14704  L=0.0536  ev=38/100  D=4.736
[b2_qmix_atten] 700,239/1,000,000  85.3/s  upd=14704  L=0.0536  ev=78/100  D=4.736
E:\Code\Open_Score\Open-SCORE\open_score\eval\report.py:476: UserWarning: No artists with labels found to put in legend.  Note that artists whose label start with an underscore are ignored when legend() is called with no argument.
  axis.legend(fontsize=8)
[b2_qmix_atten] 700,239/1,000,000  85.2/s  upd=14704  L=0.0536  D=4.354
[b2_qmix_atten] 701,505/1,000,000  85.2/s  upd=14728  L=0.0413  D=4.354
[b2_qmix_atten] 702,598/1,000,000  85.3/s  upd=14752  L=0.0429  D=4.354
E:\Code\Open_Score\Open-SCORE\open_score\eval\report.py:476: UserWarning: No artists with labels found to put in legend.  Note that artists whose label start with an underscore are ignored when legend() is called with no argument.
  axis.legend(fontsize=8)
[b2_qmix_atten] 703,648/1,000,000  85.3/s  upd=14776  L=0.0376  D=4.354
[b2_qmix_atten] 704,711/1,000,000  85.3/s  upd=14800  L=0.0471  D=4.354
[b2_qmix_atten] 705,781/1,000,000  85.3/s  upd=14824  L=0.0448  D=4.354
[b2_qmix_atten] 706,876/1,000,000  85.4/s  upd=14848  L=0.0413  D=4.354
[b2_qmix_atten] 708,101/1,000,000  85.4/s  upd=14872  L=0.0424  D=4.354
[b2_qmix_atten] 709,318/1,000,000  85.4/s  upd=14896  L=0.0580  D=4.354
[b2_qmix_atten] 710,459/1,000,000  85.5/s  upd=14920  L=0.0533  D=4.354
[b2_qmix_atten] 712,118/1,000,000  85.5/s  upd=14952  L=0.0388  D=4.354
[b2_qmix_atten] 713,569/1,000,000  85.6/s  upd=14984  L=0.0451  D=4.354
[b2_qmix_atten] 714,652/1,000,000  85.6/s  upd=15008  L=0.0556  D=4.354
[b2_qmix_atten] 715,747/1,000,000  85.7/s  upd=15032  L=0.0291  D=4.354
[b2_qmix_atten] 716,939/1,000,000  85.7/s  upd=15056  L=0.0359  D=4.354
[b2_qmix_atten] 718,072/1,000,000  85.7/s  upd=15080  L=0.0380  D=4.354
[b2_qmix_atten] 719,301/1,000,000  85.7/s  upd=15104  L=0.0434  D=4.354
[b2_qmix_atten] 720,109/1,000,000  85.7/s  upd=15120  L=0.0490  ev=1/100  D=4.354
[b2_qmix_atten] 720,109/1,000,000  85.6/s  upd=15120  L=0.0490  ev=38/100  D=4.354
[b2_qmix_atten] 720,109/1,000,000  85.5/s  upd=15120  L=0.0490  ev=72/100  D=4.354
E:\Code\Open_Score\Open-SCORE\open_score\eval\report.py:476: UserWarning: No artists with labels found to put in legend.  Note that artists whose label start with an underscore are ignored when legend() is called with no argument.
  axis.legend(fontsize=8)
[b2_qmix_atten] 720,109/1,000,000  85.4/s  upd=15120  L=0.0490  D=4.053
[b2_qmix_atten] 721,273/1,000,000  85.4/s  upd=15144  L=0.0559  D=4.053
[b2_qmix_atten] 722,504/1,000,000  85.5/s  upd=15168  L=0.0454  D=4.053
[b2_qmix_atten] 723,576/1,000,000  85.5/s  upd=15192  L=0.0408  D=4.053
[b2_qmix_atten] 724,660/1,000,000  85.5/s  upd=15216  L=0.0414  D=4.053
[b2_qmix_atten] 725,800/1,000,000  85.5/s  upd=15240  L=0.0346  D=4.053
[b2_qmix_atten] 726,993/1,000,000  85.6/s  upd=15264  L=0.0435  D=4.053
[b2_qmix_atten] 728,229/1,000,000  85.6/s  upd=15288  L=0.0337  D=4.053
[b2_qmix_atten] 729,339/1,000,000  85.6/s  upd=15312  L=0.0476  D=4.053
[b2_qmix_atten] 730,389/1,000,000  85.6/s  upd=15336  L=0.0466  D=4.053
[b2_qmix_atten] 731,453/1,000,000  85.7/s  upd=15360  L=0.0367  D=4.053
E:\Code\Open_Score\Open-SCORE\open_score\eval\report.py:476: UserWarning: No artists with labels found to put in legend.  Note that artists whose label start with an underscore are ignored when legend() is called with no argument.
  axis.legend(fontsize=8)
[b2_qmix_atten] 732,253/1,000,000  85.7/s  upd=15376  L=0.0547  D=4.053
[b2_qmix_atten] 733,447/1,000,000  85.7/s  upd=15400  L=0.0498  D=4.053
[b2_qmix_atten] 734,565/1,000,000  85.7/s  upd=15424  L=0.0525  D=4.053
[b2_qmix_atten] 735,685/1,000,000  85.7/s  upd=15448  L=0.0333  D=4.053
[b2_qmix_atten] 736,773/1,000,000  85.7/s  upd=15472  L=0.0522  D=4.053
[b2_qmix_atten] 738,188/1,000,000  85.8/s  upd=15504  L=0.0429  D=4.053
[b2_qmix_atten] 739,667/1,000,000  85.8/s  upd=15536  L=0.0488  D=4.053
[b2_qmix_atten] 740,017/1,000,000  85.8/s  upd=15544  L=0.0481  ev=23/100  D=4.053
[b2_qmix_atten] 740,017/1,000,000  85.7/s  upd=15544  L=0.0481  ev=60/100  D=4.053
E:\Code\Open_Score\Open-SCORE\open_score\eval\report.py:476: UserWarning: No artists with labels found to put in legend.  Note that artists whose label start with an underscore are ignored when legend() is called with no argument.
  axis.legend(fontsize=8)
[b2_qmix_atten] 740,017/1,000,000  85.6/s  upd=15544  L=0.0481  D=4.209
[b2_qmix_atten] 741,162/1,000,000  85.6/s  upd=15568  L=0.0640  D=4.209
[b2_qmix_atten] 742,350/1,000,000  85.6/s  upd=15592  L=0.0335  D=4.209
[b2_qmix_atten] 743,420/1,000,000  85.7/s  upd=15616  L=0.0486  D=4.209
[b2_qmix_atten] 744,509/1,000,000  85.7/s  upd=15640  L=0.0620  D=4.209
[b2_qmix_atten] 745,663/1,000,000  85.7/s  upd=15664  L=0.0433  D=4.209
[b2_qmix_atten] 746,764/1,000,000  85.7/s  upd=15688  L=0.0420  D=4.209
[b2_qmix_atten] 747,918/1,000,000  85.7/s  upd=15712  L=0.0572  D=4.209
[b2_qmix_atten] 749,000/1,000,000  85.7/s  upd=15736  L=0.0433  D=4.209
[b2_qmix_atten] 750,146/1,000,000  85.8/s  upd=15760  L=0.0445  D=4.209
[b2_qmix_atten] 751,152/1,000,000  85.8/s  upd=15784  L=0.0424  D=4.209
[b2_qmix_atten] 752,179/1,000,000  85.8/s  upd=15808  L=0.0588  D=4.209
[b2_qmix_atten] 753,375/1,000,000  85.8/s  upd=15832  L=0.0475  D=4.209
[b2_qmix_atten] 754,435/1,000,000  85.8/s  upd=15856  L=0.0379  D=4.209
[b2_qmix_atten] 755,535/1,000,000  85.9/s  upd=15880  L=0.0458  D=4.209
[b2_qmix_atten] 756,672/1,000,000  85.9/s  upd=15904  L=0.0562  D=4.209
[b2_qmix_atten] 757,650/1,000,000  85.9/s  upd=15928  L=0.0422  D=4.209
[b2_qmix_atten] 758,722/1,000,000  85.9/s  upd=15952  L=0.0446  D=4.209
[b2_qmix_atten] 759,923/1,000,000  86.0/s  upd=15976  L=0.0402  D=4.209
[b2_qmix_atten] 760,281/1,000,000  85.9/s  upd=15984  L=0.0505  ev=24/100  D=4.209
[b2_qmix_atten] 760,281/1,000,000  85.8/s  upd=15984  L=0.0505  ev=70/100  D=4.209
E:\Code\Open_Score\Open-SCORE\open_score\eval\report.py:476: UserWarning: No artists with labels found to put in legend.  Note that artists whose label start with an underscore are ignored when legend() is called with no argument.
  axis.legend(fontsize=8)
E:\Code\Open_Score\Open-SCORE\open_score\eval\report.py:476: UserWarning: No artists with labels found to put in legend.  Note that artists whose label start with an underscore are ignored when legend() is called with no argument.
  axis.legend(fontsize=8)
[b2_qmix_atten] 760,281/1,000,000  85.7/s  upd=15984  L=0.0505  D=4.190
[b2_qmix_atten] 761,382/1,000,000  85.7/s  upd=16008  L=0.0407  D=4.190
[b2_qmix_atten] 762,626/1,000,000  85.7/s  upd=16032  L=0.0357  D=4.190
[b2_qmix_atten] 763,738/1,000,000  85.8/s  upd=16056  L=0.0445  D=4.190
[b2_qmix_atten] 765,063/1,000,000  85.8/s  upd=16088  L=0.0393  D=4.190
[b2_qmix_atten] 766,191/1,000,000  85.8/s  upd=16112  L=0.0602  D=4.190
[b2_qmix_atten] 767,330/1,000,000  85.9/s  upd=16136  L=0.0359  D=4.190
[b2_qmix_atten] 768,426/1,000,000  85.9/s  upd=16160  L=0.0518  D=4.190
[b2_qmix_atten] 769,441/1,000,000  85.9/s  upd=16184  L=0.0531  D=4.190
[b2_qmix_atten] 770,522/1,000,000  85.9/s  upd=16208  L=0.0449  D=4.190
[b2_qmix_atten] 771,607/1,000,000  86.0/s  upd=16232  L=0.0491  D=4.190
[b2_qmix_atten] 772,648/1,000,000  86.0/s  upd=16256  L=0.0357  D=4.190
[b2_qmix_atten] 773,771/1,000,000  86.0/s  upd=16280  L=0.0409  D=4.190
[b2_qmix_atten] 774,911/1,000,000  86.0/s  upd=16304  L=0.0566  D=4.190
[b2_qmix_atten] 776,000/1,000,000  86.0/s  upd=16328  L=0.0395  D=4.190
[b2_qmix_atten] 777,125/1,000,000  86.1/s  upd=16352  L=0.0387  D=4.190
[b2_qmix_atten] 778,157/1,000,000  86.1/s  upd=16376  L=0.0491  D=4.190
[b2_qmix_atten] 779,327/1,000,000  86.1/s  upd=16400  L=0.0425  D=4.190
[b2_qmix_atten] 780,085/1,000,000  86.1/s  upd=16416  L=0.0312  ev=6/100  D=4.190
[b2_qmix_atten] 780,085/1,000,000  86.0/s  upd=16416  L=0.0312  ev=40/100  D=4.190
[b2_qmix_atten] 780,085/1,000,000  85.9/s  upd=16416  L=0.0312  ev=79/100  D=4.190
[b2_qmix_atten] 780,388/1,000,000  85.8/s  upd=16424  L=0.0365  D=4.168
[b2_qmix_atten] 781,503/1,000,000  85.9/s  upd=16448  L=0.0386  D=4.168
[b2_qmix_atten] 783,025/1,000,000  85.9/s  upd=16480  L=0.0451  D=4.168
[b2_qmix_atten] 784,500/1,000,000  86.0/s  upd=16512  L=0.0663  D=4.168
[b2_qmix_atten] 785,834/1,000,000  86.0/s  upd=16544  L=0.0520  D=4.168
[b2_qmix_atten] 786,842/1,000,000  86.0/s  upd=16568  L=0.0466  D=4.168
[b2_qmix_atten] 788,226/1,000,000  86.1/s  upd=16600  L=0.0549  D=4.168
[b2_qmix_atten] 789,309/1,000,000  86.1/s  upd=16624  L=0.0413  D=4.168
[b2_qmix_atten] 790,467/1,000,000  86.1/s  upd=16648  L=0.0340  D=4.168
[b2_qmix_atten] 791,911/1,000,000  86.2/s  upd=16680  L=0.0658  D=4.168
[b2_qmix_atten] 793,281/1,000,000  86.2/s  upd=16712  L=0.0490  D=4.168
[b2_qmix_atten] 794,381/1,000,000  86.3/s  upd=16736  L=0.0394  D=4.168
[b2_qmix_atten] 795,821/1,000,000  86.3/s  upd=16768  L=0.0455  D=4.168
[b2_qmix_atten] 797,244/1,000,000  86.4/s  upd=16800  L=0.0419  D=4.168
[b2_qmix_atten] 798,705/1,000,000  86.4/s  upd=16832  L=0.0425  D=4.168
[b2_qmix_atten] 800,106/1,000,000  86.5/s  upd=16864  L=0.0637  ev=0/100  D=4.168
[b2_qmix_atten] 800,106/1,000,000  86.4/s  upd=16864  L=0.0637  ev=45/100  D=4.168
[b2_qmix_atten] 800,106/1,000,000  86.3/s  upd=16864  L=0.0637  ev=88/100  D=4.168
[b2_qmix_atten] 800,943/1,000,000  86.3/s  upd=16880  L=0.0379  D=4.050
[b2_qmix_atten] 802,403/1,000,000  86.3/s  upd=16912  L=0.0444  D=4.050
[b2_qmix_atten] 803,527/1,000,000  86.3/s  upd=16936  L=0.0436  D=4.050
[b2_qmix_atten] 805,032/1,000,000  86.4/s  upd=16968  L=0.0439  D=4.050
[b2_qmix_atten] 806,565/1,000,000  86.5/s  upd=17000  L=0.0368  D=4.050
[b2_qmix_atten] 807,961/1,000,000  86.5/s  upd=17032  L=0.0459  D=4.050
[b2_qmix_atten] 809,512/1,000,000  86.6/s  upd=17064  L=0.0555  D=4.050
[b2_qmix_atten] 810,951/1,000,000  86.7/s  upd=17096  L=0.0361  D=4.050
[b2_qmix_atten] 812,482/1,000,000  86.7/s  upd=17128  L=0.0447  D=4.050
[b2_qmix_atten] 813,925/1,000,000  86.8/s  upd=17160  L=0.0393  D=4.050
[b2_qmix_atten] 815,382/1,000,000  86.8/s  upd=17192  L=0.0452  D=4.050
[b2_qmix_atten] 816,825/1,000,000  86.9/s  upd=17224  L=0.0484  D=4.050
[b2_qmix_atten] 818,253/1,000,000  86.9/s  upd=17256  L=0.0482  D=4.050
[b2_qmix_atten] 819,777/1,000,000  87.0/s  upd=17288  L=0.0457  D=4.050
[b2_qmix_atten] 820,184/1,000,000  86.9/s  upd=17296  L=0.0464  ev=31/100  D=4.050
[b2_qmix_atten] 820,184/1,000,000  86.8/s  upd=17296  L=0.0464  ev=80/100  D=4.050
[b2_qmix_atten] 820,980/1,000,000  86.8/s  upd=17312  L=0.0353  D=4.586
[b2_qmix_atten] 822,526/1,000,000  86.9/s  upd=17344  L=0.0524  D=4.586
[b2_qmix_atten] 823,623/1,000,000  86.9/s  upd=17368  L=0.0459  D=4.586
[b2_qmix_atten] 824,889/1,000,000  86.9/s  upd=17392  L=0.0514  D=4.586
[b2_qmix_atten] 826,309/1,000,000  87.0/s  upd=17424  L=0.0468  D=4.586
[b2_qmix_atten] 827,797/1,000,000  87.0/s  upd=17456  L=0.0543  D=4.586
[b2_qmix_atten] 829,262/1,000,000  87.1/s  upd=17488  L=0.0511  D=4.586
[b2_qmix_atten] 830,632/1,000,000  87.1/s  upd=17520  L=0.0617  D=4.586
[b2_qmix_atten] 831,958/1,000,000  87.2/s  upd=17552  L=0.0390  D=4.586
[b2_qmix_atten] 833,158/1,000,000  87.2/s  upd=17576  L=0.0422  D=4.586
[b2_qmix_atten] 834,971/1,000,000  87.3/s  upd=17616  L=0.0427  D=4.586
[b2_qmix_atten] 836,516/1,000,000  87.4/s  upd=17648  L=0.0392  D=4.586
[b2_qmix_atten] 837,892/1,000,000  87.4/s  upd=17680  L=0.0483  D=4.586
[b2_qmix_atten] 839,299/1,000,000  87.4/s  upd=17712  L=0.0488  D=4.586
[b2_qmix_atten] 840,075/1,000,000  87.4/s  upd=17728  L=0.0511  ev=14/100  D=4.586
[b2_qmix_atten] 840,075/1,000,000  87.3/s  upd=17728  L=0.0511  ev=62/100  D=4.586
[b2_qmix_atten] 840,075/1,000,000  87.3/s  upd=17728  L=0.0511  D=4.465
[b2_qmix_atten] 841,518/1,000,000  87.3/s  upd=17760  L=0.0415  D=4.465
[b2_qmix_atten] 842,997/1,000,000  87.4/s  upd=17792  L=0.0430  D=4.465
[b2_qmix_atten] 844,545/1,000,000  87.4/s  upd=17824  L=0.0294  D=4.465
[b2_qmix_atten] 845,789/1,000,000  87.4/s  upd=17848  L=0.0504  D=4.465
[b2_qmix_atten] 846,935/1,000,000  87.5/s  upd=17872  L=0.0382  D=4.465
[b2_qmix_atten] 848,514/1,000,000  87.5/s  upd=17904  L=0.0431  D=4.465
[b2_qmix_atten] 849,706/1,000,000  87.6/s  upd=17928  L=0.0498  D=4.465
[b2_qmix_atten] 850,818/1,000,000  87.6/s  upd=17952  L=0.0359  D=4.465
[b2_qmix_atten] 852,299/1,000,000  87.7/s  upd=17984  L=0.0484  D=4.465
[b2_qmix_atten] 853,903/1,000,000  87.7/s  upd=18016  L=0.0498  D=4.465
[b2_qmix_atten] 855,094/1,000,000  87.7/s  upd=18040  L=0.0448  D=4.465
[b2_qmix_atten] 856,608/1,000,000  87.8/s  upd=18072  L=0.0448  D=4.465
[b2_qmix_atten] 857,840/1,000,000  87.8/s  upd=18096  L=0.0454  D=4.465
[b2_qmix_atten] 859,252/1,000,000  87.9/s  upd=18128  L=0.0410  D=4.465
[b2_qmix_atten] 860,145/1,000,000  87.9/s  upd=18144  L=0.0526  ev=13/100  D=4.465
[b2_qmix_atten] 860,145/1,000,000  87.8/s  upd=18144  L=0.0526  ev=64/100  D=4.465
[b2_qmix_atten] 860,467/1,000,000  87.7/s  upd=18152  L=0.0326  D=4.420
[b2_qmix_atten] 861,950/1,000,000  87.8/s  upd=18184  L=0.0559  D=4.420
[b2_qmix_atten] 863,469/1,000,000  87.8/s  upd=18216  L=0.0379  D=4.420
[b2_qmix_atten] 864,583/1,000,000  87.9/s  upd=18240  L=0.0602  D=4.420
[b2_qmix_atten] 866,057/1,000,000  87.9/s  upd=18272  L=0.0517  D=4.420
[b2_qmix_atten] 867,154/1,000,000  87.9/s  upd=18296  L=0.0374  D=4.420
[b2_qmix_atten] 868,807/1,000,000  88.0/s  upd=18328  L=0.0559  D=4.420
[b2_qmix_atten] 869,930/1,000,000  88.0/s  upd=18352  L=0.0416  D=4.420
[b2_qmix_atten] 871,391/1,000,000  88.1/s  upd=18384  L=0.0426  D=4.420
[b2_qmix_atten] 872,911/1,000,000  88.1/s  upd=18416  L=0.0491  D=4.420
[b2_qmix_atten] 874,261/1,000,000  88.2/s  upd=18448  L=0.0476  D=4.420
[b2_qmix_atten] 875,456/1,000,000  88.2/s  upd=18472  L=0.0660  D=4.420
[b2_qmix_atten] 876,953/1,000,000  88.3/s  upd=18504  L=0.0463  D=4.420
[b2_qmix_atten] 878,465/1,000,000  88.3/s  upd=18536  L=0.0447  D=4.420
[b2_qmix_atten] 879,934/1,000,000  88.3/s  upd=18568  L=0.0501  D=4.420
[b2_qmix_atten] 880,305/1,000,000  88.3/s  upd=18576  L=0.0447  ev=26/100  D=4.420
[b2_qmix_atten] 880,305/1,000,000  88.2/s  upd=18576  L=0.0447  ev=71/100  D=4.420
[b2_qmix_atten] 880,704/1,000,000  88.1/s  upd=18584  L=0.0488  D=4.201
[b2_qmix_atten] 882,199/1,000,000  88.2/s  upd=18616  L=0.0474  D=4.201
[b2_qmix_atten] 883,877/1,000,000  88.3/s  upd=18656  L=0.0440  D=4.201
[b2_qmix_atten] 885,192/1,000,000  88.3/s  upd=18688  L=0.0376  D=4.201
[b2_qmix_atten] 886,368/1,000,000  88.3/s  upd=18712  L=0.0532  D=4.201
[b2_qmix_atten] 887,874/1,000,000  88.4/s  upd=18744  L=0.0511  D=4.201
[b2_qmix_atten] 889,280/1,000,000  88.4/s  upd=18776  L=0.0404  D=4.201
[b2_qmix_atten] 890,724/1,000,000  88.5/s  upd=18808  L=0.0463  D=4.201
[b2_qmix_atten] 891,955/1,000,000  88.5/s  upd=18832  L=0.0670  D=4.201
[b2_qmix_atten] 893,100/1,000,000  88.5/s  upd=18856  L=0.0386  D=4.201
[b2_qmix_atten] 894,179/1,000,000  88.6/s  upd=18880  L=0.0581  D=4.201
[b2_qmix_atten] 895,665/1,000,000  88.6/s  upd=18912  L=0.0452  D=4.201
[b2_qmix_atten] 897,058/1,000,000  88.6/s  upd=18944  L=0.0383  D=4.201
[b2_qmix_atten] 898,443/1,000,000  88.7/s  upd=18976  L=0.0546  D=4.201
[b2_qmix_atten] 899,995/1,000,000  88.7/s  upd=19008  L=0.0522  D=4.201
[b2_qmix_atten] 900,414/1,000,000  88.7/s  upd=19016  L=0.0862  ev=32/100  D=4.201
[b2_qmix_atten] 900,414/1,000,000  88.6/s  upd=19016  L=0.0862  ev=80/100  D=4.201
[b2_qmix_atten] 900,864/1,000,000  88.6/s  upd=19024  L=0.0594  D=3.708
[b2_qmix_atten] 902,214/1,000,000  88.6/s  upd=19056  L=0.0626  D=3.708
[b2_qmix_atten] 903,692/1,000,000  88.6/s  upd=19088  L=0.0483  D=3.708
[b2_qmix_atten] 904,856/1,000,000  88.7/s  upd=19112  L=0.0559  D=3.708
[b2_qmix_atten] 906,254/1,000,000  88.7/s  upd=19144  L=0.0488  D=3.708
[b2_qmix_atten] 908,225/1,000,000  88.8/s  upd=19184  L=0.0478  D=3.708
[b2_qmix_atten] 909,683/1,000,000  88.9/s  upd=19216  L=0.0408  D=3.708
[b2_qmix_atten] 911,281/1,000,000  88.9/s  upd=19248  L=0.0460  D=3.708
[b2_qmix_atten] 912,766/1,000,000  89.0/s  upd=19280  L=0.0481  D=3.708
[b2_qmix_atten] 914,229/1,000,000  89.0/s  upd=19312  L=0.0360  D=3.708
[b2_qmix_atten] 915,621/1,000,000  89.1/s  upd=19344  L=0.0441  D=3.708
[b2_qmix_atten] 917,123/1,000,000  89.1/s  upd=19376  L=0.0378  D=3.708
[b2_qmix_atten] 918,464/1,000,000  89.1/s  upd=19408  L=0.0433  D=3.708
[b2_qmix_atten] 919,549/1,000,000  89.2/s  upd=19432  L=0.0423  D=3.708
[b2_qmix_atten] 920,271/1,000,000  89.1/s  upd=19448  L=0.0465  ev=16/100  D=3.708
[b2_qmix_atten] 920,271/1,000,000  89.1/s  upd=19448  L=0.0465  ev=73/100  D=3.708
[b2_qmix_atten] 920,621/1,000,000  89.0/s  upd=19456  L=0.0573  D=3.834
[b2_qmix_atten] 922,002/1,000,000  89.0/s  upd=19488  L=0.0567  D=3.834
[b2_qmix_atten] 923,392/1,000,000  89.1/s  upd=19520  L=0.0435  D=3.834
[b2_qmix_atten] 924,756/1,000,000  89.1/s  upd=19552  L=0.0649  D=3.834
[b2_qmix_atten] 925,840/1,000,000  89.1/s  upd=19576  L=0.0462  D=3.834
[b2_qmix_atten] 927,054/1,000,000  89.2/s  upd=19600  L=0.0671  D=3.834
[b2_qmix_atten] 928,578/1,000,000  89.2/s  upd=19632  L=0.0752  D=3.834
[b2_qmix_atten] 929,988/1,000,000  89.2/s  upd=19664  L=0.0629  D=3.834
[b2_qmix_atten] 931,684/1,000,000  89.3/s  upd=19704  L=0.0461  D=3.834
[b2_qmix_atten] 933,546/1,000,000  89.4/s  upd=19744  L=0.0434  D=3.834
[b2_qmix_atten] 934,979/1,000,000  89.4/s  upd=19776  L=0.0641  D=3.834
[b2_qmix_atten] 936,425/1,000,000  89.5/s  upd=19808  L=0.0496  D=3.834
[b2_qmix_atten] 938,111/1,000,000  89.5/s  upd=19840  L=0.0484  D=3.834
[b2_qmix_atten] 939,567/1,000,000  89.6/s  upd=19872  L=0.0509  D=3.834
[b2_qmix_atten] 940,349/1,000,000  89.6/s  upd=19888  L=0.0399  ev=14/100  D=3.834
[b2_qmix_atten] 940,349/1,000,000  89.5/s  upd=19888  L=0.0399  ev=56/100  D=3.834
[b2_qmix_atten] 940,349/1,000,000  89.4/s  upd=19888  L=0.0399  D=3.550
[b2_qmix_atten] 941,806/1,000,000  89.4/s  upd=19920  L=0.0397  D=3.550
[b2_qmix_atten] 943,307/1,000,000  89.5/s  upd=19952  L=0.0435  D=3.550
[b2_qmix_atten] 944,794/1,000,000  89.5/s  upd=19984  L=0.0526  D=3.550
[b2_qmix_atten] 946,320/1,000,000  89.6/s  upd=20016  L=0.0432  D=3.550
[b2_qmix_atten] 947,714/1,000,000  89.6/s  upd=20048  L=0.0476  D=3.550
[b2_qmix_atten] 949,302/1,000,000  89.7/s  upd=20080  L=0.0587  D=3.550
[b2_qmix_atten] 950,698/1,000,000  89.7/s  upd=20112  L=0.0546  D=3.550
[b2_qmix_atten] 952,150/1,000,000  89.8/s  upd=20144  L=0.0375  D=3.550
[b2_qmix_atten] 953,647/1,000,000  89.8/s  upd=20176  L=0.0407  D=3.550
[b2_qmix_atten] 955,063/1,000,000  89.8/s  upd=20208  L=0.0418  D=3.550
[b2_qmix_atten] 956,561/1,000,000  89.9/s  upd=20240  L=0.0449  D=3.550
[b2_qmix_atten] 958,416/1,000,000  90.0/s  upd=20280  L=0.0528  D=3.550
[b2_qmix_atten] 959,937/1,000,000  90.0/s  upd=20312  L=0.0367  D=3.550
[b2_qmix_atten] 960,293/1,000,000  90.0/s  upd=20320  L=0.0420  ev=32/100  D=3.550
[b2_qmix_atten] 960,293/1,000,000  89.9/s  upd=20320  L=0.0420  ev=80/100  D=3.550
[b2_qmix_atten] 960,659/1,000,000  89.8/s  upd=20328  L=0.0408  D=3.768
[b2_qmix_atten] 962,124/1,000,000  89.9/s  upd=20360  L=0.0547  D=3.768
[b2_qmix_atten] 963,593/1,000,000  89.9/s  upd=20392  L=0.0353  D=3.768
[b2_qmix_atten] 965,036/1,000,000  89.9/s  upd=20424  L=0.0420  D=3.768
[b2_qmix_atten] 966,456/1,000,000  90.0/s  upd=20456  L=0.0403  D=3.768
[b2_qmix_atten] 967,914/1,000,000  90.0/s  upd=20488  L=0.0385  D=3.768
[b2_qmix_atten] 969,020/1,000,000  90.0/s  upd=20512  L=0.0363  D=3.768
[b2_qmix_atten] 970,468/1,000,000  90.1/s  upd=20544  L=0.0423  D=3.768
[b2_qmix_atten] 971,902/1,000,000  90.1/s  upd=20576  L=0.0406  D=3.768
[b2_qmix_atten] 973,390/1,000,000  90.2/s  upd=20608  L=0.0408  D=3.768
[b2_qmix_atten] 974,865/1,000,000  90.2/s  upd=20640  L=0.0367  D=3.768
[b2_qmix_atten] 976,321/1,000,000  90.3/s  upd=20672  L=0.0317  D=3.768
[b2_qmix_atten] 977,737/1,000,000  90.3/s  upd=20704  L=0.0421  D=3.768
[b2_qmix_atten] 979,162/1,000,000  90.3/s  upd=20736  L=0.0486  D=3.768
[b2_qmix_atten] 980,189/1,000,000  90.3/s  upd=20760  L=0.0311  ev=5/100  D=3.768
[b2_qmix_atten] 980,189/1,000,000  90.3/s  upd=20760  L=0.0311  ev=64/100  D=3.768
[b2_qmix_atten] 980,189/1,000,000  90.2/s  upd=20760  L=0.0311  D=4.532
[b2_qmix_atten] 981,638/1,000,000  90.2/s  upd=20792  L=0.0376  D=4.532
[b2_qmix_atten] 983,125/1,000,000  90.3/s  upd=20824  L=0.0482  D=4.532
[b2_qmix_atten] 984,512/1,000,000  90.3/s  upd=20856  L=0.0430  D=4.532
[b2_qmix_atten] 986,089/1,000,000  90.3/s  upd=20888  L=0.0381  D=4.532
[b2_qmix_atten] 987,582/1,000,000  90.4/s  upd=20920  L=0.0449  D=4.532
[b2_qmix_atten] 989,006/1,000,000  90.4/s  upd=20952  L=0.0563  D=4.532
[b2_qmix_atten] 990,409/1,000,000  90.5/s  upd=20984  L=0.0480  D=4.532
[b2_qmix_atten] 991,806/1,000,000  90.5/s  upd=21016  L=0.0582  D=4.532
[b2_qmix_atten] 993,253/1,000,000  90.6/s  upd=21048  L=0.0404  D=4.532
[b2_qmix_atten] 994,483/1,000,000  90.6/s  upd=21072  L=0.0363  D=4.532
[b2_qmix_atten] 995,868/1,000,000  90.6/s  upd=21104  L=0.0363  D=4.532
[b2_qmix_atten] 996,913/1,000,000  90.6/s  upd=21128  L=0.0468  D=4.532
[b2_qmix_atten] 998,310/1,000,000  90.7/s  upd=21160  L=0.0383  D=4.532
[b2_qmix_atten] 999,831/1,000,000  90.7/s  upd=21192  L=0.0322  D=4.532
[b2_qmix_atten] 1,000,000/1,000,000  90.6/s  upd=21200  L=0.0354  ev=32/100  D=4.532
[b2_qmix_atten] 1,000,000/1,000,000  90.6/s  upd=21200  L=0.0354  ev=79/100  D=4.532
[b2_qmix_atten] 1,000,000/1,000,000  90.5/s  upd=21200  L=0.0354  ev=22/4200  D=3.819
[b2_qmix_atten] 1,000,000/1,000,000  90.4/s  upd=21200  L=0.0354  ev=72/4200  D=3.819
[b2_qmix_atten] 1,000,000/1,000,000  90.3/s  upd=21200  L=0.0354  ev=151/4200  D=3.819
[b2_qmix_atten] 1,000,000/1,000,000  90.2/s  upd=21200  L=0.0354  ev=240/4200  D=3.819
[b2_qmix_atten] 1,000,000/1,000,000  90.2/s  upd=21200  L=0.0354  ev=299/4200  D=3.819
[b2_qmix_atten] 1,000,000/1,000,000  90.1/s  upd=21200  L=0.0354  ev=351/4200  D=3.819
[b2_qmix_atten] 1,000,000/1,000,000  90.0/s  upd=21200  L=0.0354  ev=407/4200  D=3.819
[b2_qmix_atten] 1,000,000/1,000,000  89.9/s  upd=21200  L=0.0354  ev=464/4200  D=3.819
[b2_qmix_atten] 1,000,000/1,000,000  89.8/s  upd=21200  L=0.0354  ev=516/4200  D=3.819
[b2_qmix_atten] 1,000,000/1,000,000  89.8/s  upd=21200  L=0.0354  ev=568/4200  D=3.819
[b2_qmix_atten] 1,000,000/1,000,000  89.7/s  upd=21200  L=0.0354  ev=623/4200  D=3.819
[b2_qmix_atten] 1,000,000/1,000,000  89.6/s  upd=21200  L=0.0354  ev=672/4200  D=3.819
[b2_qmix_atten] 1,000,000/1,000,000  89.5/s  upd=21200  L=0.0354  ev=728/4200  D=3.819
[b2_qmix_atten] 1,000,000/1,000,000  89.4/s  upd=21200  L=0.0354  ev=776/4200  D=3.819
[b2_qmix_atten] 1,000,000/1,000,000  89.4/s  upd=21200  L=0.0354  ev=824/4200  D=3.819
[b2_qmix_atten] 1,000,000/1,000,000  89.3/s  upd=21200  L=0.0354  ev=872/4200  D=3.819
[b2_qmix_atten] 1,000,000/1,000,000  89.2/s  upd=21200  L=0.0354  ev=928/4200  D=3.819
[b2_qmix_atten] 1,000,000/1,000,000  89.1/s  upd=21200  L=0.0354  ev=984/4200  D=3.819
[b2_qmix_atten] 1,000,000/1,000,000  89.0/s  upd=21200  L=0.0354  ev=1048/4200  D=3.819
[b2_qmix_atten] 1,000,000/1,000,000  89.0/s  upd=21200  L=0.0354  ev=1104/4200  D=3.819
[b2_qmix_atten] 1,000,000/1,000,000  88.9/s  upd=21200  L=0.0354  ev=1152/4200  D=3.819
[b2_qmix_atten] 1,000,000/1,000,000  88.8/s  upd=21200  L=0.0354  ev=1208/4200  D=3.819
[b2_qmix_atten] 1,000,000/1,000,000  88.7/s  upd=21200  L=0.0354  ev=1272/4200  D=3.819
[b2_qmix_atten] 1,000,000/1,000,000  88.6/s  upd=21200  L=0.0354  ev=1328/4200  D=3.819
[b2_qmix_atten] 1,000,000/1,000,000  88.6/s  upd=21200  L=0.0354  ev=1384/4200  D=3.819
[b2_qmix_atten] 1,000,000/1,000,000  88.5/s  upd=21200  L=0.0354  ev=1431/4200  D=3.819
[b2_qmix_atten] 1,000,000/1,000,000  88.4/s  upd=21200  L=0.0354  ev=1472/4200  D=3.819
[b2_qmix_atten] 1,000,000/1,000,000  88.3/s  upd=21200  L=0.0354  ev=1512/4200  D=3.819
[b2_qmix_atten] 1,000,000/1,000,000  88.2/s  upd=21200  L=0.0354  ev=1555/4200  D=3.819
[b2_qmix_atten] 1,000,000/1,000,000  88.2/s  upd=21200  L=0.0354  ev=1606/4200  D=3.819
[b2_qmix_atten] 1,000,000/1,000,000  88.1/s  upd=21200  L=0.0354  ev=1646/4200  D=3.819
[b2_qmix_atten] 1,000,000/1,000,000  88.0/s  upd=21200  L=0.0354  ev=1693/4200  D=3.819
[b2_qmix_atten] 1,000,000/1,000,000  87.9/s  upd=21200  L=0.0354  ev=1735/4200  D=3.819
[b2_qmix_atten] 1,000,000/1,000,000  87.9/s  upd=21200  L=0.0354  ev=1783/4200  D=3.819
[b2_qmix_atten] 1,000,000/1,000,000  87.8/s  upd=21200  L=0.0354  ev=1822/4200  D=3.819
[b2_qmix_atten] 1,000,000/1,000,000  87.7/s  upd=21200  L=0.0354  ev=1864/4200  D=3.819
[b2_qmix_atten] 1,000,000/1,000,000  87.6/s  upd=21200  L=0.0354  ev=1912/4200  D=3.819
[b2_qmix_atten] 1,000,000/1,000,000  87.6/s  upd=21200  L=0.0354  ev=1952/4200  D=3.819
[b2_qmix_atten] 1,000,000/1,000,000  87.5/s  upd=21200  L=0.0354  ev=1992/4200  D=3.819
[b2_qmix_atten] 1,000,000/1,000,000  87.4/s  upd=21200  L=0.0354  ev=2032/4200  D=3.819
[b2_qmix_atten] 1,000,000/1,000,000  87.3/s  upd=21200  L=0.0354  ev=2072/4200  D=3.819
[b2_qmix_atten] 1,000,000/1,000,000  87.2/s  upd=21200  L=0.0354  ev=2113/4200  D=3.819
[b2_qmix_atten] 1,000,000/1,000,000  87.2/s  upd=21200  L=0.0354  ev=2181/4200  D=3.819
[b2_qmix_atten] 1,000,000/1,000,000  87.1/s  upd=21200  L=0.0354  ev=2240/4200  D=3.819
[b2_qmix_atten] 1,000,000/1,000,000  87.0/s  upd=21200  L=0.0354  ev=2281/4200  D=3.819
[b2_qmix_atten] 1,000,000/1,000,000  86.9/s  upd=21200  L=0.0354  ev=2333/4200  D=3.819
[b2_qmix_atten] 1,000,000/1,000,000  86.9/s  upd=21200  L=0.0354  ev=2376/4200  D=3.819
[b2_qmix_atten] 1,000,000/1,000,000  86.8/s  upd=21200  L=0.0354  ev=2419/4200  D=3.819
[b2_qmix_atten] 1,000,000/1,000,000  86.7/s  upd=21200  L=0.0354  ev=2463/4200  D=3.819
[b2_qmix_atten] 1,000,000/1,000,000  86.6/s  upd=21200  L=0.0354  ev=2508/4200  D=3.819
[b2_qmix_atten] 1,000,000/1,000,000  86.6/s  upd=21200  L=0.0354  ev=2555/4200  D=3.819
[b2_qmix_atten] 1,000,000/1,000,000  86.5/s  upd=21200  L=0.0354  ev=2592/4200  D=3.819
[b2_qmix_atten] 1,000,000/1,000,000  86.4/s  upd=21200  L=0.0354  ev=2637/4200  D=3.819
[b2_qmix_atten] 1,000,000/1,000,000  86.3/s  upd=21200  L=0.0354  ev=2681/4200  D=3.819
[b2_qmix_atten] 1,000,000/1,000,000  86.3/s  upd=21200  L=0.0354  ev=2725/4200  D=3.819
[b2_qmix_atten] 1,000,000/1,000,000  86.2/s  upd=21200  L=0.0354  ev=2768/4200  D=3.819
[b2_qmix_atten] 1,000,000/1,000,000  86.1/s  upd=21200  L=0.0354  ev=2813/4200  D=3.819
[b2_qmix_atten] 1,000,000/1,000,000  86.0/s  upd=21200  L=0.0354  ev=2855/4200  D=3.819
[b2_qmix_atten] 1,000,000/1,000,000  86.0/s  upd=21200  L=0.0354  ev=2899/4200  D=3.819
[b2_qmix_atten] 1,000,000/1,000,000  85.9/s  upd=21200  L=0.0354  ev=2939/4200  D=3.819
[b2_qmix_atten] 1,000,000/1,000,000  85.8/s  upd=21200  L=0.0354  ev=2982/4200  D=3.819
[b2_qmix_atten] 1,000,000/1,000,000  85.7/s  upd=21200  L=0.0354  ev=3040/4200  D=3.819
[b2_qmix_atten] 1,000,000/1,000,000  85.7/s  upd=21200  L=0.0354  ev=3126/4200  D=3.819
[b2_qmix_atten] 1,000,000/1,000,000  85.6/s  upd=21200  L=0.0354  ev=3200/4200  D=3.819
[b2_qmix_atten] 1,000,000/1,000,000  85.5/s  upd=21200  L=0.0354  ev=3263/4200  D=3.819
[b2_qmix_atten] 1,000,000/1,000,000  85.5/s  upd=21200  L=0.0354  ev=3327/4200  D=3.819
[b2_qmix_atten] 1,000,000/1,000,000  85.4/s  upd=21200  L=0.0354  ev=3392/4200  D=3.819
[b2_qmix_atten] 1,000,000/1,000,000  85.3/s  upd=21200  L=0.0354  ev=3448/4200  D=3.819
[b2_qmix_atten] 1,000,000/1,000,000  85.2/s  upd=21200  L=0.0354  ev=3510/4200  D=3.819
[b2_qmix_atten] 1,000,000/1,000,000  85.2/s  upd=21200  L=0.0354  ev=3575/4200  D=3.819
[b2_qmix_atten] 1,000,000/1,000,000  85.1/s  upd=21200  L=0.0354  ev=3624/4200  D=3.819
[b2_qmix_atten] 1,000,000/1,000,000  85.0/s  upd=21200  L=0.0354  ev=3672/4200  D=3.819
[b2_qmix_atten] 1,000,000/1,000,000  84.9/s  upd=21200  L=0.0354  ev=3720/4200  D=3.819
[b2_qmix_atten] 1,000,000/1,000,000  84.9/s  upd=21200  L=0.0354  ev=3769/4200  D=3.819
[b2_qmix_atten] 1,000,000/1,000,000  84.8/s  upd=21200  L=0.0354  ev=3824/4200  D=3.819
[b2_qmix_atten] 1,000,000/1,000,000  84.7/s  upd=21200  L=0.0354  ev=3871/4200  D=3.819
[b2_qmix_atten] 1,000,000/1,000,000  84.7/s  upd=21200  L=0.0354  ev=3920/4200  D=3.819
[b2_qmix_atten] 1,000,000/1,000,000  84.6/s  upd=21200  L=0.0354  ev=3976/4200  D=3.819
[b2_qmix_atten] 1,000,000/1,000,000  84.5/s  upd=21200  L=0.0354  ev=4032/4200  D=3.819
[b2_qmix_atten] 1,000,000/1,000,000  84.4/s  upd=21200  L=0.0354  ev=4087/4200  D=3.819
[b2_qmix_atten] 1,000,000/1,000,000  84.4/s  upd=21200  L=0.0354  ev=4135/4200  D=3.819
