[regir_fixed4] saved resume t_env=0
[regir_fixed4] saved resume t_env=330
[regir_fixed4] saved resume t_env=679
[regir_fixed4] 0:00:10  679/1,000,000  67.4/s  upd=0  L=-  D=-
[regir_fixed4] saved resume t_env=1,157
[regir_fixed4] 0:00:22  1,518/1,000,000  68.4/s  upd=1  L=0.0483  D=-
[regir_fixed4] 0:00:34  1,518/1,000,000  44.6/s  upd=7  L=0.0461  D=-
[regir_fixed4] saved resume t_env=1,518
[regir_fixed4] 0:00:45  1,861/1,000,000  40.6/s  upd=11  L=0.0377  D=-
[regir_fixed4] 0:00:55  1,861/1,000,000  33.3/s  upd=16  L=0.0361  D=-
[regir_fixed4] 0:01:06  2,239/1,000,000  33.8/s  upd=20  L=0.0405  D=-
[regir_fixed4] 0:01:16  2,239/1,000,000  29.3/s  upd=24  L=0.0422  D=-
[regir_fixed4] 0:01:26  2,597/1,000,000  30.0/s  upd=30  L=0.0528  D=-
[regir_fixed4] 0:01:37  2,970/1,000,000  30.5/s  upd=34  L=0.0479  D=-
[regir_fixed4] 0:01:47  2,970/1,000,000  27.7/s  upd=40  L=0.0404  D=-
[regir_fixed4] 0:01:58  3,373/1,000,000  28.6/s  upd=43  L=0.0452  D=-
[regir_fixed4] 0:02:08  3,373/1,000,000  26.3/s  upd=48  L=0.0514  D=-
[regir_fixed4] 0:02:19  3,838/1,000,000  27.5/s  upd=51  L=0.0430  D=-
[regir_fixed4] 0:02:29  3,838/1,000,000  25.6/s  upd=56  L=0.0437  D=-
[regir_fixed4] 0:02:40  4,258/1,000,000  26.5/s  upd=59  L=0.0512  D=-
[regir_fixed4] 0:02:51  4,258/1,000,000  24.9/s  upd=64  L=0.0289  D=-
[regir_fixed4] 0:03:02  4,595/1,000,000  25.2/s  upd=69  L=0.0493  D=-
[regir_fixed4] 0:03:12  4,595/1,000,000  23.9/s  upd=72  L=0.0364  D=-
[regir_fixed4] 0:03:24  5,008/1,000,000  24.5/s  upd=77  L=0.0523  D=-
[regir_fixed4] 0:03:34  5,008/1,000,000  23.4/s  upd=80  L=0.0458  D=-
[regir_fixed4] 0:03:44  5,354/1,000,000  23.9/s  upd=85  L=0.0437  D=-
[regir_fixed4] 0:03:55  5,712/1,000,000  24.2/s  upd=89  L=0.0479  D=-
[regir_fixed4] 0:04:06  5,712/1,000,000  23.1/s  upd=94  L=0.0499  D=-
[regir_fixed4] 0:04:18  6,140/1,000,000  23.7/s  upd=97  L=0.0379  D=-
[regir_fixed4] 0:04:30  6,140/1,000,000  22.7/s  upd=103  L=0.0406  D=-
[regir_fixed4] 0:04:40  6,489/1,000,000  23.1/s  upd=107  L=0.0499  D=-
[regir_fixed4] saved resume t_env=6,489
[regir_fixed4] resume t_env=6,489 from resume.pt
[regir_fixed4] 0:00:10  6,489/1,000,000  0.0/s  upd=112  L=-  D=-
[regir_fixed4] 0:00:22  6,899/1,000,000  18.4/s  upd=116  L=0.0422  D=-
[regir_fixed4] 0:00:32  6,899/1,000,000  12.7/s  upd=120  L=0.0513  D=-
[regir_fixed4] saved resume t_env=6,899
[regir_fixed4] 0:00:44  7,348/1,000,000  19.2/s  upd=121  L=0.0492  D=-
[regir_fixed4] 0:00:56  7,348/1,000,000  15.3/s  upd=126  L=0.0451  D=-
[regir_fixed4] 0:01:06  7,348/1,000,000  13.0/s  upd=128  L=0.0534  D=-
[regir_fixed4] 0:01:18  7,704/1,000,000  15.5/s  upd=130  L=0.0429  D=-
[regir_fixed4] 0:01:28  7,704/1,000,000  13.7/s  upd=134  L=0.0459  D=-
[regir_fixed4] 0:01:39  7,704/1,000,000  12.2/s  upd=136  L=0.0462  D=-
[regir_fixed4] 0:01:52  8,086/1,000,000  14.3/s  upd=137  L=0.0469  D=-
[regir_fixed4] 0:02:03  8,086/1,000,000  12.9/s  upd=142  L=0.0475  D=-
