[transfqmix] saved resume t_env=0
[transfqmix] saved resume t_env=391
[transfqmix] 0:00:10  391/1,000,000  38.8/s  upd=0  L=-  D=-
[transfqmix] saved resume t_env=783
[transfqmix] saved resume t_env=1,182
[transfqmix] 0:00:21  1,520/1,000,000  71.9/s  upd=1  L=3684.5605  D=-
[transfqmix] saved resume t_env=1,520
[transfqmix] 0:00:31  1,520/1,000,000  48.6/s  upd=8  L=1544.0959  D=-
[transfqmix] 0:00:41  1,873/1,000,000  45.2/s  upd=16  L=37.9517  D=-
[transfqmix] 0:00:52  2,275/1,000,000  43.7/s  upd=24  L=9.7568  D=-
[transfqmix] 0:01:02  2,633/1,000,000  42.0/s  upd=32  L=35.1230  D=-
[transfqmix] 0:01:13  3,023/1,000,000  41.3/s  upd=39  L=21.1401  D=-
[transfqmix] 0:01:23  3,367/1,000,000  40.4/s  upd=47  L=762.0060  D=-
[transfqmix] 0:01:33  3,764/1,000,000  40.2/s  upd=54  L=656.5991  D=-
[transfqmix] 0:01:43  4,169/1,000,000  40.2/s  upd=61  L=170.9949  D=-
[transfqmix] 0:01:54  4,509/1,000,000  39.3/s  upd=70  L=104.9104  D=-
[transfqmix] 0:02:05  4,848/1,000,000  38.6/s  upd=79  L=37.1877  D=-
[transfqmix] 0:02:15  5,224/1,000,000  38.4/s  upd=84  L=23.0304  D=-
[transfqmix] 0:02:25  5,590/1,000,000  38.3/s  upd=90  L=12.9706  D=-
[transfqmix] 0:02:36  5,972/1,000,000  38.1/s  upd=98  L=219.4131  D=-
[transfqmix] 0:02:47  6,298/1,000,000  37.6/s  upd=107  L=3274.7063  D=-
[transfqmix] 0:02:58  6,677/1,000,000  37.5/s  upd=114  L=1241.3997  D=-
[transfqmix] 0:03:08  7,031/1,000,000  37.3/s  upd=122  L=333.6962  D=-
[transfqmix] 0:03:19  7,389/1,000,000  37.1/s  upd=130  L=749.2275  D=-
[transfqmix] 0:03:29  7,736/1,000,000  36.9/s  upd=138  L=215.9564  D=-
[transfqmix] 0:03:40  8,101/1,000,000  36.7/s  upd=147  L=161.7249  D=-
[transfqmix] 0:03:51  8,535/1,000,000  36.9/s  upd=155  L=135.4360  D=-
[transfqmix] 0:04:01  8,968/1,000,000  37.1/s  upd=162  L=946.2697  D=-
[transfqmix] 0:04:12  9,312/1,000,000  36.9/s  upd=171  L=146.5891  D=-
[transfqmix] 0:04:22  9,669/1,000,000  36.8/s  upd=180  L=85.1077  D=-
[transfqmix] 0:04:32  10,043/1,000,000  36.8/s  upd=190  L=194.0431  D=-
[transfqmix] 0:04:42  10,467/1,000,000  37.0/s  upd=196  L=33.4340  D=-
[transfqmix] 0:04:53  10,836/1,000,000  36.9/s  upd=204  L=267.5361  D=-
[transfqmix] 0:05:03  11,177/1,000,000  36.8/s  upd=212  L=333.3487  D=-
[transfqmix] 0:05:14  11,540/1,000,000  36.7/s  upd=220  L=31.2146  D=-
[transfqmix] 0:05:24  11,900/1,000,000  36.7/s  upd=227  L=87.2608  D=-
[transfqmix] 0:05:34  12,230/1,000,000  36.5/s  upd=236  L=53.7864  D=-
[transfqmix] 0:05:45  12,657/1,000,000  36.6/s  upd=242  L=41.3866  D=-
[transfqmix] 0:05:55  13,023/1,000,000  36.6/s  upd=250  L=105.0777  D=-
[transfqmix] 0:06:05  13,023/1,000,000  35.6/s  upd=256  L=36.7499  D=-
[transfqmix] 0:06:15  13,443/1,000,000  35.8/s  upd=264  L=111.3114  D=-
[transfqmix] 0:06:26  13,806/1,000,000  35.8/s  upd=272  L=84.9926  D=-
[transfqmix] 0:06:36  14,235/1,000,000  35.9/s  upd=280  L=43.0255  D=-
[transfqmix] 0:06:46  14,635/1,000,000  36.0/s  upd=286  L=216.2331  D=-
[transfqmix] 0:06:57  15,034/1,000,000  36.0/s  upd=293  L=40.1616  D=-
[transfqmix] 0:07:07  15,398/1,000,000  36.0/s  upd=300  L=38.1676  D=-
[transfqmix] 0:07:17  15,811/1,000,000  36.1/s  upd=306  L=107.9327  D=-
[transfqmix] 0:07:28  16,181/1,000,000  36.1/s  upd=313  L=77.9309  D=-
[transfqmix] 0:07:38  16,532/1,000,000  36.0/s  upd=321  L=47.7877  D=-
[transfqmix] 0:07:49  16,866/1,000,000  35.9/s  upd=330  L=304.0497  D=-
[transfqmix] 0:08:00  17,222/1,000,000  35.8/s  upd=338  L=18.7766  D=-
[transfqmix] 0:08:11  17,565/1,000,000  35.7/s  upd=348  L=279.3316  D=-
[transfqmix] 0:08:21  17,957/1,000,000  35.8/s  upd=355  L=42.0820  D=-
[transfqmix] 0:08:31  18,372/1,000,000  35.9/s  upd=361  L=120.9846  D=-
[transfqmix] 0:08:42  18,715/1,000,000  35.8/s  upd=370  L=21.9340  D=-
[transfqmix] 0:08:52  19,064/1,000,000  35.8/s  upd=378  L=34.7397  D=-
[transfqmix] 0:09:03  19,426/1,000,000  35.8/s  upd=386  L=112.4367  D=-
[transfqmix] 0:09:13  19,785/1,000,000  35.7/s  upd=394  L=25.9047  D=-
[transfqmix] 0:09:24  19,785/1,000,000  35.1/s  upd=400  L=85.9411  D=-
[transfqmix] saved resume t_env=20,226
[transfqmix] 0:09:35  20,226/1,000,000  35.2/s  upd=408  L=24.9180  ev=0/100  D=-
[transfqmix] 0:09:45  20,226/1,000,000  34.6/s  upd=408  L=24.9180  ev=15/100  D=-
[transfqmix] 0:09:55  20,226/1,000,000  34.0/s  upd=408  L=24.9180  ev=33/100  D=-
[transfqmix] 0:10:05  20,226/1,000,000  33.4/s  upd=408  L=24.9180  ev=48/100  D=-
[transfqmix] 0:10:15  20,226/1,000,000  32.9/s  upd=408  L=24.9180  ev=64/100  D=-
[transfqmix] 0:10:25  20,226/1,000,000  32.3/s  upd=408  L=24.9180  ev=85/100  D=-
[transfqmix] 0:10:35  20,226/1,000,000  31.8/s  upd=408  L=24.9180  ev=95/100  D=-
[transfqmix] 0:10:45  20,226/1,000,000  31.3/s  upd=408  L=24.9180  D=7.588
[transfqmix] 0:10:55  20,627/1,000,000  31.5/s  upd=416  L=21.2716  D=7.588
[transfqmix] 0:11:05  20,984/1,000,000  31.5/s  upd=424  L=17.5299  D=7.588
[transfqmix] 0:11:15  21,369/1,000,000  31.6/s  upd=432  L=23.5291  D=7.588
[transfqmix] 0:11:25  21,720/1,000,000  31.7/s  upd=440  L=19.7610  D=7.588
[transfqmix] 0:11:35  22,102/1,000,000  31.8/s  upd=447  L=14.3128  D=7.588
[transfqmix] 0:11:46  22,481/1,000,000  31.8/s  upd=454  L=87.3243  D=7.588
[transfqmix] 0:11:56  22,841/1,000,000  31.9/s  upd=462  L=45.1388  D=7.588
[transfqmix] 0:12:07  23,272/1,000,000  32.0/s  upd=467  L=19.8769  D=7.588
[transfqmix] 0:12:18  23,668/1,000,000  32.1/s  upd=473  L=22.3142  D=7.588
[transfqmix] 0:12:28  24,059/1,000,000  32.1/s  upd=481  L=64.8353  D=7.588
[transfqmix] 0:12:38  24,059/1,000,000  31.7/s  upd=488  L=18.3273  D=7.588
[transfqmix] 0:12:48  24,460/1,000,000  31.8/s  upd=496  L=26.1922  D=7.588
[transfqmix] 0:12:58  24,840/1,000,000  31.9/s  upd=503  L=34.9342  D=7.588
[transfqmix] 0:13:09  25,249/1,000,000  32.0/s  upd=508  L=47.3874  D=7.588
[transfqmix] 0:13:19  25,623/1,000,000  32.0/s  upd=515  L=11.6859  D=7.588
[transfqmix] 0:13:30  26,021/1,000,000  32.1/s  upd=521  L=39.7150  D=7.588
[transfqmix] 0:13:40  26,021/1,000,000  31.7/s  upd=528  L=23.0196  D=7.588
[transfqmix] 0:13:50  26,402/1,000,000  31.8/s  upd=536  L=33.1790  D=7.588
[transfqmix] 0:14:00  26,750/1,000,000  31.8/s  upd=544  L=16.8714  D=7.588
[transfqmix] 0:14:10  27,101/1,000,000  31.9/s  upd=552  L=25.2740  D=7.588
[transfqmix] 0:14:21  27,519/1,000,000  32.0/s  upd=560  L=80.0659  D=7.588
[transfqmix] 0:14:31  27,866/1,000,000  32.0/s  upd=568  L=25.0962  D=7.588
[transfqmix] 0:14:41  28,272/1,000,000  32.1/s  upd=576  L=9.3103  D=7.588
[transfqmix] 0:14:51  28,646/1,000,000  32.1/s  upd=584  L=12.0232  D=7.588
[transfqmix] 0:15:01  29,015/1,000,000  32.2/s  upd=592  L=15.8398  D=7.588
[transfqmix] 0:15:11  29,387/1,000,000  32.2/s  upd=600  L=8.4379  D=7.588
[transfqmix] 0:15:21  29,803/1,000,000  32.3/s  upd=608  L=10.3238  D=7.588
[transfqmix] 0:15:32  30,172/1,000,000  32.4/s  upd=616  L=16.6558  D=7.588
[transfqmix] 0:15:42  30,559/1,000,000  32.4/s  upd=624  L=11.8672  D=7.588
[transfqmix] 0:15:52  30,934/1,000,000  32.5/s  upd=631  L=8.7043  D=7.588
[transfqmix] 0:16:03  31,314/1,000,000  32.5/s  upd=638  L=7.3241  D=7.588
[transfqmix] 0:16:14  31,708/1,000,000  32.5/s  upd=645  L=7.9527  D=7.588
[transfqmix] 0:16:24  32,189/1,000,000  32.7/s  upd=651  L=8.6140  D=7.588
[transfqmix] 0:16:35  32,572/1,000,000  32.7/s  upd=658  L=8.2337  D=7.588
[transfqmix] 0:16:46  32,922/1,000,000  32.7/s  upd=666  L=7.6946  D=7.588
[transfqmix] 0:16:56  33,316/1,000,000  32.8/s  upd=674  L=7.2268  D=7.588
[transfqmix] 0:17:07  33,676/1,000,000  32.8/s  upd=683  L=11.1633  D=7.588
[transfqmix] 0:17:17  34,043/1,000,000  32.8/s  upd=689  L=8.5907  D=7.588
[transfqmix] 0:17:28  34,401/1,000,000  32.8/s  upd=697  L=9.3146  D=7.588
[transfqmix] 0:17:38  34,401/1,000,000  32.5/s  upd=704  L=7.1338  D=7.588
[transfqmix] 0:17:48  34,765/1,000,000  32.5/s  upd=712  L=9.1204  D=7.588
[transfqmix] 0:17:58  35,137/1,000,000  32.6/s  upd=720  L=9.3043  D=7.588
[transfqmix] 0:18:09  35,552/1,000,000  32.6/s  upd=727  L=13.2300  D=7.588
[transfqmix] 0:18:19  35,961/1,000,000  32.7/s  upd=732  L=9.7690  D=7.588
[transfqmix] 0:18:30  36,385/1,000,000  32.8/s  upd=738  L=8.8593  D=7.588
[transfqmix] 0:18:40  36,385/1,000,000  32.5/s  upd=744  L=8.4178  D=7.588
[transfqmix] 0:18:50  36,756/1,000,000  32.5/s  upd=752  L=7.9891  D=7.588
[transfqmix] 0:19:00  37,180/1,000,000  32.6/s  upd=760  L=8.3386  D=7.588
[transfqmix] 0:19:10  37,618/1,000,000  32.7/s  upd=767  L=7.6743  D=7.588
[transfqmix] 0:19:21  38,007/1,000,000  32.7/s  upd=775  L=5.0178  D=7.588
[transfqmix] 0:19:32  38,412/1,000,000  32.8/s  upd=782  L=5.1793  D=7.588
[transfqmix] saved resume t_env=38,412
[transfqmix] 0:19:42  38,772/1,000,000  32.8/s  upd=789  L=5.4630  D=7.588
[transfqmix] 0:19:53  39,177/1,000,000  32.8/s  upd=795  L=6.1072  D=7.588
[transfqmix] 0:20:03  39,535/1,000,000  32.8/s  upd=804  L=4.5043  D=7.588
[transfqmix] 0:20:14  39,908/1,000,000  32.9/s  upd=812  L=4.9586  D=7.588
[transfqmix] 0:20:25  40,265/1,000,000  32.9/s  upd=821  L=7.0250  D=7.588
[transfqmix] saved resume t_env=40,265
[transfqmix] 0:20:35  40,265/1,000,000  32.6/s  upd=824  L=3.9297  ev=8/100  D=7.588
[transfqmix] 0:20:45  40,265/1,000,000  32.3/s  upd=824  L=3.9297  ev=24/100  D=7.588
[transfqmix] 0:20:55  40,265/1,000,000  32.1/s  upd=824  L=3.9297  ev=48/100  D=7.588
[transfqmix] 0:21:05  40,265/1,000,000  31.8/s  upd=824  L=3.9297  ev=66/100  D=7.588
[transfqmix] 0:21:15  40,265/1,000,000  31.6/s  upd=824  L=3.9297  ev=88/100  D=7.588
[transfqmix] 0:21:25  40,265/1,000,000  31.3/s  upd=824  L=3.9297  D=7.624
[transfqmix] 0:21:35  40,633/1,000,000  31.4/s  upd=832  L=5.5719  D=7.624
[transfqmix] 0:21:45  41,152/1,000,000  31.5/s  upd=840  L=4.7783  D=7.624
[transfqmix] 0:21:56  41,556/1,000,000  31.6/s  upd=846  L=4.7250  D=7.624
[transfqmix] 0:22:06  41,939/1,000,000  31.6/s  upd=853  L=3.9401  D=7.624
[transfqmix] 0:22:17  42,279/1,000,000  31.6/s  upd=861  L=5.0249  D=7.624
[transfqmix] 0:22:27  42,648/1,000,000  31.6/s  upd=868  L=3.7772  D=7.624
[transfqmix] 0:22:38  43,062/1,000,000  31.7/s  upd=874  L=4.2272  D=7.624
[transfqmix] 0:22:48  43,403/1,000,000  31.7/s  upd=883  L=4.6412  D=7.624
[transfqmix] 0:22:59  43,735/1,000,000  31.7/s  upd=891  L=5.2157  D=7.624
[transfqmix] 0:23:09  44,117/1,000,000  31.7/s  upd=899  L=3.3458  D=7.624
[transfqmix] 0:23:20  44,493/1,000,000  31.8/s  upd=906  L=5.5830  D=7.624
[transfqmix] 0:23:30  44,834/1,000,000  31.8/s  upd=915  L=3.8049  D=7.624
[transfqmix] 0:23:41  45,260/1,000,000  31.8/s  upd=921  L=7.6772  D=7.624
[transfqmix] 0:23:51  45,260/1,000,000  31.6/s  upd=928  L=11.0038  D=7.624
[transfqmix] 0:24:02  45,717/1,000,000  31.7/s  upd=936  L=7.1150  D=7.624
[transfqmix] 0:24:12  46,098/1,000,000  31.7/s  upd=943  L=6.0450  D=7.624
[transfqmix] 0:24:23  46,438/1,000,000  31.7/s  upd=951  L=5.1298  D=7.624
[transfqmix] 0:24:34  46,824/1,000,000  31.8/s  upd=959  L=4.9942  D=7.624
[transfqmix] 0:24:44  47,218/1,000,000  31.8/s  upd=965  L=16.3678  D=7.624
[transfqmix] 0:24:54  47,555/1,000,000  31.8/s  upd=973  L=9.4553  D=7.624
[transfqmix] 0:25:04  47,935/1,000,000  31.9/s  upd=980  L=3.3157  D=7.624
[transfqmix] 0:25:15  48,287/1,000,000  31.9/s  upd=987  L=8.5119  D=7.624
[transfqmix] 0:25:26  48,667/1,000,000  31.9/s  upd=995  L=15.6783  D=7.624
[transfqmix] 0:25:36  49,087/1,000,000  31.9/s  upd=1001  L=5.4834  D=7.624
[transfqmix] 0:25:47  49,454/1,000,000  32.0/s  upd=1009  L=3.4362  D=7.624
[transfqmix] 0:25:57  49,454/1,000,000  31.8/s  upd=1016  L=7.1363  D=7.624
[transfqmix] 0:26:07  49,942/1,000,000  31.9/s  upd=1024  L=2.7540  D=7.624
[transfqmix] 0:26:18  50,665/1,000,000  32.1/s  upd=1033  L=6.3790  D=7.624
[transfqmix] 0:26:28  50,665/1,000,000  31.9/s  upd=1040  L=31.3308  D=7.624
[transfqmix] 0:26:38  51,078/1,000,000  32.0/s  upd=1048  L=3.5927  D=7.624
[transfqmix] 0:26:48  51,425/1,000,000  32.0/s  upd=1056  L=3.2847  D=7.624
[transfqmix] 0:26:58  51,815/1,000,000  32.0/s  upd=1064  L=4.6075  D=7.624
[transfqmix] 0:27:08  52,298/1,000,000  32.1/s  upd=1072  L=6.3711  D=7.624
[transfqmix] 0:27:18  52,648/1,000,000  32.1/s  upd=1079  L=41.1593  D=7.624
[transfqmix] 0:27:28  52,976/1,000,000  32.1/s  upd=1087  L=5.6748  D=7.624
[transfqmix] 0:27:39  53,387/1,000,000  32.2/s  upd=1092  L=4.1559  D=7.624
[transfqmix] 0:27:49  53,723/1,000,000  32.2/s  upd=1100  L=23.0914  D=7.624
[transfqmix] 0:27:59  54,105/1,000,000  32.2/s  upd=1107  L=3.8803  D=7.624
[transfqmix] 0:28:09  54,469/1,000,000  32.2/s  upd=1114  L=8.0709  D=7.624
[transfqmix] 0:28:19  54,469/1,000,000  32.0/s  upd=1120  L=6.9474  D=7.624
[transfqmix] 0:28:30  54,858/1,000,000  32.1/s  upd=1128  L=2.0429  D=7.624
[transfqmix] 0:28:40  55,216/1,000,000  32.1/s  upd=1136  L=5.4949  D=7.624
[transfqmix] 0:28:50  55,537/1,000,000  32.1/s  upd=1144  L=3.6073  D=7.624
[transfqmix] 0:29:00  55,899/1,000,000  32.1/s  upd=1152  L=11.9307  D=7.624
[transfqmix] 0:29:10  56,299/1,000,000  32.2/s  upd=1160  L=6.3646  D=7.624
[transfqmix] 0:29:21  56,693/1,000,000  32.2/s  upd=1166  L=5.6361  D=7.624
[transfqmix] 0:29:31  57,053/1,000,000  32.2/s  upd=1174  L=2.3817  D=7.624
[transfqmix] 0:29:42  57,497/1,000,000  32.3/s  upd=1179  L=1.6195  D=7.624
[transfqmix] 0:29:52  57,851/1,000,000  32.3/s  upd=1188  L=3.3127  D=7.624
[transfqmix] 0:30:03  58,235/1,000,000  32.3/s  upd=1194  L=3.9990  D=7.624
[transfqmix] 0:30:13  58,581/1,000,000  32.3/s  upd=1202  L=2.0266  D=7.624
[transfqmix] 0:30:24  58,958/1,000,000  32.3/s  upd=1209  L=2.2057  D=7.624
[transfqmix] saved resume t_env=58,958
[transfqmix] 0:30:34  58,958/1,000,000  32.1/s  upd=1216  L=1.9618  D=7.624
[transfqmix] 0:30:44  59,355/1,000,000  32.2/s  upd=1224  L=1.9144  D=7.624
[transfqmix] 0:30:54  59,738/1,000,000  32.2/s  upd=1232  L=2.2020  D=7.624
[transfqmix] 0:31:05  60,109/1,000,000  32.2/s  upd=1238  L=1.9712  D=7.624
[transfqmix] saved resume t_env=60,109
[transfqmix] 0:31:15  60,109/1,000,000  32.1/s  upd=1240  L=1.9356  ev=7/100  D=7.624
[transfqmix] 0:31:25  60,109/1,000,000  31.9/s  upd=1240  L=1.9356  ev=22/100  D=7.624
[transfqmix] 0:31:35  60,109/1,000,000  31.7/s  upd=1240  L=1.9356  ev=38/100  D=7.624
[transfqmix] 0:31:45  60,109/1,000,000  31.5/s  upd=1240  L=1.9356  ev=56/100  D=7.624
[transfqmix] 0:31:55  60,109/1,000,000  31.4/s  upd=1240  L=1.9356  ev=70/100  D=7.624
[transfqmix] 0:32:05  60,109/1,000,000  31.2/s  upd=1240  L=1.9356  ev=80/100  D=7.624
[transfqmix] saved resume t_env=60,109
