[transfqmix] saved resume t_env=0
[transfqmix] saved resume t_env=412
[transfqmix] saved resume t_env=860
[transfqmix] saved resume t_env=1,246
[transfqmix] saved resume t_env=1,607
[transfqmix] 0:00:10  1,960/1,000,000  195.5/s  upd=9  L=377.1837  D=-
[transfqmix] 0:00:20  2,356/1,000,000  117.6/s  upd=24  L=22.6493  D=-
[transfqmix] 0:00:30  3,083/1,000,000  102.5/s  upd=39  L=44.4762  D=-
[transfqmix] 0:00:40  3,883/1,000,000  96.9/s  upd=53  L=1678.5885  D=-
[transfqmix] 0:00:50  4,676/1,000,000  92.7/s  upd=67  L=201.7735  D=-
[transfqmix] 0:01:00  5,440/1,000,000  89.7/s  upd=81  L=604.2120  D=-
[transfqmix] 0:01:10  5,795/1,000,000  81.7/s  upd=96  L=33.3921  D=-
[transfqmix] 0:01:21  6,523/1,000,000  80.4/s  upd=111  L=1234.0873  D=-
[transfqmix] 0:01:31  7,250/1,000,000  79.0/s  upd=127  L=1011.8594  D=-
[transfqmix] 0:01:41  8,131/1,000,000  79.9/s  upd=141  L=318.5999  D=-
[transfqmix] 0:01:51  8,913/1,000,000  79.6/s  upd=155  L=125.3445  D=-
[transfqmix] 0:02:01  9,702/1,000,000  79.6/s  upd=170  L=2951.4658  D=-
[transfqmix] 0:02:11  10,092/1,000,000  76.5/s  upd=184  L=4005.8542  D=-
[transfqmix] 0:02:22  10,792/1,000,000  75.9/s  upd=200  L=142.5593  D=-
[transfqmix] 0:02:32  11,525/1,000,000  75.6/s  upd=215  L=449.0526  D=-
[transfqmix] 0:02:42  12,321/1,000,000  75.6/s  upd=231  L=1997.5153  D=-
[transfqmix] 0:02:53  13,021/1,000,000  75.3/s  upd=245  L=104.2790  D=-
[transfqmix] 0:03:03  13,739/1,000,000  75.0/s  upd=259  L=735.4681  D=-
[transfqmix] 0:03:13  14,423/1,000,000  74.6/s  upd=274  L=440.4030  D=-
[transfqmix] 0:03:23  14,846/1,000,000  73.0/s  upd=288  L=223.2861  D=-
[transfqmix] 0:03:33  15,652/1,000,000  73.3/s  upd=303  L=121.4258  D=-
[transfqmix] 0:03:44  16,462/1,000,000  73.5/s  upd=318  L=517.7102  D=-
[transfqmix] 0:03:54  17,156/1,000,000  73.1/s  upd=334  L=693.2090  D=-
[transfqmix] 0:04:04  17,896/1,000,000  73.2/s  upd=349  L=1135.3303  D=-
[transfqmix] 0:04:14  18,589/1,000,000  72.9/s  upd=365  L=2786.4827  D=-
[transfqmix] 0:04:25  19,307/1,000,000  72.7/s  upd=381  L=168.7367  D=-
[transfqmix] 0:04:35  20,008/1,000,000  72.6/s  upd=396  L=83.0092  D=-
[transfqmix] saved resume t_env=20,008
[transfqmix] 0:04:45  20,008/1,000,000  70.0/s  upd=400  L=106.6030  ev=72/100  D=-
[transfqmix] 0:04:55  20,812/1,000,000  70.4/s  upd=413  L=126.5734  D=5.276
[transfqmix] 0:05:06  21,506/1,000,000  70.2/s  upd=429  L=259.3336  D=5.276
[transfqmix] 0:05:16  22,225/1,000,000  70.2/s  upd=445  L=58.3272  D=5.276
[transfqmix] 0:05:26  23,008/1,000,000  70.4/s  upd=461  L=137.1652  D=5.276
[transfqmix] saved resume t_env=23,379
[transfqmix] resume t_env=23,379 from resume.pt
[transfqmix] saved resume t_env=23,738
[transfqmix] 0:00:10  24,093/1,000,000  68.7/s  upd=485  L=73.9290  D=5.276
[transfqmix] 0:00:20  24,788/1,000,000  67.6/s  upd=501  L=144.2752  D=5.276
[transfqmix] 0:00:31  25,539/1,000,000  69.0/s  upd=519  L=128.2221  D=5.276
[transfqmix] 0:00:41  26,318/1,000,000  70.6/s  upd=535  L=64.7859  D=5.276
[transfqmix] 0:00:52  27,160/1,000,000  72.4/s  upd=551  L=117.1927  D=5.276
[transfqmix] 0:01:02  27,997/1,000,000  74.2/s  upd=566  L=122.1551  D=5.276
[transfqmix] 0:01:12  28,734/1,000,000  73.8/s  upd=582  L=148.3790  D=5.276
[transfqmix] 0:01:22  29,554/1,000,000  74.5/s  upd=598  L=44.7830  D=5.276
[transfqmix] 0:01:33  30,356/1,000,000  74.9/s  upd=614  L=151.4107  D=5.276
[transfqmix] 0:01:43  31,118/1,000,000  74.9/s  upd=630  L=68.2974  D=5.276
[transfqmix] 0:01:53  31,941/1,000,000  75.3/s  upd=646  L=63.3000  D=5.276
[transfqmix] 0:02:04  32,731/1,000,000  75.4/s  upd=662  L=64.1500  D=5.276
[transfqmix] 0:02:14  33,563/1,000,000  75.8/s  upd=677  L=149.1226  D=5.276
[transfqmix] 0:02:24  34,252/1,000,000  75.1/s  upd=693  L=92.0517  D=5.276
[transfqmix] 0:02:34  35,028/1,000,000  75.2/s  upd=707  L=126.2192  D=5.276
[transfqmix] 0:02:45  35,730/1,000,000  74.6/s  upd=723  L=170.0890  D=5.276
[transfqmix] 0:02:56  36,538/1,000,000  74.7/s  upd=738  L=79.3612  D=5.276
[transfqmix] 0:03:06  37,270/1,000,000  74.5/s  upd=753  L=58.5450  D=5.276
[transfqmix] 0:03:16  37,963/1,000,000  74.0/s  upd=770  L=64.5013  D=5.276
[transfqmix] 0:03:26  38,318/1,000,000  72.2/s  upd=784  L=70.1263  D=5.276
[transfqmix] 0:03:37  39,047/1,000,000  72.2/s  upd=799  L=63.3432  D=5.276
[transfqmix] 0:03:47  39,798/1,000,000  72.3/s  upd=814  L=51.7883  D=5.276
[transfqmix] saved resume t_env=40,175
[transfqmix] 0:03:57  40,175/1,000,000  70.8/s  upd=824  L=54.5366  ev=4/100  D=5.276
[transfqmix] 0:04:07  40,535/1,000,000  69.3/s  upd=831  L=282.0945  D=5.297
[transfqmix] 0:04:18  41,367/1,000,000  69.7/s  upd=847  L=118.5122  D=5.297
[transfqmix] 0:04:28  42,226/1,000,000  70.3/s  upd=862  L=78.3906  D=5.297
[transfqmix] 0:04:38  43,093/1,000,000  70.7/s  upd=876  L=48.8666  D=5.297
[transfqmix] 0:04:48  43,933/1,000,000  71.1/s  upd=891  L=62.7954  D=5.297
[transfqmix] 0:04:59  44,733/1,000,000  71.4/s  upd=906  L=51.5105  D=5.297
[transfqmix] 0:05:09  45,505/1,000,000  71.5/s  upd=921  L=65.0624  D=5.297
[transfqmix] 0:05:19  45,906/1,000,000  70.6/s  upd=936  L=42.5971  D=5.297
[transfqmix] 0:05:29  46,767/1,000,000  71.0/s  upd=952  L=59.0207  D=5.297
[transfqmix] 0:05:39  47,475/1,000,000  70.9/s  upd=967  L=40.4457  D=5.297
[transfqmix] 0:05:49  48,239/1,000,000  71.0/s  upd=983  L=59.2186  D=5.297
[transfqmix] 0:06:00  49,019/1,000,000  71.1/s  upd=999  L=23.1993  D=5.297
[transfqmix] 0:06:10  49,780/1,000,000  71.2/s  upd=1015  L=38.5730  D=5.297
[transfqmix] 0:06:21  50,493/1,000,000  71.1/s  upd=1031  L=29.8244  D=5.297
[transfqmix] 0:06:31  51,194/1,000,000  71.0/s  upd=1046  L=50.1716  D=5.297
[transfqmix] 0:06:41  51,952/1,000,000  71.1/s  upd=1060  L=14.7351  D=5.297
[transfqmix] 0:06:52  52,749/1,000,000  71.3/s  upd=1075  L=16.7045  D=5.297
[transfqmix] 0:07:02  53,388/1,000,000  71.0/s  upd=1091  L=39.7505  D=5.297
[transfqmix] 0:07:13  54,062/1,000,000  70.8/s  upd=1107  L=28.9298  D=5.297
[transfqmix] 0:07:23  54,813/1,000,000  70.8/s  upd=1123  L=15.6585  D=5.297
[transfqmix] 0:07:33  55,635/1,000,000  71.1/s  upd=1137  L=81.1555  D=5.297
[transfqmix] 0:07:43  55,986/1,000,000  70.3/s  upd=1152  L=11.5915  D=5.297
[transfqmix] 0:07:54  56,776/1,000,000  70.4/s  upd=1168  L=15.2447  D=5.297
[transfqmix] 0:08:04  57,514/1,000,000  70.4/s  upd=1184  L=10.1953  D=5.297
[transfqmix] 0:08:15  58,232/1,000,000  70.4/s  upd=1199  L=9.8407  D=5.297
[transfqmix] 0:08:25  58,961/1,000,000  70.4/s  upd=1215  L=7.2034  D=5.297
[transfqmix] 0:08:35  59,690/1,000,000  70.4/s  upd=1230  L=4.9695  D=5.297
[transfqmix] saved resume t_env=60,120
[transfqmix] 0:08:45  60,120/1,000,000  69.9/s  upd=1240  L=9.9823  ev=0/100  D=5.297
[transfqmix] 0:08:55  60,453/1,000,000  69.2/s  upd=1247  L=11.6300  D=5.033
[transfqmix] 0:09:06  61,214/1,000,000  69.3/s  upd=1262  L=9.1085  D=5.033
[transfqmix] 0:09:16  62,007/1,000,000  69.4/s  upd=1277  L=10.7510  D=5.033
[transfqmix] 0:09:26  62,720/1,000,000  69.4/s  upd=1293  L=10.3284  D=5.033
[transfqmix] 0:09:36  63,507/1,000,000  69.6/s  upd=1308  L=26.1566  D=5.033
[transfqmix] 0:09:46  64,251/1,000,000  69.6/s  upd=1323  L=10.1712  D=5.033
[transfqmix] 0:09:57  65,029/1,000,000  69.7/s  upd=1337  L=8.1540  D=5.033
[transfqmix] 0:10:07  65,446/1,000,000  69.2/s  upd=1352  L=6.8997  D=5.033
[transfqmix] 0:10:18  66,232/1,000,000  69.3/s  upd=1367  L=15.2215  D=5.033
[transfqmix] 0:10:28  67,066/1,000,000  69.5/s  upd=1382  L=6.2029  D=5.033
[transfqmix] 0:10:38  67,969/1,000,000  69.8/s  upd=1396  L=13.0328  D=5.033
[transfqmix] 0:10:49  68,760/1,000,000  69.9/s  upd=1412  L=6.3321  D=5.033
[transfqmix] 0:10:59  69,442/1,000,000  69.8/s  upd=1427  L=5.1736  D=5.033
[transfqmix] 0:11:09  70,259/1,000,000  70.0/s  upd=1442  L=6.4072  D=5.033
[transfqmix] 0:11:20  71,014/1,000,000  70.0/s  upd=1457  L=6.1280  D=5.033
[transfqmix] 0:11:30  71,378/1,000,000  69.6/s  upd=1472  L=11.2558  D=5.033
[transfqmix] 0:11:40  72,174/1,000,000  69.7/s  upd=1488  L=12.5272  D=5.033
[transfqmix] 0:11:50  72,949/1,000,000  69.8/s  upd=1503  L=11.5588  D=5.033
[transfqmix] 0:12:00  73,731/1,000,000  69.9/s  upd=1519  L=5.6769  D=5.033
[transfqmix] 0:12:10  74,481/1,000,000  69.9/s  upd=1534  L=15.7960  D=5.033
[transfqmix] 0:12:21  75,343/1,000,000  70.1/s  upd=1549  L=5.8121  D=5.033
[transfqmix] 0:12:31  76,147/1,000,000  70.2/s  upd=1565  L=3.8173  D=5.033
[transfqmix] 0:12:42  76,894/1,000,000  70.2/s  upd=1581  L=3.0251  D=5.033
[transfqmix] 0:12:52  77,603/1,000,000  70.2/s  upd=1597  L=3.0668  D=5.033
[transfqmix] 0:13:02  78,353/1,000,000  70.3/s  upd=1613  L=3.6839  D=5.033
[transfqmix] 0:13:12  79,257/1,000,000  70.5/s  upd=1628  L=5.0293  D=5.033
[transfqmix] 0:13:22  80,100/1,000,000  70.6/s  upd=1643  L=2.1045  D=5.033
[transfqmix] saved resume t_env=80,100
[transfqmix] 0:13:32  80,100/1,000,000  69.8/s  upd=1648  L=2.4540  ev=58/100  D=5.033
[transfqmix] 0:13:43  80,924/1,000,000  69.9/s  upd=1659  L=2.7069  D=7.675
[transfqmix] 0:13:53  81,770/1,000,000  70.1/s  upd=1674  L=2.5169  D=7.675
[transfqmix] 0:14:03  82,109/1,000,000  69.6/s  upd=1688  L=2.9351  D=7.675
[transfqmix] 0:14:14  83,223/1,000,000  70.1/s  upd=1705  L=2.1423  D=7.675
[transfqmix] 0:14:24  83,658/1,000,000  69.8/s  upd=1720  L=2.9781  D=7.675
[transfqmix] 0:14:34  84,436/1,000,000  69.8/s  upd=1735  L=3.5250  D=7.675
[transfqmix] 0:14:44  85,218/1,000,000  69.9/s  upd=1749  L=2.4006  D=7.675
[transfqmix] 0:14:54  85,951/1,000,000  69.9/s  upd=1765  L=3.1069  D=7.675
[transfqmix] 0:15:05  86,701/1,000,000  69.9/s  upd=1780  L=2.1645  D=7.675
[transfqmix] 0:15:15  87,383/1,000,000  69.9/s  upd=1796  L=2.0285  D=7.675
[transfqmix] 0:15:26  88,131/1,000,000  69.9/s  upd=1812  L=3.4358  D=7.675
[transfqmix] 0:15:36  88,882/1,000,000  69.9/s  upd=1828  L=2.7249  D=7.675
[transfqmix] 0:15:46  89,577/1,000,000  69.9/s  upd=1844  L=1.9128  D=7.675
[transfqmix] 0:15:57  90,313/1,000,000  69.9/s  upd=1860  L=2.1060  D=7.675
[transfqmix] 0:16:07  91,100/1,000,000  70.0/s  upd=1875  L=1.9484  D=7.675
[transfqmix] 0:16:17  91,817/1,000,000  70.0/s  upd=1890  L=2.7561  D=7.675
[transfqmix] 0:16:27  92,556/1,000,000  70.0/s  upd=1906  L=2.8382  D=7.675
[transfqmix] 0:16:38  93,289/1,000,000  70.0/s  upd=1921  L=3.7123  D=7.675
[transfqmix] 0:16:48  94,031/1,000,000  70.1/s  upd=1937  L=2.5412  D=7.675
[transfqmix] 0:16:58  94,363/1,000,000  69.7/s  upd=1952  L=2.1003  D=7.675
[transfqmix] 0:17:08  95,166/1,000,000  69.8/s  upd=1968  L=2.5981  D=7.675
[transfqmix] 0:17:18  95,862/1,000,000  69.8/s  upd=1983  L=2.1517  D=7.675
[transfqmix] 0:17:28  96,586/1,000,000  69.8/s  upd=1999  L=1.9925  D=7.675
[transfqmix] 0:17:38  97,358/1,000,000  69.9/s  upd=2013  L=2.1923  D=7.675
[transfqmix] 0:17:49  98,099/1,000,000  69.9/s  upd=2029  L=1.4542  D=7.675
[transfqmix] 0:17:59  98,870/1,000,000  69.9/s  upd=2044  L=2.3006  D=7.675
[transfqmix] 0:18:10  99,640/1,000,000  69.9/s  upd=2060  L=2.0482  D=7.675
[transfqmix] 0:18:20  100,337/1,000,000  69.9/s  upd=2075  L=3.2706  D=7.675
[transfqmix] saved resume t_env=100,337
[transfqmix] 0:18:30  100,337/1,000,000  69.3/s  upd=2080  L=3.0366  ev=42/100  D=7.675
[transfqmix] 0:18:40  101,113/1,000,000  69.4/s  upd=2091  L=2.4310  D=7.483
[transfqmix] 0:18:50  101,844/1,000,000  69.4/s  upd=2107  L=2.5104  D=7.483
[transfqmix] 0:19:01  102,637/1,000,000  69.4/s  upd=2122  L=1.8134  D=7.483
[transfqmix] 0:19:11  103,406/1,000,000  69.5/s  upd=2138  L=1.8996  D=7.483
[transfqmix] 0:19:22  104,155/1,000,000  69.5/s  upd=2153  L=1.6551  D=7.483
[transfqmix] 0:19:32  104,912/1,000,000  69.5/s  upd=2170  L=3.6123  D=7.483
[transfqmix] 0:19:42  105,655/1,000,000  69.6/s  upd=2185  L=2.7346  D=7.483
[transfqmix] 0:19:52  106,525/1,000,000  69.7/s  upd=2201  L=1.6848  D=7.483
[transfqmix] 0:20:02  106,927/1,000,000  69.5/s  upd=2216  L=1.7295  D=7.483
[transfqmix] 0:20:13  107,751/1,000,000  69.5/s  upd=2232  L=1.6684  D=7.483
[transfqmix] 0:20:23  108,527/1,000,000  69.6/s  upd=2248  L=2.0843  D=7.483
[transfqmix] 0:20:34  109,227/1,000,000  69.6/s  upd=2264  L=1.5482  D=7.483
[transfqmix] 0:20:44  109,975/1,000,000  69.6/s  upd=2279  L=2.3882  D=7.483
[transfqmix] 0:20:54  110,671/1,000,000  69.6/s  upd=2294  L=1.4818  D=7.483
[transfqmix] 0:21:04  111,400/1,000,000  69.6/s  upd=2310  L=1.6470  D=7.483
[transfqmix] 0:21:14  112,222/1,000,000  69.7/s  upd=2327  L=1.7609  D=7.483
[transfqmix] 0:21:25  112,933/1,000,000  69.7/s  upd=2343  L=1.5224  D=7.483
[transfqmix] 0:21:35  113,645/1,000,000  69.7/s  upd=2358  L=1.7302  D=7.483
[transfqmix] 0:21:46  114,374/1,000,000  69.7/s  upd=2373  L=1.0876  D=7.483
[transfqmix] 0:21:56  115,121/1,000,000  69.7/s  upd=2389  L=1.9471  D=7.483
[transfqmix] 0:22:07  115,827/1,000,000  69.7/s  upd=2405  L=2.0242  D=7.483
[transfqmix] 0:22:17  116,704/1,000,000  69.8/s  upd=2420  L=0.9932  D=7.483
[transfqmix] 0:22:28  117,469/1,000,000  69.8/s  upd=2436  L=2.1256  D=7.483
[transfqmix] 0:22:38  118,318/1,000,000  69.9/s  upd=2452  L=1.8790  D=7.483
[transfqmix] 0:22:48  119,012/1,000,000  69.9/s  upd=2467  L=1.8927  D=7.483
[transfqmix] 0:22:58  119,844/1,000,000  70.0/s  upd=2482  L=3.1103  D=7.483
[transfqmix] saved resume t_env=120,169
[transfqmix] 0:23:12  120,169/1,000,000  69.5/s  upd=2496  L=3.9558  ev=0/100  D=7.483
[transfqmix] 0:23:22  120,538/1,000,000  69.3/s  upd=2502  L=1.5270  D=7.413
[transfqmix] 0:23:33  121,331/1,000,000  69.3/s  upd=2518  L=3.2894  D=7.413
[transfqmix] 0:23:43  122,024/1,000,000  69.3/s  upd=2534  L=1.4395  D=7.413
[transfqmix] 0:23:54  122,731/1,000,000  69.3/s  upd=2550  L=3.4046  D=7.413
[transfqmix] 0:24:04  123,520/1,000,000  69.3/s  upd=2567  L=1.9982  D=7.413
[transfqmix] 0:24:14  124,263/1,000,000  69.3/s  upd=2583  L=4.2185  D=7.413
[transfqmix] 0:24:25  124,993/1,000,000  69.3/s  upd=2599  L=4.2363  D=7.413
[transfqmix] 0:24:36  125,787/1,000,000  69.4/s  upd=2616  L=8.7734  D=7.413
[transfqmix] 0:24:46  126,522/1,000,000  69.4/s  upd=2632  L=5.8946  D=7.413
[transfqmix] 0:24:56  127,657/1,000,000  69.7/s  upd=2650  L=6.5723  D=7.413
[transfqmix] 0:25:07  128,483/1,000,000  69.7/s  upd=2666  L=1.4759  D=7.413
[transfqmix] 0:25:17  129,262/1,000,000  69.8/s  upd=2682  L=10.4716  D=7.413
[transfqmix] 0:25:27  130,013/1,000,000  69.8/s  upd=2698  L=2.7699  D=7.413
[transfqmix] 0:25:38  130,708/1,000,000  69.8/s  upd=2713  L=4.1277  D=7.413
[transfqmix] 0:25:48  131,397/1,000,000  69.8/s  upd=2729  L=4.7863  D=7.413
[transfqmix] 0:25:58  131,755/1,000,000  69.5/s  upd=2744  L=3.3757  D=7.413
[transfqmix] 0:26:08  132,441/1,000,000  69.5/s  upd=2760  L=3.6155  D=7.413
[transfqmix] 0:26:18  133,167/1,000,000  69.5/s  upd=2776  L=1.2024  D=7.413
[transfqmix] 0:26:28  133,825/1,000,000  69.5/s  upd=2790  L=1.5195  D=7.413
[transfqmix] 0:26:39  134,623/1,000,000  69.6/s  upd=2805  L=1.0563  D=7.413
[transfqmix] 0:26:49  135,513/1,000,000  69.7/s  upd=2819  L=0.7969  D=7.413
[transfqmix] 0:27:00  136,269/1,000,000  69.7/s  upd=2835  L=1.0410  D=7.413
[transfqmix] 0:27:10  136,988/1,000,000  69.7/s  upd=2851  L=1.4610  D=7.413
[transfqmix] 0:27:20  137,735/1,000,000  69.7/s  upd=2866  L=1.4898  D=7.413
[transfqmix] 0:27:30  138,432/1,000,000  69.7/s  upd=2881  L=1.3062  D=7.413
[transfqmix] 0:27:40  138,786/1,000,000  69.5/s  upd=2896  L=2.3572  D=7.413
[transfqmix] 0:27:51  139,553/1,000,000  69.5/s  upd=2912  L=0.9169  D=7.413
[transfqmix] saved resume t_env=140,315
[transfqmix] 0:28:05  140,315/1,000,000  69.4/s  upd=2928  L=0.8994  ev=0/100  D=7.413
[transfqmix] 0:28:16  140,722/1,000,000  69.2/s  upd=2933  L=1.0571  D=7.559
[transfqmix] 0:28:26  141,506/1,000,000  69.2/s  upd=2948  L=2.1344  D=7.559
[transfqmix] 0:28:36  142,184/1,000,000  69.2/s  upd=2963  L=1.5514  D=7.559
[transfqmix] 0:28:46  143,055/1,000,000  69.3/s  upd=2978  L=1.3927  D=7.559
[transfqmix] 0:28:57  143,795/1,000,000  69.3/s  upd=2994  L=0.6225  D=7.559
[transfqmix] 0:29:07  144,545/1,000,000  69.4/s  upd=3009  L=0.7584  D=7.559
[transfqmix] 0:29:17  145,299/1,000,000  69.4/s  upd=3025  L=1.1760  D=7.559
[transfqmix] 0:29:28  146,151/1,000,000  69.4/s  upd=3042  L=0.5490  D=7.559
[transfqmix] 0:29:38  146,514/1,000,000  69.2/s  upd=3056  L=0.7168  D=7.559
[transfqmix] 0:29:48  147,270/1,000,000  69.3/s  upd=3072  L=0.5201  D=7.559
[transfqmix] 0:29:59  147,998/1,000,000  69.3/s  upd=3088  L=0.5255  D=7.559
[transfqmix] 0:30:09  148,738/1,000,000  69.3/s  upd=3104  L=0.5979  D=7.559
[transfqmix] 0:30:19  149,473/1,000,000  69.3/s  upd=3119  L=0.5391  D=7.559
[transfqmix] 0:30:30  150,216/1,000,000  69.3/s  upd=3135  L=0.6585  D=7.559
[transfqmix] 0:30:40  150,993/1,000,000  69.3/s  upd=3151  L=0.6649  D=7.559
[transfqmix] 0:30:51  151,714/1,000,000  69.3/s  upd=3167  L=0.7070  D=7.559
[transfqmix] 0:31:01  152,502/1,000,000  69.4/s  upd=3181  L=0.6876  D=7.559
[transfqmix] 0:31:11  153,310/1,000,000  69.4/s  upd=3196  L=0.5442  D=7.559
[transfqmix] 0:31:22  154,036/1,000,000  69.4/s  upd=3210  L=0.4624  D=7.559
[transfqmix] 0:31:32  154,762/1,000,000  69.4/s  upd=3225  L=0.5003  D=7.559
[transfqmix] 0:31:42  155,482/1,000,000  69.4/s  upd=3241  L=0.3357  D=7.559
[transfqmix] 0:31:52  156,249/1,000,000  69.5/s  upd=3257  L=0.4066  D=7.559
[transfqmix] 0:32:02  156,603/1,000,000  69.3/s  upd=3272  L=0.7042  D=7.559
[transfqmix] 0:32:12  157,352/1,000,000  69.3/s  upd=3287  L=0.9450  D=7.559
[transfqmix] saved resume t_env=157,758
